Initialized native services in: C:\Users\ALYK\.gradle\native
Initialized jansi services in: C:\Users\ALYK\.gradle\native
Received JVM installation metadata from 'C:\Users\ALYK\.jdks\temurin-21.0.7': {JAVA_HOME=c:\Users\ALYK\.jdks\temurin-21.0.7, JAVA_VERSION=21.0.7, JAVA_VENDOR=Eclipse Adoptium, RUNTIME_NAME=OpenJDK Runtime Environment, RUNTIME_VERSION=21.0.7+6-LTS, VM_NAME=OpenJDK 64-Bit Server VM, VM_VERSION=21.0.7+6-LTS, VM_VENDOR=Eclipse Adoptium, OS_ARCH=amd64}
The client will now receive all logging from the daemon (pid: 10584). The daemon log file: C:\Users\ALYK\.gradle\daemon\8.10\daemon-10584.out.log
Starting 23rd build in daemon [uptime: 1 hrs 35 mins 1.517 secs, performance: 99%, GC rate: 0.00/s, heap usage: 0% of 4 GiB]
Using 8 worker leases.
Configuration on demand is an incubating feature.
Now considering [D:\proj\alyk\test23] as hierarchies to watch
Watching the file system is configured to be enabled if available
File system watching is active
Starting Build
Settings evaluated using settings file 'D:\proj\alyk\test23\settings.gradle.kts'.
Using local directory build cache for the root build (location = C:\Users\ALYK\.gradle\caches\build-cache-1, removeUnusedEntriesAfter = 7 days).
Projects loaded. Root project using build file 'D:\proj\alyk\test23\build.gradle.kts'.
Included projects: [root project 'test23', project ':app', project ':core', project ':feature', project ':core:data', project ':core:database', project ':core:model', project ':core:ui', project ':feature:detail', project ':feature:discover', project ':feature:favourites', project ':feature:search']

> Configure project :
Evaluating root project 'test23' using build file 'D:\proj\alyk\test23\build.gradle.kts'.
Transforming hilt-android-gradle-plugin-2.51.1.jar (com.google.dagger:hilt-android-gradle-plugin:2.51.1) with InstrumentationAnalysisTransform
Transforming gradle-8.3.2.jar (com.android.tools.build:gradle:8.3.2) with InstrumentationAnalysisTransform
Transforming gradle-settings-api-8.3.2.jar (com.android.tools.build:gradle-settings-api:8.3.2) with InstrumentationAnalysisTransform
Transforming lint-model-31.3.2.jar (com.android.tools.lint:lint-model:31.3.2) with InstrumentationAnalysisTransform
Transforming builder-8.3.2.jar (com.android.tools.build:builder:8.3.2) with InstrumentationAnalysisTransform
Transforming manifest-merger-31.3.2.jar (com.android.tools.build:manifest-merger:31.3.2) with InstrumentationAnalysisTransform
Transforming sdk-common-31.3.2.jar (com.android.tools:sdk-common:31.3.2) with InstrumentationAnalysisTransform
Transforming sdklib-31.3.2.jar (com.android.tools:sdklib:31.3.2) with InstrumentationAnalysisTransform
Transforming repository-31.3.2.jar (com.android.tools:repository:31.3.2) with InstrumentationAnalysisTransform
Transforming aaptcompiler-8.3.2.jar (com.android.tools.build:aaptcompiler:8.3.2) with InstrumentationAnalysisTransform
Transforming tracker-31.3.2.jar (com.android.tools.analytics-library:tracker:31.3.2) with InstrumentationAnalysisTransform
Transforming shared-31.3.2.jar (com.android.tools.analytics-library:shared:31.3.2) with InstrumentationAnalysisTransform
Transforming databinding-compiler-common-8.3.2.jar (androidx.databinding:databinding-compiler-common:8.3.2) with InstrumentationAnalysisTransform
Transforming android-test-plugin-host-emulator-control-proto-31.3.2.jar (com.android.tools.utp:android-test-plugin-host-emulator-control-proto:31.3.2) with InstrumentationAnalysisTransform
Transforming android-test-plugin-host-retention-proto-31.3.2.jar (com.android.tools.utp:android-test-plugin-host-retention-proto:31.3.2) with InstrumentationAnalysisTransform
Transforming builder-model-8.3.2.jar (com.android.tools.build:builder-model:8.3.2) with InstrumentationAnalysisTransform
Transforming gradle-api-8.3.2.jar (com.android.tools.build:gradle-api:8.3.2) with InstrumentationAnalysisTransform
Transforming builder-test-api-8.3.2.jar (com.android.tools.build:builder-test-api:8.3.2) with InstrumentationAnalysisTransform
Transforming ddmlib-31.3.2.jar (com.android.tools.ddms:ddmlib:31.3.2) with InstrumentationAnalysisTransform
Transforming layoutlib-api-31.3.2.jar (com.android.tools.layoutlib:layoutlib-api:31.3.2) with InstrumentationAnalysisTransform
Transforming dvlib-31.3.2.jar (com.android.tools:dvlib:31.3.2) with InstrumentationAnalysisTransform
Transforming common-31.3.2.jar (com.android.tools:common:31.3.2) with InstrumentationAnalysisTransform
Transforming kotlin-stdlib-jdk8-1.9.20.jar (org.jetbrains.kotlin:kotlin-stdlib-jdk8:1.9.20) with InstrumentationAnalysisTransform
Transforming jetifier-processor-1.0.0-beta10.jar (com.android.tools.build.jetifier:jetifier-processor:1.0.0-beta10) with InstrumentationAnalysisTransform
Transforming jetifier-core-1.0.0-beta10.jar (com.android.tools.build.jetifier:jetifier-core:1.0.0-beta10) with InstrumentationAnalysisTransform
Transforming symbol-processing-gradle-plugin-2.0.21-1.0.27.jar (com.google.devtools.ksp:symbol-processing-gradle-plugin:2.0.21-1.0.27) with InstrumentationAnalysisTransform
Transforming symbol-processing-api-2.0.21-1.0.27.jar (com.google.devtools.ksp:symbol-processing-api:2.0.21-1.0.27) with InstrumentationAnalysisTransform
Transforming symbol-processing-common-deps-2.0.21-1.0.27.jar (com.google.devtools.ksp:symbol-processing-common-deps:2.0.21-1.0.27) with InstrumentationAnalysisTransform
Transforming kotlin-reflect-1.9.24.jar (org.jetbrains.kotlin:kotlin-reflect:1.9.24) with InstrumentationAnalysisTransform
Transforming kotlin-stdlib-jdk7-1.9.20.jar (org.jetbrains.kotlin:kotlin-stdlib-jdk7:1.9.20) with InstrumentationAnalysisTransform
Transforming kotlin-stdlib-1.9.24.jar (org.jetbrains.kotlin:kotlin-stdlib:1.9.24) with InstrumentationAnalysisTransform
Transforming annotations-13.0.jar (org.jetbrains:annotations:13.0) with InstrumentationAnalysisTransform
Transforming kotlin-serialization-2.0.21-gradle85.jar (org.jetbrains.kotlin:kotlin-serialization:2.0.21) with InstrumentationAnalysisTransform
Transforming kotlin-gradle-plugin-model-2.0.21.jar (org.jetbrains.kotlin:kotlin-gradle-plugin-model:2.0.21) with InstrumentationAnalysisTransform
Transforming kotlin-gradle-plugin-api-2.0.21.jar (org.jetbrains.kotlin:kotlin-gradle-plugin-api:2.0.21) with InstrumentationAnalysisTransform
Transforming kotlin-gradle-plugin-api-2.0.21-gradle85.jar (org.jetbrains.kotlin:kotlin-gradle-plugin-api:2.0.21) with InstrumentationAnalysisTransform
Transforming compose-compiler-gradle-plugin-2.0.21-gradle85.jar (org.jetbrains.kotlin:compose-compiler-gradle-plugin:2.0.21) with InstrumentationAnalysisTransform
Transforming kotlin-gradle-plugin-2.0.21-gradle85.jar (org.jetbrains.kotlin:kotlin-gradle-plugin:2.0.21) with InstrumentationAnalysisTransform
Transforming bundletool-1.15.6.jar (com.android.tools.build:bundletool:1.15.6) with InstrumentationAnalysisTransform
Transforming aapt2-proto-8.3.2-10880808.jar (com.android.tools.build:aapt2-proto:8.3.2-10880808) with InstrumentationAnalysisTransform
Transforming crash-31.3.2.jar (com.android.tools.analytics-library:crash:31.3.2) with InstrumentationAnalysisTransform
Transforming lint-typedef-remover-31.3.2.jar (com.android.tools.lint:lint-typedef-remover:31.3.2) with InstrumentationAnalysisTransform
Transforming databinding-common-8.3.2.jar (androidx.databinding:databinding-common:8.3.2) with InstrumentationAnalysisTransform
Transforming baseLibrary-8.3.2.jar (com.android.databinding:baseLibrary:8.3.2) with InstrumentationAnalysisTransform
Transforming android-device-provider-ddmlib-proto-31.3.2.jar (com.android.tools.utp:android-device-provider-ddmlib-proto:31.3.2) with InstrumentationAnalysisTransform
Transforming android-device-provider-gradle-proto-31.3.2.jar (com.android.tools.utp:android-device-provider-gradle-proto:31.3.2) with InstrumentationAnalysisTransform
Transforming android-test-plugin-host-additional-test-output-proto-31.3.2.jar (com.android.tools.utp:android-test-plugin-host-additional-test-output-proto:31.3.2) with InstrumentationAnalysisTransform
Transforming android-test-plugin-host-coverage-proto-31.3.2.jar (com.android.tools.utp:android-test-plugin-host-coverage-proto:31.3.2) with InstrumentationAnalysisTransform
Transforming android-test-plugin-host-logcat-proto-31.3.2.jar (com.android.tools.utp:android-test-plugin-host-logcat-proto:31.3.2) with InstrumentationAnalysisTransform
Transforming android-test-plugin-host-apk-installer-proto-31.3.2.jar (com.android.tools.utp:android-test-plugin-host-apk-installer-proto:31.3.2) with InstrumentationAnalysisTransform
Transforming android-test-plugin-result-listener-gradle-proto-31.3.2.jar (com.android.tools.utp:android-test-plugin-result-listener-gradle-proto:31.3.2) with InstrumentationAnalysisTransform
Transforming transform-api-2.0.0-deprecated-use-gradle-api.jar (com.android.tools.build:transform-api:2.0.0-deprecated-use-gradle-api) with InstrumentationAnalysisTransform
Transforming httpmime-4.5.6.jar (org.apache.httpcomponents:httpmime:4.5.6) with InstrumentationAnalysisTransform
Transforming commons-io-2.13.0.jar (commons-io:commons-io:2.13.0) with InstrumentationAnalysisTransform
Transforming asm-commons-9.6.jar (org.ow2.asm:asm-commons:9.6) with InstrumentationAnalysisTransform
Transforming asm-util-9.6.jar (org.ow2.asm:asm-util:9.6) with InstrumentationAnalysisTransform
Transforming asm-analysis-9.6.jar (org.ow2.asm:asm-analysis:9.6) with InstrumentationAnalysisTransform
Transforming asm-tree-9.6.jar (org.ow2.asm:asm-tree:9.6) with InstrumentationAnalysisTransform
Transforming asm-9.6.jar (org.ow2.asm:asm:9.6) with InstrumentationAnalysisTransform
Transforming apkzlib-8.3.2.jar (com.android.tools.build:apkzlib:8.3.2) with InstrumentationAnalysisTransform
Transforming bcpkix-jdk15on-1.67.jar (org.bouncycastle:bcpkix-jdk15on:1.67) with InstrumentationAnalysisTransform
Transforming jaxb-runtime-2.3.2.jar (org.glassfish.jaxb:jaxb-runtime:2.3.2) with InstrumentationAnalysisTransform
Transforming jopt-simple-4.9.jar (net.sf.jopt-simple:jopt-simple:4.9) with InstrumentationAnalysisTransform
Transforming javapoet-1.13.0.jar (com.squareup:javapoet:1.13.0) with InstrumentationAnalysisTransform
Transforming protobuf-java-util-3.22.3.jar (com.google.protobuf:protobuf-java-util:3.22.3) with InstrumentationAnalysisTransform
Transforming grpc-protobuf-1.57.0.jar (io.grpc:grpc-protobuf:1.57.0) with InstrumentationAnalysisTransform
Transforming tink-1.7.0.jar (com.google.crypto.tink:tink:1.7.0) with InstrumentationAnalysisTransform
Transforming protos-31.3.2.jar (com.android.tools.analytics-library:protos:31.3.2) with InstrumentationAnalysisTransform
Transforming proto-google-common-protos-2.17.0.jar (com.google.api.grpc:proto-google-common-protos:2.17.0) with InstrumentationAnalysisTransform
Transforming protobuf-java-3.22.3.jar (com.google.protobuf:protobuf-java:3.22.3) with InstrumentationAnalysisTransform
Transforming grpc-netty-1.57.0.jar (io.grpc:grpc-netty:1.57.0) with InstrumentationAnalysisTransform
Transforming grpc-core-1.57.0.jar (io.grpc:grpc-core:1.57.0) with InstrumentationAnalysisTransform
Transforming kotlin-build-statistics-2.0.21.jar (org.jetbrains.kotlin:kotlin-build-statistics:2.0.21) with InstrumentationAnalysisTransform
Transforming gson-2.10.1.jar (com.google.code.gson:gson:2.10.1) with InstrumentationAnalysisTransform
Transforming grpc-stub-1.57.0.jar (io.grpc:grpc-stub:1.57.0) with InstrumentationAnalysisTransform
Transforming core-proto-0.0.9-alpha02.jar (com.google.testing.platform:core-proto:0.0.9-alpha02) with InstrumentationAnalysisTransform
Transforming kxml2-2.3.0.jar (net.sf.kxml:kxml2:2.3.0) with InstrumentationAnalysisTransform
Transforming tensorflow-lite-metadata-0.1.0-rc2.jar (org.tensorflow:tensorflow-lite-metadata:0.1.0-rc2) with InstrumentationAnalysisTransform
Transforming flatbuffers-java-1.12.0.jar (com.google.flatbuffers:flatbuffers-java:1.12.0) with InstrumentationAnalysisTransform
Transforming kotlin-gradle-plugin-idea-proto-2.0.21.jar (org.jetbrains.kotlin:kotlin-gradle-plugin-idea-proto:2.0.21) with InstrumentationAnalysisTransform
Transforming kotlin-gradle-plugin-idea-2.0.21.jar (org.jetbrains.kotlin:kotlin-gradle-plugin-idea:2.0.21) with InstrumentationAnalysisTransform
Transforming kotlin-klib-commonizer-api-2.0.21.jar (org.jetbrains.kotlin:kotlin-klib-commonizer-api:2.0.21) with InstrumentationAnalysisTransform
Transforming kotlin-build-tools-api-2.0.21.jar (org.jetbrains.kotlin:kotlin-build-tools-api:2.0.21) with InstrumentationAnalysisTransform
Transforming kotlin-compiler-runner-2.0.21.jar (org.jetbrains.kotlin:kotlin-compiler-runner:2.0.21) with InstrumentationAnalysisTransform
Transforming kotlin-native-utils-2.0.21.jar (org.jetbrains.kotlin:kotlin-native-utils:2.0.21) with InstrumentationAnalysisTransform
Transforming kotlin-util-klib-2.0.21.jar (org.jetbrains.kotlin:kotlin-util-klib:2.0.21) with InstrumentationAnalysisTransform
Transforming kotlin-compiler-embeddable-2.0.21.jar (org.jetbrains.kotlin:kotlin-compiler-embeddable:2.0.21) with InstrumentationAnalysisTransform
Transforming jimfs-1.1.jar (com.google.jimfs:jimfs:1.1) with InstrumentationAnalysisTransform
Transforming grpc-context-1.57.0.jar (io.grpc:grpc-context:1.57.0) with InstrumentationAnalysisTransform
Transforming grpc-protobuf-lite-1.57.0.jar (io.grpc:grpc-protobuf-lite:1.57.0) with InstrumentationAnalysisTransform
Transforming grpc-api-1.57.0.jar (io.grpc:grpc-api:1.57.0) with InstrumentationAnalysisTransform
Transforming guava-32.0.1-jre.jar (com.google.guava:guava:32.0.1-jre) with InstrumentationAnalysisTransform
Transforming dagger-2.28.3.jar (com.google.dagger:dagger:2.28.3) with InstrumentationAnalysisTransform
Transforming javax.inject-1.jar (javax.inject:javax.inject:1) with InstrumentationAnalysisTransform
Transforming bcprov-jdk15on-1.67.jar (org.bouncycastle:bcprov-jdk15on:1.67) with InstrumentationAnalysisTransform
Transforming trove4j-1.0.20200330.jar (org.jetbrains.intellij.deps:trove4j:1.0.20200330) with InstrumentationAnalysisTransform
Transforming commons-compress-1.21.jar (org.apache.commons:commons-compress:1.21) with InstrumentationAnalysisTransform
Transforming httpclient-4.5.14.jar (org.apache.httpcomponents:httpclient:4.5.14) with InstrumentationAnalysisTransform
Transforming httpcore-4.4.16.jar (org.apache.httpcomponents:httpcore:4.4.16) with InstrumentationAnalysisTransform
Transforming javax.activation-1.2.0.jar (com.sun.activation:javax.activation:1.2.0) with InstrumentationAnalysisTransform
Transforming signflinger-8.3.2.jar (com.android:signflinger:8.3.2) with InstrumentationAnalysisTransform
Transforming zipflinger-8.3.2.jar (com.android:zipflinger:8.3.2) with InstrumentationAnalysisTransform
Transforming annotations-31.3.2.jar (com.android.tools:annotations:31.3.2) with InstrumentationAnalysisTransform
Transforming jna-platform-5.6.0.jar (net.java.dev.jna:jna-platform:5.6.0) with InstrumentationAnalysisTransform
Transforming juniversalchardet-1.0.3.jar (com.googlecode.juniversalchardet:juniversalchardet:1.0.3) with InstrumentationAnalysisTransform
Transforming javax.annotation-api-1.3.2.jar (javax.annotation:javax.annotation-api:1.3.2) with InstrumentationAnalysisTransform
Transforming stax-ex-1.8.1.jar (org.jvnet.staxex:stax-ex:1.8.1) with InstrumentationAnalysisTransform
Transforming jakarta.xml.bind-api-2.3.2.jar (jakarta.xml.bind:jakarta.xml.bind-api:2.3.2) with InstrumentationAnalysisTransform
Transforming txw2-2.3.2.jar (org.glassfish.jaxb:txw2:2.3.2) with InstrumentationAnalysisTransform
Transforming istack-commons-runtime-3.0.8.jar (com.sun.istack:istack-commons-runtime:3.0.8) with InstrumentationAnalysisTransform
Transforming FastInfoset-1.2.16.jar (com.sun.xml.fastinfoset:FastInfoset:1.2.16) with InstrumentationAnalysisTransform
Transforming jakarta.activation-api-1.2.1.jar (jakarta.activation:jakarta.activation-api:1.2.1) with InstrumentationAnalysisTransform
Transforming auto-value-annotations-1.6.2.jar (com.google.auto.value:auto-value-annotations:1.6.2) with InstrumentationAnalysisTransform
Transforming error_prone_annotations-2.18.0.jar (com.google.errorprone:error_prone_annotations:2.18.0) with InstrumentationAnalysisTransform
Transforming jose4j-0.7.0.jar (org.bitbucket.b_c:jose4j:0.7.0) with InstrumentationAnalysisTransform
Transforming slf4j-api-1.7.30.jar (org.slf4j:slf4j-api:1.7.30) with InstrumentationAnalysisTransform
Transforming jdom2-2.0.6.jar (org.jdom:jdom2:2.0.6) with InstrumentationAnalysisTransform
Transforming jsr305-3.0.2.jar (com.google.code.findbugs:jsr305:3.0.2) with InstrumentationAnalysisTransform
Transforming j2objc-annotations-2.8.jar (com.google.j2objc:j2objc-annotations:2.8) with InstrumentationAnalysisTransform
Transforming annotations-4.1.1.4.jar (com.google.android:annotations:4.1.1.4) with InstrumentationAnalysisTransform
Transforming animal-sniffer-annotations-1.23.jar (org.codehaus.mojo:animal-sniffer-annotations:1.23) with InstrumentationAnalysisTransform
Transforming perfmark-api-0.26.0.jar (io.perfmark:perfmark-api:0.26.0) with InstrumentationAnalysisTransform
Transforming netty-codec-http2-4.1.93.Final.jar (io.netty:netty-codec-http2:4.1.93.Final) with InstrumentationAnalysisTransform
Transforming netty-handler-proxy-4.1.93.Final.jar (io.netty:netty-handler-proxy:4.1.93.Final) with InstrumentationAnalysisTransform
Transforming netty-codec-http-4.1.93.Final.jar (io.netty:netty-codec-http:4.1.93.Final) with InstrumentationAnalysisTransform
Transforming netty-handler-4.1.93.Final.jar (io.netty:netty-handler:4.1.93.Final) with InstrumentationAnalysisTransform
Transforming netty-transport-native-unix-common-4.1.93.Final.jar (io.netty:netty-transport-native-unix-common:4.1.93.Final) with InstrumentationAnalysisTransform
Transforming checker-qual-3.33.0.jar (org.checkerframework:checker-qual:3.33.0) with InstrumentationAnalysisTransform
Transforming commons-codec-1.11.jar (commons-codec:commons-codec:1.11) with InstrumentationAnalysisTransform
Transforming apksig-8.3.2.jar (com.android.tools.build:apksig:8.3.2) with InstrumentationAnalysisTransform
Transforming javawriter-2.5.0.jar (com.squareup:javawriter:2.5.0) with InstrumentationAnalysisTransform
Transforming kotlin-gradle-plugin-annotations-2.0.21.jar (org.jetbrains.kotlin:kotlin-gradle-plugin-annotations:2.0.21) with InstrumentationAnalysisTransform
Transforming kotlin-tooling-core-2.0.21.jar (org.jetbrains.kotlin:kotlin-tooling-core:2.0.21) with InstrumentationAnalysisTransform
Transforming kotlin-daemon-client-2.0.21.jar (org.jetbrains.kotlin:kotlin-daemon-client:2.0.21) with InstrumentationAnalysisTransform
Transforming kotlinx-coroutines-core-jvm-1.6.4.jar (org.jetbrains.kotlinx:kotlinx-coroutines-core-jvm:1.6.4) with InstrumentationAnalysisTransform
Transforming kotlin-util-io-2.0.21.jar (org.jetbrains.kotlin:kotlin-util-io:2.0.21) with InstrumentationAnalysisTransform
Transforming kotlin-daemon-embeddable-2.0.21.jar (org.jetbrains.kotlin:kotlin-daemon-embeddable:2.0.21) with InstrumentationAnalysisTransform
Transforming failureaccess-1.0.1.jar (com.google.guava:failureaccess:1.0.1) with InstrumentationAnalysisTransform
Transforming listenablefuture-9999.0-empty-to-avoid-conflict-with-guava.jar (com.google.guava:listenablefuture:9999.0-empty-to-avoid-conflict-with-guava) with InstrumentationAnalysisTransform
Transforming commons-logging-1.2.jar (commons-logging:commons-logging:1.2) with InstrumentationAnalysisTransform
Transforming jna-5.6.0.jar (net.java.dev.jna:jna:5.6.0) with InstrumentationAnalysisTransform
Transforming netty-codec-socks-4.1.93.Final.jar (io.netty:netty-codec-socks:4.1.93.Final) with InstrumentationAnalysisTransform
Transforming netty-codec-4.1.93.Final.jar (io.netty:netty-codec:4.1.93.Final) with InstrumentationAnalysisTransform
Transforming netty-transport-4.1.93.Final.jar (io.netty:netty-transport:4.1.93.Final) with InstrumentationAnalysisTransform
Transforming netty-buffer-4.1.93.Final.jar (io.netty:netty-buffer:4.1.93.Final) with InstrumentationAnalysisTransform
Transforming netty-resolver-4.1.93.Final.jar (io.netty:netty-resolver:4.1.93.Final) with InstrumentationAnalysisTransform
Transforming netty-common-4.1.93.Final.jar (io.netty:netty-common:4.1.93.Final) with InstrumentationAnalysisTransform
Transforming hilt-android-gradle-plugin-2.51.1.jar (com.google.dagger:hilt-android-gradle-plugin:2.51.1) with InstrumentationAnalysisTransform
Transforming hilt-android-gradle-plugin-2.51.1.jar (com.google.dagger:hilt-android-gradle-plugin:2.51.1) with MergeInstrumentationAnalysisTransform
Transforming gradle-8.3.2.jar (com.android.tools.build:gradle:8.3.2) with InstrumentationAnalysisTransform
Transforming gradle-8.3.2.jar (com.android.tools.build:gradle:8.3.2) with MergeInstrumentationAnalysisTransform
Transforming gradle-settings-api-8.3.2.jar (com.android.tools.build:gradle-settings-api:8.3.2) with InstrumentationAnalysisTransform
Transforming gradle-settings-api-8.3.2.jar (com.android.tools.build:gradle-settings-api:8.3.2) with MergeInstrumentationAnalysisTransform
Transforming lint-model-31.3.2.jar (com.android.tools.lint:lint-model:31.3.2) with InstrumentationAnalysisTransform
Transforming lint-model-31.3.2.jar (com.android.tools.lint:lint-model:31.3.2) with MergeInstrumentationAnalysisTransform
Transforming builder-8.3.2.jar (com.android.tools.build:builder:8.3.2) with InstrumentationAnalysisTransform
Transforming builder-8.3.2.jar (com.android.tools.build:builder:8.3.2) with MergeInstrumentationAnalysisTransform
Transforming manifest-merger-31.3.2.jar (com.android.tools.build:manifest-merger:31.3.2) with InstrumentationAnalysisTransform
Transforming manifest-merger-31.3.2.jar (com.android.tools.build:manifest-merger:31.3.2) with MergeInstrumentationAnalysisTransform
Transforming sdk-common-31.3.2.jar (com.android.tools:sdk-common:31.3.2) with InstrumentationAnalysisTransform
Transforming sdk-common-31.3.2.jar (com.android.tools:sdk-common:31.3.2) with MergeInstrumentationAnalysisTransform
Transforming sdklib-31.3.2.jar (com.android.tools:sdklib:31.3.2) with InstrumentationAnalysisTransform
Transforming hilt-android-gradle-plugin-2.51.1.jar (com.google.dagger:hilt-android-gradle-plugin:2.51.1) with ExternalDependencyInstrumentingArtifactTransform
Transforming sdklib-31.3.2.jar (com.android.tools:sdklib:31.3.2) with MergeInstrumentationAnalysisTransform
Transforming repository-31.3.2.jar (com.android.tools:repository:31.3.2) with InstrumentationAnalysisTransform
Transforming repository-31.3.2.jar (com.android.tools:repository:31.3.2) with MergeInstrumentationAnalysisTransform
Transforming aaptcompiler-8.3.2.jar (com.android.tools.build:aaptcompiler:8.3.2) with InstrumentationAnalysisTransform
Transforming gradle-8.3.2.jar (com.android.tools.build:gradle:8.3.2) with ExternalDependencyInstrumentingArtifactTransform
Transforming aaptcompiler-8.3.2.jar (com.android.tools.build:aaptcompiler:8.3.2) with MergeInstrumentationAnalysisTransform
Transforming tracker-31.3.2.jar (com.android.tools.analytics-library:tracker:31.3.2) with InstrumentationAnalysisTransform
Transforming tracker-31.3.2.jar (com.android.tools.analytics-library:tracker:31.3.2) with MergeInstrumentationAnalysisTransform
Transforming gradle-settings-api-8.3.2.jar (com.android.tools.build:gradle-settings-api:8.3.2) with ExternalDependencyInstrumentingArtifactTransform
Transforming shared-31.3.2.jar (com.android.tools.analytics-library:shared:31.3.2) with InstrumentationAnalysisTransform
Transforming shared-31.3.2.jar (com.android.tools.analytics-library:shared:31.3.2) with MergeInstrumentationAnalysisTransform
Transforming databinding-compiler-common-8.3.2.jar (androidx.databinding:databinding-compiler-common:8.3.2) with InstrumentationAnalysisTransform
Transforming lint-model-31.3.2.jar (com.android.tools.lint:lint-model:31.3.2) with ExternalDependencyInstrumentingArtifactTransform
Transforming databinding-compiler-common-8.3.2.jar (androidx.databinding:databinding-compiler-common:8.3.2) with MergeInstrumentationAnalysisTransform
Transforming android-test-plugin-host-emulator-control-proto-31.3.2.jar (com.android.tools.utp:android-test-plugin-host-emulator-control-proto:31.3.2) with InstrumentationAnalysisTransform
Transforming android-test-plugin-host-emulator-control-proto-31.3.2.jar (com.android.tools.utp:android-test-plugin-host-emulator-control-proto:31.3.2) with MergeInstrumentationAnalysisTransform
Transforming builder-8.3.2.jar (com.android.tools.build:builder:8.3.2) with ExternalDependencyInstrumentingArtifactTransform
Transforming manifest-merger-31.3.2.jar (com.android.tools.build:manifest-merger:31.3.2) with ExternalDependencyInstrumentingArtifactTransform
Transforming sdk-common-31.3.2.jar (com.android.tools:sdk-common:31.3.2) with ExternalDependencyInstrumentingArtifactTransform
Transforming sdklib-31.3.2.jar (com.android.tools:sdklib:31.3.2) with ExternalDependencyInstrumentingArtifactTransform
Transforming android-test-plugin-host-retention-proto-31.3.2.jar (com.android.tools.utp:android-test-plugin-host-retention-proto:31.3.2) with InstrumentationAnalysisTransform
Transforming repository-31.3.2.jar (com.android.tools:repository:31.3.2) with ExternalDependencyInstrumentingArtifactTransform
Transforming android-test-plugin-host-retention-proto-31.3.2.jar (com.android.tools.utp:android-test-plugin-host-retention-proto:31.3.2) with MergeInstrumentationAnalysisTransform
Transforming builder-model-8.3.2.jar (com.android.tools.build:builder-model:8.3.2) with InstrumentationAnalysisTransform
Transforming builder-model-8.3.2.jar (com.android.tools.build:builder-model:8.3.2) with MergeInstrumentationAnalysisTransform
Transforming aaptcompiler-8.3.2.jar (com.android.tools.build:aaptcompiler:8.3.2) with ExternalDependencyInstrumentingArtifactTransform
Transforming tracker-31.3.2.jar (com.android.tools.analytics-library:tracker:31.3.2) with ExternalDependencyInstrumentingArtifactTransform
Transforming gradle-api-8.3.2.jar (com.android.tools.build:gradle-api:8.3.2) with InstrumentationAnalysisTransform
Transforming shared-31.3.2.jar (com.android.tools.analytics-library:shared:31.3.2) with ExternalDependencyInstrumentingArtifactTransform
Transforming gradle-api-8.3.2.jar (com.android.tools.build:gradle-api:8.3.2) with MergeInstrumentationAnalysisTransform
Transforming builder-test-api-8.3.2.jar (com.android.tools.build:builder-test-api:8.3.2) with InstrumentationAnalysisTransform
Transforming builder-test-api-8.3.2.jar (com.android.tools.build:builder-test-api:8.3.2) with MergeInstrumentationAnalysisTransform
Transforming databinding-compiler-common-8.3.2.jar (androidx.databinding:databinding-compiler-common:8.3.2) with ExternalDependencyInstrumentingArtifactTransform
Transforming ddmlib-31.3.2.jar (com.android.tools.ddms:ddmlib:31.3.2) with InstrumentationAnalysisTransform
Transforming ddmlib-31.3.2.jar (com.android.tools.ddms:ddmlib:31.3.2) with MergeInstrumentationAnalysisTransform
Transforming layoutlib-api-31.3.2.jar (com.android.tools.layoutlib:layoutlib-api:31.3.2) with InstrumentationAnalysisTransform
Transforming android-test-plugin-host-emulator-control-proto-31.3.2.jar (com.android.tools.utp:android-test-plugin-host-emulator-control-proto:31.3.2) with ExternalDependencyInstrumentingArtifactTransform
Transforming layoutlib-api-31.3.2.jar (com.android.tools.layoutlib:layoutlib-api:31.3.2) with MergeInstrumentationAnalysisTransform
Transforming android-test-plugin-host-retention-proto-31.3.2.jar (com.android.tools.utp:android-test-plugin-host-retention-proto:31.3.2) with ExternalDependencyInstrumentingArtifactTransform
Transforming builder-model-8.3.2.jar (com.android.tools.build:builder-model:8.3.2) with ExternalDependencyInstrumentingArtifactTransform
Transforming gradle-api-8.3.2.jar (com.android.tools.build:gradle-api:8.3.2) with ExternalDependencyInstrumentingArtifactTransform
Transforming dvlib-31.3.2.jar (com.android.tools:dvlib:31.3.2) with InstrumentationAnalysisTransform
Transforming builder-test-api-8.3.2.jar (com.android.tools.build:builder-test-api:8.3.2) with ExternalDependencyInstrumentingArtifactTransform
Transforming ddmlib-31.3.2.jar (com.android.tools.ddms:ddmlib:31.3.2) with ExternalDependencyInstrumentingArtifactTransform
Transforming layoutlib-api-31.3.2.jar (com.android.tools.layoutlib:layoutlib-api:31.3.2) with ExternalDependencyInstrumentingArtifactTransform
Transforming dvlib-31.3.2.jar (com.android.tools:dvlib:31.3.2) with MergeInstrumentationAnalysisTransform
Transforming common-31.3.2.jar (com.android.tools:common:31.3.2) with InstrumentationAnalysisTransform
Transforming common-31.3.2.jar (com.android.tools:common:31.3.2) with MergeInstrumentationAnalysisTransform
Transforming dvlib-31.3.2.jar (com.android.tools:dvlib:31.3.2) with ExternalDependencyInstrumentingArtifactTransform
Transforming kotlin-stdlib-jdk8-1.9.20.jar (org.jetbrains.kotlin:kotlin-stdlib-jdk8:1.9.20) with InstrumentationAnalysisTransform
Transforming kotlin-stdlib-jdk8-1.9.20.jar (org.jetbrains.kotlin:kotlin-stdlib-jdk8:1.9.20) with MergeInstrumentationAnalysisTransform
Transforming common-31.3.2.jar (com.android.tools:common:31.3.2) with ExternalDependencyInstrumentingArtifactTransform
Transforming jetifier-processor-1.0.0-beta10.jar (com.android.tools.build.jetifier:jetifier-processor:1.0.0-beta10) with InstrumentationAnalysisTransform
Transforming jetifier-processor-1.0.0-beta10.jar (com.android.tools.build.jetifier:jetifier-processor:1.0.0-beta10) with MergeInstrumentationAnalysisTransform
Transforming jetifier-core-1.0.0-beta10.jar (com.android.tools.build.jetifier:jetifier-core:1.0.0-beta10) with InstrumentationAnalysisTransform
Transforming kotlin-stdlib-jdk8-1.9.20.jar (org.jetbrains.kotlin:kotlin-stdlib-jdk8:1.9.20) with ExternalDependencyInstrumentingArtifactTransform
Transforming jetifier-core-1.0.0-beta10.jar (com.android.tools.build.jetifier:jetifier-core:1.0.0-beta10) with MergeInstrumentationAnalysisTransform
Transforming symbol-processing-gradle-plugin-2.0.21-1.0.27.jar (com.google.devtools.ksp:symbol-processing-gradle-plugin:2.0.21-1.0.27) with InstrumentationAnalysisTransform
Transforming jetifier-processor-1.0.0-beta10.jar (com.android.tools.build.jetifier:jetifier-processor:1.0.0-beta10) with ExternalDependencyInstrumentingArtifactTransform
Transforming symbol-processing-gradle-plugin-2.0.21-1.0.27.jar (com.google.devtools.ksp:symbol-processing-gradle-plugin:2.0.21-1.0.27) with MergeInstrumentationAnalysisTransform
Transforming symbol-processing-api-2.0.21-1.0.27.jar (com.google.devtools.ksp:symbol-processing-api:2.0.21-1.0.27) with InstrumentationAnalysisTransform
Transforming symbol-processing-api-2.0.21-1.0.27.jar (com.google.devtools.ksp:symbol-processing-api:2.0.21-1.0.27) with MergeInstrumentationAnalysisTransform
Transforming symbol-processing-common-deps-2.0.21-1.0.27.jar (com.google.devtools.ksp:symbol-processing-common-deps:2.0.21-1.0.27) with InstrumentationAnalysisTransform
Transforming symbol-processing-common-deps-2.0.21-1.0.27.jar (com.google.devtools.ksp:symbol-processing-common-deps:2.0.21-1.0.27) with MergeInstrumentationAnalysisTransform
Transforming kotlin-reflect-1.9.24.jar (org.jetbrains.kotlin:kotlin-reflect:1.9.24) with InstrumentationAnalysisTransform
Transforming kotlin-reflect-1.9.24.jar (org.jetbrains.kotlin:kotlin-reflect:1.9.24) with MergeInstrumentationAnalysisTransform
Transforming kotlin-stdlib-jdk7-1.9.20.jar (org.jetbrains.kotlin:kotlin-stdlib-jdk7:1.9.20) with InstrumentationAnalysisTransform
Transforming kotlin-stdlib-jdk7-1.9.20.jar (org.jetbrains.kotlin:kotlin-stdlib-jdk7:1.9.20) with MergeInstrumentationAnalysisTransform
Transforming kotlin-stdlib-1.9.24.jar (org.jetbrains.kotlin:kotlin-stdlib:1.9.24) with InstrumentationAnalysisTransform
Transforming kotlin-stdlib-1.9.24.jar (org.jetbrains.kotlin:kotlin-stdlib:1.9.24) with MergeInstrumentationAnalysisTransform
Transforming annotations-13.0.jar (org.jetbrains:annotations:13.0) with InstrumentationAnalysisTransform
Transforming annotations-13.0.jar (org.jetbrains:annotations:13.0) with MergeInstrumentationAnalysisTransform
Transforming kotlin-serialization-2.0.21-gradle85.jar (org.jetbrains.kotlin:kotlin-serialization:2.0.21) with InstrumentationAnalysisTransform
Transforming kotlin-serialization-2.0.21-gradle85.jar (org.jetbrains.kotlin:kotlin-serialization:2.0.21) with MergeInstrumentationAnalysisTransform
Transforming kotlin-gradle-plugin-model-2.0.21.jar (org.jetbrains.kotlin:kotlin-gradle-plugin-model:2.0.21) with InstrumentationAnalysisTransform
Transforming kotlin-gradle-plugin-model-2.0.21.jar (org.jetbrains.kotlin:kotlin-gradle-plugin-model:2.0.21) with MergeInstrumentationAnalysisTransform
Transforming jetifier-core-1.0.0-beta10.jar (com.android.tools.build.jetifier:jetifier-core:1.0.0-beta10) with ExternalDependencyInstrumentingArtifactTransform
Transforming kotlin-gradle-plugin-api-2.0.21.jar (org.jetbrains.kotlin:kotlin-gradle-plugin-api:2.0.21) with InstrumentationAnalysisTransform
Transforming kotlin-gradle-plugin-api-2.0.21.jar (org.jetbrains.kotlin:kotlin-gradle-plugin-api:2.0.21) with MergeInstrumentationAnalysisTransform
Transforming symbol-processing-gradle-plugin-2.0.21-1.0.27.jar (com.google.devtools.ksp:symbol-processing-gradle-plugin:2.0.21-1.0.27) with ExternalDependencyInstrumentingArtifactTransform
Transforming kotlin-gradle-plugin-api-2.0.21-gradle85.jar (org.jetbrains.kotlin:kotlin-gradle-plugin-api:2.0.21) with InstrumentationAnalysisTransform
Transforming kotlin-gradle-plugin-api-2.0.21-gradle85.jar (org.jetbrains.kotlin:kotlin-gradle-plugin-api:2.0.21) with MergeInstrumentationAnalysisTransform
Transforming compose-compiler-gradle-plugin-2.0.21-gradle85.jar (org.jetbrains.kotlin:compose-compiler-gradle-plugin:2.0.21) with InstrumentationAnalysisTransform
Transforming symbol-processing-api-2.0.21-1.0.27.jar (com.google.devtools.ksp:symbol-processing-api:2.0.21-1.0.27) with ExternalDependencyInstrumentingArtifactTransform
Transforming compose-compiler-gradle-plugin-2.0.21-gradle85.jar (org.jetbrains.kotlin:compose-compiler-gradle-plugin:2.0.21) with MergeInstrumentationAnalysisTransform
Transforming kotlin-gradle-plugin-2.0.21-gradle85.jar (org.jetbrains.kotlin:kotlin-gradle-plugin:2.0.21) with InstrumentationAnalysisTransform
Transforming symbol-processing-common-deps-2.0.21-1.0.27.jar (com.google.devtools.ksp:symbol-processing-common-deps:2.0.21-1.0.27) with ExternalDependencyInstrumentingArtifactTransform
Transforming kotlin-gradle-plugin-2.0.21-gradle85.jar (org.jetbrains.kotlin:kotlin-gradle-plugin:2.0.21) with MergeInstrumentationAnalysisTransform
Transforming bundletool-1.15.6.jar (com.android.tools.build:bundletool:1.15.6) with InstrumentationAnalysisTransform
Transforming bundletool-1.15.6.jar (com.android.tools.build:bundletool:1.15.6) with MergeInstrumentationAnalysisTransform
Transforming kotlin-reflect-1.9.24.jar (org.jetbrains.kotlin:kotlin-reflect:1.9.24) with ExternalDependencyInstrumentingArtifactTransform
Transforming aapt2-proto-8.3.2-10880808.jar (com.android.tools.build:aapt2-proto:8.3.2-10880808) with InstrumentationAnalysisTransform
Transforming aapt2-proto-8.3.2-10880808.jar (com.android.tools.build:aapt2-proto:8.3.2-10880808) with MergeInstrumentationAnalysisTransform
Transforming crash-31.3.2.jar (com.android.tools.analytics-library:crash:31.3.2) with InstrumentationAnalysisTransform
Transforming kotlin-stdlib-jdk7-1.9.20.jar (org.jetbrains.kotlin:kotlin-stdlib-jdk7:1.9.20) with ExternalDependencyInstrumentingArtifactTransform
Transforming crash-31.3.2.jar (com.android.tools.analytics-library:crash:31.3.2) with MergeInstrumentationAnalysisTransform
Transforming lint-typedef-remover-31.3.2.jar (com.android.tools.lint:lint-typedef-remover:31.3.2) with InstrumentationAnalysisTransform
Transforming lint-typedef-remover-31.3.2.jar (com.android.tools.lint:lint-typedef-remover:31.3.2) with MergeInstrumentationAnalysisTransform
Transforming kotlin-stdlib-1.9.24.jar (org.jetbrains.kotlin:kotlin-stdlib:1.9.24) with ExternalDependencyInstrumentingArtifactTransform
Transforming databinding-common-8.3.2.jar (androidx.databinding:databinding-common:8.3.2) with InstrumentationAnalysisTransform
Transforming databinding-common-8.3.2.jar (androidx.databinding:databinding-common:8.3.2) with MergeInstrumentationAnalysisTransform
Transforming baseLibrary-8.3.2.jar (com.android.databinding:baseLibrary:8.3.2) with InstrumentationAnalysisTransform
Transforming annotations-13.0.jar (org.jetbrains:annotations:13.0) with ExternalDependencyInstrumentingArtifactTransform
Transforming baseLibrary-8.3.2.jar (com.android.databinding:baseLibrary:8.3.2) with MergeInstrumentationAnalysisTransform
Transforming android-device-provider-ddmlib-proto-31.3.2.jar (com.android.tools.utp:android-device-provider-ddmlib-proto:31.3.2) with InstrumentationAnalysisTransform
Transforming android-device-provider-ddmlib-proto-31.3.2.jar (com.android.tools.utp:android-device-provider-ddmlib-proto:31.3.2) with MergeInstrumentationAnalysisTransform
Transforming kotlin-serialization-2.0.21-gradle85.jar (org.jetbrains.kotlin:kotlin-serialization:2.0.21) with ExternalDependencyInstrumentingArtifactTransform
Transforming android-device-provider-gradle-proto-31.3.2.jar (com.android.tools.utp:android-device-provider-gradle-proto:31.3.2) with InstrumentationAnalysisTransform
Transforming android-device-provider-gradle-proto-31.3.2.jar (com.android.tools.utp:android-device-provider-gradle-proto:31.3.2) with MergeInstrumentationAnalysisTransform
Transforming kotlin-gradle-plugin-api-2.0.21.jar (org.jetbrains.kotlin:kotlin-gradle-plugin-api:2.0.21) with ExternalDependencyInstrumentingArtifactTransform
Transforming android-test-plugin-host-additional-test-output-proto-31.3.2.jar (com.android.tools.utp:android-test-plugin-host-additional-test-output-proto:31.3.2) with InstrumentationAnalysisTransform
Transforming android-test-plugin-host-additional-test-output-proto-31.3.2.jar (com.android.tools.utp:android-test-plugin-host-additional-test-output-proto:31.3.2) with MergeInstrumentationAnalysisTransform
Transforming android-test-plugin-host-coverage-proto-31.3.2.jar (com.android.tools.utp:android-test-plugin-host-coverage-proto:31.3.2) with InstrumentationAnalysisTransform
Transforming kotlin-gradle-plugin-api-2.0.21-gradle85.jar (org.jetbrains.kotlin:kotlin-gradle-plugin-api:2.0.21) with ExternalDependencyInstrumentingArtifactTransform
Transforming android-test-plugin-host-coverage-proto-31.3.2.jar (com.android.tools.utp:android-test-plugin-host-coverage-proto:31.3.2) with MergeInstrumentationAnalysisTransform
Transforming android-test-plugin-host-logcat-proto-31.3.2.jar (com.android.tools.utp:android-test-plugin-host-logcat-proto:31.3.2) with InstrumentationAnalysisTransform
Transforming compose-compiler-gradle-plugin-2.0.21-gradle85.jar (org.jetbrains.kotlin:compose-compiler-gradle-plugin:2.0.21) with ExternalDependencyInstrumentingArtifactTransform
Transforming android-test-plugin-host-logcat-proto-31.3.2.jar (com.android.tools.utp:android-test-plugin-host-logcat-proto:31.3.2) with MergeInstrumentationAnalysisTransform
Transforming kotlin-gradle-plugin-2.0.21-gradle85.jar (org.jetbrains.kotlin:kotlin-gradle-plugin:2.0.21) with ExternalDependencyInstrumentingArtifactTransform
Transforming android-test-plugin-host-apk-installer-proto-31.3.2.jar (com.android.tools.utp:android-test-plugin-host-apk-installer-proto:31.3.2) with InstrumentationAnalysisTransform
Transforming android-test-plugin-host-apk-installer-proto-31.3.2.jar (com.android.tools.utp:android-test-plugin-host-apk-installer-proto:31.3.2) with MergeInstrumentationAnalysisTransform
Transforming android-test-plugin-result-listener-gradle-proto-31.3.2.jar (com.android.tools.utp:android-test-plugin-result-listener-gradle-proto:31.3.2) with InstrumentationAnalysisTransform
Transforming bundletool-1.15.6.jar (com.android.tools.build:bundletool:1.15.6) with ExternalDependencyInstrumentingArtifactTransform
Transforming android-test-plugin-result-listener-gradle-proto-31.3.2.jar (com.android.tools.utp:android-test-plugin-result-listener-gradle-proto:31.3.2) with MergeInstrumentationAnalysisTransform
Transforming transform-api-2.0.0-deprecated-use-gradle-api.jar (com.android.tools.build:transform-api:2.0.0-deprecated-use-gradle-api) with InstrumentationAnalysisTransform
Transforming transform-api-2.0.0-deprecated-use-gradle-api.jar (com.android.tools.build:transform-api:2.0.0-deprecated-use-gradle-api) with MergeInstrumentationAnalysisTransform
Transforming httpmime-4.5.6.jar (org.apache.httpcomponents:httpmime:4.5.6) with InstrumentationAnalysisTransform
Transforming aapt2-proto-8.3.2-10880808.jar (com.android.tools.build:aapt2-proto:8.3.2-10880808) with ExternalDependencyInstrumentingArtifactTransform
Transforming httpmime-4.5.6.jar (org.apache.httpcomponents:httpmime:4.5.6) with MergeInstrumentationAnalysisTransform
Transforming commons-io-2.13.0.jar (commons-io:commons-io:2.13.0) with InstrumentationAnalysisTransform
Transforming commons-io-2.13.0.jar (commons-io:commons-io:2.13.0) with MergeInstrumentationAnalysisTransform
Transforming asm-commons-9.6.jar (org.ow2.asm:asm-commons:9.6) with InstrumentationAnalysisTransform
Transforming crash-31.3.2.jar (com.android.tools.analytics-library:crash:31.3.2) with ExternalDependencyInstrumentingArtifactTransform
Transforming asm-commons-9.6.jar (org.ow2.asm:asm-commons:9.6) with MergeInstrumentationAnalysisTransform
Transforming asm-util-9.6.jar (org.ow2.asm:asm-util:9.6) with InstrumentationAnalysisTransform
Transforming asm-util-9.6.jar (org.ow2.asm:asm-util:9.6) with MergeInstrumentationAnalysisTransform
Transforming asm-analysis-9.6.jar (org.ow2.asm:asm-analysis:9.6) with InstrumentationAnalysisTransform
Transforming lint-typedef-remover-31.3.2.jar (com.android.tools.lint:lint-typedef-remover:31.3.2) with ExternalDependencyInstrumentingArtifactTransform
Transforming asm-analysis-9.6.jar (org.ow2.asm:asm-analysis:9.6) with MergeInstrumentationAnalysisTransform
Transforming asm-tree-9.6.jar (org.ow2.asm:asm-tree:9.6) with InstrumentationAnalysisTransform
Transforming asm-tree-9.6.jar (org.ow2.asm:asm-tree:9.6) with MergeInstrumentationAnalysisTransform
Transforming databinding-common-8.3.2.jar (androidx.databinding:databinding-common:8.3.2) with ExternalDependencyInstrumentingArtifactTransform
Transforming asm-9.6.jar (org.ow2.asm:asm:9.6) with InstrumentationAnalysisTransform
Transforming asm-9.6.jar (org.ow2.asm:asm:9.6) with MergeInstrumentationAnalysisTransform
Transforming apkzlib-8.3.2.jar (com.android.tools.build:apkzlib:8.3.2) with InstrumentationAnalysisTransform
Transforming baseLibrary-8.3.2.jar (com.android.databinding:baseLibrary:8.3.2) with ExternalDependencyInstrumentingArtifactTransform
Transforming apkzlib-8.3.2.jar (com.android.tools.build:apkzlib:8.3.2) with MergeInstrumentationAnalysisTransform
Transforming bcpkix-jdk15on-1.67.jar (org.bouncycastle:bcpkix-jdk15on:1.67) with InstrumentationAnalysisTransform
Transforming bcpkix-jdk15on-1.67.jar (org.bouncycastle:bcpkix-jdk15on:1.67) with MergeInstrumentationAnalysisTransform
Transforming jaxb-runtime-2.3.2.jar (org.glassfish.jaxb:jaxb-runtime:2.3.2) with InstrumentationAnalysisTransform
Transforming android-device-provider-ddmlib-proto-31.3.2.jar (com.android.tools.utp:android-device-provider-ddmlib-proto:31.3.2) with ExternalDependencyInstrumentingArtifactTransform
Transforming jaxb-runtime-2.3.2.jar (org.glassfish.jaxb:jaxb-runtime:2.3.2) with MergeInstrumentationAnalysisTransform
Transforming jopt-simple-4.9.jar (net.sf.jopt-simple:jopt-simple:4.9) with InstrumentationAnalysisTransform
Transforming jopt-simple-4.9.jar (net.sf.jopt-simple:jopt-simple:4.9) with MergeInstrumentationAnalysisTransform
Transforming android-device-provider-gradle-proto-31.3.2.jar (com.android.tools.utp:android-device-provider-gradle-proto:31.3.2) with ExternalDependencyInstrumentingArtifactTransform
Transforming kotlin-gradle-plugin-model-2.0.21.jar (org.jetbrains.kotlin:kotlin-gradle-plugin-model:2.0.21) with ExternalDependencyInstrumentingArtifactTransform
Transforming javapoet-1.13.0.jar (com.squareup:javapoet:1.13.0) with InstrumentationAnalysisTransform
Transforming android-test-plugin-host-coverage-proto-31.3.2.jar (com.android.tools.utp:android-test-plugin-host-coverage-proto:31.3.2) with ExternalDependencyInstrumentingArtifactTransform
Transforming javapoet-1.13.0.jar (com.squareup:javapoet:1.13.0) with MergeInstrumentationAnalysisTransform
Transforming protobuf-java-util-3.22.3.jar (com.google.protobuf:protobuf-java-util:3.22.3) with InstrumentationAnalysisTransform
Transforming android-test-plugin-host-logcat-proto-31.3.2.jar (com.android.tools.utp:android-test-plugin-host-logcat-proto:31.3.2) with ExternalDependencyInstrumentingArtifactTransform
Transforming android-test-plugin-host-additional-test-output-proto-31.3.2.jar (com.android.tools.utp:android-test-plugin-host-additional-test-output-proto:31.3.2) with ExternalDependencyInstrumentingArtifactTransform
Transforming protobuf-java-util-3.22.3.jar (com.google.protobuf:protobuf-java-util:3.22.3) with MergeInstrumentationAnalysisTransform
Transforming grpc-protobuf-1.57.0.jar (io.grpc:grpc-protobuf:1.57.0) with InstrumentationAnalysisTransform
Transforming android-test-plugin-host-apk-installer-proto-31.3.2.jar (com.android.tools.utp:android-test-plugin-host-apk-installer-proto:31.3.2) with ExternalDependencyInstrumentingArtifactTransform
Transforming android-test-plugin-result-listener-gradle-proto-31.3.2.jar (com.android.tools.utp:android-test-plugin-result-listener-gradle-proto:31.3.2) with ExternalDependencyInstrumentingArtifactTransform
Transforming grpc-protobuf-1.57.0.jar (io.grpc:grpc-protobuf:1.57.0) with MergeInstrumentationAnalysisTransform
Transforming tink-1.7.0.jar (com.google.crypto.tink:tink:1.7.0) with InstrumentationAnalysisTransform
Transforming transform-api-2.0.0-deprecated-use-gradle-api.jar (com.android.tools.build:transform-api:2.0.0-deprecated-use-gradle-api) with ExternalDependencyInstrumentingArtifactTransform
Transforming tink-1.7.0.jar (com.google.crypto.tink:tink:1.7.0) with MergeInstrumentationAnalysisTransform
Transforming httpmime-4.5.6.jar (org.apache.httpcomponents:httpmime:4.5.6) with ExternalDependencyInstrumentingArtifactTransform
Transforming protos-31.3.2.jar (com.android.tools.analytics-library:protos:31.3.2) with InstrumentationAnalysisTransform
Transforming commons-io-2.13.0.jar (commons-io:commons-io:2.13.0) with ExternalDependencyInstrumentingArtifactTransform
Transforming protos-31.3.2.jar (com.android.tools.analytics-library:protos:31.3.2) with MergeInstrumentationAnalysisTransform
Transforming proto-google-common-protos-2.17.0.jar (com.google.api.grpc:proto-google-common-protos:2.17.0) with InstrumentationAnalysisTransform
Transforming proto-google-common-protos-2.17.0.jar (com.google.api.grpc:proto-google-common-protos:2.17.0) with MergeInstrumentationAnalysisTransform
Transforming asm-commons-9.6.jar (org.ow2.asm:asm-commons:9.6) with ExternalDependencyInstrumentingArtifactTransform
Transforming asm-util-9.6.jar (org.ow2.asm:asm-util:9.6) with ExternalDependencyInstrumentingArtifactTransform
Transforming asm-analysis-9.6.jar (org.ow2.asm:asm-analysis:9.6) with ExternalDependencyInstrumentingArtifactTransform
Transforming asm-tree-9.6.jar (org.ow2.asm:asm-tree:9.6) with ExternalDependencyInstrumentingArtifactTransform
Transforming asm-9.6.jar (org.ow2.asm:asm:9.6) with ExternalDependencyInstrumentingArtifactTransform
Transforming apkzlib-8.3.2.jar (com.android.tools.build:apkzlib:8.3.2) with ExternalDependencyInstrumentingArtifactTransform
Transforming protobuf-java-3.22.3.jar (com.google.protobuf:protobuf-java:3.22.3) with InstrumentationAnalysisTransform
Transforming jaxb-runtime-2.3.2.jar (org.glassfish.jaxb:jaxb-runtime:2.3.2) with ExternalDependencyInstrumentingArtifactTransform
Transforming protobuf-java-3.22.3.jar (com.google.protobuf:protobuf-java:3.22.3) with MergeInstrumentationAnalysisTransform
Transforming bcpkix-jdk15on-1.67.jar (org.bouncycastle:bcpkix-jdk15on:1.67) with ExternalDependencyInstrumentingArtifactTransform
Transforming grpc-netty-1.57.0.jar (io.grpc:grpc-netty:1.57.0) with InstrumentationAnalysisTransform
Transforming jopt-simple-4.9.jar (net.sf.jopt-simple:jopt-simple:4.9) with ExternalDependencyInstrumentingArtifactTransform
Transforming grpc-netty-1.57.0.jar (io.grpc:grpc-netty:1.57.0) with MergeInstrumentationAnalysisTransform
Transforming grpc-core-1.57.0.jar (io.grpc:grpc-core:1.57.0) with InstrumentationAnalysisTransform
Transforming javapoet-1.13.0.jar (com.squareup:javapoet:1.13.0) with ExternalDependencyInstrumentingArtifactTransform
Transforming protobuf-java-util-3.22.3.jar (com.google.protobuf:protobuf-java-util:3.22.3) with ExternalDependencyInstrumentingArtifactTransform
Transforming grpc-core-1.57.0.jar (io.grpc:grpc-core:1.57.0) with MergeInstrumentationAnalysisTransform
Transforming kotlin-build-statistics-2.0.21.jar (org.jetbrains.kotlin:kotlin-build-statistics:2.0.21) with InstrumentationAnalysisTransform
Transforming tink-1.7.0.jar (com.google.crypto.tink:tink:1.7.0) with ExternalDependencyInstrumentingArtifactTransform
Transforming grpc-protobuf-1.57.0.jar (io.grpc:grpc-protobuf:1.57.0) with ExternalDependencyInstrumentingArtifactTransform
Transforming kotlin-build-statistics-2.0.21.jar (org.jetbrains.kotlin:kotlin-build-statistics:2.0.21) with MergeInstrumentationAnalysisTransform
Transforming gson-2.10.1.jar (com.google.code.gson:gson:2.10.1) with InstrumentationAnalysisTransform
Transforming gson-2.10.1.jar (com.google.code.gson:gson:2.10.1) with MergeInstrumentationAnalysisTransform
Transforming grpc-stub-1.57.0.jar (io.grpc:grpc-stub:1.57.0) with InstrumentationAnalysisTransform
Transforming grpc-stub-1.57.0.jar (io.grpc:grpc-stub:1.57.0) with MergeInstrumentationAnalysisTransform
Transforming core-proto-0.0.9-alpha02.jar (com.google.testing.platform:core-proto:0.0.9-alpha02) with InstrumentationAnalysisTransform
Transforming core-proto-0.0.9-alpha02.jar (com.google.testing.platform:core-proto:0.0.9-alpha02) with MergeInstrumentationAnalysisTransform
Transforming kxml2-2.3.0.jar (net.sf.kxml:kxml2:2.3.0) with InstrumentationAnalysisTransform
Transforming proto-google-common-protos-2.17.0.jar (com.google.api.grpc:proto-google-common-protos:2.17.0) with ExternalDependencyInstrumentingArtifactTransform
Transforming protos-31.3.2.jar (com.android.tools.analytics-library:protos:31.3.2) with ExternalDependencyInstrumentingArtifactTransform
Transforming grpc-netty-1.57.0.jar (io.grpc:grpc-netty:1.57.0) with ExternalDependencyInstrumentingArtifactTransform
Transforming grpc-core-1.57.0.jar (io.grpc:grpc-core:1.57.0) with ExternalDependencyInstrumentingArtifactTransform
Transforming kotlin-build-statistics-2.0.21.jar (org.jetbrains.kotlin:kotlin-build-statistics:2.0.21) with ExternalDependencyInstrumentingArtifactTransform
Transforming kxml2-2.3.0.jar (net.sf.kxml:kxml2:2.3.0) with MergeInstrumentationAnalysisTransform
Transforming tensorflow-lite-metadata-0.1.0-rc2.jar (org.tensorflow:tensorflow-lite-metadata:0.1.0-rc2) with InstrumentationAnalysisTransform
Transforming grpc-stub-1.57.0.jar (io.grpc:grpc-stub:1.57.0) with ExternalDependencyInstrumentingArtifactTransform
Transforming tensorflow-lite-metadata-0.1.0-rc2.jar (org.tensorflow:tensorflow-lite-metadata:0.1.0-rc2) with MergeInstrumentationAnalysisTransform
Transforming flatbuffers-java-1.12.0.jar (com.google.flatbuffers:flatbuffers-java:1.12.0) with InstrumentationAnalysisTransform
Transforming flatbuffers-java-1.12.0.jar (com.google.flatbuffers:flatbuffers-java:1.12.0) with MergeInstrumentationAnalysisTransform
Transforming gson-2.10.1.jar (com.google.code.gson:gson:2.10.1) with ExternalDependencyInstrumentingArtifactTransform
Transforming kotlin-gradle-plugin-idea-proto-2.0.21.jar (org.jetbrains.kotlin:kotlin-gradle-plugin-idea-proto:2.0.21) with InstrumentationAnalysisTransform
Transforming kotlin-gradle-plugin-idea-proto-2.0.21.jar (org.jetbrains.kotlin:kotlin-gradle-plugin-idea-proto:2.0.21) with MergeInstrumentationAnalysisTransform
Transforming kxml2-2.3.0.jar (net.sf.kxml:kxml2:2.3.0) with ExternalDependencyInstrumentingArtifactTransform
Transforming core-proto-0.0.9-alpha02.jar (com.google.testing.platform:core-proto:0.0.9-alpha02) with ExternalDependencyInstrumentingArtifactTransform
Transforming kotlin-gradle-plugin-idea-2.0.21.jar (org.jetbrains.kotlin:kotlin-gradle-plugin-idea:2.0.21) with InstrumentationAnalysisTransform
Transforming tensorflow-lite-metadata-0.1.0-rc2.jar (org.tensorflow:tensorflow-lite-metadata:0.1.0-rc2) with ExternalDependencyInstrumentingArtifactTransform
Transforming flatbuffers-java-1.12.0.jar (com.google.flatbuffers:flatbuffers-java:1.12.0) with ExternalDependencyInstrumentingArtifactTransform
Transforming kotlin-gradle-plugin-idea-proto-2.0.21.jar (org.jetbrains.kotlin:kotlin-gradle-plugin-idea-proto:2.0.21) with ExternalDependencyInstrumentingArtifactTransform
Transforming kotlin-gradle-plugin-idea-2.0.21.jar (org.jetbrains.kotlin:kotlin-gradle-plugin-idea:2.0.21) with MergeInstrumentationAnalysisTransform
Transforming kotlin-klib-commonizer-api-2.0.21.jar (org.jetbrains.kotlin:kotlin-klib-commonizer-api:2.0.21) with InstrumentationAnalysisTransform
Transforming kotlin-klib-commonizer-api-2.0.21.jar (org.jetbrains.kotlin:kotlin-klib-commonizer-api:2.0.21) with MergeInstrumentationAnalysisTransform
Transforming kotlin-gradle-plugin-idea-2.0.21.jar (org.jetbrains.kotlin:kotlin-gradle-plugin-idea:2.0.21) with ExternalDependencyInstrumentingArtifactTransform
Transforming kotlin-build-tools-api-2.0.21.jar (org.jetbrains.kotlin:kotlin-build-tools-api:2.0.21) with InstrumentationAnalysisTransform
Transforming kotlin-klib-commonizer-api-2.0.21.jar (org.jetbrains.kotlin:kotlin-klib-commonizer-api:2.0.21) with ExternalDependencyInstrumentingArtifactTransform
Transforming kotlin-build-tools-api-2.0.21.jar (org.jetbrains.kotlin:kotlin-build-tools-api:2.0.21) with MergeInstrumentationAnalysisTransform
Transforming kotlin-compiler-runner-2.0.21.jar (org.jetbrains.kotlin:kotlin-compiler-runner:2.0.21) with InstrumentationAnalysisTransform
Transforming kotlin-compiler-runner-2.0.21.jar (org.jetbrains.kotlin:kotlin-compiler-runner:2.0.21) with MergeInstrumentationAnalysisTransform
Transforming kotlin-native-utils-2.0.21.jar (org.jetbrains.kotlin:kotlin-native-utils:2.0.21) with InstrumentationAnalysisTransform
Transforming kotlin-compiler-runner-2.0.21.jar (org.jetbrains.kotlin:kotlin-compiler-runner:2.0.21) with ExternalDependencyInstrumentingArtifactTransform
Transforming kotlin-build-tools-api-2.0.21.jar (org.jetbrains.kotlin:kotlin-build-tools-api:2.0.21) with ExternalDependencyInstrumentingArtifactTransform
Transforming kotlin-native-utils-2.0.21.jar (org.jetbrains.kotlin:kotlin-native-utils:2.0.21) with MergeInstrumentationAnalysisTransform
Transforming kotlin-util-klib-2.0.21.jar (org.jetbrains.kotlin:kotlin-util-klib:2.0.21) with InstrumentationAnalysisTransform
Transforming kotlin-util-klib-2.0.21.jar (org.jetbrains.kotlin:kotlin-util-klib:2.0.21) with MergeInstrumentationAnalysisTransform
Transforming kotlin-native-utils-2.0.21.jar (org.jetbrains.kotlin:kotlin-native-utils:2.0.21) with ExternalDependencyInstrumentingArtifactTransform
Transforming kotlin-util-klib-2.0.21.jar (org.jetbrains.kotlin:kotlin-util-klib:2.0.21) with ExternalDependencyInstrumentingArtifactTransform
Transforming kotlin-compiler-embeddable-2.0.21.jar (org.jetbrains.kotlin:kotlin-compiler-embeddable:2.0.21) with InstrumentationAnalysisTransform
Transforming kotlin-compiler-embeddable-2.0.21.jar (org.jetbrains.kotlin:kotlin-compiler-embeddable:2.0.21) with MergeInstrumentationAnalysisTransform
Transforming jimfs-1.1.jar (com.google.jimfs:jimfs:1.1) with InstrumentationAnalysisTransform
Transforming jimfs-1.1.jar (com.google.jimfs:jimfs:1.1) with MergeInstrumentationAnalysisTransform
Transforming grpc-context-1.57.0.jar (io.grpc:grpc-context:1.57.0) with InstrumentationAnalysisTransform
Transforming grpc-context-1.57.0.jar (io.grpc:grpc-context:1.57.0) with MergeInstrumentationAnalysisTransform
Transforming grpc-protobuf-lite-1.57.0.jar (io.grpc:grpc-protobuf-lite:1.57.0) with InstrumentationAnalysisTransform
Transforming kotlin-compiler-embeddable-2.0.21.jar (org.jetbrains.kotlin:kotlin-compiler-embeddable:2.0.21) with ExternalDependencyInstrumentingArtifactTransform
Transforming grpc-protobuf-lite-1.57.0.jar (io.grpc:grpc-protobuf-lite:1.57.0) with MergeInstrumentationAnalysisTransform
Transforming grpc-api-1.57.0.jar (io.grpc:grpc-api:1.57.0) with InstrumentationAnalysisTransform
Transforming grpc-context-1.57.0.jar (io.grpc:grpc-context:1.57.0) with ExternalDependencyInstrumentingArtifactTransform
Transforming jimfs-1.1.jar (com.google.jimfs:jimfs:1.1) with ExternalDependencyInstrumentingArtifactTransform
Transforming grpc-api-1.57.0.jar (io.grpc:grpc-api:1.57.0) with MergeInstrumentationAnalysisTransform
Transforming guava-32.0.1-jre.jar (com.google.guava:guava:32.0.1-jre) with InstrumentationAnalysisTransform
Transforming guava-32.0.1-jre.jar (com.google.guava:guava:32.0.1-jre) with MergeInstrumentationAnalysisTransform
Transforming dagger-2.28.3.jar (com.google.dagger:dagger:2.28.3) with InstrumentationAnalysisTransform
Transforming dagger-2.28.3.jar (com.google.dagger:dagger:2.28.3) with MergeInstrumentationAnalysisTransform
Transforming javax.inject-1.jar (javax.inject:javax.inject:1) with InstrumentationAnalysisTransform
Transforming javax.inject-1.jar (javax.inject:javax.inject:1) with MergeInstrumentationAnalysisTransform
Transforming bcprov-jdk15on-1.67.jar (org.bouncycastle:bcprov-jdk15on:1.67) with InstrumentationAnalysisTransform
Transforming bcprov-jdk15on-1.67.jar (org.bouncycastle:bcprov-jdk15on:1.67) with MergeInstrumentationAnalysisTransform
Transforming trove4j-1.0.20200330.jar (org.jetbrains.intellij.deps:trove4j:1.0.20200330) with InstrumentationAnalysisTransform
Transforming grpc-protobuf-lite-1.57.0.jar (io.grpc:grpc-protobuf-lite:1.57.0) with ExternalDependencyInstrumentingArtifactTransform
Transforming grpc-api-1.57.0.jar (io.grpc:grpc-api:1.57.0) with ExternalDependencyInstrumentingArtifactTransform
Transforming guava-32.0.1-jre.jar (com.google.guava:guava:32.0.1-jre) with ExternalDependencyInstrumentingArtifactTransform
Transforming dagger-2.28.3.jar (com.google.dagger:dagger:2.28.3) with ExternalDependencyInstrumentingArtifactTransform
Transforming javax.inject-1.jar (javax.inject:javax.inject:1) with ExternalDependencyInstrumentingArtifactTransform
Transforming bcprov-jdk15on-1.67.jar (org.bouncycastle:bcprov-jdk15on:1.67) with ExternalDependencyInstrumentingArtifactTransform
Transforming trove4j-1.0.20200330.jar (org.jetbrains.intellij.deps:trove4j:1.0.20200330) with MergeInstrumentationAnalysisTransform
Transforming commons-compress-1.21.jar (org.apache.commons:commons-compress:1.21) with InstrumentationAnalysisTransform
Transforming commons-compress-1.21.jar (org.apache.commons:commons-compress:1.21) with MergeInstrumentationAnalysisTransform
Transforming trove4j-1.0.20200330.jar (org.jetbrains.intellij.deps:trove4j:1.0.20200330) with ExternalDependencyInstrumentingArtifactTransform
Transforming httpclient-4.5.14.jar (org.apache.httpcomponents:httpclient:4.5.14) with InstrumentationAnalysisTransform
Transforming httpclient-4.5.14.jar (org.apache.httpcomponents:httpclient:4.5.14) with MergeInstrumentationAnalysisTransform
Transforming commons-compress-1.21.jar (org.apache.commons:commons-compress:1.21) with ExternalDependencyInstrumentingArtifactTransform
Transforming httpcore-4.4.16.jar (org.apache.httpcomponents:httpcore:4.4.16) with InstrumentationAnalysisTransform
Transforming httpclient-4.5.14.jar (org.apache.httpcomponents:httpclient:4.5.14) with ExternalDependencyInstrumentingArtifactTransform
Transforming httpcore-4.4.16.jar (org.apache.httpcomponents:httpcore:4.4.16) with MergeInstrumentationAnalysisTransform
Transforming javax.activation-1.2.0.jar (com.sun.activation:javax.activation:1.2.0) with InstrumentationAnalysisTransform
Transforming javax.activation-1.2.0.jar (com.sun.activation:javax.activation:1.2.0) with MergeInstrumentationAnalysisTransform
Transforming httpcore-4.4.16.jar (org.apache.httpcomponents:httpcore:4.4.16) with ExternalDependencyInstrumentingArtifactTransform
Transforming javax.activation-1.2.0.jar (com.sun.activation:javax.activation:1.2.0) with ExternalDependencyInstrumentingArtifactTransform
Transforming signflinger-8.3.2.jar (com.android:signflinger:8.3.2) with InstrumentationAnalysisTransform
Transforming signflinger-8.3.2.jar (com.android:signflinger:8.3.2) with MergeInstrumentationAnalysisTransform
Transforming zipflinger-8.3.2.jar (com.android:zipflinger:8.3.2) with InstrumentationAnalysisTransform
Transforming zipflinger-8.3.2.jar (com.android:zipflinger:8.3.2) with MergeInstrumentationAnalysisTransform
Transforming annotations-31.3.2.jar (com.android.tools:annotations:31.3.2) with InstrumentationAnalysisTransform
Transforming annotations-31.3.2.jar (com.android.tools:annotations:31.3.2) with MergeInstrumentationAnalysisTransform
Transforming jna-platform-5.6.0.jar (net.java.dev.jna:jna-platform:5.6.0) with InstrumentationAnalysisTransform
Transforming jna-platform-5.6.0.jar (net.java.dev.jna:jna-platform:5.6.0) with MergeInstrumentationAnalysisTransform
Transforming juniversalchardet-1.0.3.jar (com.googlecode.juniversalchardet:juniversalchardet:1.0.3) with InstrumentationAnalysisTransform
Transforming juniversalchardet-1.0.3.jar (com.googlecode.juniversalchardet:juniversalchardet:1.0.3) with MergeInstrumentationAnalysisTransform
Transforming signflinger-8.3.2.jar (com.android:signflinger:8.3.2) with ExternalDependencyInstrumentingArtifactTransform
Transforming javax.annotation-api-1.3.2.jar (javax.annotation:javax.annotation-api:1.3.2) with InstrumentationAnalysisTransform
Transforming javax.annotation-api-1.3.2.jar (javax.annotation:javax.annotation-api:1.3.2) with MergeInstrumentationAnalysisTransform
Transforming stax-ex-1.8.1.jar (org.jvnet.staxex:stax-ex:1.8.1) with InstrumentationAnalysisTransform
Transforming stax-ex-1.8.1.jar (org.jvnet.staxex:stax-ex:1.8.1) with MergeInstrumentationAnalysisTransform
Transforming jakarta.xml.bind-api-2.3.2.jar (jakarta.xml.bind:jakarta.xml.bind-api:2.3.2) with InstrumentationAnalysisTransform
Transforming jakarta.xml.bind-api-2.3.2.jar (jakarta.xml.bind:jakarta.xml.bind-api:2.3.2) with MergeInstrumentationAnalysisTransform
Transforming annotations-31.3.2.jar (com.android.tools:annotations:31.3.2) with ExternalDependencyInstrumentingArtifactTransform
Transforming zipflinger-8.3.2.jar (com.android:zipflinger:8.3.2) with ExternalDependencyInstrumentingArtifactTransform
Transforming juniversalchardet-1.0.3.jar (com.googlecode.juniversalchardet:juniversalchardet:1.0.3) with ExternalDependencyInstrumentingArtifactTransform
Transforming jna-platform-5.6.0.jar (net.java.dev.jna:jna-platform:5.6.0) with ExternalDependencyInstrumentingArtifactTransform
Transforming javax.annotation-api-1.3.2.jar (javax.annotation:javax.annotation-api:1.3.2) with ExternalDependencyInstrumentingArtifactTransform
Transforming txw2-2.3.2.jar (org.glassfish.jaxb:txw2:2.3.2) with InstrumentationAnalysisTransform
Transforming stax-ex-1.8.1.jar (org.jvnet.staxex:stax-ex:1.8.1) with ExternalDependencyInstrumentingArtifactTransform
Transforming jakarta.xml.bind-api-2.3.2.jar (jakarta.xml.bind:jakarta.xml.bind-api:2.3.2) with ExternalDependencyInstrumentingArtifactTransform
Transforming txw2-2.3.2.jar (org.glassfish.jaxb:txw2:2.3.2) with MergeInstrumentationAnalysisTransform
Transforming protobuf-java-3.22.3.jar (com.google.protobuf:protobuf-java:3.22.3) with ExternalDependencyInstrumentingArtifactTransform
Transforming istack-commons-runtime-3.0.8.jar (com.sun.istack:istack-commons-runtime:3.0.8) with InstrumentationAnalysisTransform
Transforming txw2-2.3.2.jar (org.glassfish.jaxb:txw2:2.3.2) with ExternalDependencyInstrumentingArtifactTransform
Transforming istack-commons-runtime-3.0.8.jar (com.sun.istack:istack-commons-runtime:3.0.8) with MergeInstrumentationAnalysisTransform
Transforming FastInfoset-1.2.16.jar (com.sun.xml.fastinfoset:FastInfoset:1.2.16) with InstrumentationAnalysisTransform
Transforming FastInfoset-1.2.16.jar (com.sun.xml.fastinfoset:FastInfoset:1.2.16) with MergeInstrumentationAnalysisTransform
Transforming istack-commons-runtime-3.0.8.jar (com.sun.istack:istack-commons-runtime:3.0.8) with ExternalDependencyInstrumentingArtifactTransform
Transforming FastInfoset-1.2.16.jar (com.sun.xml.fastinfoset:FastInfoset:1.2.16) with ExternalDependencyInstrumentingArtifactTransform
Transforming jakarta.activation-api-1.2.1.jar (jakarta.activation:jakarta.activation-api:1.2.1) with InstrumentationAnalysisTransform
Transforming jakarta.activation-api-1.2.1.jar (jakarta.activation:jakarta.activation-api:1.2.1) with MergeInstrumentationAnalysisTransform
Transforming auto-value-annotations-1.6.2.jar (com.google.auto.value:auto-value-annotations:1.6.2) with InstrumentationAnalysisTransform
Transforming jakarta.activation-api-1.2.1.jar (jakarta.activation:jakarta.activation-api:1.2.1) with ExternalDependencyInstrumentingArtifactTransform
Transforming auto-value-annotations-1.6.2.jar (com.google.auto.value:auto-value-annotations:1.6.2) with MergeInstrumentationAnalysisTransform
Transforming error_prone_annotations-2.18.0.jar (com.google.errorprone:error_prone_annotations:2.18.0) with InstrumentationAnalysisTransform
Transforming error_prone_annotations-2.18.0.jar (com.google.errorprone:error_prone_annotations:2.18.0) with MergeInstrumentationAnalysisTransform
Transforming auto-value-annotations-1.6.2.jar (com.google.auto.value:auto-value-annotations:1.6.2) with ExternalDependencyInstrumentingArtifactTransform
Transforming jose4j-0.7.0.jar (org.bitbucket.b_c:jose4j:0.7.0) with InstrumentationAnalysisTransform
Transforming error_prone_annotations-2.18.0.jar (com.google.errorprone:error_prone_annotations:2.18.0) with ExternalDependencyInstrumentingArtifactTransform
Transforming jose4j-0.7.0.jar (org.bitbucket.b_c:jose4j:0.7.0) with MergeInstrumentationAnalysisTransform
Transforming slf4j-api-1.7.30.jar (org.slf4j:slf4j-api:1.7.30) with InstrumentationAnalysisTransform
Transforming slf4j-api-1.7.30.jar (org.slf4j:slf4j-api:1.7.30) with MergeInstrumentationAnalysisTransform
Transforming jose4j-0.7.0.jar (org.bitbucket.b_c:jose4j:0.7.0) with ExternalDependencyInstrumentingArtifactTransform
Transforming jdom2-2.0.6.jar (org.jdom:jdom2:2.0.6) with InstrumentationAnalysisTransform
Transforming slf4j-api-1.7.30.jar (org.slf4j:slf4j-api:1.7.30) with ExternalDependencyInstrumentingArtifactTransform
Transforming jdom2-2.0.6.jar (org.jdom:jdom2:2.0.6) with MergeInstrumentationAnalysisTransform
Transforming jsr305-3.0.2.jar (com.google.code.findbugs:jsr305:3.0.2) with InstrumentationAnalysisTransform
Transforming jsr305-3.0.2.jar (com.google.code.findbugs:jsr305:3.0.2) with MergeInstrumentationAnalysisTransform
Transforming j2objc-annotations-2.8.jar (com.google.j2objc:j2objc-annotations:2.8) with InstrumentationAnalysisTransform
Transforming jsr305-3.0.2.jar (com.google.code.findbugs:jsr305:3.0.2) with ExternalDependencyInstrumentingArtifactTransform
Transforming j2objc-annotations-2.8.jar (com.google.j2objc:j2objc-annotations:2.8) with MergeInstrumentationAnalysisTransform
Transforming annotations-4.1.1.4.jar (com.google.android:annotations:4.1.1.4) with InstrumentationAnalysisTransform
Transforming annotations-4.1.1.4.jar (com.google.android:annotations:4.1.1.4) with MergeInstrumentationAnalysisTransform
Transforming jdom2-2.0.6.jar (org.jdom:jdom2:2.0.6) with ExternalDependencyInstrumentingArtifactTransform
Transforming annotations-4.1.1.4.jar (com.google.android:annotations:4.1.1.4) with ExternalDependencyInstrumentingArtifactTransform
Transforming animal-sniffer-annotations-1.23.jar (org.codehaus.mojo:animal-sniffer-annotations:1.23) with InstrumentationAnalysisTransform
Transforming animal-sniffer-annotations-1.23.jar (org.codehaus.mojo:animal-sniffer-annotations:1.23) with MergeInstrumentationAnalysisTransform
Transforming perfmark-api-0.26.0.jar (io.perfmark:perfmark-api:0.26.0) with InstrumentationAnalysisTransform
Transforming j2objc-annotations-2.8.jar (com.google.j2objc:j2objc-annotations:2.8) with ExternalDependencyInstrumentingArtifactTransform
Transforming perfmark-api-0.26.0.jar (io.perfmark:perfmark-api:0.26.0) with MergeInstrumentationAnalysisTransform
Transforming animal-sniffer-annotations-1.23.jar (org.codehaus.mojo:animal-sniffer-annotations:1.23) with ExternalDependencyInstrumentingArtifactTransform
Transforming perfmark-api-0.26.0.jar (io.perfmark:perfmark-api:0.26.0) with ExternalDependencyInstrumentingArtifactTransform
Transforming netty-codec-http2-4.1.93.Final.jar (io.netty:netty-codec-http2:4.1.93.Final) with InstrumentationAnalysisTransform
Transforming netty-codec-http2-4.1.93.Final.jar (io.netty:netty-codec-http2:4.1.93.Final) with MergeInstrumentationAnalysisTransform
Transforming netty-handler-proxy-4.1.93.Final.jar (io.netty:netty-handler-proxy:4.1.93.Final) with InstrumentationAnalysisTransform
Transforming netty-handler-proxy-4.1.93.Final.jar (io.netty:netty-handler-proxy:4.1.93.Final) with MergeInstrumentationAnalysisTransform
Transforming netty-codec-http-4.1.93.Final.jar (io.netty:netty-codec-http:4.1.93.Final) with InstrumentationAnalysisTransform
Transforming netty-codec-http-4.1.93.Final.jar (io.netty:netty-codec-http:4.1.93.Final) with MergeInstrumentationAnalysisTransform
Transforming netty-handler-4.1.93.Final.jar (io.netty:netty-handler:4.1.93.Final) with InstrumentationAnalysisTransform
Transforming netty-handler-4.1.93.Final.jar (io.netty:netty-handler:4.1.93.Final) with MergeInstrumentationAnalysisTransform
Transforming netty-transport-native-unix-common-4.1.93.Final.jar (io.netty:netty-transport-native-unix-common:4.1.93.Final) with InstrumentationAnalysisTransform
Transforming netty-transport-native-unix-common-4.1.93.Final.jar (io.netty:netty-transport-native-unix-common:4.1.93.Final) with MergeInstrumentationAnalysisTransform
Transforming checker-qual-3.33.0.jar (org.checkerframework:checker-qual:3.33.0) with InstrumentationAnalysisTransform
Transforming checker-qual-3.33.0.jar (org.checkerframework:checker-qual:3.33.0) with MergeInstrumentationAnalysisTransform
Transforming commons-codec-1.11.jar (commons-codec:commons-codec:1.11) with InstrumentationAnalysisTransform
Transforming netty-codec-http-4.1.93.Final.jar (io.netty:netty-codec-http:4.1.93.Final) with ExternalDependencyInstrumentingArtifactTransform
Transforming netty-handler-4.1.93.Final.jar (io.netty:netty-handler:4.1.93.Final) with ExternalDependencyInstrumentingArtifactTransform
Transforming netty-transport-native-unix-common-4.1.93.Final.jar (io.netty:netty-transport-native-unix-common:4.1.93.Final) with ExternalDependencyInstrumentingArtifactTransform
Transforming netty-codec-http2-4.1.93.Final.jar (io.netty:netty-codec-http2:4.1.93.Final) with ExternalDependencyInstrumentingArtifactTransform
Transforming checker-qual-3.33.0.jar (org.checkerframework:checker-qual:3.33.0) with ExternalDependencyInstrumentingArtifactTransform
Transforming commons-codec-1.11.jar (commons-codec:commons-codec:1.11) with MergeInstrumentationAnalysisTransform
Transforming apksig-8.3.2.jar (com.android.tools.build:apksig:8.3.2) with InstrumentationAnalysisTransform
Transforming commons-codec-1.11.jar (commons-codec:commons-codec:1.11) with ExternalDependencyInstrumentingArtifactTransform
Transforming netty-handler-proxy-4.1.93.Final.jar (io.netty:netty-handler-proxy:4.1.93.Final) with ExternalDependencyInstrumentingArtifactTransform
Transforming apksig-8.3.2.jar (com.android.tools.build:apksig:8.3.2) with MergeInstrumentationAnalysisTransform
Transforming javawriter-2.5.0.jar (com.squareup:javawriter:2.5.0) with InstrumentationAnalysisTransform
Transforming apksig-8.3.2.jar (com.android.tools.build:apksig:8.3.2) with ExternalDependencyInstrumentingArtifactTransform
Transforming javawriter-2.5.0.jar (com.squareup:javawriter:2.5.0) with MergeInstrumentationAnalysisTransform
Transforming kotlin-gradle-plugin-annotations-2.0.21.jar (org.jetbrains.kotlin:kotlin-gradle-plugin-annotations:2.0.21) with InstrumentationAnalysisTransform
Transforming javawriter-2.5.0.jar (com.squareup:javawriter:2.5.0) with ExternalDependencyInstrumentingArtifactTransform
Transforming kotlin-gradle-plugin-annotations-2.0.21.jar (org.jetbrains.kotlin:kotlin-gradle-plugin-annotations:2.0.21) with MergeInstrumentationAnalysisTransform
Transforming kotlin-tooling-core-2.0.21.jar (org.jetbrains.kotlin:kotlin-tooling-core:2.0.21) with InstrumentationAnalysisTransform
Transforming kotlin-tooling-core-2.0.21.jar (org.jetbrains.kotlin:kotlin-tooling-core:2.0.21) with MergeInstrumentationAnalysisTransform
Transforming kotlin-daemon-client-2.0.21.jar (org.jetbrains.kotlin:kotlin-daemon-client:2.0.21) with InstrumentationAnalysisTransform
Transforming kotlin-daemon-client-2.0.21.jar (org.jetbrains.kotlin:kotlin-daemon-client:2.0.21) with MergeInstrumentationAnalysisTransform
Transforming kotlinx-coroutines-core-jvm-1.6.4.jar (org.jetbrains.kotlinx:kotlinx-coroutines-core-jvm:1.6.4) with InstrumentationAnalysisTransform
Transforming kotlin-gradle-plugin-annotations-2.0.21.jar (org.jetbrains.kotlin:kotlin-gradle-plugin-annotations:2.0.21) with ExternalDependencyInstrumentingArtifactTransform
Transforming kotlin-tooling-core-2.0.21.jar (org.jetbrains.kotlin:kotlin-tooling-core:2.0.21) with ExternalDependencyInstrumentingArtifactTransform
Transforming kotlin-daemon-client-2.0.21.jar (org.jetbrains.kotlin:kotlin-daemon-client:2.0.21) with ExternalDependencyInstrumentingArtifactTransform
Transforming kotlinx-coroutines-core-jvm-1.6.4.jar (org.jetbrains.kotlinx:kotlinx-coroutines-core-jvm:1.6.4) with MergeInstrumentationAnalysisTransform
Transforming kotlin-util-io-2.0.21.jar (org.jetbrains.kotlin:kotlin-util-io:2.0.21) with InstrumentationAnalysisTransform
Transforming kotlin-util-io-2.0.21.jar (org.jetbrains.kotlin:kotlin-util-io:2.0.21) with MergeInstrumentationAnalysisTransform
Transforming kotlinx-coroutines-core-jvm-1.6.4.jar (org.jetbrains.kotlinx:kotlinx-coroutines-core-jvm:1.6.4) with ExternalDependencyInstrumentingArtifactTransform
Transforming kotlin-util-io-2.0.21.jar (org.jetbrains.kotlin:kotlin-util-io:2.0.21) with ExternalDependencyInstrumentingArtifactTransform
Transforming kotlin-daemon-embeddable-2.0.21.jar (org.jetbrains.kotlin:kotlin-daemon-embeddable:2.0.21) with InstrumentationAnalysisTransform
Transforming kotlin-daemon-embeddable-2.0.21.jar (org.jetbrains.kotlin:kotlin-daemon-embeddable:2.0.21) with MergeInstrumentationAnalysisTransform
Transforming failureaccess-1.0.1.jar (com.google.guava:failureaccess:1.0.1) with InstrumentationAnalysisTransform
Transforming failureaccess-1.0.1.jar (com.google.guava:failureaccess:1.0.1) with MergeInstrumentationAnalysisTransform
Transforming listenablefuture-9999.0-empty-to-avoid-conflict-with-guava.jar (com.google.guava:listenablefuture:9999.0-empty-to-avoid-conflict-with-guava) with InstrumentationAnalysisTransform
Transforming listenablefuture-9999.0-empty-to-avoid-conflict-with-guava.jar (com.google.guava:listenablefuture:9999.0-empty-to-avoid-conflict-with-guava) with MergeInstrumentationAnalysisTransform
Transforming commons-logging-1.2.jar (commons-logging:commons-logging:1.2) with InstrumentationAnalysisTransform
Transforming commons-logging-1.2.jar (commons-logging:commons-logging:1.2) with MergeInstrumentationAnalysisTransform
Transforming jna-5.6.0.jar (net.java.dev.jna:jna:5.6.0) with InstrumentationAnalysisTransform
Transforming kotlin-daemon-embeddable-2.0.21.jar (org.jetbrains.kotlin:kotlin-daemon-embeddable:2.0.21) with ExternalDependencyInstrumentingArtifactTransform
Transforming failureaccess-1.0.1.jar (com.google.guava:failureaccess:1.0.1) with ExternalDependencyInstrumentingArtifactTransform
Transforming listenablefuture-9999.0-empty-to-avoid-conflict-with-guava.jar (com.google.guava:listenablefuture:9999.0-empty-to-avoid-conflict-with-guava) with ExternalDependencyInstrumentingArtifactTransform
Transforming jna-5.6.0.jar (net.java.dev.jna:jna:5.6.0) with MergeInstrumentationAnalysisTransform
Transforming commons-logging-1.2.jar (commons-logging:commons-logging:1.2) with ExternalDependencyInstrumentingArtifactTransform
Transforming netty-codec-socks-4.1.93.Final.jar (io.netty:netty-codec-socks:4.1.93.Final) with InstrumentationAnalysisTransform
Transforming jna-5.6.0.jar (net.java.dev.jna:jna:5.6.0) with ExternalDependencyInstrumentingArtifactTransform
Transforming netty-codec-socks-4.1.93.Final.jar (io.netty:netty-codec-socks:4.1.93.Final) with MergeInstrumentationAnalysisTransform
Transforming netty-codec-4.1.93.Final.jar (io.netty:netty-codec:4.1.93.Final) with InstrumentationAnalysisTransform
Transforming netty-codec-4.1.93.Final.jar (io.netty:netty-codec:4.1.93.Final) with MergeInstrumentationAnalysisTransform
Transforming netty-codec-socks-4.1.93.Final.jar (io.netty:netty-codec-socks:4.1.93.Final) with ExternalDependencyInstrumentingArtifactTransform
Transforming netty-codec-4.1.93.Final.jar (io.netty:netty-codec:4.1.93.Final) with ExternalDependencyInstrumentingArtifactTransform
Transforming netty-transport-4.1.93.Final.jar (io.netty:netty-transport:4.1.93.Final) with InstrumentationAnalysisTransform
Transforming netty-transport-4.1.93.Final.jar (io.netty:netty-transport:4.1.93.Final) with MergeInstrumentationAnalysisTransform
Transforming netty-buffer-4.1.93.Final.jar (io.netty:netty-buffer:4.1.93.Final) with InstrumentationAnalysisTransform
Transforming netty-transport-4.1.93.Final.jar (io.netty:netty-transport:4.1.93.Final) with ExternalDependencyInstrumentingArtifactTransform
Transforming netty-buffer-4.1.93.Final.jar (io.netty:netty-buffer:4.1.93.Final) with MergeInstrumentationAnalysisTransform
Transforming netty-resolver-4.1.93.Final.jar (io.netty:netty-resolver:4.1.93.Final) with InstrumentationAnalysisTransform
Transforming netty-resolver-4.1.93.Final.jar (io.netty:netty-resolver:4.1.93.Final) with MergeInstrumentationAnalysisTransform
Transforming netty-buffer-4.1.93.Final.jar (io.netty:netty-buffer:4.1.93.Final) with ExternalDependencyInstrumentingArtifactTransform
Transforming netty-resolver-4.1.93.Final.jar (io.netty:netty-resolver:4.1.93.Final) with ExternalDependencyInstrumentingArtifactTransform
Transforming netty-common-4.1.93.Final.jar (io.netty:netty-common:4.1.93.Final) with InstrumentationAnalysisTransform
Transforming netty-common-4.1.93.Final.jar (io.netty:netty-common:4.1.93.Final) with MergeInstrumentationAnalysisTransform
Transforming netty-common-4.1.93.Final.jar (io.netty:netty-common:4.1.93.Final) with ExternalDependencyInstrumentingArtifactTransform

> Configure project :app
Evaluating project ':app' using build file 'D:\proj\alyk\test23\app\build.gradle.kts'.
Using default execution profile
Using Kotlin Gradle Plugin gradle85 variant
Parsed shrinker version: 8.3.37
Detected Android Gradle Plugin compose compiler configuration
Detected Android Gradle Plugin compose compiler configuration
Detected Android Gradle Plugin compose compiler configuration
Detected Android Gradle Plugin compose compiler configuration
Detected Android Gradle Plugin compose compiler configuration
Detected Android Gradle Plugin compose compiler configuration
Detected Android Gradle Plugin compose compiler configuration
Detected Android Gradle Plugin compose compiler configuration
Detected Android Gradle Plugin compose compiler configuration
Detected Android Gradle Plugin compose compiler configuration

> Configure project :core
Evaluating project ':core' using build file 'D:\proj\alyk\test23\core\build.gradle'.

> Configure project :feature
Evaluating project ':feature' using build file 'D:\proj\alyk\test23\feature\build.gradle'.
Directory 'C:\Program Files\Java\jre1.8.0_291' (Windows Registry) auto-detected used for java installations does not exist

> Configure project :core:data
Evaluating project ':core:data' using build file 'D:\proj\alyk\test23\core\data\build.gradle.kts'.
Using default execution profile
Using Kotlin Gradle Plugin gradle85 variant
Parsed shrinker version: 8.3.37

> Configure project :core:database
Evaluating project ':core:database' using build file 'D:\proj\alyk\test23\core\database\build.gradle.kts'.
Using default execution profile
Using Kotlin Gradle Plugin gradle85 variant
Parsed shrinker version: 8.3.37

> Configure project :core:model
Evaluating project ':core:model' using build file 'D:\proj\alyk\test23\core\model\build.gradle.kts'.
Using default execution profile
Using Kotlin Gradle Plugin gradle85 variant

> Configure project :core:ui
Evaluating project ':core:ui' using build file 'D:\proj\alyk\test23\core\ui\build.gradle.kts'.
Using default execution profile
Using Kotlin Gradle Plugin gradle85 variant

> Configure project :feature:detail
Evaluating project ':feature:detail' using build file 'D:\proj\alyk\test23\feature\detail\build.gradle.kts'.
Using default execution profile
Using Kotlin Gradle Plugin gradle85 variant
Detected Android Gradle Plugin compose compiler configuration
Detected Android Gradle Plugin compose compiler configuration
Detected Android Gradle Plugin compose compiler configuration
Detected Android Gradle Plugin compose compiler configuration
Detected Android Gradle Plugin compose compiler configuration

> Configure project :feature:discover
Evaluating project ':feature:discover' using build file 'D:\proj\alyk\test23\feature\discover\build.gradle.kts'.
Using default execution profile
Using Kotlin Gradle Plugin gradle85 variant
Detected Android Gradle Plugin compose compiler configuration
Detected Android Gradle Plugin compose compiler configuration
Detected Android Gradle Plugin compose compiler configuration
Detected Android Gradle Plugin compose compiler configuration
Detected Android Gradle Plugin compose compiler configuration

> Configure project :feature:favourites
Evaluating project ':feature:favourites' using build file 'D:\proj\alyk\test23\feature\favourites\build.gradle.kts'.
Using default execution profile
Using Kotlin Gradle Plugin gradle85 variant
Detected Android Gradle Plugin compose compiler configuration
Detected Android Gradle Plugin compose compiler configuration
Detected Android Gradle Plugin compose compiler configuration
Detected Android Gradle Plugin compose compiler configuration
Detected Android Gradle Plugin compose compiler configuration

> Configure project :feature:search
Evaluating project ':feature:search' using build file 'D:\proj\alyk\test23\feature\search\build.gradle.kts'.
Using default execution profile
Using Kotlin Gradle Plugin gradle85 variant
Detected Android Gradle Plugin compose compiler configuration
Detected Android Gradle Plugin compose compiler configuration
Detected Android Gradle Plugin compose compiler configuration
Detected Android Gradle Plugin compose compiler configuration
Detected Android Gradle Plugin compose compiler configuration
Task name matched 'assembleDebug'
Selected primary task 'assembleDebug' from project :
All projects evaluated.
Tasks to be executed: [task ':app:preBuild', task ':app:preFreeDebugBuild', task ':app:mergeFreeDebugNativeDebugMetadata', task ':app:checkKotlinGradlePluginConfigurationErrors', task ':app:generateFreeDebugBuildConfig', task ':core:data:preBuild', task ':core:data:preDebugBuild', task ':core:data:writeDebugAarMetadata', task ':core:database:preBuild', task ':core:database:preDebugBuild', task ':core:database:writeDebugAarMetadata', task ':core:model:preBuild', task ':core:model:preDebugBuild', task ':core:model:writeDebugAarMetadata', task ':core:ui:preBuild', task ':core:ui:preDebugBuild', task ':core:ui:writeDebugAarMetadata', task ':feature:detail:preBuild', task ':feature:detail:preDebugBuild', task ':feature:detail:writeDebugAarMetadata', task ':feature:discover:preBuild', task ':feature:discover:preDebugBuild', task ':feature:discover:writeDebugAarMetadata', task ':feature:favourites:preBuild', task ':feature:favourites:preDebugBuild', task ':feature:favourites:writeDebugAarMetadata', task ':feature:search:preBuild', task ':feature:search:preDebugBuild', task ':feature:search:writeDebugAarMetadata', task ':app:checkFreeDebugAarMetadata', task ':app:generateFreeDebugResValues', task ':core:data:generateDebugResValues', task ':core:data:generateDebugResources', task ':core:data:packageDebugResources', task ':core:database:generateDebugResValues', task ':core:database:generateDebugResources', task ':core:database:packageDebugResources', task ':core:model:generateDebugResValues', task ':core:model:generateDebugResources', task ':core:model:packageDebugResources', task ':core:ui:generateDebugResValues', task ':core:ui:generateDebugResources', task ':core:ui:packageDebugResources', task ':feature:detail:generateDebugResValues', task ':feature:detail:generateDebugResources', task ':feature:detail:packageDebugResources', task ':feature:discover:generateDebugResValues', task ':feature:discover:generateDebugResources', task ':feature:discover:packageDebugResources', task ':feature:favourites:generateDebugResValues', task ':feature:favourites:generateDebugResources', task ':feature:favourites:packageDebugResources', task ':feature:search:generateDebugResValues', task ':feature:search:generateDebugResources', task ':feature:search:packageDebugResources', task ':app:mapFreeDebugSourceSetPaths', task ':app:generateFreeDebugResources', task ':app:mergeFreeDebugResources', task ':app:packageFreeDebugResources', task ':app:parseFreeDebugLocalResources', task ':app:createFreeDebugCompatibleScreenManifests', task ':app:extractDeepLinksFreeDebug', task ':core:data:extractDeepLinksDebug', task ':core:data:processDebugManifest', task ':core:database:extractDeepLinksDebug', task ':core:database:processDebugManifest', task ':core:model:extractDeepLinksDebug', task ':core:model:processDebugManifest', task ':core:ui:extractDeepLinksDebug', task ':core:ui:processDebugManifest', task ':feature:detail:extractDeepLinksDebug', task ':feature:detail:processDebugManifest', task ':feature:discover:extractDeepLinksDebug', task ':feature:discover:processDebugManifest', task ':feature:favourites:extractDeepLinksDebug', task ':feature:favourites:processDebugManifest', task ':feature:search:extractDeepLinksDebug', task ':feature:search:processDebugManifest', task ':app:processFreeDebugMainManifest', task ':app:processFreeDebugManifest', task ':app:processFreeDebugManifestForPackage', task ':core:data:compileDebugLibraryResources', task ':core:data:parseDebugLocalResources', task ':core:data:generateDebugRFile', task ':core:database:compileDebugLibraryResources', task ':core:database:parseDebugLocalResources', task ':core:database:generateDebugRFile', task ':core:model:compileDebugLibraryResources', task ':core:model:parseDebugLocalResources', task ':core:model:generateDebugRFile', task ':core:ui:compileDebugLibraryResources', task ':core:ui:parseDebugLocalResources', task ':core:ui:generateDebugRFile', task ':feature:detail:compileDebugLibraryResources', task ':feature:detail:parseDebugLocalResources', task ':feature:detail:generateDebugRFile', task ':feature:discover:compileDebugLibraryResources', task ':feature:discover:parseDebugLocalResources', task ':feature:discover:generateDebugRFile', task ':feature:favourites:compileDebugLibraryResources', task ':feature:favourites:parseDebugLocalResources', task ':feature:favourites:generateDebugRFile', task ':feature:search:compileDebugLibraryResources', task ':feature:search:parseDebugLocalResources', task ':feature:search:generateDebugRFile', task ':app:processFreeDebugResources', task ':core:data:checkKotlinGradlePluginConfigurationErrors', task ':core:database:checkKotlinGradlePluginConfigurationErrors', task ':core:model:checkKotlinGradlePluginConfigurationErrors', task ':core:model:compileDebugKotlin', task ':core:model:javaPreCompileDebug', task ':core:model:compileDebugJavaWithJavac', task ':core:model:bundleLibCompileToJarDebug', task ':core:database:kaptGenerateStubsDebugKotlin', task ':core:database:kaptDebugKotlin', task ':core:database:compileDebugKotlin', task ':core:database:javaPreCompileDebug', task ':core:database:compileDebugJavaWithJavac', task ':core:model:bundleLibRuntimeToJarDebug', task ':core:database:transformDebugClassesWithAsm', task ':core:database:bundleLibCompileToJarDebug', task ':core:data:kspDebugKotlin', task ':core:data:compileDebugKotlin', task ':core:data:javaPreCompileDebug', task ':core:data:compileDebugJavaWithJavac', task ':core:database:bundleLibRuntimeToJarDebug', task ':core:data:transformDebugClassesWithAsm', task ':core:data:bundleLibCompileToJarDebug', task ':core:ui:checkKotlinGradlePluginConfigurationErrors', task ':core:ui:kspDebugKotlin', task ':core:ui:compileDebugKotlin', task ':core:ui:javaPreCompileDebug', task ':core:ui:compileDebugJavaWithJavac', task ':core:ui:transformDebugClassesWithAsm', task ':core:ui:bundleLibCompileToJarDebug', task ':core:data:bundleLibRuntimeToJarDebug', task ':core:ui:bundleLibRuntimeToJarDebug', task ':feature:detail:checkKotlinGradlePluginConfigurationErrors', task ':feature:detail:kspDebugKotlin', task ':feature:detail:compileDebugKotlin', task ':feature:detail:javaPreCompileDebug', task ':feature:detail:compileDebugJavaWithJavac', task ':feature:detail:transformDebugClassesWithAsm', task ':feature:detail:bundleLibCompileToJarDebug', task ':feature:discover:checkKotlinGradlePluginConfigurationErrors', task ':feature:discover:kspDebugKotlin', task ':feature:discover:compileDebugKotlin', task ':feature:discover:javaPreCompileDebug', task ':feature:discover:compileDebugJavaWithJavac', task ':feature:discover:transformDebugClassesWithAsm', task ':feature:discover:bundleLibCompileToJarDebug', task ':feature:favourites:checkKotlinGradlePluginConfigurationErrors', task ':feature:favourites:kspDebugKotlin', task ':feature:favourites:compileDebugKotlin', task ':feature:favourites:javaPreCompileDebug', task ':feature:favourites:compileDebugJavaWithJavac', task ':feature:favourites:transformDebugClassesWithAsm', task ':feature:favourites:bundleLibCompileToJarDebug', task ':feature:search:checkKotlinGradlePluginConfigurationErrors', task ':feature:search:kspDebugKotlin', task ':feature:search:compileDebugKotlin', task ':feature:search:javaPreCompileDebug', task ':feature:search:compileDebugJavaWithJavac', task ':feature:search:transformDebugClassesWithAsm', task ':feature:search:bundleLibCompileToJarDebug', task ':app:kspFreeDebugKotlin', task ':app:compileFreeDebugKotlin', task ':app:javaPreCompileFreeDebug', task ':app:compileFreeDebugJavaWithJavac', task ':app:mergeFreeDebugShaders', task ':app:compileFreeDebugShaders', task ':app:generateFreeDebugAssets', task ':core:data:mergeDebugShaders', task ':core:data:compileDebugShaders', task ':core:data:generateDebugAssets', task ':core:data:packageDebugAssets', task ':core:database:mergeDebugShaders', task ':core:database:compileDebugShaders', task ':core:database:generateDebugAssets', task ':core:database:packageDebugAssets', task ':core:model:mergeDebugShaders', task ':core:model:compileDebugShaders', task ':core:model:generateDebugAssets', task ':core:model:packageDebugAssets', task ':core:ui:mergeDebugShaders', task ':core:ui:compileDebugShaders', task ':core:ui:generateDebugAssets', task ':core:ui:packageDebugAssets', task ':feature:detail:mergeDebugShaders', task ':feature:detail:compileDebugShaders', task ':feature:detail:generateDebugAssets', task ':feature:detail:packageDebugAssets', task ':feature:discover:mergeDebugShaders', task ':feature:discover:compileDebugShaders', task ':feature:discover:generateDebugAssets', task ':feature:discover:packageDebugAssets', task ':feature:favourites:mergeDebugShaders', task ':feature:favourites:compileDebugShaders', task ':feature:favourites:generateDebugAssets', task ':feature:favourites:packageDebugAssets', task ':feature:search:mergeDebugShaders', task ':feature:search:compileDebugShaders', task ':feature:search:generateDebugAssets', task ':feature:search:packageDebugAssets', task ':app:mergeFreeDebugAssets', task ':app:compressFreeDebugAssets', task ':app:checkFreeDebugDuplicateClasses', task ':app:desugarFreeDebugFileDependencies', task ':app:mergeExtDexFreeDebug', task ':feature:discover:bundleLibRuntimeToJarDebug', task ':feature:search:bundleLibRuntimeToJarDebug', task ':feature:detail:bundleLibRuntimeToJarDebug', task ':feature:favourites:bundleLibRuntimeToJarDebug', task ':app:hiltAggregateDepsFreeDebug', task ':app:hiltJavaCompileFreeDebug', task ':app:processFreeDebugJavaRes', task ':core:data:processDebugJavaRes', task ':core:database:processDebugJavaRes', task ':core:model:processDebugJavaRes', task ':core:ui:processDebugJavaRes', task ':feature:detail:processDebugJavaRes', task ':feature:discover:processDebugJavaRes', task ':feature:favourites:processDebugJavaRes', task ':feature:search:processDebugJavaRes', task ':app:mergeFreeDebugJavaResource', task ':feature:discover:bundleLibRuntimeToDirDebug', task ':feature:search:bundleLibRuntimeToDirDebug', task ':feature:detail:bundleLibRuntimeToDirDebug', task ':feature:favourites:bundleLibRuntimeToDirDebug', task ':core:data:bundleLibRuntimeToDirDebug', task ':core:database:bundleLibRuntimeToDirDebug', task ':core:ui:bundleLibRuntimeToDirDebug', task ':core:model:bundleLibRuntimeToDirDebug', task ':app:mergeLibDexFreeDebug', task ':app:transformFreeDebugClassesWithAsm', task ':app:dexBuilderFreeDebug', task ':app:mergeProjectDexFreeDebug', task ':app:mergeFreeDebugJniLibFolders', task ':core:data:mergeDebugJniLibFolders', task ':core:data:mergeDebugNativeLibs', task ':core:data:copyDebugJniLibsProjectOnly', task ':core:database:mergeDebugJniLibFolders', task ':core:database:mergeDebugNativeLibs', task ':core:database:copyDebugJniLibsProjectOnly', task ':core:model:mergeDebugJniLibFolders', task ':core:model:mergeDebugNativeLibs', task ':core:model:copyDebugJniLibsProjectOnly', task ':core:ui:mergeDebugJniLibFolders', task ':core:ui:mergeDebugNativeLibs', task ':core:ui:copyDebugJniLibsProjectOnly', task ':feature:detail:mergeDebugJniLibFolders', task ':feature:detail:mergeDebugNativeLibs', task ':feature:detail:copyDebugJniLibsProjectOnly', task ':feature:discover:mergeDebugJniLibFolders', task ':feature:discover:mergeDebugNativeLibs', task ':feature:discover:copyDebugJniLibsProjectOnly', task ':feature:favourites:mergeDebugJniLibFolders', task ':feature:favourites:mergeDebugNativeLibs', task ':feature:favourites:copyDebugJniLibsProjectOnly', task ':feature:search:mergeDebugJniLibFolders', task ':feature:search:mergeDebugNativeLibs', task ':feature:search:copyDebugJniLibsProjectOnly', task ':app:mergeFreeDebugNativeLibs', task ':app:stripFreeDebugDebugSymbols', task ':app:validateSigningFreeDebug', task ':app:writeFreeDebugAppMetadata', task ':app:writeFreeDebugSigningConfigVersions', task ':app:packageFreeDebug', task ':app:createFreeDebugApkListingFileRedirect', task ':app:assembleFreeDebug', task ':app:prePremiumDebugBuild', task ':app:mergePremiumDebugNativeDebugMetadata', task ':app:generatePremiumDebugBuildConfig', task ':app:checkPremiumDebugAarMetadata', task ':app:generatePremiumDebugResValues', task ':app:mapPremiumDebugSourceSetPaths', task ':app:generatePremiumDebugResources', task ':app:mergePremiumDebugResources', task ':app:packagePremiumDebugResources', task ':app:parsePremiumDebugLocalResources', task ':app:createPremiumDebugCompatibleScreenManifests', task ':app:extractDeepLinksPremiumDebug', task ':app:processPremiumDebugMainManifest', task ':app:processPremiumDebugManifest', task ':app:processPremiumDebugManifestForPackage', task ':app:processPremiumDebugResources', task ':app:kspPremiumDebugKotlin', task ':app:compilePremiumDebugKotlin', task ':app:javaPreCompilePremiumDebug', task ':app:compilePremiumDebugJavaWithJavac', task ':app:mergePremiumDebugShaders', task ':app:compilePremiumDebugShaders', task ':app:generatePremiumDebugAssets', task ':app:mergePremiumDebugAssets', task ':app:compressPremiumDebugAssets', task ':app:checkPremiumDebugDuplicateClasses', task ':app:desugarPremiumDebugFileDependencies', task ':app:mergeExtDexPremiumDebug', task ':app:mergeLibDexPremiumDebug', task ':app:hiltAggregateDepsPremiumDebug', task ':app:hiltJavaCompilePremiumDebug', task ':app:processPremiumDebugJavaRes', task ':app:mergePremiumDebugJavaResource', task ':app:transformPremiumDebugClassesWithAsm', task ':app:dexBuilderPremiumDebug', task ':app:mergeProjectDexPremiumDebug', task ':app:mergePremiumDebugJniLibFolders', task ':app:mergePremiumDebugNativeLibs', task ':app:stripPremiumDebugDebugSymbols', task ':app:validateSigningPremiumDebug', task ':app:writePremiumDebugAppMetadata', task ':app:writePremiumDebugSigningConfigVersions', task ':app:packagePremiumDebug', task ':app:createPremiumDebugApkListingFileRedirect', task ':app:assemblePremiumDebug', task ':app:assembleDebug', task ':core:data:stripDebugDebugSymbols', task ':core:data:copyDebugJniLibsProjectAndLocalJars', task ':core:data:extractDebugAnnotations', task ':core:data:extractDeepLinksForAarDebug', task ':core:data:mergeDebugGeneratedProguardFiles', task ':core:data:mergeDebugConsumerProguardFiles', task ':core:data:prepareDebugArtProfile', task ':core:data:prepareLintJarForPublish', task ':core:data:mergeDebugJavaResource', task ':core:data:syncDebugLibJars', task ':core:data:bundleDebugAar', task ':core:data:assembleDebug', task ':core:database:stripDebugDebugSymbols', task ':core:database:copyDebugJniLibsProjectAndLocalJars', task ':core:database:extractDebugAnnotations', task ':core:database:extractDeepLinksForAarDebug', task ':core:database:mergeDebugGeneratedProguardFiles', task ':core:database:mergeDebugConsumerProguardFiles', task ':core:database:prepareDebugArtProfile', task ':core:database:prepareLintJarForPublish', task ':core:database:mergeDebugJavaResource', task ':core:database:syncDebugLibJars', task ':core:database:bundleDebugAar', task ':core:database:assembleDebug', task ':core:model:stripDebugDebugSymbols', task ':core:model:copyDebugJniLibsProjectAndLocalJars', task ':core:model:extractDebugAnnotations', task ':core:model:extractDeepLinksForAarDebug', task ':core:model:mergeDebugGeneratedProguardFiles', task ':core:model:mergeDebugConsumerProguardFiles', task ':core:model:prepareDebugArtProfile', task ':core:model:prepareLintJarForPublish', task ':core:model:mergeDebugJavaResource', task ':core:model:syncDebugLibJars', task ':core:model:bundleDebugAar', task ':core:model:assembleDebug', task ':core:ui:stripDebugDebugSymbols', task ':core:ui:copyDebugJniLibsProjectAndLocalJars', task ':core:ui:extractDebugAnnotations', task ':core:ui:extractDeepLinksForAarDebug', task ':core:ui:mergeDebugGeneratedProguardFiles', task ':core:ui:mergeDebugConsumerProguardFiles', task ':core:ui:prepareDebugArtProfile', task ':core:ui:prepareLintJarForPublish', task ':core:ui:mergeDebugJavaResource', task ':core:ui:syncDebugLibJars', task ':core:ui:bundleDebugAar', task ':core:ui:assembleDebug', task ':feature:detail:stripDebugDebugSymbols', task ':feature:detail:copyDebugJniLibsProjectAndLocalJars', task ':feature:detail:extractDebugAnnotations', task ':feature:detail:extractDeepLinksForAarDebug', task ':feature:detail:mergeDebugGeneratedProguardFiles', task ':feature:detail:mergeDebugConsumerProguardFiles', task ':feature:detail:prepareDebugArtProfile', task ':feature:detail:prepareLintJarForPublish', task ':feature:detail:mergeDebugJavaResource', task ':feature:detail:syncDebugLibJars', task ':feature:detail:bundleDebugAar', task ':feature:detail:assembleDebug', task ':feature:discover:stripDebugDebugSymbols', task ':feature:discover:copyDebugJniLibsProjectAndLocalJars', task ':feature:discover:extractDebugAnnotations', task ':feature:discover:extractDeepLinksForAarDebug', task ':feature:discover:mergeDebugGeneratedProguardFiles', task ':feature:discover:mergeDebugConsumerProguardFiles', task ':feature:discover:prepareDebugArtProfile', task ':feature:discover:prepareLintJarForPublish', task ':feature:discover:mergeDebugJavaResource', task ':feature:discover:syncDebugLibJars', task ':feature:discover:bundleDebugAar', task ':feature:discover:assembleDebug', task ':feature:favourites:stripDebugDebugSymbols', task ':feature:favourites:copyDebugJniLibsProjectAndLocalJars', task ':feature:favourites:extractDebugAnnotations', task ':feature:favourites:extractDeepLinksForAarDebug', task ':feature:favourites:mergeDebugGeneratedProguardFiles', task ':feature:favourites:mergeDebugConsumerProguardFiles', task ':feature:favourites:prepareDebugArtProfile', task ':feature:favourites:prepareLintJarForPublish', task ':feature:favourites:mergeDebugJavaResource', task ':feature:favourites:syncDebugLibJars', task ':feature:favourites:bundleDebugAar', task ':feature:favourites:assembleDebug', task ':feature:search:stripDebugDebugSymbols', task ':feature:search:copyDebugJniLibsProjectAndLocalJars', task ':feature:search:extractDebugAnnotations', task ':feature:search:extractDeepLinksForAarDebug', task ':feature:search:mergeDebugGeneratedProguardFiles', task ':feature:search:mergeDebugConsumerProguardFiles', task ':feature:search:prepareDebugArtProfile', task ':feature:search:prepareLintJarForPublish', task ':feature:search:mergeDebugJavaResource', task ':feature:search:syncDebugLibJars', task ':feature:search:bundleDebugAar', task ':feature:search:assembleDebug']
Tasks that were excluded: []
work action Parameters of IdentityTransform (Thread[#2105,Execution worker,5,main]) started.
Resolve mutations for :core:data:preBuild (Thread[#2106,Execution worker Thread 2,5,main]) started.
Resolve mutations for :core:database:preBuild (Thread[#2107,Execution worker Thread 3,5,main]) started.
Resolve mutations for :core:model:preBuild (Thread[#2108,Execution worker Thread 4,5,main]) started.
Resolve mutations for :core:ui:preBuild (Thread[#2104,included builds,5,main]) started.
:core:model:preBuild (Thread[#2108,Execution worker Thread 4,5,main]) started.
:core:database:preBuild (Thread[#2107,Execution worker Thread 3,5,main]) started.
:core:data:preBuild (Thread[#2106,Execution worker Thread 2,5,main]) started.
:core:ui:preBuild (Thread[#2104,included builds,5,main]) started.
Resolve mutations for :feature:detail:preBuild (Thread[#2109,Execution worker Thread 5,5,main]) started.
:feature:detail:preBuild (Thread[#2109,Execution worker Thread 5,5,main]) started.
Resolve mutations for :feature:discover:preBuild (Thread[#2111,Execution worker Thread 7,5,main]) started.
:feature:discover:preBuild (Thread[#2111,Execution worker Thread 7,5,main]) started.
Resolve mutations for :feature:favourites:preBuild (Thread[#2110,Execution worker Thread 6,5,main]) started.
:feature:favourites:preBuild (Thread[#2110,Execution worker Thread 6,5,main]) started.
work action Parameters of CopyTransform (Thread[#2105,Execution worker,5,main]) started.
work action Parameters of AggregatedPackagesTransform (Thread[#2105,Execution worker,5,main]) started.
work action Parameters of ClassesDirToClassesTransform (Thread[#2105,Execution worker,5,main]) started.
work action Parameters of DexingNoClasspathTransform (Thread[#2105,Execution worker,5,main]) started.
Resolve mutations for :app:preBuild (Thread[#2105,Execution worker,5,main]) started.
:app:preBuild (Thread[#2105,Execution worker,5,main]) started.

> Task :core:ui:preBuild UP-TO-DATE
Skipping task ':core:ui:preBuild' as it has no actions.
Resolve mutations for :core:ui:preDebugBuild (Thread[#2104,included builds,5,main]) started.

> Task :core:database:preBuild UP-TO-DATE
Skipping task ':core:database:preBuild' as it has no actions.

> Task :core:data:preBuild UP-TO-DATE
Skipping task ':core:data:preBuild' as it has no actions.

> Task :feature:favourites:preBuild UP-TO-DATE
Skipping task ':feature:favourites:preBuild' as it has no actions.
Resolve mutations for :core:database:preDebugBuild (Thread[#2107,Execution worker Thread 3,5,main]) started.
Resolve mutations for :core:data:preDebugBuild (Thread[#2110,Execution worker Thread 6,5,main]) started.
:core:ui:preDebugBuild (Thread[#2104,included builds,5,main]) started.
:core:database:preDebugBuild (Thread[#2107,Execution worker Thread 3,5,main]) started.

> Task :app:preBuild UP-TO-DATE
Skipping task ':app:preBuild' as it has no actions.

> Task :core:ui:preDebugBuild UP-TO-DATE
Skipping task ':core:ui:preDebugBuild' as it has no actions.
Resolve mutations for :app:preFreeDebugBuild (Thread[#2105,Execution worker,5,main]) started.
:core:data:preDebugBuild (Thread[#2110,Execution worker Thread 6,5,main]) started.
Resolve mutations for :core:ui:writeDebugAarMetadata (Thread[#2104,included builds,5,main]) started.
:app:preFreeDebugBuild (Thread[#2105,Execution worker,5,main]) started.

> Task :app:preFreeDebugBuild UP-TO-DATE
Skipping task ':app:preFreeDebugBuild' as it has no actions.

> Task :feature:detail:preBuild UP-TO-DATE
Skipping task ':feature:detail:preBuild' as it has no actions.
:core:ui:writeDebugAarMetadata (Thread[#2104,included builds,5,main]) started.
Resolve mutations for :feature:detail:preDebugBuild (Thread[#2109,Execution worker Thread 5,5,main]) started.

> Task :core:model:preBuild UP-TO-DATE
Skipping task ':core:model:preBuild' as it has no actions.
:feature:detail:preDebugBuild (Thread[#2109,Execution worker Thread 5,5,main]) started.
Resolve mutations for :core:model:preDebugBuild (Thread[#2108,Execution worker Thread 4,5,main]) started.
Resolve mutations for :app:mergeFreeDebugNativeDebugMetadata (Thread[#2105,Execution worker,5,main]) started.
:core:model:preDebugBuild (Thread[#2108,Execution worker Thread 4,5,main]) started.
:app:mergeFreeDebugNativeDebugMetadata (Thread[#2105,Execution worker,5,main]) started.
Resolve mutations for :feature:favourites:preDebugBuild (Thread[#2106,Execution worker Thread 2,5,main]) started.

> Task :core:model:preDebugBuild UP-TO-DATE
Skipping task ':core:model:preDebugBuild' as it has no actions.
Resolve mutations for :core:model:writeDebugAarMetadata (Thread[#2108,Execution worker Thread 4,5,main]) started.
:core:model:writeDebugAarMetadata (Thread[#2108,Execution worker Thread 4,5,main]) started.

> Task :feature:discover:preBuild UP-TO-DATE
Skipping task ':feature:discover:preBuild' as it has no actions.
:feature:favourites:preDebugBuild (Thread[#2106,Execution worker Thread 2,5,main]) started.

> Task :feature:detail:preDebugBuild UP-TO-DATE
Skipping task ':feature:detail:preDebugBuild' as it has no actions.

> Task :core:ui:writeDebugAarMetadata UP-TO-DATE
Caching disabled for task ':core:ui:writeDebugAarMetadata' because:
  Caching has been disabled for the task
Skipping task ':core:ui:writeDebugAarMetadata' as it is up-to-date.
Resolve mutations for :feature:detail:writeDebugAarMetadata (Thread[#2109,Execution worker Thread 5,5,main]) started.
work action resolve aar-metadata.properties (project :core:ui) (Thread[#2104,included builds,5,main]) started.
:feature:detail:writeDebugAarMetadata (Thread[#2104,included builds,5,main]) started.

> Task :app:mergeFreeDebugNativeDebugMetadata NO-SOURCE
Skipping task ':app:mergeFreeDebugNativeDebugMetadata' as it has no source files and no previous output files.
Resolve mutations for :feature:discover:preDebugBuild (Thread[#2111,Execution worker Thread 7,5,main]) started.

> Task :core:model:writeDebugAarMetadata UP-TO-DATE
Caching disabled for task ':core:model:writeDebugAarMetadata' because:
  Caching has been disabled for the task
Skipping task ':core:model:writeDebugAarMetadata' as it is up-to-date.
work action resolve aar-metadata.properties (project :core:model) (Thread[#2108,Execution worker Thread 4,5,main]) started.

> Task :core:data:preDebugBuild UP-TO-DATE
Skipping task ':core:data:preDebugBuild' as it has no actions.
:feature:discover:preDebugBuild (Thread[#2111,Execution worker Thread 7,5,main]) started.

> Task :core:database:preDebugBuild UP-TO-DATE
Skipping task ':core:database:preDebugBuild' as it has no actions.
Resolve mutations for :app:checkKotlinGradlePluginConfigurationErrors (Thread[#2105,Execution worker,5,main]) started.
Resolve mutations for :feature:search:preBuild (Thread[#2109,Execution worker Thread 5,5,main]) started.

> Task :feature:favourites:preDebugBuild UP-TO-DATE
Skipping task ':feature:favourites:preDebugBuild' as it has no actions.
:app:checkKotlinGradlePluginConfigurationErrors (Thread[#2105,Execution worker,5,main]) started.
Resolve mutations for :feature:favourites:writeDebugAarMetadata (Thread[#2106,Execution worker Thread 2,5,main]) started.
Resolve mutations for :core:database:writeDebugAarMetadata (Thread[#2107,Execution worker Thread 3,5,main]) started.
Resolve mutations for :core:data:writeDebugAarMetadata (Thread[#2110,Execution worker Thread 6,5,main]) started.
:core:database:writeDebugAarMetadata (Thread[#2107,Execution worker Thread 3,5,main]) started.
:core:data:writeDebugAarMetadata (Thread[#2110,Execution worker Thread 6,5,main]) started.
Resolve mutations for :core:model:generateDebugResValues (Thread[#2108,Execution worker Thread 4,5,main]) started.

> Task :feature:discover:preDebugBuild UP-TO-DATE
Skipping task ':feature:discover:preDebugBuild' as it has no actions.
Resolve mutations for :feature:discover:writeDebugAarMetadata (Thread[#2111,Execution worker Thread 7,5,main]) started.
:core:model:generateDebugResValues (Thread[#2108,Execution worker Thread 4,5,main]) started.
:feature:discover:writeDebugAarMetadata (Thread[#2111,Execution worker Thread 7,5,main]) started.

> Task :feature:detail:writeDebugAarMetadata UP-TO-DATE
Caching disabled for task ':feature:detail:writeDebugAarMetadata' because:
  Caching has been disabled for the task
Skipping task ':feature:detail:writeDebugAarMetadata' as it is up-to-date.
:feature:favourites:writeDebugAarMetadata (Thread[#2106,Execution worker Thread 2,5,main]) started.
:feature:search:preBuild (Thread[#2109,Execution worker Thread 5,5,main]) started.
work action resolve aar-metadata.properties (project :feature:detail) (Thread[#2104,included builds,5,main]) started.
Resolve mutations for :core:ui:generateDebugResValues (Thread[#2104,included builds,5,main]) started.
:core:ui:generateDebugResValues (Thread[#2104,included builds,5,main]) started.

> Task :core:data:writeDebugAarMetadata UP-TO-DATE
Caching disabled for task ':core:data:writeDebugAarMetadata' because:
  Caching has been disabled for the task
Skipping task ':core:data:writeDebugAarMetadata' as it is up-to-date.

> Task :feature:favourites:writeDebugAarMetadata UP-TO-DATE
Caching disabled for task ':feature:favourites:writeDebugAarMetadata' because:
  Caching has been disabled for the task
Skipping task ':feature:favourites:writeDebugAarMetadata' as it is up-to-date.
work action resolve aar-metadata.properties (project :core:data) (Thread[#2110,Execution worker Thread 6,5,main]) started.

> Task :core:model:generateDebugResValues UP-TO-DATE
Build cache key for task ':core:model:generateDebugResValues' is 84421232fdfbf054ac4ecc269a8a74a2
Skipping task ':core:model:generateDebugResValues' as it is up-to-date.

> Task :feature:discover:writeDebugAarMetadata UP-TO-DATE
Caching disabled for task ':feature:discover:writeDebugAarMetadata' because:
  Caching has been disabled for the task
Skipping task ':feature:discover:writeDebugAarMetadata' as it is up-to-date.
Resolve mutations for :core:data:generateDebugResValues (Thread[#2110,Execution worker Thread 6,5,main]) started.
Resolve mutations for :core:model:generateDebugResources (Thread[#2111,Execution worker Thread 7,5,main]) started.
work action resolve aar-metadata.properties (project :feature:discover) (Thread[#2108,Execution worker Thread 4,5,main]) started.
work action resolve aar-metadata.properties (project :feature:favourites) (Thread[#2106,Execution worker Thread 2,5,main]) started.
Resolve mutations for :feature:detail:generateDebugResValues (Thread[#2108,Execution worker Thread 4,5,main]) started.
:core:data:generateDebugResValues (Thread[#2110,Execution worker Thread 6,5,main]) started.
:core:model:generateDebugResources (Thread[#2111,Execution worker Thread 7,5,main]) started.

> Task :feature:search:preBuild UP-TO-DATE
Skipping task ':feature:search:preBuild' as it has no actions.
Resolve mutations for :feature:search:preDebugBuild (Thread[#2109,Execution worker Thread 5,5,main]) started.
:feature:search:preDebugBuild (Thread[#2109,Execution worker Thread 5,5,main]) started.

> Task :feature:search:preDebugBuild UP-TO-DATE
Skipping task ':feature:search:preDebugBuild' as it has no actions.

> Task :core:database:writeDebugAarMetadata UP-TO-DATE
Caching disabled for task ':core:database:writeDebugAarMetadata' because:
  Caching has been disabled for the task
Skipping task ':core:database:writeDebugAarMetadata' as it is up-to-date.
work action resolve aar-metadata.properties (project :core:database) (Thread[#2109,Execution worker Thread 5,5,main]) started.

> Task :core:model:generateDebugResources UP-TO-DATE
Build cache key for task ':core:model:generateDebugResources' is d4c772fd9feca66b5ccc35105ad42de0
Skipping task ':core:model:generateDebugResources' as it is up-to-date.
Resolve mutations for :core:model:packageDebugResources (Thread[#2111,Execution worker Thread 7,5,main]) started.

> Task :core:data:generateDebugResValues UP-TO-DATE
Build cache key for task ':core:data:generateDebugResValues' is 84421232fdfbf054ac4ecc269a8a74a2
Skipping task ':core:data:generateDebugResValues' as it is up-to-date.
Resolve mutations for :core:data:generateDebugResources (Thread[#2110,Execution worker Thread 6,5,main]) started.

> Task :core:ui:generateDebugResValues UP-TO-DATE
Build cache key for task ':core:ui:generateDebugResValues' is 84421232fdfbf054ac4ecc269a8a74a2
Skipping task ':core:ui:generateDebugResValues' as it is up-to-date.
Resolve mutations for :core:ui:generateDebugResources (Thread[#2104,included builds,5,main]) started.
:core:data:generateDebugResources (Thread[#2110,Execution worker Thread 6,5,main]) started.
:core:model:packageDebugResources (Thread[#2111,Execution worker Thread 7,5,main]) started.
:core:ui:generateDebugResources (Thread[#2104,included builds,5,main]) started.
:feature:detail:generateDebugResValues (Thread[#2108,Execution worker Thread 4,5,main]) started.
Resolve mutations for :feature:discover:generateDebugResValues (Thread[#2106,Execution worker Thread 2,5,main]) started.
:feature:discover:generateDebugResValues (Thread[#2106,Execution worker Thread 2,5,main]) started.

> Task :app:checkKotlinGradlePluginConfigurationErrors SKIPPED
Skipping task ':app:checkKotlinGradlePluginConfigurationErrors' as task onlyIf 'errorDiagnostics are present' is false.
Resolve mutations for :app:generateFreeDebugBuildConfig (Thread[#2105,Execution worker,5,main]) started.
Resolve mutations for :core:database:generateDebugResValues (Thread[#2109,Execution worker Thread 5,5,main]) started.
:app:generateFreeDebugBuildConfig (Thread[#2109,Execution worker Thread 5,5,main]) started.
Resolve mutations for :feature:search:writeDebugAarMetadata (Thread[#2107,Execution worker Thread 3,5,main]) started.

> Task :feature:discover:generateDebugResValues UP-TO-DATE
Build cache key for task ':feature:discover:generateDebugResValues' is 84421232fdfbf054ac4ecc269a8a74a2
Skipping task ':feature:discover:generateDebugResValues' as it is up-to-date.
Resolve mutations for :feature:discover:generateDebugResources (Thread[#2106,Execution worker Thread 2,5,main]) started.
:feature:search:writeDebugAarMetadata (Thread[#2107,Execution worker Thread 3,5,main]) started.
:feature:discover:generateDebugResources (Thread[#2106,Execution worker Thread 2,5,main]) started.
:core:database:generateDebugResValues (Thread[#2105,Execution worker,5,main]) started.

> Task :core:ui:generateDebugResources UP-TO-DATE
Build cache key for task ':core:ui:generateDebugResources' is d4c772fd9feca66b5ccc35105ad42de0
Skipping task ':core:ui:generateDebugResources' as it is up-to-date.
Resolve mutations for :core:ui:packageDebugResources (Thread[#2104,included builds,5,main]) started.

> Task :feature:search:writeDebugAarMetadata UP-TO-DATE
Caching disabled for task ':feature:search:writeDebugAarMetadata' because:
  Caching has been disabled for the task
Skipping task ':feature:search:writeDebugAarMetadata' as it is up-to-date.

> Task :core:data:generateDebugResources UP-TO-DATE
Build cache key for task ':core:data:generateDebugResources' is d4c772fd9feca66b5ccc35105ad42de0
Skipping task ':core:data:generateDebugResources' as it is up-to-date.

> Task :app:generateFreeDebugBuildConfig UP-TO-DATE
Build cache key for task ':app:generateFreeDebugBuildConfig' is 27637b32bf62d71f30edc15646ca893d
Skipping task ':app:generateFreeDebugBuildConfig' as it is up-to-date.
:core:ui:packageDebugResources (Thread[#2104,included builds,5,main]) started.
Resolve mutations for :app:generateFreeDebugResValues (Thread[#2109,Execution worker Thread 5,5,main]) started.

> Task :feature:detail:generateDebugResValues UP-TO-DATE
Build cache key for task ':feature:detail:generateDebugResValues' is 84421232fdfbf054ac4ecc269a8a74a2
Skipping task ':feature:detail:generateDebugResValues' as it is up-to-date.
Resolve mutations for :feature:detail:generateDebugResources (Thread[#2108,Execution worker Thread 4,5,main]) started.
:app:generateFreeDebugResValues (Thread[#2109,Execution worker Thread 5,5,main]) started.
:feature:detail:generateDebugResources (Thread[#2108,Execution worker Thread 4,5,main]) started.

> Task :core:model:packageDebugResources UP-TO-DATE
Build cache key for task ':core:model:packageDebugResources' is b823089ebba29f9d3023dbdd6ddfc943
Skipping task ':core:model:packageDebugResources' as it is up-to-date.
work action resolve packageDebugResources (project :core:model) (Thread[#2111,Execution worker Thread 7,5,main]) started.

> Task :app:generateFreeDebugResValues UP-TO-DATE
Build cache key for task ':app:generateFreeDebugResValues' is 84421232fdfbf054ac4ecc269a8a74a2
Skipping task ':app:generateFreeDebugResValues' as it is up-to-date.
Resolve mutations for :feature:favourites:generateDebugResValues (Thread[#2111,Execution worker Thread 7,5,main]) started.
Resolve mutations for :app:generateFreeDebugResources (Thread[#2109,Execution worker Thread 5,5,main]) started.
:app:generateFreeDebugResources (Thread[#2109,Execution worker Thread 5,5,main]) started.

> Task :core:database:generateDebugResValues UP-TO-DATE
Build cache key for task ':core:database:generateDebugResValues' is 84421232fdfbf054ac4ecc269a8a74a2
Skipping task ':core:database:generateDebugResValues' as it is up-to-date.
Resolve mutations for :core:database:generateDebugResources (Thread[#2105,Execution worker,5,main]) started.
Resolve mutations for :core:data:packageDebugResources (Thread[#2110,Execution worker Thread 6,5,main]) started.
:core:database:generateDebugResources (Thread[#2105,Execution worker,5,main]) started.

> Task :feature:detail:generateDebugResources UP-TO-DATE
Build cache key for task ':feature:detail:generateDebugResources' is d4c772fd9feca66b5ccc35105ad42de0
Skipping task ':feature:detail:generateDebugResources' as it is up-to-date.
:core:data:packageDebugResources (Thread[#2110,Execution worker Thread 6,5,main]) started.
work action resolve aar-metadata.properties (project :feature:search) (Thread[#2107,Execution worker Thread 3,5,main]) started.
Resolve mutations for :feature:search:generateDebugResValues (Thread[#2107,Execution worker Thread 3,5,main]) started.
Resolve mutations for :feature:detail:packageDebugResources (Thread[#2108,Execution worker Thread 4,5,main]) started.
:feature:search:generateDebugResValues (Thread[#2107,Execution worker Thread 3,5,main]) started.
:feature:detail:packageDebugResources (Thread[#2108,Execution worker Thread 4,5,main]) started.

> Task :core:ui:packageDebugResources UP-TO-DATE
Build cache key for task ':core:ui:packageDebugResources' is f927ac3a62a9f15519ea50bfa488caa2
Skipping task ':core:ui:packageDebugResources' as it is up-to-date.
work action resolve packageDebugResources (project :core:ui) (Thread[#2104,included builds,5,main]) started.
:feature:favourites:generateDebugResValues (Thread[#2111,Execution worker Thread 7,5,main]) started.
Resolve mutations for :core:model:extractDeepLinksDebug (Thread[#2104,included builds,5,main]) started.
:core:model:extractDeepLinksDebug (Thread[#2104,included builds,5,main]) started.

> Task :feature:favourites:generateDebugResValues UP-TO-DATE
Build cache key for task ':feature:favourites:generateDebugResValues' is 84421232fdfbf054ac4ecc269a8a74a2
Skipping task ':feature:favourites:generateDebugResValues' as it is up-to-date.

> Task :feature:search:generateDebugResValues UP-TO-DATE
Build cache key for task ':feature:search:generateDebugResValues' is 84421232fdfbf054ac4ecc269a8a74a2
Skipping task ':feature:search:generateDebugResValues' as it is up-to-date.
Resolve mutations for :feature:favourites:generateDebugResources (Thread[#2111,Execution worker Thread 7,5,main]) started.

> Task :core:database:generateDebugResources UP-TO-DATE
Build cache key for task ':core:database:generateDebugResources' is d4c772fd9feca66b5ccc35105ad42de0
Skipping task ':core:database:generateDebugResources' as it is up-to-date.

> Task :app:generateFreeDebugResources UP-TO-DATE
Build cache key for task ':app:generateFreeDebugResources' is acccf279d96a32414b86047c479f9831
Skipping task ':app:generateFreeDebugResources' as it is up-to-date.
Resolve mutations for :app:checkFreeDebugAarMetadata (Thread[#2105,Execution worker,5,main]) started.
:feature:favourites:generateDebugResources (Thread[#2111,Execution worker Thread 7,5,main]) started.
:app:checkFreeDebugAarMetadata (Thread[#2105,Execution worker,5,main]) started.
Resolve mutations for :feature:search:generateDebugResources (Thread[#2107,Execution worker Thread 3,5,main]) started.

> Task :core:model:extractDeepLinksDebug UP-TO-DATE
Build cache key for task ':core:model:extractDeepLinksDebug' is ff737c5c34d40bda8eff9334a20f2020
Skipping task ':core:model:extractDeepLinksDebug' as it is up-to-date.
work action resolve navigation.json (project :core:model) (Thread[#2107,Execution worker Thread 3,5,main]) started.

> Task :feature:favourites:generateDebugResources UP-TO-DATE
Build cache key for task ':feature:favourites:generateDebugResources' is d4c772fd9feca66b5ccc35105ad42de0
Skipping task ':feature:favourites:generateDebugResources' as it is up-to-date.
Resolve mutations for :core:model:processDebugManifest (Thread[#2107,Execution worker Thread 3,5,main]) started.
Resolve mutations for :feature:favourites:packageDebugResources (Thread[#2111,Execution worker Thread 7,5,main]) started.

> Task :feature:discover:generateDebugResources UP-TO-DATE
Build cache key for task ':feature:discover:generateDebugResources' is d4c772fd9feca66b5ccc35105ad42de0
Skipping task ':feature:discover:generateDebugResources' as it is up-to-date.
Resolve mutations for :feature:discover:packageDebugResources (Thread[#2106,Execution worker Thread 2,5,main]) started.
:core:model:processDebugManifest (Thread[#2107,Execution worker Thread 3,5,main]) started.
:feature:favourites:packageDebugResources (Thread[#2111,Execution worker Thread 7,5,main]) started.
:feature:discover:packageDebugResources (Thread[#2106,Execution worker Thread 2,5,main]) started.
:feature:search:generateDebugResources (Thread[#2104,included builds,5,main]) started.
Resolve mutations for :core:database:packageDebugResources (Thread[#2109,Execution worker Thread 5,5,main]) started.

> Task :core:data:packageDebugResources UP-TO-DATE
Build cache key for task ':core:data:packageDebugResources' is 58ae494cb49907362cc027523c391fd5
Skipping task ':core:data:packageDebugResources' as it is up-to-date.

> Task :core:model:processDebugManifest UP-TO-DATE
Build cache key for task ':core:model:processDebugManifest' is 3685b2d09002a5ae90773b1e0230b7ef
Skipping task ':core:model:processDebugManifest' as it is up-to-date.
work action resolve packageDebugResources (project :core:data) (Thread[#2110,Execution worker Thread 6,5,main]) started.

> Task :feature:search:generateDebugResources UP-TO-DATE
Build cache key for task ':feature:search:generateDebugResources' is d4c772fd9feca66b5ccc35105ad42de0
Skipping task ':feature:search:generateDebugResources' as it is up-to-date.
Resolve mutations for :feature:search:packageDebugResources (Thread[#2104,included builds,5,main]) started.

> Task :feature:discover:packageDebugResources UP-TO-DATE
Build cache key for task ':feature:discover:packageDebugResources' is e6c989fdabd3453b9bcef7cc98649d27
Skipping task ':feature:discover:packageDebugResources' as it is up-to-date.

> Task :feature:favourites:packageDebugResources UP-TO-DATE
Build cache key for task ':feature:favourites:packageDebugResources' is e72f98d8df43ded56ac752b7c7d13de8
Skipping task ':feature:favourites:packageDebugResources' as it is up-to-date.
work action resolve packageDebugResources (project :feature:favourites) (Thread[#2106,Execution worker Thread 2,5,main]) started.
:feature:search:packageDebugResources (Thread[#2104,included builds,5,main]) started.

> Task :feature:detail:packageDebugResources UP-TO-DATE
Build cache key for task ':feature:detail:packageDebugResources' is edf73fc00ed524c7ba5d6f1c4d658907
Skipping task ':feature:detail:packageDebugResources' as it is up-to-date.
Resolve mutations for :core:data:extractDeepLinksDebug (Thread[#2110,Execution worker Thread 6,5,main]) started.
work action resolve packageDebugResources (project :feature:detail) (Thread[#2108,Execution worker Thread 4,5,main]) started.
:core:data:extractDeepLinksDebug (Thread[#2108,Execution worker Thread 4,5,main]) started.
work action resolve AndroidManifest.xml (project :core:model) (Thread[#2107,Execution worker Thread 3,5,main]) started.
Resolve mutations for :feature:favourites:extractDeepLinksDebug (Thread[#2107,Execution worker Thread 3,5,main]) started.
Resolve mutations for :feature:detail:extractDeepLinksDebug (Thread[#2110,Execution worker Thread 6,5,main]) started.
:feature:favourites:extractDeepLinksDebug (Thread[#2107,Execution worker Thread 3,5,main]) started.
:feature:detail:extractDeepLinksDebug (Thread[#2110,Execution worker Thread 6,5,main]) started.
Resolve mutations for :core:ui:extractDeepLinksDebug (Thread[#2106,Execution worker Thread 2,5,main]) started.
:core:ui:extractDeepLinksDebug (Thread[#2106,Execution worker Thread 2,5,main]) started.

> Task :core:data:extractDeepLinksDebug UP-TO-DATE
Build cache key for task ':core:data:extractDeepLinksDebug' is ff737c5c34d40bda8eff9334a20f2020
Skipping task ':core:data:extractDeepLinksDebug' as it is up-to-date.
work action resolve navigation.json (project :core:data) (Thread[#2108,Execution worker Thread 4,5,main]) started.
Resolve mutations for :core:data:processDebugManifest (Thread[#2108,Execution worker Thread 4,5,main]) started.
work action resolve packageDebugResources (project :feature:discover) (Thread[#2111,Execution worker Thread 7,5,main]) started.
:core:database:packageDebugResources (Thread[#2109,Execution worker Thread 5,5,main]) started.
:core:data:processDebugManifest (Thread[#2108,Execution worker Thread 4,5,main]) started.

> Task :feature:search:packageDebugResources UP-TO-DATE
Build cache key for task ':feature:search:packageDebugResources' is 6e93eabdd1ad63e2bf7f7955a5ac27ae
Skipping task ':feature:search:packageDebugResources' as it is up-to-date.
work action resolve packageDebugResources (project :feature:search) (Thread[#2104,included builds,5,main]) started.
Resolve mutations for :feature:search:extractDeepLinksDebug (Thread[#2104,included builds,5,main]) started.
:feature:search:extractDeepLinksDebug (Thread[#2104,included builds,5,main]) started.

> Task :feature:detail:extractDeepLinksDebug UP-TO-DATE
Build cache key for task ':feature:detail:extractDeepLinksDebug' is ff737c5c34d40bda8eff9334a20f2020
Skipping task ':feature:detail:extractDeepLinksDebug' as it is up-to-date.
work action resolve navigation.json (project :feature:detail) (Thread[#2110,Execution worker Thread 6,5,main]) started.
Resolve mutations for :feature:detail:processDebugManifest (Thread[#2110,Execution worker Thread 6,5,main]) started.
:feature:detail:processDebugManifest (Thread[#2110,Execution worker Thread 6,5,main]) started.

> Task :feature:detail:processDebugManifest UP-TO-DATE
Build cache key for task ':feature:detail:processDebugManifest' is 8922fd685f35defc469bc92fadd3283e
Skipping task ':feature:detail:processDebugManifest' as it is up-to-date.
work action resolve AndroidManifest.xml (project :feature:detail) (Thread[#2110,Execution worker Thread 6,5,main]) started.
Resolve mutations for :core:model:compileDebugLibraryResources (Thread[#2110,Execution worker Thread 6,5,main]) started.
:core:model:compileDebugLibraryResources (Thread[#2110,Execution worker Thread 6,5,main]) started.

> Task :core:ui:extractDeepLinksDebug UP-TO-DATE
Build cache key for task ':core:ui:extractDeepLinksDebug' is ff737c5c34d40bda8eff9334a20f2020
Skipping task ':core:ui:extractDeepLinksDebug' as it is up-to-date.
work action resolve navigation.json (project :core:ui) (Thread[#2106,Execution worker Thread 2,5,main]) started.

> Task :core:data:processDebugManifest UP-TO-DATE
Build cache key for task ':core:data:processDebugManifest' is 4bd2d28e169f2967ced6f63ce4add9e4
Skipping task ':core:data:processDebugManifest' as it is up-to-date.
Resolve mutations for :core:ui:processDebugManifest (Thread[#2106,Execution worker Thread 2,5,main]) started.
work action resolve AndroidManifest.xml (project :core:data) (Thread[#2108,Execution worker Thread 4,5,main]) started.
Resolve mutations for :core:data:compileDebugLibraryResources (Thread[#2108,Execution worker Thread 4,5,main]) started.
:core:ui:processDebugManifest (Thread[#2106,Execution worker Thread 2,5,main]) started.
Resolve mutations for :feature:discover:extractDeepLinksDebug (Thread[#2111,Execution worker Thread 7,5,main]) started.
:feature:discover:extractDeepLinksDebug (Thread[#2111,Execution worker Thread 7,5,main]) started.
:core:data:compileDebugLibraryResources (Thread[#2108,Execution worker Thread 4,5,main]) started.

> Task :feature:search:extractDeepLinksDebug UP-TO-DATE
Build cache key for task ':feature:search:extractDeepLinksDebug' is ff737c5c34d40bda8eff9334a20f2020
Skipping task ':feature:search:extractDeepLinksDebug' as it is up-to-date.
work action resolve navigation.json (project :feature:search) (Thread[#2104,included builds,5,main]) started.
Resolve mutations for :feature:search:processDebugManifest (Thread[#2104,included builds,5,main]) started.
:feature:search:processDebugManifest (Thread[#2104,included builds,5,main]) started.

> Task :feature:discover:extractDeepLinksDebug UP-TO-DATE
Build cache key for task ':feature:discover:extractDeepLinksDebug' is ff737c5c34d40bda8eff9334a20f2020
Skipping task ':feature:discover:extractDeepLinksDebug' as it is up-to-date.
work action resolve navigation.json (project :feature:discover) (Thread[#2111,Execution worker Thread 7,5,main]) started.
Resolve mutations for :feature:discover:processDebugManifest (Thread[#2111,Execution worker Thread 7,5,main]) started.

> Task :core:data:compileDebugLibraryResources UP-TO-DATE
Build cache key for task ':core:data:compileDebugLibraryResources' is 04d1ca60607199790c3320a62b80f411
Skipping task ':core:data:compileDebugLibraryResources' as it is up-to-date.
work action resolve out (project :core:data) (Thread[#2108,Execution worker Thread 4,5,main]) started.
Resolve mutations for :core:data:parseDebugLocalResources (Thread[#2108,Execution worker Thread 4,5,main]) started.
:core:data:parseDebugLocalResources (Thread[#2108,Execution worker Thread 4,5,main]) started.
:feature:discover:processDebugManifest (Thread[#2111,Execution worker Thread 7,5,main]) started.

> Task :core:model:compileDebugLibraryResources UP-TO-DATE
Build cache key for task ':core:model:compileDebugLibraryResources' is 04d1ca60607199790c3320a62b80f411
Skipping task ':core:model:compileDebugLibraryResources' as it is up-to-date.
work action resolve out (project :core:model) (Thread[#2110,Execution worker Thread 6,5,main]) started.
Resolve mutations for :core:model:parseDebugLocalResources (Thread[#2110,Execution worker Thread 6,5,main]) started.
:core:model:parseDebugLocalResources (Thread[#2110,Execution worker Thread 6,5,main]) started.

> Task :core:database:packageDebugResources UP-TO-DATE
Build cache key for task ':core:database:packageDebugResources' is 7ef7e68ff1140075b93654fab6e83879
Skipping task ':core:database:packageDebugResources' as it is up-to-date.
work action resolve packageDebugResources (project :core:database) (Thread[#2109,Execution worker Thread 5,5,main]) started.
Resolve mutations for :core:database:extractDeepLinksDebug (Thread[#2109,Execution worker Thread 5,5,main]) started.
:core:database:extractDeepLinksDebug (Thread[#2109,Execution worker Thread 5,5,main]) started.

> Task :feature:favourites:extractDeepLinksDebug UP-TO-DATE
Build cache key for task ':feature:favourites:extractDeepLinksDebug' is ff737c5c34d40bda8eff9334a20f2020
Skipping task ':feature:favourites:extractDeepLinksDebug' as it is up-to-date.
work action resolve navigation.json (project :feature:favourites) (Thread[#2107,Execution worker Thread 3,5,main]) started.
Resolve mutations for :feature:favourites:processDebugManifest (Thread[#2107,Execution worker Thread 3,5,main]) started.
:feature:favourites:processDebugManifest (Thread[#2107,Execution worker Thread 3,5,main]) started.

> Task :core:database:extractDeepLinksDebug UP-TO-DATE
Build cache key for task ':core:database:extractDeepLinksDebug' is ff737c5c34d40bda8eff9334a20f2020
Skipping task ':core:database:extractDeepLinksDebug' as it is up-to-date.
work action resolve navigation.json (project :core:database) (Thread[#2109,Execution worker Thread 5,5,main]) started.

> Task :feature:search:processDebugManifest UP-TO-DATE
Build cache key for task ':feature:search:processDebugManifest' is dd65dbb7b127144a427522a928ebbfe9
Skipping task ':feature:search:processDebugManifest' as it is up-to-date.
Resolve mutations for :core:database:processDebugManifest (Thread[#2109,Execution worker Thread 5,5,main]) started.
work action resolve AndroidManifest.xml (project :feature:search) (Thread[#2104,included builds,5,main]) started.

> Task :core:ui:processDebugManifest UP-TO-DATE
Build cache key for task ':core:ui:processDebugManifest' is ff29ca820a689e820e7746b341fa950a
Skipping task ':core:ui:processDebugManifest' as it is up-to-date.
Resolve mutations for :feature:detail:compileDebugLibraryResources (Thread[#2104,included builds,5,main]) started.
work action resolve AndroidManifest.xml (project :core:ui) (Thread[#2106,Execution worker Thread 2,5,main]) started.
Resolve mutations for :core:ui:compileDebugLibraryResources (Thread[#2106,Execution worker Thread 2,5,main]) started.
:core:database:processDebugManifest (Thread[#2109,Execution worker Thread 5,5,main]) started.

> Task :feature:discover:processDebugManifest UP-TO-DATE
Build cache key for task ':feature:discover:processDebugManifest' is 2190ed45a8cb716e2e481d17fbce2ad1
Skipping task ':feature:discover:processDebugManifest' as it is up-to-date.
work action resolve AndroidManifest.xml (project :feature:discover) (Thread[#2111,Execution worker Thread 7,5,main]) started.
:feature:detail:compileDebugLibraryResources (Thread[#2111,Execution worker Thread 7,5,main]) started.
:core:ui:compileDebugLibraryResources (Thread[#2106,Execution worker Thread 2,5,main]) started.

> Task :core:ui:compileDebugLibraryResources UP-TO-DATE
Build cache key for task ':core:ui:compileDebugLibraryResources' is 04d1ca60607199790c3320a62b80f411
Skipping task ':core:ui:compileDebugLibraryResources' as it is up-to-date.
Resolve mutations for :feature:discover:compileDebugLibraryResources (Thread[#2104,included builds,5,main]) started.
work action resolve out (project :core:ui) (Thread[#2106,Execution worker Thread 2,5,main]) started.
Resolve mutations for :core:ui:parseDebugLocalResources (Thread[#2106,Execution worker Thread 2,5,main]) started.
:core:ui:parseDebugLocalResources (Thread[#2106,Execution worker Thread 2,5,main]) started.

> Task :feature:favourites:processDebugManifest UP-TO-DATE
Build cache key for task ':feature:favourites:processDebugManifest' is 8f190ce14b8addf7b6dc8148317e7082
Skipping task ':feature:favourites:processDebugManifest' as it is up-to-date.

> Task :core:database:processDebugManifest UP-TO-DATE
Build cache key for task ':core:database:processDebugManifest' is 1359efa9c535440aa1c2ff64503428bd
Skipping task ':core:database:processDebugManifest' as it is up-to-date.
:feature:discover:compileDebugLibraryResources (Thread[#2104,included builds,5,main]) started.
work action resolve AndroidManifest.xml (project :feature:favourites) (Thread[#2109,Execution worker Thread 5,5,main]) started.
Resolve mutations for :feature:favourites:compileDebugLibraryResources (Thread[#2109,Execution worker Thread 5,5,main]) started.

> Task :feature:detail:compileDebugLibraryResources UP-TO-DATE
Build cache key for task ':feature:detail:compileDebugLibraryResources' is 04d1ca60607199790c3320a62b80f411
Skipping task ':feature:detail:compileDebugLibraryResources' as it is up-to-date.
:feature:favourites:compileDebugLibraryResources (Thread[#2109,Execution worker Thread 5,5,main]) started.
work action resolve out (project :feature:detail) (Thread[#2111,Execution worker Thread 7,5,main]) started.
Resolve mutations for :feature:detail:parseDebugLocalResources (Thread[#2111,Execution worker Thread 7,5,main]) started.

> Task :feature:discover:compileDebugLibraryResources UP-TO-DATE
Build cache key for task ':feature:discover:compileDebugLibraryResources' is 04d1ca60607199790c3320a62b80f411
Skipping task ':feature:discover:compileDebugLibraryResources' as it is up-to-date.
work action resolve out (project :feature:discover) (Thread[#2104,included builds,5,main]) started.
Resolve mutations for :feature:discover:parseDebugLocalResources (Thread[#2104,included builds,5,main]) started.
:feature:discover:parseDebugLocalResources (Thread[#2104,included builds,5,main]) started.
work action resolve AndroidManifest.xml (project :core:database) (Thread[#2107,Execution worker Thread 3,5,main]) started.
Resolve mutations for :core:database:compileDebugLibraryResources (Thread[#2107,Execution worker Thread 3,5,main]) started.
:feature:detail:parseDebugLocalResources (Thread[#2111,Execution worker Thread 7,5,main]) started.
:core:database:compileDebugLibraryResources (Thread[#2107,Execution worker Thread 3,5,main]) started.

> Task :feature:favourites:compileDebugLibraryResources UP-TO-DATE
Build cache key for task ':feature:favourites:compileDebugLibraryResources' is 04d1ca60607199790c3320a62b80f411
Skipping task ':feature:favourites:compileDebugLibraryResources' as it is up-to-date.

> Task :core:database:compileDebugLibraryResources UP-TO-DATE
Build cache key for task ':core:database:compileDebugLibraryResources' is 04d1ca60607199790c3320a62b80f411
Skipping task ':core:database:compileDebugLibraryResources' as it is up-to-date.
work action resolve out (project :feature:favourites) (Thread[#2109,Execution worker Thread 5,5,main]) started.
work action resolve out (project :core:database) (Thread[#2107,Execution worker Thread 3,5,main]) started.
Resolve mutations for :feature:favourites:parseDebugLocalResources (Thread[#2109,Execution worker Thread 5,5,main]) started.
Resolve mutations for :core:database:parseDebugLocalResources (Thread[#2107,Execution worker Thread 3,5,main]) started.
:core:database:parseDebugLocalResources (Thread[#2109,Execution worker Thread 5,5,main]) started.
:feature:favourites:parseDebugLocalResources (Thread[#2107,Execution worker Thread 3,5,main]) started.

> Task :core:data:parseDebugLocalResources UP-TO-DATE
Transforming android.jar with PlatformAttrTransform
Transforming android.jar with PlatformAttrTransform
Build cache key for task ':core:data:parseDebugLocalResources' is 83fed56d90b3c8a20cedf098729b7fcb
Skipping task ':core:data:parseDebugLocalResources' as it is up-to-date.
Resolve mutations for :core:data:generateDebugRFile (Thread[#2108,Execution worker Thread 4,5,main]) started.
:core:data:generateDebugRFile (Thread[#2108,Execution worker Thread 4,5,main]) started.

> Task :core:model:parseDebugLocalResources UP-TO-DATE
Transforming android.jar with PlatformAttrTransform
Transforming android.jar with PlatformAttrTransform
Build cache key for task ':core:model:parseDebugLocalResources' is 83fed56d90b3c8a20cedf098729b7fcb
Skipping task ':core:model:parseDebugLocalResources' as it is up-to-date.
Resolve mutations for :core:model:generateDebugRFile (Thread[#2110,Execution worker Thread 6,5,main]) started.
:core:model:generateDebugRFile (Thread[#2110,Execution worker Thread 6,5,main]) started.

> Task :core:ui:parseDebugLocalResources UP-TO-DATE
Transforming android.jar with PlatformAttrTransform
Transforming android.jar with PlatformAttrTransform
Build cache key for task ':core:ui:parseDebugLocalResources' is 83fed56d90b3c8a20cedf098729b7fcb
Skipping task ':core:ui:parseDebugLocalResources' as it is up-to-date.
Resolve mutations for :core:ui:generateDebugRFile (Thread[#2106,Execution worker Thread 2,5,main]) started.
:core:ui:generateDebugRFile (Thread[#2106,Execution worker Thread 2,5,main]) started.

> Task :feature:discover:parseDebugLocalResources UP-TO-DATE
Transforming android.jar with PlatformAttrTransform
Transforming android.jar with PlatformAttrTransform
Build cache key for task ':feature:discover:parseDebugLocalResources' is 83fed56d90b3c8a20cedf098729b7fcb
Skipping task ':feature:discover:parseDebugLocalResources' as it is up-to-date.

> Task :core:data:generateDebugRFile UP-TO-DATE
Transforming android.jar with PlatformAttrTransform
Build cache key for task ':core:data:generateDebugRFile' is 9821a14c35998e3bd6b8a97acf24352c
Skipping task ':core:data:generateDebugRFile' as it is up-to-date.
Resolve mutations for :feature:discover:generateDebugRFile (Thread[#2108,Execution worker Thread 4,5,main]) started.
work action resolve package-aware-r.txt (project :core:data) (Thread[#2104,included builds,5,main]) started.
Resolve mutations for :feature:search:compileDebugLibraryResources (Thread[#2104,included builds,5,main]) started.

> Task :core:model:generateDebugRFile UP-TO-DATE
Transforming android.jar with PlatformAttrTransform
Build cache key for task ':core:model:generateDebugRFile' is 0e6f8a69d6b7a4cc9cc83a59e11aeb22
Skipping task ':core:model:generateDebugRFile' as it is up-to-date.
:feature:discover:generateDebugRFile (Thread[#2108,Execution worker Thread 4,5,main]) started.
work action resolve package-aware-r.txt (project :core:model) (Thread[#2110,Execution worker Thread 6,5,main]) started.
Resolve mutations for :core:data:checkKotlinGradlePluginConfigurationErrors (Thread[#2110,Execution worker Thread 6,5,main]) started.

> Task :feature:detail:parseDebugLocalResources UP-TO-DATE
Transforming android.jar with PlatformAttrTransform
Transforming android.jar with PlatformAttrTransform
Build cache key for task ':feature:detail:parseDebugLocalResources' is 83fed56d90b3c8a20cedf098729b7fcb
Skipping task ':feature:detail:parseDebugLocalResources' as it is up-to-date.
Resolve mutations for :feature:detail:generateDebugRFile (Thread[#2111,Execution worker Thread 7,5,main]) started.
:core:data:checkKotlinGradlePluginConfigurationErrors (Thread[#2110,Execution worker Thread 6,5,main]) started.
:feature:detail:generateDebugRFile (Thread[#2111,Execution worker Thread 7,5,main]) started.
:feature:search:compileDebugLibraryResources (Thread[#2104,included builds,5,main]) started.

> Task :core:data:checkKotlinGradlePluginConfigurationErrors SKIPPED
Skipping task ':core:data:checkKotlinGradlePluginConfigurationErrors' as task onlyIf 'errorDiagnostics are present' is false.
Resolve mutations for :core:model:checkKotlinGradlePluginConfigurationErrors (Thread[#2110,Execution worker Thread 6,5,main]) started.

> Task :core:ui:generateDebugRFile UP-TO-DATE
Transforming android.jar with PlatformAttrTransform
Build cache key for task ':core:ui:generateDebugRFile' is cd810073a45d075d89d7def8db38caad
Skipping task ':core:ui:generateDebugRFile' as it is up-to-date.
work action resolve package-aware-r.txt (project :core:ui) (Thread[#2106,Execution worker Thread 2,5,main]) started.
:core:model:checkKotlinGradlePluginConfigurationErrors (Thread[#2110,Execution worker Thread 6,5,main]) started.

> Task :core:model:checkKotlinGradlePluginConfigurationErrors SKIPPED
Skipping task ':core:model:checkKotlinGradlePluginConfigurationErrors' as task onlyIf 'errorDiagnostics are present' is false.
Resolve mutations for :core:model:compileDebugKotlin (Thread[#2110,Execution worker Thread 6,5,main]) started.
Resolve mutations for :core:data:javaPreCompileDebug (Thread[#2106,Execution worker Thread 2,5,main]) started.

> Task :feature:discover:generateDebugRFile UP-TO-DATE
Transforming android.jar with PlatformAttrTransform
Build cache key for task ':feature:discover:generateDebugRFile' is 15e7dabe8c940ace4b8be7d312a4197f
Skipping task ':feature:discover:generateDebugRFile' as it is up-to-date.

> Task :feature:search:compileDebugLibraryResources UP-TO-DATE
Build cache key for task ':feature:search:compileDebugLibraryResources' is 04d1ca60607199790c3320a62b80f411
Skipping task ':feature:search:compileDebugLibraryResources' as it is up-to-date.
work action resolve out (project :feature:search) (Thread[#2104,included builds,5,main]) started.
:core:model:compileDebugKotlin (Thread[#2110,Execution worker Thread 6,5,main]) started.
Resolve mutations for :feature:search:parseDebugLocalResources (Thread[#2104,included builds,5,main]) started.
:feature:search:parseDebugLocalResources (Thread[#2104,included builds,5,main]) started.
work action resolve package-aware-r.txt (project :feature:discover) (Thread[#2108,Execution worker Thread 4,5,main]) started.
Resolve mutations for :core:ui:checkKotlinGradlePluginConfigurationErrors (Thread[#2108,Execution worker Thread 4,5,main]) started.
:core:ui:checkKotlinGradlePluginConfigurationErrors (Thread[#2108,Execution worker Thread 4,5,main]) started.

> Task :core:ui:checkKotlinGradlePluginConfigurationErrors SKIPPED
Skipping task ':core:ui:checkKotlinGradlePluginConfigurationErrors' as task onlyIf 'errorDiagnostics are present' is false.
Resolve mutations for :core:ui:javaPreCompileDebug (Thread[#2108,Execution worker Thread 4,5,main]) started.
:core:ui:javaPreCompileDebug (Thread[#2108,Execution worker Thread 4,5,main]) started.

> Task :feature:favourites:parseDebugLocalResources UP-TO-DATE
Transforming android.jar with PlatformAttrTransform
Transforming android.jar with PlatformAttrTransform
Build cache key for task ':feature:favourites:parseDebugLocalResources' is 83fed56d90b3c8a20cedf098729b7fcb
Skipping task ':feature:favourites:parseDebugLocalResources' as it is up-to-date.
Resolve mutations for :feature:favourites:generateDebugRFile (Thread[#2107,Execution worker Thread 3,5,main]) started.
:core:data:javaPreCompileDebug (Thread[#2106,Execution worker Thread 2,5,main]) started.
:feature:favourites:generateDebugRFile (Thread[#2107,Execution worker Thread 3,5,main]) started.

> Task :feature:detail:generateDebugRFile UP-TO-DATE
Transforming android.jar with PlatformAttrTransform
Build cache key for task ':feature:detail:generateDebugRFile' is e97b535b8014f7311b3d62d24aec6e2a
Skipping task ':feature:detail:generateDebugRFile' as it is up-to-date.
work action resolve package-aware-r.txt (project :feature:detail) (Thread[#2111,Execution worker Thread 7,5,main]) started.
Resolve mutations for :feature:detail:checkKotlinGradlePluginConfigurationErrors (Thread[#2111,Execution worker Thread 7,5,main]) started.
:feature:detail:checkKotlinGradlePluginConfigurationErrors (Thread[#2111,Execution worker Thread 7,5,main]) started.

> Task :feature:detail:checkKotlinGradlePluginConfigurationErrors SKIPPED
Skipping task ':feature:detail:checkKotlinGradlePluginConfigurationErrors' as task onlyIf 'errorDiagnostics are present' is false.
Resolve mutations for :feature:detail:javaPreCompileDebug (Thread[#2111,Execution worker Thread 7,5,main]) started.
:feature:detail:javaPreCompileDebug (Thread[#2111,Execution worker Thread 7,5,main]) started.

> Task :feature:favourites:generateDebugRFile UP-TO-DATE
Transforming android.jar with PlatformAttrTransform
Build cache key for task ':feature:favourites:generateDebugRFile' is 61e11717df2a32c944ee13e1afb9f2c8
Skipping task ':feature:favourites:generateDebugRFile' as it is up-to-date.
work action resolve package-aware-r.txt (project :feature:favourites) (Thread[#2107,Execution worker Thread 3,5,main]) started.
Resolve mutations for :feature:discover:checkKotlinGradlePluginConfigurationErrors (Thread[#2107,Execution worker Thread 3,5,main]) started.
:feature:discover:checkKotlinGradlePluginConfigurationErrors (Thread[#2107,Execution worker Thread 3,5,main]) started.

> Task :feature:discover:checkKotlinGradlePluginConfigurationErrors SKIPPED
Skipping task ':feature:discover:checkKotlinGradlePluginConfigurationErrors' as task onlyIf 'errorDiagnostics are present' is false.
Resolve mutations for :feature:discover:javaPreCompileDebug (Thread[#2107,Execution worker Thread 3,5,main]) started.
:feature:discover:javaPreCompileDebug (Thread[#2107,Execution worker Thread 3,5,main]) started.

> Task :feature:search:parseDebugLocalResources UP-TO-DATE
Transforming android.jar with PlatformAttrTransform
Transforming android.jar with PlatformAttrTransform
Build cache key for task ':feature:search:parseDebugLocalResources' is 83fed56d90b3c8a20cedf098729b7fcb
Skipping task ':feature:search:parseDebugLocalResources' as it is up-to-date.
Resolve mutations for :feature:search:generateDebugRFile (Thread[#2104,included builds,5,main]) started.
:feature:search:generateDebugRFile (Thread[#2104,included builds,5,main]) started.

> Task :core:database:parseDebugLocalResources UP-TO-DATE
Transforming android.jar with PlatformAttrTransform
Transforming android.jar with PlatformAttrTransform
Build cache key for task ':core:database:parseDebugLocalResources' is 83fed56d90b3c8a20cedf098729b7fcb
Skipping task ':core:database:parseDebugLocalResources' as it is up-to-date.
Resolve mutations for :core:database:generateDebugRFile (Thread[#2109,Execution worker Thread 5,5,main]) started.
:core:database:generateDebugRFile (Thread[#2109,Execution worker Thread 5,5,main]) started.

> Task :feature:search:generateDebugRFile UP-TO-DATE
Transforming android.jar with PlatformAttrTransform
Build cache key for task ':feature:search:generateDebugRFile' is 693dbafb932e7947ddd1d63a672d1d79
Skipping task ':feature:search:generateDebugRFile' as it is up-to-date.

> Task :core:database:generateDebugRFile UP-TO-DATE
Transforming android.jar with PlatformAttrTransform
Build cache key for task ':core:database:generateDebugRFile' is a6da38ad052f20dd296d1b0159de792c
Skipping task ':core:database:generateDebugRFile' as it is up-to-date.
work action resolve package-aware-r.txt (project :feature:search) (Thread[#2104,included builds,5,main]) started.
Resolve mutations for :feature:favourites:checkKotlinGradlePluginConfigurationErrors (Thread[#2104,included builds,5,main]) started.
work action resolve package-aware-r.txt (project :core:database) (Thread[#2109,Execution worker Thread 5,5,main]) started.
Resolve mutations for :core:database:checkKotlinGradlePluginConfigurationErrors (Thread[#2109,Execution worker Thread 5,5,main]) started.
:feature:favourites:checkKotlinGradlePluginConfigurationErrors (Thread[#2104,included builds,5,main]) started.
:core:database:checkKotlinGradlePluginConfigurationErrors (Thread[#2109,Execution worker Thread 5,5,main]) started.

> Task :feature:favourites:checkKotlinGradlePluginConfigurationErrors SKIPPED
Skipping task ':feature:favourites:checkKotlinGradlePluginConfigurationErrors' as task onlyIf 'errorDiagnostics are present' is false.

> Task :core:database:checkKotlinGradlePluginConfigurationErrors SKIPPED
Skipping task ':core:database:checkKotlinGradlePluginConfigurationErrors' as task onlyIf 'errorDiagnostics are present' is false.
Resolve mutations for :core:database:javaPreCompileDebug (Thread[#2104,included builds,5,main]) started.
Resolve mutations for :feature:favourites:javaPreCompileDebug (Thread[#2109,Execution worker Thread 5,5,main]) started.
:core:database:javaPreCompileDebug (Thread[#2104,included builds,5,main]) started.
:feature:favourites:javaPreCompileDebug (Thread[#2109,Execution worker Thread 5,5,main]) started.

> Task :core:data:javaPreCompileDebug UP-TO-DATE
Build cache key for task ':core:data:javaPreCompileDebug' is 6b69800d4745346cfa8806fee7c1d159
Skipping task ':core:data:javaPreCompileDebug' as it is up-to-date.
Resolve mutations for :feature:search:checkKotlinGradlePluginConfigurationErrors (Thread[#2106,Execution worker Thread 2,5,main]) started.
:feature:search:checkKotlinGradlePluginConfigurationErrors (Thread[#2106,Execution worker Thread 2,5,main]) started.

> Task :feature:search:checkKotlinGradlePluginConfigurationErrors SKIPPED
Skipping task ':feature:search:checkKotlinGradlePluginConfigurationErrors' as task onlyIf 'errorDiagnostics are present' is false.

> Task :core:ui:javaPreCompileDebug UP-TO-DATE
Build cache key for task ':core:ui:javaPreCompileDebug' is 6b69800d4745346cfa8806fee7c1d159
Skipping task ':core:ui:javaPreCompileDebug' as it is up-to-date.
Resolve mutations for :feature:search:javaPreCompileDebug (Thread[#2106,Execution worker Thread 2,5,main]) started.
Resolve mutations for :core:data:mergeDebugShaders (Thread[#2108,Execution worker Thread 4,5,main]) started.
:feature:search:javaPreCompileDebug (Thread[#2106,Execution worker Thread 2,5,main]) started.
:core:data:mergeDebugShaders (Thread[#2108,Execution worker Thread 4,5,main]) started.

> Task :feature:detail:javaPreCompileDebug UP-TO-DATE
Build cache key for task ':feature:detail:javaPreCompileDebug' is 6b69800d4745346cfa8806fee7c1d159
Skipping task ':feature:detail:javaPreCompileDebug' as it is up-to-date.
Resolve mutations for :core:ui:mergeDebugShaders (Thread[#2111,Execution worker Thread 7,5,main]) started.

> Task :feature:discover:javaPreCompileDebug UP-TO-DATE
Build cache key for task ':feature:discover:javaPreCompileDebug' is 6b69800d4745346cfa8806fee7c1d159
Skipping task ':feature:discover:javaPreCompileDebug' as it is up-to-date.
Resolve mutations for :feature:detail:mergeDebugShaders (Thread[#2107,Execution worker Thread 3,5,main]) started.
:core:ui:mergeDebugShaders (Thread[#2111,Execution worker Thread 7,5,main]) started.
:feature:detail:mergeDebugShaders (Thread[#2107,Execution worker Thread 3,5,main]) started.

> Task :feature:favourites:javaPreCompileDebug UP-TO-DATE
Build cache key for task ':feature:favourites:javaPreCompileDebug' is 6b69800d4745346cfa8806fee7c1d159
Skipping task ':feature:favourites:javaPreCompileDebug' as it is up-to-date.
Resolve mutations for :feature:discover:mergeDebugShaders (Thread[#2109,Execution worker Thread 5,5,main]) started.

> Task :core:data:mergeDebugShaders UP-TO-DATE
Build cache key for task ':core:data:mergeDebugShaders' is 75c9f25913c7e5e19f8a111807e738ee
Skipping task ':core:data:mergeDebugShaders' as it is up-to-date.
Resolve mutations for :core:data:compileDebugShaders (Thread[#2108,Execution worker Thread 4,5,main]) started.
:feature:discover:mergeDebugShaders (Thread[#2109,Execution worker Thread 5,5,main]) started.

> Task :core:ui:mergeDebugShaders UP-TO-DATE
Build cache key for task ':core:ui:mergeDebugShaders' is 75c9f25913c7e5e19f8a111807e738ee
Skipping task ':core:ui:mergeDebugShaders' as it is up-to-date.

> Task :feature:detail:mergeDebugShaders UP-TO-DATE
Build cache key for task ':feature:detail:mergeDebugShaders' is 75c9f25913c7e5e19f8a111807e738ee
Skipping task ':feature:detail:mergeDebugShaders' as it is up-to-date.
Resolve mutations for :feature:detail:compileDebugShaders (Thread[#2107,Execution worker Thread 3,5,main]) started.
:core:data:compileDebugShaders (Thread[#2108,Execution worker Thread 4,5,main]) started.
:feature:detail:compileDebugShaders (Thread[#2107,Execution worker Thread 3,5,main]) started.

> Task :core:data:compileDebugShaders NO-SOURCE
Skipping task ':core:data:compileDebugShaders' as it has no source files and no previous output files.
Resolve mutations for :core:ui:compileDebugShaders (Thread[#2111,Execution worker Thread 7,5,main]) started.
Resolve mutations for :core:data:generateDebugAssets (Thread[#2108,Execution worker Thread 4,5,main]) started.
:core:data:generateDebugAssets (Thread[#2108,Execution worker Thread 4,5,main]) started.
:core:ui:compileDebugShaders (Thread[#2111,Execution worker Thread 7,5,main]) started.

> Task :core:data:generateDebugAssets UP-TO-DATE
Skipping task ':core:data:generateDebugAssets' as it has no actions.
Resolve mutations for :core:data:packageDebugAssets (Thread[#2108,Execution worker Thread 4,5,main]) started.
:core:data:packageDebugAssets (Thread[#2108,Execution worker Thread 4,5,main]) started.

> Task :feature:detail:compileDebugShaders NO-SOURCE
Skipping task ':feature:detail:compileDebugShaders' as it has no source files and no previous output files.
Resolve mutations for :feature:detail:generateDebugAssets (Thread[#2107,Execution worker Thread 3,5,main]) started.
:feature:detail:generateDebugAssets (Thread[#2107,Execution worker Thread 3,5,main]) started.

> Task :feature:detail:generateDebugAssets UP-TO-DATE
Skipping task ':feature:detail:generateDebugAssets' as it has no actions.
Resolve mutations for :feature:detail:packageDebugAssets (Thread[#2107,Execution worker Thread 3,5,main]) started.
:feature:detail:packageDebugAssets (Thread[#2107,Execution worker Thread 3,5,main]) started.

> Task :core:ui:compileDebugShaders NO-SOURCE
Skipping task ':core:ui:compileDebugShaders' as it has no source files and no previous output files.
Resolve mutations for :core:ui:generateDebugAssets (Thread[#2111,Execution worker Thread 7,5,main]) started.
:core:ui:generateDebugAssets (Thread[#2111,Execution worker Thread 7,5,main]) started.

> Task :core:ui:generateDebugAssets UP-TO-DATE
Skipping task ':core:ui:generateDebugAssets' as it has no actions.
Resolve mutations for :core:ui:packageDebugAssets (Thread[#2111,Execution worker Thread 7,5,main]) started.
:core:ui:packageDebugAssets (Thread[#2111,Execution worker Thread 7,5,main]) started.

> Task :feature:discover:mergeDebugShaders UP-TO-DATE
Build cache key for task ':feature:discover:mergeDebugShaders' is 75c9f25913c7e5e19f8a111807e738ee
Skipping task ':feature:discover:mergeDebugShaders' as it is up-to-date.
Resolve mutations for :feature:discover:compileDebugShaders (Thread[#2109,Execution worker Thread 5,5,main]) started.
:feature:discover:compileDebugShaders (Thread[#2109,Execution worker Thread 5,5,main]) started.

> Task :feature:detail:packageDebugAssets UP-TO-DATE
Build cache key for task ':feature:detail:packageDebugAssets' is 75c9f25913c7e5e19f8a111807e738ee
Skipping task ':feature:detail:packageDebugAssets' as it is up-to-date.

> Task :feature:discover:compileDebugShaders NO-SOURCE
Skipping task ':feature:discover:compileDebugShaders' as it has no source files and no previous output files.
work action resolve out (project :feature:detail) (Thread[#2107,Execution worker Thread 3,5,main]) started.
Resolve mutations for :feature:discover:generateDebugAssets (Thread[#2109,Execution worker Thread 5,5,main]) started.
Resolve mutations for :feature:favourites:mergeDebugShaders (Thread[#2107,Execution worker Thread 3,5,main]) started.

> Task :feature:search:javaPreCompileDebug UP-TO-DATE
Build cache key for task ':feature:search:javaPreCompileDebug' is 6b69800d4745346cfa8806fee7c1d159
Skipping task ':feature:search:javaPreCompileDebug' as it is up-to-date.
:feature:discover:generateDebugAssets (Thread[#2106,Execution worker Thread 2,5,main]) started.

> Task :feature:discover:generateDebugAssets UP-TO-DATE
Skipping task ':feature:discover:generateDebugAssets' as it has no actions.
Resolve mutations for :feature:discover:packageDebugAssets (Thread[#2106,Execution worker Thread 2,5,main]) started.

> Task :core:data:packageDebugAssets UP-TO-DATE
Build cache key for task ':core:data:packageDebugAssets' is 75c9f25913c7e5e19f8a111807e738ee
Skipping task ':core:data:packageDebugAssets' as it is up-to-date.
:feature:discover:packageDebugAssets (Thread[#2106,Execution worker Thread 2,5,main]) started.
work action resolve out (project :core:data) (Thread[#2108,Execution worker Thread 4,5,main]) started.
Resolve mutations for :feature:search:mergeDebugShaders (Thread[#2108,Execution worker Thread 4,5,main]) started.
:feature:search:mergeDebugShaders (Thread[#2108,Execution worker Thread 4,5,main]) started.

> Task :core:ui:packageDebugAssets UP-TO-DATE
Build cache key for task ':core:ui:packageDebugAssets' is 75c9f25913c7e5e19f8a111807e738ee
Skipping task ':core:ui:packageDebugAssets' as it is up-to-date.
work action resolve out (project :core:ui) (Thread[#2111,Execution worker Thread 7,5,main]) started.
Resolve mutations for :core:data:mergeDebugJniLibFolders (Thread[#2111,Execution worker Thread 7,5,main]) started.
:core:data:mergeDebugJniLibFolders (Thread[#2111,Execution worker Thread 7,5,main]) started.

> Task :feature:discover:packageDebugAssets UP-TO-DATE
Build cache key for task ':feature:discover:packageDebugAssets' is 75c9f25913c7e5e19f8a111807e738ee
Skipping task ':feature:discover:packageDebugAssets' as it is up-to-date.

> Task :feature:search:mergeDebugShaders UP-TO-DATE
Build cache key for task ':feature:search:mergeDebugShaders' is 75c9f25913c7e5e19f8a111807e738ee
Skipping task ':feature:search:mergeDebugShaders' as it is up-to-date.

> Task :core:data:mergeDebugJniLibFolders UP-TO-DATE
Build cache key for task ':core:data:mergeDebugJniLibFolders' is 75c9f25913c7e5e19f8a111807e738ee
Skipping task ':core:data:mergeDebugJniLibFolders' as it is up-to-date.
:feature:favourites:mergeDebugShaders (Thread[#2107,Execution worker Thread 3,5,main]) started.
Resolve mutations for :core:data:mergeDebugNativeLibs (Thread[#2111,Execution worker Thread 7,5,main]) started.
:core:data:mergeDebugNativeLibs (Thread[#2111,Execution worker Thread 7,5,main]) started.

> Task :core:data:mergeDebugNativeLibs NO-SOURCE
Skipping task ':core:data:mergeDebugNativeLibs' as it has no source files and no previous output files.

> Task :feature:favourites:mergeDebugShaders UP-TO-DATE
Build cache key for task ':feature:favourites:mergeDebugShaders' is 75c9f25913c7e5e19f8a111807e738ee
Skipping task ':feature:favourites:mergeDebugShaders' as it is up-to-date.
Resolve mutations for :core:data:copyDebugJniLibsProjectOnly (Thread[#2111,Execution worker Thread 7,5,main]) started.
Resolve mutations for :feature:favourites:compileDebugShaders (Thread[#2107,Execution worker Thread 3,5,main]) started.
:feature:favourites:compileDebugShaders (Thread[#2111,Execution worker Thread 7,5,main]) started.
Resolve mutations for :feature:search:compileDebugShaders (Thread[#2108,Execution worker Thread 4,5,main]) started.
work action resolve out (project :feature:discover) (Thread[#2106,Execution worker Thread 2,5,main]) started.
:core:data:copyDebugJniLibsProjectOnly (Thread[#2109,Execution worker Thread 5,5,main]) started.
Resolve mutations for :core:ui:mergeDebugJniLibFolders (Thread[#2106,Execution worker Thread 2,5,main]) started.
:feature:search:compileDebugShaders (Thread[#2108,Execution worker Thread 4,5,main]) started.
:core:ui:mergeDebugJniLibFolders (Thread[#2106,Execution worker Thread 2,5,main]) started.

> Task :core:data:copyDebugJniLibsProjectOnly UP-TO-DATE
Caching disabled for task ':core:data:copyDebugJniLibsProjectOnly' because:
  Caching has been disabled for the task
Skipping task ':core:data:copyDebugJniLibsProjectOnly' as it is up-to-date.
work action resolve jni (project :core:data) (Thread[#2109,Execution worker Thread 5,5,main]) started.
Resolve mutations for :feature:detail:mergeDebugJniLibFolders (Thread[#2109,Execution worker Thread 5,5,main]) started.
:feature:detail:mergeDebugJniLibFolders (Thread[#2109,Execution worker Thread 5,5,main]) started.

> Task :feature:search:compileDebugShaders NO-SOURCE
Skipping task ':feature:search:compileDebugShaders' as it has no source files and no previous output files.
Resolve mutations for :feature:search:generateDebugAssets (Thread[#2108,Execution worker Thread 4,5,main]) started.

> Task :core:ui:mergeDebugJniLibFolders UP-TO-DATE
Build cache key for task ':core:ui:mergeDebugJniLibFolders' is 75c9f25913c7e5e19f8a111807e738ee
Skipping task ':core:ui:mergeDebugJniLibFolders' as it is up-to-date.

> Task :feature:favourites:compileDebugShaders NO-SOURCE
Skipping task ':feature:favourites:compileDebugShaders' as it has no source files and no previous output files.
:feature:search:generateDebugAssets (Thread[#2106,Execution worker Thread 2,5,main]) started.
Resolve mutations for :core:ui:mergeDebugNativeLibs (Thread[#2108,Execution worker Thread 4,5,main]) started.

> Task :feature:search:generateDebugAssets UP-TO-DATE
Skipping task ':feature:search:generateDebugAssets' as it has no actions.
Resolve mutations for :feature:search:packageDebugAssets (Thread[#2106,Execution worker Thread 2,5,main]) started.
:core:ui:mergeDebugNativeLibs (Thread[#2108,Execution worker Thread 4,5,main]) started.
Resolve mutations for :feature:discover:mergeDebugJniLibFolders (Thread[#2107,Execution worker Thread 3,5,main]) started.
:feature:search:packageDebugAssets (Thread[#2106,Execution worker Thread 2,5,main]) started.
:feature:discover:mergeDebugJniLibFolders (Thread[#2107,Execution worker Thread 3,5,main]) started.

> Task :feature:detail:mergeDebugJniLibFolders UP-TO-DATE
Build cache key for task ':feature:detail:mergeDebugJniLibFolders' is 75c9f25913c7e5e19f8a111807e738ee
Skipping task ':feature:detail:mergeDebugJniLibFolders' as it is up-to-date.
Resolve mutations for :feature:detail:mergeDebugNativeLibs (Thread[#2109,Execution worker Thread 5,5,main]) started.
:feature:detail:mergeDebugNativeLibs (Thread[#2109,Execution worker Thread 5,5,main]) started.

> Task :core:ui:mergeDebugNativeLibs NO-SOURCE
Skipping task ':core:ui:mergeDebugNativeLibs' as it has no source files and no previous output files.
Resolve mutations for :core:ui:copyDebugJniLibsProjectOnly (Thread[#2108,Execution worker Thread 4,5,main]) started.

> Task :feature:search:packageDebugAssets UP-TO-DATE
Build cache key for task ':feature:search:packageDebugAssets' is 75c9f25913c7e5e19f8a111807e738ee
Skipping task ':feature:search:packageDebugAssets' as it is up-to-date.
:core:ui:copyDebugJniLibsProjectOnly (Thread[#2108,Execution worker Thread 4,5,main]) started.
work action resolve out (project :feature:search) (Thread[#2106,Execution worker Thread 2,5,main]) started.
Resolve mutations for :feature:search:mergeDebugJniLibFolders (Thread[#2106,Execution worker Thread 2,5,main]) started.
:feature:search:mergeDebugJniLibFolders (Thread[#2106,Execution worker Thread 2,5,main]) started.
Resolve mutations for :feature:favourites:generateDebugAssets (Thread[#2111,Execution worker Thread 7,5,main]) started.
:feature:favourites:generateDebugAssets (Thread[#2111,Execution worker Thread 7,5,main]) started.

> Task :feature:favourites:generateDebugAssets UP-TO-DATE
Skipping task ':feature:favourites:generateDebugAssets' as it has no actions.
Resolve mutations for :feature:favourites:packageDebugAssets (Thread[#2111,Execution worker Thread 7,5,main]) started.
:feature:favourites:packageDebugAssets (Thread[#2111,Execution worker Thread 7,5,main]) started.

> Task :feature:discover:mergeDebugJniLibFolders UP-TO-DATE
Build cache key for task ':feature:discover:mergeDebugJniLibFolders' is 75c9f25913c7e5e19f8a111807e738ee
Skipping task ':feature:discover:mergeDebugJniLibFolders' as it is up-to-date.
Resolve mutations for :feature:discover:mergeDebugNativeLibs (Thread[#2107,Execution worker Thread 3,5,main]) started.
:feature:discover:mergeDebugNativeLibs (Thread[#2107,Execution worker Thread 3,5,main]) started.

> Task :core:ui:copyDebugJniLibsProjectOnly UP-TO-DATE
Caching disabled for task ':core:ui:copyDebugJniLibsProjectOnly' because:
  Caching has been disabled for the task
Skipping task ':core:ui:copyDebugJniLibsProjectOnly' as it is up-to-date.
work action resolve jni (project :core:ui) (Thread[#2108,Execution worker Thread 4,5,main]) started.
Resolve mutations for :core:data:stripDebugDebugSymbols (Thread[#2108,Execution worker Thread 4,5,main]) started.
:core:data:stripDebugDebugSymbols (Thread[#2108,Execution worker Thread 4,5,main]) started.

> Task :feature:favourites:packageDebugAssets UP-TO-DATE
Build cache key for task ':feature:favourites:packageDebugAssets' is 75c9f25913c7e5e19f8a111807e738ee
Skipping task ':feature:favourites:packageDebugAssets' as it is up-to-date.
work action resolve out (project :feature:favourites) (Thread[#2111,Execution worker Thread 7,5,main]) started.
Resolve mutations for :feature:favourites:mergeDebugJniLibFolders (Thread[#2111,Execution worker Thread 7,5,main]) started.
:feature:favourites:mergeDebugJniLibFolders (Thread[#2111,Execution worker Thread 7,5,main]) started.

> Task :core:data:stripDebugDebugSymbols NO-SOURCE
Skipping task ':core:data:stripDebugDebugSymbols' as it has no source files and no previous output files.
Resolve mutations for :core:data:copyDebugJniLibsProjectAndLocalJars (Thread[#2108,Execution worker Thread 4,5,main]) started.
:core:data:copyDebugJniLibsProjectAndLocalJars (Thread[#2108,Execution worker Thread 4,5,main]) started.

> Task :feature:favourites:mergeDebugJniLibFolders UP-TO-DATE
Build cache key for task ':feature:favourites:mergeDebugJniLibFolders' is 75c9f25913c7e5e19f8a111807e738ee
Skipping task ':feature:favourites:mergeDebugJniLibFolders' as it is up-to-date.

> Task :feature:detail:mergeDebugNativeLibs NO-SOURCE
Skipping task ':feature:detail:mergeDebugNativeLibs' as it has no source files and no previous output files.

> Task :core:data:copyDebugJniLibsProjectAndLocalJars UP-TO-DATE
Caching disabled for task ':core:data:copyDebugJniLibsProjectAndLocalJars' because:
  Caching has been disabled for the task
Skipping task ':core:data:copyDebugJniLibsProjectAndLocalJars' as it is up-to-date.
Resolve mutations for :core:data:extractDeepLinksForAarDebug (Thread[#2108,Execution worker Thread 4,5,main]) started.

> Task :feature:discover:mergeDebugNativeLibs NO-SOURCE
Skipping task ':feature:discover:mergeDebugNativeLibs' as it has no source files and no previous output files.
Resolve mutations for :feature:discover:copyDebugJniLibsProjectOnly (Thread[#2107,Execution worker Thread 3,5,main]) started.
:feature:discover:copyDebugJniLibsProjectOnly (Thread[#2108,Execution worker Thread 4,5,main]) started.
Resolve mutations for :feature:favourites:mergeDebugNativeLibs (Thread[#2109,Execution worker Thread 5,5,main]) started.
Resolve mutations for :feature:detail:copyDebugJniLibsProjectOnly (Thread[#2111,Execution worker Thread 7,5,main]) started.
:feature:favourites:mergeDebugNativeLibs (Thread[#2109,Execution worker Thread 5,5,main]) started.
:feature:detail:copyDebugJniLibsProjectOnly (Thread[#2111,Execution worker Thread 7,5,main]) started.

> Task :feature:discover:copyDebugJniLibsProjectOnly UP-TO-DATE
Caching disabled for task ':feature:discover:copyDebugJniLibsProjectOnly' because:
  Caching has been disabled for the task
Skipping task ':feature:discover:copyDebugJniLibsProjectOnly' as it is up-to-date.

> Task :feature:favourites:mergeDebugNativeLibs NO-SOURCE
Skipping task ':feature:favourites:mergeDebugNativeLibs' as it has no source files and no previous output files.
work action resolve jni (project :feature:discover) (Thread[#2108,Execution worker Thread 4,5,main]) started.
Resolve mutations for :core:ui:stripDebugDebugSymbols (Thread[#2108,Execution worker Thread 4,5,main]) started.
:core:data:extractDeepLinksForAarDebug (Thread[#2107,Execution worker Thread 3,5,main]) started.

> Task :feature:search:mergeDebugJniLibFolders UP-TO-DATE
Build cache key for task ':feature:search:mergeDebugJniLibFolders' is 75c9f25913c7e5e19f8a111807e738ee
Skipping task ':feature:search:mergeDebugJniLibFolders' as it is up-to-date.
Resolve mutations for :feature:search:mergeDebugNativeLibs (Thread[#2106,Execution worker Thread 2,5,main]) started.
:core:ui:stripDebugDebugSymbols (Thread[#2108,Execution worker Thread 4,5,main]) started.
:feature:search:mergeDebugNativeLibs (Thread[#2106,Execution worker Thread 2,5,main]) started.

> Task :feature:detail:copyDebugJniLibsProjectOnly UP-TO-DATE
Caching disabled for task ':feature:detail:copyDebugJniLibsProjectOnly' because:
  Caching has been disabled for the task
Skipping task ':feature:detail:copyDebugJniLibsProjectOnly' as it is up-to-date.
Resolve mutations for :feature:favourites:copyDebugJniLibsProjectOnly (Thread[#2109,Execution worker Thread 5,5,main]) started.
work action resolve jni (project :feature:detail) (Thread[#2111,Execution worker Thread 7,5,main]) started.

> Task :core:ui:stripDebugDebugSymbols NO-SOURCE
Skipping task ':core:ui:stripDebugDebugSymbols' as it has no source files and no previous output files.
Resolve mutations for :feature:detail:stripDebugDebugSymbols (Thread[#2111,Execution worker Thread 7,5,main]) started.
:feature:favourites:copyDebugJniLibsProjectOnly (Thread[#2109,Execution worker Thread 5,5,main]) started.
:feature:detail:stripDebugDebugSymbols (Thread[#2111,Execution worker Thread 7,5,main]) started.
Resolve mutations for :core:ui:copyDebugJniLibsProjectAndLocalJars (Thread[#2108,Execution worker Thread 4,5,main]) started.
:core:ui:copyDebugJniLibsProjectAndLocalJars (Thread[#2108,Execution worker Thread 4,5,main]) started.

> Task :core:data:extractDeepLinksForAarDebug UP-TO-DATE
Build cache key for task ':core:data:extractDeepLinksForAarDebug' is 1933c8f6d38364d414b8aa27277dc514
Skipping task ':core:data:extractDeepLinksForAarDebug' as it is up-to-date.
Resolve mutations for :core:data:prepareDebugArtProfile (Thread[#2107,Execution worker Thread 3,5,main]) started.

> Task :feature:search:mergeDebugNativeLibs NO-SOURCE
Skipping task ':feature:search:mergeDebugNativeLibs' as it has no source files and no previous output files.
Resolve mutations for :feature:search:copyDebugJniLibsProjectOnly (Thread[#2106,Execution worker Thread 2,5,main]) started.
:core:data:prepareDebugArtProfile (Thread[#2107,Execution worker Thread 3,5,main]) started.
:feature:search:copyDebugJniLibsProjectOnly (Thread[#2106,Execution worker Thread 2,5,main]) started.

> Task :core:ui:copyDebugJniLibsProjectAndLocalJars UP-TO-DATE
Caching disabled for task ':core:ui:copyDebugJniLibsProjectAndLocalJars' because:
  Caching has been disabled for the task
Skipping task ':core:ui:copyDebugJniLibsProjectAndLocalJars' as it is up-to-date.

> Task :feature:search:copyDebugJniLibsProjectOnly UP-TO-DATE
Caching disabled for task ':feature:search:copyDebugJniLibsProjectOnly' because:
  Caching has been disabled for the task
Skipping task ':feature:search:copyDebugJniLibsProjectOnly' as it is up-to-date.
work action resolve jni (project :feature:search) (Thread[#2106,Execution worker Thread 2,5,main]) started.
Resolve mutations for :feature:discover:stripDebugDebugSymbols (Thread[#2106,Execution worker Thread 2,5,main]) started.

> Task :feature:favourites:copyDebugJniLibsProjectOnly UP-TO-DATE
Caching disabled for task ':feature:favourites:copyDebugJniLibsProjectOnly' because:
  Caching has been disabled for the task
Skipping task ':feature:favourites:copyDebugJniLibsProjectOnly' as it is up-to-date.
work action resolve jni (project :feature:favourites) (Thread[#2109,Execution worker Thread 5,5,main]) started.
Resolve mutations for :feature:favourites:stripDebugDebugSymbols (Thread[#2109,Execution worker Thread 5,5,main]) started.

> Task :feature:detail:stripDebugDebugSymbols NO-SOURCE
Skipping task ':feature:detail:stripDebugDebugSymbols' as it has no source files and no previous output files.
Resolve mutations for :feature:detail:copyDebugJniLibsProjectAndLocalJars (Thread[#2111,Execution worker Thread 7,5,main]) started.
:feature:favourites:stripDebugDebugSymbols (Thread[#2109,Execution worker Thread 5,5,main]) started.
:feature:detail:copyDebugJniLibsProjectAndLocalJars (Thread[#2111,Execution worker Thread 7,5,main]) started.
:feature:discover:stripDebugDebugSymbols (Thread[#2106,Execution worker Thread 2,5,main]) started.

> Task :feature:detail:copyDebugJniLibsProjectAndLocalJars UP-TO-DATE
Caching disabled for task ':feature:detail:copyDebugJniLibsProjectAndLocalJars' because:
  Caching has been disabled for the task
Skipping task ':feature:detail:copyDebugJniLibsProjectAndLocalJars' as it is up-to-date.
Resolve mutations for :feature:detail:extractDeepLinksForAarDebug (Thread[#2111,Execution worker Thread 7,5,main]) started.
:feature:detail:extractDeepLinksForAarDebug (Thread[#2111,Execution worker Thread 7,5,main]) started.

> Task :feature:detail:extractDeepLinksForAarDebug UP-TO-DATE
Build cache key for task ':feature:detail:extractDeepLinksForAarDebug' is 1933c8f6d38364d414b8aa27277dc514
Skipping task ':feature:detail:extractDeepLinksForAarDebug' as it is up-to-date.
Resolve mutations for :feature:detail:prepareDebugArtProfile (Thread[#2111,Execution worker Thread 7,5,main]) started.
:feature:detail:prepareDebugArtProfile (Thread[#2111,Execution worker Thread 7,5,main]) started.

> Task :feature:favourites:stripDebugDebugSymbols NO-SOURCE
Skipping task ':feature:favourites:stripDebugDebugSymbols' as it has no source files and no previous output files.

> Task :feature:discover:stripDebugDebugSymbols NO-SOURCE
Skipping task ':feature:discover:stripDebugDebugSymbols' as it has no source files and no previous output files.
Resolve mutations for :feature:favourites:copyDebugJniLibsProjectAndLocalJars (Thread[#2109,Execution worker Thread 5,5,main]) started.
:feature:favourites:copyDebugJniLibsProjectAndLocalJars (Thread[#2109,Execution worker Thread 5,5,main]) started.
Resolve mutations for :core:ui:extractDeepLinksForAarDebug (Thread[#2108,Execution worker Thread 4,5,main]) started.
:core:ui:extractDeepLinksForAarDebug (Thread[#2108,Execution worker Thread 4,5,main]) started.

> Task :feature:detail:prepareDebugArtProfile UP-TO-DATE
Caching disabled for task ':feature:detail:prepareDebugArtProfile' because:
  Caching has been disabled for the task
Skipping task ':feature:detail:prepareDebugArtProfile' as it is up-to-date.
Resolve mutations for :feature:detail:prepareLintJarForPublish (Thread[#2111,Execution worker Thread 7,5,main]) started.
:feature:detail:prepareLintJarForPublish (Thread[#2111,Execution worker Thread 7,5,main]) started.
Resolve mutations for :feature:discover:copyDebugJniLibsProjectAndLocalJars (Thread[#2106,Execution worker Thread 2,5,main]) started.
:feature:discover:copyDebugJniLibsProjectAndLocalJars (Thread[#2106,Execution worker Thread 2,5,main]) started.

> Task :core:ui:extractDeepLinksForAarDebug UP-TO-DATE
Build cache key for task ':core:ui:extractDeepLinksForAarDebug' is 1933c8f6d38364d414b8aa27277dc514
Skipping task ':core:ui:extractDeepLinksForAarDebug' as it is up-to-date.

> Task :feature:detail:prepareLintJarForPublish UP-TO-DATE
Caching disabled for task ':feature:detail:prepareLintJarForPublish' because:
  Caching has been disabled for the task
Skipping task ':feature:detail:prepareLintJarForPublish' as it is up-to-date.

> Task :core:data:prepareDebugArtProfile UP-TO-DATE
Caching disabled for task ':core:data:prepareDebugArtProfile' because:
  Caching has been disabled for the task
Skipping task ':core:data:prepareDebugArtProfile' as it is up-to-date.
Resolve mutations for :feature:search:stripDebugDebugSymbols (Thread[#2111,Execution worker Thread 7,5,main]) started.

> Task :feature:discover:copyDebugJniLibsProjectAndLocalJars UP-TO-DATE
Caching disabled for task ':feature:discover:copyDebugJniLibsProjectAndLocalJars' because:
  Caching has been disabled for the task
Skipping task ':feature:discover:copyDebugJniLibsProjectAndLocalJars' as it is up-to-date.
:feature:search:stripDebugDebugSymbols (Thread[#2111,Execution worker Thread 7,5,main]) started.
Resolve mutations for :feature:discover:extractDeepLinksForAarDebug (Thread[#2106,Execution worker Thread 2,5,main]) started.
Resolve mutations for :core:ui:prepareDebugArtProfile (Thread[#2108,Execution worker Thread 4,5,main]) started.
:feature:discover:extractDeepLinksForAarDebug (Thread[#2106,Execution worker Thread 2,5,main]) started.
:core:ui:prepareDebugArtProfile (Thread[#2108,Execution worker Thread 4,5,main]) started.

> Task :feature:favourites:copyDebugJniLibsProjectAndLocalJars UP-TO-DATE
Caching disabled for task ':feature:favourites:copyDebugJniLibsProjectAndLocalJars' because:
  Caching has been disabled for the task
Skipping task ':feature:favourites:copyDebugJniLibsProjectAndLocalJars' as it is up-to-date.
Resolve mutations for :feature:favourites:extractDeepLinksForAarDebug (Thread[#2109,Execution worker Thread 5,5,main]) started.

> Task :feature:search:stripDebugDebugSymbols NO-SOURCE
Skipping task ':feature:search:stripDebugDebugSymbols' as it has no source files and no previous output files.
Resolve mutations for :feature:search:copyDebugJniLibsProjectAndLocalJars (Thread[#2111,Execution worker Thread 7,5,main]) started.
:feature:favourites:extractDeepLinksForAarDebug (Thread[#2109,Execution worker Thread 5,5,main]) started.
Resolve mutations for :core:data:prepareLintJarForPublish (Thread[#2107,Execution worker Thread 3,5,main]) started.

> Task :feature:discover:extractDeepLinksForAarDebug UP-TO-DATE
Build cache key for task ':feature:discover:extractDeepLinksForAarDebug' is 1933c8f6d38364d414b8aa27277dc514
Skipping task ':feature:discover:extractDeepLinksForAarDebug' as it is up-to-date.
Resolve mutations for :feature:discover:prepareDebugArtProfile (Thread[#2106,Execution worker Thread 2,5,main]) started.
:core:data:prepareLintJarForPublish (Thread[#2107,Execution worker Thread 3,5,main]) started.
:feature:discover:prepareDebugArtProfile (Thread[#2106,Execution worker Thread 2,5,main]) started.

> Task :core:ui:prepareDebugArtProfile UP-TO-DATE
Caching disabled for task ':core:ui:prepareDebugArtProfile' because:
  Caching has been disabled for the task
Skipping task ':core:ui:prepareDebugArtProfile' as it is up-to-date.
Resolve mutations for :core:ui:prepareLintJarForPublish (Thread[#2108,Execution worker Thread 4,5,main]) started.
:core:ui:prepareLintJarForPublish (Thread[#2108,Execution worker Thread 4,5,main]) started.

> Task :feature:favourites:extractDeepLinksForAarDebug UP-TO-DATE
Build cache key for task ':feature:favourites:extractDeepLinksForAarDebug' is 1933c8f6d38364d414b8aa27277dc514
Skipping task ':feature:favourites:extractDeepLinksForAarDebug' as it is up-to-date.
Resolve mutations for :feature:favourites:prepareDebugArtProfile (Thread[#2109,Execution worker Thread 5,5,main]) started.
:feature:favourites:prepareDebugArtProfile (Thread[#2109,Execution worker Thread 5,5,main]) started.

> Task :feature:discover:prepareDebugArtProfile UP-TO-DATE
Caching disabled for task ':feature:discover:prepareDebugArtProfile' because:
  Caching has been disabled for the task
Skipping task ':feature:discover:prepareDebugArtProfile' as it is up-to-date.
:feature:search:copyDebugJniLibsProjectAndLocalJars (Thread[#2111,Execution worker Thread 7,5,main]) started.
Resolve mutations for :feature:discover:prepareLintJarForPublish (Thread[#2106,Execution worker Thread 2,5,main]) started.

> Task :core:database:javaPreCompileDebug UP-TO-DATE
Build cache key for task ':core:database:javaPreCompileDebug' is e927e02a3629f96253df917572885fb4
Skipping task ':core:database:javaPreCompileDebug' as it is up-to-date.
Resolve mutations for :core:database:mergeDebugShaders (Thread[#2104,included builds,5,main]) started.
:core:database:mergeDebugShaders (Thread[#2104,included builds,5,main]) started.

> Task :feature:favourites:prepareDebugArtProfile UP-TO-DATE
Caching disabled for task ':feature:favourites:prepareDebugArtProfile' because:
  Caching has been disabled for the task
Skipping task ':feature:favourites:prepareDebugArtProfile' as it is up-to-date.
Resolve mutations for :feature:favourites:prepareLintJarForPublish (Thread[#2109,Execution worker Thread 5,5,main]) started.
:feature:favourites:prepareLintJarForPublish (Thread[#2109,Execution worker Thread 5,5,main]) started.

> Task :core:ui:prepareLintJarForPublish UP-TO-DATE
Caching disabled for task ':core:ui:prepareLintJarForPublish' because:
  Caching has been disabled for the task
Skipping task ':core:ui:prepareLintJarForPublish' as it is up-to-date.
:feature:discover:prepareLintJarForPublish (Thread[#2106,Execution worker Thread 2,5,main]) started.

> Task :core:data:prepareLintJarForPublish UP-TO-DATE
Caching disabled for task ':core:data:prepareLintJarForPublish' because:
  Caching has been disabled for the task
Skipping task ':core:data:prepareLintJarForPublish' as it is up-to-date.

> Task :core:database:mergeDebugShaders UP-TO-DATE
Build cache key for task ':core:database:mergeDebugShaders' is 75c9f25913c7e5e19f8a111807e738ee
Skipping task ':core:database:mergeDebugShaders' as it is up-to-date.
Resolve mutations for :core:database:compileDebugShaders (Thread[#2104,included builds,5,main]) started.

> Task :feature:search:copyDebugJniLibsProjectAndLocalJars UP-TO-DATE
Caching disabled for task ':feature:search:copyDebugJniLibsProjectAndLocalJars' because:
  Caching has been disabled for the task
Skipping task ':feature:search:copyDebugJniLibsProjectAndLocalJars' as it is up-to-date.

> Task :feature:discover:prepareLintJarForPublish UP-TO-DATE
Caching disabled for task ':feature:discover:prepareLintJarForPublish' because:
  Caching has been disabled for the task
Skipping task ':feature:discover:prepareLintJarForPublish' as it is up-to-date.
Resolve mutations for :feature:search:extractDeepLinksForAarDebug (Thread[#2111,Execution worker Thread 7,5,main]) started.
:core:database:compileDebugShaders (Thread[#2104,included builds,5,main]) started.
:feature:search:extractDeepLinksForAarDebug (Thread[#2111,Execution worker Thread 7,5,main]) started.

> Task :feature:favourites:prepareLintJarForPublish UP-TO-DATE
Caching disabled for task ':feature:favourites:prepareLintJarForPublish' because:
  Caching has been disabled for the task
Skipping task ':feature:favourites:prepareLintJarForPublish' as it is up-to-date.

> Task :core:database:compileDebugShaders NO-SOURCE
Skipping task ':core:database:compileDebugShaders' as it has no source files and no previous output files.
Resolve mutations for :core:database:generateDebugAssets (Thread[#2104,included builds,5,main]) started.
:core:database:generateDebugAssets (Thread[#2104,included builds,5,main]) started.

> Task :core:database:generateDebugAssets UP-TO-DATE
Skipping task ':core:database:generateDebugAssets' as it has no actions.
Resolve mutations for :core:database:packageDebugAssets (Thread[#2104,included builds,5,main]) started.

> Task :feature:search:extractDeepLinksForAarDebug UP-TO-DATE
Build cache key for task ':feature:search:extractDeepLinksForAarDebug' is 1933c8f6d38364d414b8aa27277dc514
Skipping task ':feature:search:extractDeepLinksForAarDebug' as it is up-to-date.
Resolve mutations for :feature:search:prepareDebugArtProfile (Thread[#2111,Execution worker Thread 7,5,main]) started.
:core:database:packageDebugAssets (Thread[#2109,Execution worker Thread 5,5,main]) started.

> Task :core:database:packageDebugAssets UP-TO-DATE
Build cache key for task ':core:database:packageDebugAssets' is 75c9f25913c7e5e19f8a111807e738ee
Skipping task ':core:database:packageDebugAssets' as it is up-to-date.
:feature:search:prepareDebugArtProfile (Thread[#2106,Execution worker Thread 2,5,main]) started.
work action resolve out (project :core:database) (Thread[#2109,Execution worker Thread 5,5,main]) started.
Resolve mutations for :core:database:mergeDebugJniLibFolders (Thread[#2109,Execution worker Thread 5,5,main]) started.
:core:database:mergeDebugJniLibFolders (Thread[#2109,Execution worker Thread 5,5,main]) started.

> Task :feature:search:prepareDebugArtProfile UP-TO-DATE
Caching disabled for task ':feature:search:prepareDebugArtProfile' because:
  Caching has been disabled for the task
Skipping task ':feature:search:prepareDebugArtProfile' as it is up-to-date.
Resolve mutations for :feature:search:prepareLintJarForPublish (Thread[#2106,Execution worker Thread 2,5,main]) started.

> Task :core:database:mergeDebugJniLibFolders UP-TO-DATE
Build cache key for task ':core:database:mergeDebugJniLibFolders' is 75c9f25913c7e5e19f8a111807e738ee
Skipping task ':core:database:mergeDebugJniLibFolders' as it is up-to-date.
Resolve mutations for :core:database:mergeDebugNativeLibs (Thread[#2109,Execution worker Thread 5,5,main]) started.
:core:database:mergeDebugNativeLibs (Thread[#2109,Execution worker Thread 5,5,main]) started.

> Task :core:database:mergeDebugNativeLibs NO-SOURCE
Skipping task ':core:database:mergeDebugNativeLibs' as it has no source files and no previous output files.
Resolve mutations for :core:database:copyDebugJniLibsProjectOnly (Thread[#2109,Execution worker Thread 5,5,main]) started.
:feature:search:prepareLintJarForPublish (Thread[#2106,Execution worker Thread 2,5,main]) started.
:core:database:copyDebugJniLibsProjectOnly (Thread[#2109,Execution worker Thread 5,5,main]) started.

> Task :core:database:copyDebugJniLibsProjectOnly UP-TO-DATE
Caching disabled for task ':core:database:copyDebugJniLibsProjectOnly' because:
  Caching has been disabled for the task
Skipping task ':core:database:copyDebugJniLibsProjectOnly' as it is up-to-date.
work action resolve jni (project :core:database) (Thread[#2109,Execution worker Thread 5,5,main]) started.
Resolve mutations for :core:database:stripDebugDebugSymbols (Thread[#2109,Execution worker Thread 5,5,main]) started.

> Task :feature:search:prepareLintJarForPublish UP-TO-DATE
Caching disabled for task ':feature:search:prepareLintJarForPublish' because:
  Caching has been disabled for the task
Skipping task ':feature:search:prepareLintJarForPublish' as it is up-to-date.
:core:database:stripDebugDebugSymbols (Thread[#2109,Execution worker Thread 5,5,main]) started.

> Task :core:database:stripDebugDebugSymbols NO-SOURCE
Skipping task ':core:database:stripDebugDebugSymbols' as it has no source files and no previous output files.
Resolve mutations for :core:database:copyDebugJniLibsProjectAndLocalJars (Thread[#2109,Execution worker Thread 5,5,main]) started.
:core:database:copyDebugJniLibsProjectAndLocalJars (Thread[#2109,Execution worker Thread 5,5,main]) started.

> Task :core:database:copyDebugJniLibsProjectAndLocalJars UP-TO-DATE
Caching disabled for task ':core:database:copyDebugJniLibsProjectAndLocalJars' because:
  Caching has been disabled for the task
Skipping task ':core:database:copyDebugJniLibsProjectAndLocalJars' as it is up-to-date.
Resolve mutations for :core:database:extractDeepLinksForAarDebug (Thread[#2109,Execution worker Thread 5,5,main]) started.
:core:database:extractDeepLinksForAarDebug (Thread[#2109,Execution worker Thread 5,5,main]) started.

> Task :core:database:extractDeepLinksForAarDebug UP-TO-DATE
Build cache key for task ':core:database:extractDeepLinksForAarDebug' is 1933c8f6d38364d414b8aa27277dc514
Skipping task ':core:database:extractDeepLinksForAarDebug' as it is up-to-date.
Resolve mutations for :core:database:prepareDebugArtProfile (Thread[#2109,Execution worker Thread 5,5,main]) started.
:core:database:prepareDebugArtProfile (Thread[#2109,Execution worker Thread 5,5,main]) started.

> Task :core:database:prepareDebugArtProfile UP-TO-DATE
Caching disabled for task ':core:database:prepareDebugArtProfile' because:
  Caching has been disabled for the task
Skipping task ':core:database:prepareDebugArtProfile' as it is up-to-date.
Resolve mutations for :core:database:prepareLintJarForPublish (Thread[#2109,Execution worker Thread 5,5,main]) started.
:core:database:prepareLintJarForPublish (Thread[#2109,Execution worker Thread 5,5,main]) started.

> Task :core:database:prepareLintJarForPublish UP-TO-DATE
Caching disabled for task ':core:database:prepareLintJarForPublish' because:
  Caching has been disabled for the task
Skipping task ':core:database:prepareLintJarForPublish' as it is up-to-date.

> Task :core:model:compileDebugKotlin UP-TO-DATE
Transforming annotations-13.0.jar (org.jetbrains:annotations:13.0) with IdentityTransform
Transforming kotlinx-serialization-core-jvm-1.6.0.jar (org.jetbrains.kotlinx:kotlinx-serialization-core-jvm:1.6.0) with IdentityTransform
Transforming core-1.10.1.aar (androidx.core:core:1.10.1) with AarToClassTransform
Transforming core-ktx-1.10.1.aar (androidx.core:core-ktx:1.10.1) with AarToClassTransform
Transforming kotlinx-serialization-json-jvm-1.6.0.jar (org.jetbrains.kotlinx:kotlinx-serialization-json-jvm:1.6.0) with IdentityTransform
Transforming lifecycle-common-2.3.1.jar (androidx.lifecycle:lifecycle-common:2.3.1) with IdentityTransform
Transforming core-common-2.1.0.jar (androidx.arch.core:core-common:2.1.0) with IdentityTransform
Transforming annotation-experimental-1.3.0.aar (androidx.annotation:annotation-experimental:1.3.0) with AarToClassTransform
Transforming kotlin-stdlib-2.0.21.jar (org.jetbrains.kotlin:kotlin-stdlib:2.0.21) with IdentityTransform
Transforming collection-1.0.0.jar (androidx.collection:collection:1.0.0) with IdentityTransform
Transforming annotation-jvm-1.6.0.jar (androidx.annotation:annotation-jvm:1.6.0) with IdentityTransform
Transforming versionedparcelable-1.1.1.aar (androidx.versionedparcelable:versionedparcelable:1.1.1) with AarToClassTransform
Transforming lifecycle-runtime-2.3.1.aar (androidx.lifecycle:lifecycle-runtime:2.3.1) with AarToClassTransform
Transforming R.jar with BuildToolsApiClasspathEntrySnapshotTransform
Transforming core-ktx-1.10.1-api.jar with BuildToolsApiClasspathEntrySnapshotTransform
Transforming kotlinx-serialization-core-jvm-1.6.0.jar with BuildToolsApiClasspathEntrySnapshotTransform
Transforming kotlinx-serialization-json-jvm-1.6.0.jar with BuildToolsApiClasspathEntrySnapshotTransform
Transforming core-1.10.1-api.jar with BuildToolsApiClasspathEntrySnapshotTransform
Transforming lifecycle-runtime-2.3.1-api.jar with BuildToolsApiClasspathEntrySnapshotTransform
Transforming versionedparcelable-1.1.1-api.jar with BuildToolsApiClasspathEntrySnapshotTransform
Transforming lifecycle-common-2.3.1.jar with BuildToolsApiClasspathEntrySnapshotTransform
Transforming core-common-2.1.0.jar with BuildToolsApiClasspathEntrySnapshotTransform
Transforming collection-1.0.0.jar with BuildToolsApiClasspathEntrySnapshotTransform
Transforming annotation-jvm-1.6.0.jar with BuildToolsApiClasspathEntrySnapshotTransform
Transforming annotation-experimental-1.3.0-api.jar with BuildToolsApiClasspathEntrySnapshotTransform
Transforming kotlin-stdlib-2.0.21.jar with BuildToolsApiClasspathEntrySnapshotTransform
Transforming annotations-13.0.jar with BuildToolsApiClasspathEntrySnapshotTransform
Transforming android.jar with BuildToolsApiClasspathEntrySnapshotTransform
Transforming core-lambda-stubs.jar with BuildToolsApiClasspathEntrySnapshotTransform
Build cache key for task ':core:model:compileDebugKotlin' is bbf2da44005626682bc88e083adfa216
Skipping task ':core:model:compileDebugKotlin' as it is up-to-date.
Resolve mutations for :core:model:javaPreCompileDebug (Thread[#2110,Execution worker Thread 6,5,main]) started.
:core:model:javaPreCompileDebug (Thread[#2110,Execution worker Thread 6,5,main]) started.

> Task :core:model:javaPreCompileDebug UP-TO-DATE
Build cache key for task ':core:model:javaPreCompileDebug' is 9b0443e229e52f363016e3b29029ba92
Skipping task ':core:model:javaPreCompileDebug' as it is up-to-date.
Resolve mutations for :core:model:compileDebugJavaWithJavac (Thread[#2110,Execution worker Thread 6,5,main]) started.
:core:model:compileDebugJavaWithJavac (Thread[#2110,Execution worker Thread 6,5,main]) started.

> Task :core:model:compileDebugJavaWithJavac NO-SOURCE
Skipping task ':core:model:compileDebugJavaWithJavac' as it has no source files and no previous output files.
Resolve mutations for :core:model:bundleLibCompileToJarDebug (Thread[#2110,Execution worker Thread 6,5,main]) started.
:core:model:bundleLibCompileToJarDebug (Thread[#2110,Execution worker Thread 6,5,main]) started.

> Task :core:model:bundleLibCompileToJarDebug UP-TO-DATE
Caching disabled for task ':core:model:bundleLibCompileToJarDebug' because:
  Simple merging task
Skipping task ':core:model:bundleLibCompileToJarDebug' as it is up-to-date.
work action resolve classes.jar (project :core:model) (Thread[#2110,Execution worker Thread 6,5,main]) started.
Resolve mutations for :core:database:kaptGenerateStubsDebugKotlin (Thread[#2106,Execution worker Thread 2,5,main]) started.
Resolve mutations for :core:ui:kspDebugKotlin (Thread[#2108,Execution worker Thread 4,5,main]) started.
Resolve mutations for :core:model:bundleLibRuntimeToJarDebug (Thread[#2110,Execution worker Thread 6,5,main]) started.
:core:model:bundleLibRuntimeToJarDebug (Thread[#2110,Execution worker Thread 6,5,main]) started.
:core:ui:kspDebugKotlin (Thread[#2108,Execution worker Thread 4,5,main]) started.
:core:database:kaptGenerateStubsDebugKotlin (Thread[#2106,Execution worker Thread 2,5,main]) started.

> Task :core:model:bundleLibRuntimeToJarDebug UP-TO-DATE
Caching disabled for task ':core:model:bundleLibRuntimeToJarDebug' because:
  Simple merging task
Skipping task ':core:model:bundleLibRuntimeToJarDebug' as it is up-to-date.
work action resolve classes.jar (project :core:model) (Thread[#2110,Execution worker Thread 6,5,main]) started.
Resolve mutations for :core:model:mergeDebugShaders (Thread[#2110,Execution worker Thread 6,5,main]) started.
IdentityTransform (Thread[#2109,Execution worker Thread 5,5,main]) started.
:core:model:mergeDebugShaders (Thread[#2110,Execution worker Thread 6,5,main]) started.

> Transform classes.jar (project :core:model) with IdentityTransform
Transforming classes.jar (project :core:model) with IdentityTransform
CopyTransform (Thread[#2109,Execution worker Thread 5,5,main]) started.

> Transform classes.jar (project :core:model) with CopyTransform
Transforming classes.jar (project :core:model) with CopyTransform
AggregatedPackagesTransform (Thread[#2109,Execution worker Thread 5,5,main]) started.

> Transform classes.jar (project :core:model) with AggregatedPackagesTransform
Transforming classes.jar (project :core:model) with AggregatedPackagesTransform

> Task :core:model:mergeDebugShaders UP-TO-DATE
Build cache key for task ':core:model:mergeDebugShaders' is 75c9f25913c7e5e19f8a111807e738ee
Skipping task ':core:model:mergeDebugShaders' as it is up-to-date.
Resolve mutations for :core:model:compileDebugShaders (Thread[#2110,Execution worker Thread 6,5,main]) started.
:core:model:compileDebugShaders (Thread[#2110,Execution worker Thread 6,5,main]) started.

> Task :core:model:compileDebugShaders NO-SOURCE
Skipping task ':core:model:compileDebugShaders' as it has no source files and no previous output files.
Resolve mutations for :core:model:generateDebugAssets (Thread[#2110,Execution worker Thread 6,5,main]) started.
:core:model:generateDebugAssets (Thread[#2110,Execution worker Thread 6,5,main]) started.

> Task :core:model:generateDebugAssets UP-TO-DATE
Skipping task ':core:model:generateDebugAssets' as it has no actions.
Resolve mutations for :core:model:packageDebugAssets (Thread[#2110,Execution worker Thread 6,5,main]) started.
:core:model:packageDebugAssets (Thread[#2110,Execution worker Thread 6,5,main]) started.

> Task :core:model:packageDebugAssets UP-TO-DATE
Build cache key for task ':core:model:packageDebugAssets' is 75c9f25913c7e5e19f8a111807e738ee
Skipping task ':core:model:packageDebugAssets' as it is up-to-date.
work action resolve out (project :core:model) (Thread[#2110,Execution worker Thread 6,5,main]) started.
Resolve mutations for :core:model:processDebugJavaRes (Thread[#2110,Execution worker Thread 6,5,main]) started.
:core:model:processDebugJavaRes (Thread[#2110,Execution worker Thread 6,5,main]) started.

> Task :core:model:processDebugJavaRes UP-TO-DATE
file or directory 'D:\proj\alyk\test23\core\model\src\main\resources', not found
file or directory 'D:\proj\alyk\test23\core\model\src\debug\resources', not found
file or directory 'D:\proj\alyk\test23\core\model\src\main\resources', not found
file or directory 'D:\proj\alyk\test23\core\model\src\debug\resources', not found
Caching disabled for task ':core:model:processDebugJavaRes' because:
  Caching has been disabled for the task
Skipping task ':core:model:processDebugJavaRes' as it is up-to-date.
work action resolve out (project :core:model) (Thread[#2110,Execution worker Thread 6,5,main]) started.
Resolve mutations for :core:model:bundleLibRuntimeToDirDebug (Thread[#2104,included builds,5,main]) started.
:core:model:bundleLibRuntimeToDirDebug (Thread[#2104,included builds,5,main]) started.

> Task :core:model:bundleLibRuntimeToDirDebug UP-TO-DATE
Caching disabled for task ':core:model:bundleLibRuntimeToDirDebug' because:
  Simple merging task
Skipping task ':core:model:bundleLibRuntimeToDirDebug' as it is up-to-date.
work action resolve bundleLibRuntimeToDirDebug (project :core:model) (Thread[#2104,included builds,5,main]) started.
ClassesDirToClassesTransform (Thread[#2107,Execution worker Thread 3,5,main]) started.
Resolve mutations for :core:model:mergeDebugJniLibFolders (Thread[#2104,included builds,5,main]) started.
:core:model:mergeDebugJniLibFolders (Thread[#2104,included builds,5,main]) started.

> Transform bundleLibRuntimeToDirDebug (project :core:model) with ClassesDirToClassesTransform
Transforming bundleLibRuntimeToDirDebug (project :core:model) with ClassesDirToClassesTransform
DexingNoClasspathTransform (Thread[#2107,Execution worker Thread 3,5,main]) started.

> Transform bundleLibRuntimeToDirDebug (project :core:model) with DexingNoClasspathTransform
Transforming bundleLibRuntimeToDirDebug (project :core:model) with DexingNoClasspathTransform
Build cache key for DexingNoClasspathTransform: D:\proj\alyk\test23\core\model\build\intermediates\runtime_library_classes_dir\debug\bundleLibRuntimeToDirDebug is 3d002f85af0ad38edd733cc2209387d4
Skipping DexingNoClasspathTransform: D:\proj\alyk\test23\core\model\build\intermediates\runtime_library_classes_dir\debug\bundleLibRuntimeToDirDebug as it is up-to-date.

> Task :core:model:mergeDebugJniLibFolders UP-TO-DATE
Build cache key for task ':core:model:mergeDebugJniLibFolders' is 75c9f25913c7e5e19f8a111807e738ee
Skipping task ':core:model:mergeDebugJniLibFolders' as it is up-to-date.
Resolve mutations for :core:model:mergeDebugNativeLibs (Thread[#2104,included builds,5,main]) started.
:core:model:mergeDebugNativeLibs (Thread[#2104,included builds,5,main]) started.

> Task :core:model:mergeDebugNativeLibs NO-SOURCE
Skipping task ':core:model:mergeDebugNativeLibs' as it has no source files and no previous output files.
Resolve mutations for :core:model:copyDebugJniLibsProjectOnly (Thread[#2104,included builds,5,main]) started.
:core:model:copyDebugJniLibsProjectOnly (Thread[#2104,included builds,5,main]) started.

> Task :core:model:copyDebugJniLibsProjectOnly UP-TO-DATE
Caching disabled for task ':core:model:copyDebugJniLibsProjectOnly' because:
  Caching has been disabled for the task
Skipping task ':core:model:copyDebugJniLibsProjectOnly' as it is up-to-date.
work action resolve jni (project :core:model) (Thread[#2104,included builds,5,main]) started.
Resolve mutations for :core:model:stripDebugDebugSymbols (Thread[#2104,included builds,5,main]) started.
:core:model:stripDebugDebugSymbols (Thread[#2104,included builds,5,main]) started.

> Task :core:model:stripDebugDebugSymbols NO-SOURCE
Skipping task ':core:model:stripDebugDebugSymbols' as it has no source files and no previous output files.
Resolve mutations for :core:model:copyDebugJniLibsProjectAndLocalJars (Thread[#2104,included builds,5,main]) started.
:core:model:copyDebugJniLibsProjectAndLocalJars (Thread[#2104,included builds,5,main]) started.

> Task :core:model:copyDebugJniLibsProjectAndLocalJars UP-TO-DATE
Caching disabled for task ':core:model:copyDebugJniLibsProjectAndLocalJars' because:
  Caching has been disabled for the task
Skipping task ':core:model:copyDebugJniLibsProjectAndLocalJars' as it is up-to-date.
Resolve mutations for :core:model:extractDebugAnnotations (Thread[#2104,included builds,5,main]) started.
:core:model:extractDebugAnnotations (Thread[#2104,included builds,5,main]) started.

> Task :core:model:extractDebugAnnotations UP-TO-DATE
Build cache key for task ':core:model:extractDebugAnnotations' is ab60ddb0615771c4d04f260164b71186
Skipping task ':core:model:extractDebugAnnotations' as it is up-to-date.
Resolve mutations for :core:model:extractDeepLinksForAarDebug (Thread[#2104,included builds,5,main]) started.
:core:model:extractDeepLinksForAarDebug (Thread[#2104,included builds,5,main]) started.

> Task :core:model:extractDeepLinksForAarDebug UP-TO-DATE
Build cache key for task ':core:model:extractDeepLinksForAarDebug' is 1933c8f6d38364d414b8aa27277dc514
Skipping task ':core:model:extractDeepLinksForAarDebug' as it is up-to-date.
Resolve mutations for :core:model:mergeDebugGeneratedProguardFiles (Thread[#2104,included builds,5,main]) started.
:core:model:mergeDebugGeneratedProguardFiles (Thread[#2104,included builds,5,main]) started.

> Task :core:model:mergeDebugGeneratedProguardFiles UP-TO-DATE
Caching disabled for task ':core:model:mergeDebugGeneratedProguardFiles' because:
  Simple merging task
Skipping task ':core:model:mergeDebugGeneratedProguardFiles' as it is up-to-date.
Resolve mutations for :core:model:mergeDebugConsumerProguardFiles (Thread[#2104,included builds,5,main]) started.
:core:model:mergeDebugConsumerProguardFiles (Thread[#2104,included builds,5,main]) started.

> Task :core:model:mergeDebugConsumerProguardFiles UP-TO-DATE
Caching disabled for task ':core:model:mergeDebugConsumerProguardFiles' because:
  Simple merging task
Skipping task ':core:model:mergeDebugConsumerProguardFiles' as it is up-to-date.
Resolve mutations for :core:model:prepareDebugArtProfile (Thread[#2104,included builds,5,main]) started.
:core:model:prepareDebugArtProfile (Thread[#2104,included builds,5,main]) started.

> Task :core:model:prepareDebugArtProfile UP-TO-DATE
Caching disabled for task ':core:model:prepareDebugArtProfile' because:
  Caching has been disabled for the task
Skipping task ':core:model:prepareDebugArtProfile' as it is up-to-date.
Resolve mutations for :core:model:prepareLintJarForPublish (Thread[#2104,included builds,5,main]) started.
:core:model:prepareLintJarForPublish (Thread[#2104,included builds,5,main]) started.

> Task :core:model:prepareLintJarForPublish UP-TO-DATE
Caching disabled for task ':core:model:prepareLintJarForPublish' because:
  Caching has been disabled for the task
Skipping task ':core:model:prepareLintJarForPublish' as it is up-to-date.
Resolve mutations for :core:model:mergeDebugJavaResource (Thread[#2104,included builds,5,main]) started.
:core:model:mergeDebugJavaResource (Thread[#2104,included builds,5,main]) started.

> Task :core:model:mergeDebugJavaResource UP-TO-DATE
Caching disabled for task ':core:model:mergeDebugJavaResource' because:
  Caching has been disabled for the task
Skipping task ':core:model:mergeDebugJavaResource' as it is up-to-date.
Resolve mutations for :core:model:syncDebugLibJars (Thread[#2104,included builds,5,main]) started.

> Task :core:database:kaptGenerateStubsDebugKotlin UP-TO-DATE
Transforming room-common-2.6.1.jar (androidx.room:room-common:2.6.1) with IdentityTransform
Transforming hilt-android-2.51.1.aar (com.google.dagger:hilt-android:2.51.1) with AarToClassTransform
Transforming core-ktx-1.10.1.aar (androidx.core:core-ktx:1.10.1) with AarToClassTransform
Transforming fragment-1.5.1.aar (androidx.fragment:fragment:1.5.1) with AarToClassTransform
Transforming core-1.10.1.aar (androidx.core:core:1.10.1) with AarToClassTransform
Transforming versionedparcelable-1.1.1.aar (androidx.versionedparcelable:versionedparcelable:1.1.1) with AarToClassTransform
Transforming annotation-jvm-1.6.0.jar (androidx.annotation:annotation-jvm:1.6.0) with IdentityTransform
Transforming kotlin-stdlib-2.0.21.jar (org.jetbrains.kotlin:kotlin-stdlib:2.0.21) with IdentityTransform
Transforming dagger-2.51.1.jar (com.google.dagger:dagger:2.51.1) with IdentityTransform
Transforming javax.inject-1.jar (javax.inject:javax.inject:1) with IdentityTransform
Transforming jsr305-3.0.2.jar (com.google.code.findbugs:jsr305:3.0.2) with IdentityTransform
Transforming room-runtime-2.6.1.aar (androidx.room:room-runtime:2.6.1) with AarToClassTransform
Transforming room-ktx-2.6.1.aar (androidx.room:room-ktx:2.6.1) with AarToClassTransform
Transforming viewpager-1.0.0.aar (androidx.viewpager:viewpager:1.0.0) with AarToClassTransform
Transforming activity-1.5.1.aar (androidx.activity:activity:1.5.1) with AarToClassTransform
Transforming lifecycle-viewmodel-savedstate-2.5.1.aar (androidx.lifecycle:lifecycle-viewmodel-savedstate:2.5.1) with AarToClassTransform
Transforming lifecycle-viewmodel-2.5.1.aar (androidx.lifecycle:lifecycle-viewmodel:2.5.1) with AarToClassTransform
Transforming core-1.10.1.aar (androidx.core:core:1.10.1) with AarToClassTransform
Transforming savedstate-1.2.0.aar (androidx.savedstate:savedstate:1.2.0) with AarToClassTransform
Transforming kotlinx-coroutines-android-1.7.1.jar (org.jetbrains.kotlinx:kotlinx-coroutines-android:1.7.1) with IdentityTransform
Transforming kotlin-stdlib-jdk8-1.8.22.jar (org.jetbrains.kotlin:kotlin-stdlib-jdk8:1.8.22) with IdentityTransform
Transforming customview-1.0.0.aar (androidx.customview:customview:1.0.0) with AarToClassTransform
Transforming annotation-experimental-1.3.1.aar (androidx.annotation:annotation-experimental:1.3.1) with AarToClassTransform
Transforming lifecycle-viewmodel-2.5.1.aar (androidx.lifecycle:lifecycle-viewmodel:2.5.1) with AarToClassTransform
Transforming lifecycle-runtime-2.5.1.aar (androidx.lifecycle:lifecycle-runtime:2.5.1) with AarToClassTransform
Transforming kotlinx-coroutines-core-jvm-1.7.1.jar (org.jetbrains.kotlinx:kotlinx-coroutines-core-jvm:1.7.1) with IdentityTransform
Transforming lifecycle-livedata-core-2.5.1.aar (androidx.lifecycle:lifecycle-livedata-core:2.5.1) with AarToClassTransform
Transforming sqlite-framework-2.4.0.aar (androidx.sqlite:sqlite-framework:2.4.0) with AarToClassTransform
Transforming lifecycle-common-2.5.1.jar (androidx.lifecycle:lifecycle-common:2.5.1) with IdentityTransform
Transforming core-runtime-2.2.0.aar (androidx.arch.core:core-runtime:2.2.0) with AarToClassTransform
Transforming sqlite-2.4.0.aar (androidx.sqlite:sqlite:2.4.0) with AarToClassTransform
Transforming lifecycle-livedata-2.0.0.aar (androidx.lifecycle:lifecycle-livedata:2.0.0) with AarToClassTransform
Transforming kotlin-stdlib-jdk7-1.8.22.jar (org.jetbrains.kotlin:kotlin-stdlib-jdk7:1.8.22) with IdentityTransform
Transforming lifecycle-livedata-core-2.5.1.aar (androidx.lifecycle:lifecycle-livedata-core:2.5.1) with AarToClassTransform
Transforming annotations-23.0.0.jar (org.jetbrains:annotations:23.0.0) with IdentityTransform
Transforming collection-1.1.0.jar (androidx.collection:collection:1.1.0) with IdentityTransform
Transforming core-1.10.1.aar (androidx.core:core:1.10.1) with AarToClassTransform
Transforming core-common-2.2.0.jar (androidx.arch.core:core-common:2.2.0) with IdentityTransform
Transforming core-1.10.1.aar (androidx.core:core:1.10.1) with AarToClassTransform
Transforming dagger-lint-aar-2.51.1.aar (com.google.dagger:dagger-lint-aar:2.51.1) with AarToClassTransform
Transforming loader-1.0.0.aar (androidx.loader:loader:1.0.0) with AarToClassTransform
Transforming hilt-core-2.51.1.jar (com.google.dagger:hilt-core:2.51.1) with IdentityTransform
Transforming R.jar with BuildToolsApiClasspathEntrySnapshotTransform
Transforming classes.jar with BuildToolsApiClasspathEntrySnapshotTransform
Transforming room-common-2.6.1.jar with BuildToolsApiClasspathEntrySnapshotTransform
Transforming room-runtime-2.6.1-api.jar with BuildToolsApiClasspathEntrySnapshotTransform
Transforming room-ktx-2.6.1-api.jar with BuildToolsApiClasspathEntrySnapshotTransform
Transforming hilt-android-2.51.1-api.jar with BuildToolsApiClasspathEntrySnapshotTransform
Transforming fragment-1.5.1-api.jar with BuildToolsApiClasspathEntrySnapshotTransform
Transforming activity-1.5.1-api.jar with BuildToolsApiClasspathEntrySnapshotTransform
Transforming lifecycle-viewmodel-savedstate-2.5.1-api.jar with BuildToolsApiClasspathEntrySnapshotTransform
Transforming core-ktx-1.10.1-api.jar with BuildToolsApiClasspathEntrySnapshotTransform
Transforming loader-1.0.0-api.jar with BuildToolsApiClasspathEntrySnapshotTransform
Transforming viewpager-1.0.0-api.jar with BuildToolsApiClasspathEntrySnapshotTransform
Transforming customview-1.0.0-api.jar with BuildToolsApiClasspathEntrySnapshotTransform
Transforming core-1.10.1-api.jar with BuildToolsApiClasspathEntrySnapshotTransform
Transforming annotation-experimental-1.3.1-api.jar with BuildToolsApiClasspathEntrySnapshotTransform
Transforming lifecycle-viewmodel-2.5.1-api.jar with BuildToolsApiClasspathEntrySnapshotTransform
Transforming savedstate-1.2.0-api.jar with BuildToolsApiClasspathEntrySnapshotTransform
Transforming kotlinx-coroutines-core-jvm-1.7.1.jar with BuildToolsApiClasspathEntrySnapshotTransform
Transforming kotlinx-coroutines-android-1.7.1.jar with BuildToolsApiClasspathEntrySnapshotTransform
Transforming kotlin-stdlib-jdk8-1.8.22.jar with BuildToolsApiClasspathEntrySnapshotTransform
Transforming sqlite-framework-2.4.0-api.jar with BuildToolsApiClasspathEntrySnapshotTransform
Transforming sqlite-2.4.0-api.jar with BuildToolsApiClasspathEntrySnapshotTransform
Transforming lifecycle-runtime-2.5.1-api.jar with BuildToolsApiClasspathEntrySnapshotTransform
Transforming lifecycle-livedata-2.0.0-api.jar with BuildToolsApiClasspathEntrySnapshotTransform
Transforming lifecycle-livedata-core-2.5.1-api.jar with BuildToolsApiClasspathEntrySnapshotTransform
Transforming lifecycle-common-2.5.1.jar with BuildToolsApiClasspathEntrySnapshotTransform
Transforming versionedparcelable-1.1.1-api.jar with BuildToolsApiClasspathEntrySnapshotTransform
Transforming collection-1.1.0.jar with BuildToolsApiClasspathEntrySnapshotTransform
Transforming core-runtime-2.2.0-api.jar with BuildToolsApiClasspathEntrySnapshotTransform
Transforming core-common-2.2.0.jar with BuildToolsApiClasspathEntrySnapshotTransform
Transforming annotation-jvm-1.6.0.jar with BuildToolsApiClasspathEntrySnapshotTransform
Transforming kotlin-stdlib-jdk7-1.8.22.jar with BuildToolsApiClasspathEntrySnapshotTransform
Transforming kotlin-stdlib-2.0.21.jar with BuildToolsApiClasspathEntrySnapshotTransform
Transforming annotations-23.0.0.jar with BuildToolsApiClasspathEntrySnapshotTransform
Transforming hilt-core-2.51.1.jar with BuildToolsApiClasspathEntrySnapshotTransform
Transforming dagger-2.51.1.jar with BuildToolsApiClasspathEntrySnapshotTransform
Transforming javax.inject-1.jar with BuildToolsApiClasspathEntrySnapshotTransform
Transforming dagger-lint-aar-2.51.1-api.jar with BuildToolsApiClasspathEntrySnapshotTransform
Transforming jsr305-3.0.2.jar with BuildToolsApiClasspathEntrySnapshotTransform
Transforming android.jar with BuildToolsApiClasspathEntrySnapshotTransform
Transforming core-lambda-stubs.jar with BuildToolsApiClasspathEntrySnapshotTransform
Build cache key for task ':core:database:kaptGenerateStubsDebugKotlin' is 686f282d32a52061c2ed811e4cfa91f1
Skipping task ':core:database:kaptGenerateStubsDebugKotlin' as it is up-to-date.
Resolve mutations for :core:database:kaptDebugKotlin (Thread[#2106,Execution worker Thread 2,5,main]) started.
:core:model:syncDebugLibJars (Thread[#2104,included builds,5,main]) started.
:core:database:kaptDebugKotlin (Thread[#2106,Execution worker Thread 2,5,main]) started.

> Task :core:model:syncDebugLibJars UP-TO-DATE
Build cache key for task ':core:model:syncDebugLibJars' is aa77108f530f781b0024aeb07f6e3626
Skipping task ':core:model:syncDebugLibJars' as it is up-to-date.
Resolve mutations for :core:model:bundleDebugAar (Thread[#2104,included builds,5,main]) started.
:core:model:bundleDebugAar (Thread[#2104,included builds,5,main]) started.

> Task :core:model:bundleDebugAar UP-TO-DATE
Caching disabled for task ':core:model:bundleDebugAar' because:
  Caching has been disabled for the task
Skipping task ':core:model:bundleDebugAar' as it is up-to-date.
Resolve mutations for :core:model:assembleDebug (Thread[#2104,included builds,5,main]) started.
:core:model:assembleDebug (Thread[#2104,included builds,5,main]) started.

> Task :core:model:assembleDebug UP-TO-DATE
Skipping task ':core:model:assembleDebug' as it has no actions.

> Task :app:checkFreeDebugAarMetadata UP-TO-DATE
Transforming hilt-navigation-compose-1.2.0.aar (androidx.hilt:hilt-navigation-compose:1.2.0) with ExtractAarTransform
Transforming hilt-navigation-compose-1.2.0.aar (androidx.hilt:hilt-navigation-compose:1.2.0) with AarTransform
Transforming hilt-navigation-1.2.0.aar (androidx.hilt:hilt-navigation:1.2.0) with ExtractAarTransform
Transforming hilt-navigation-1.2.0.aar (androidx.hilt:hilt-navigation:1.2.0) with AarTransform
Transforming navigation-common-2.7.7.aar (androidx.navigation:navigation-common:2.7.7) with ExtractAarTransform
Transforming navigation-common-2.7.7.aar (androidx.navigation:navigation-common:2.7.7) with AarTransform
Transforming navigation-runtime-2.7.7.aar (androidx.navigation:navigation-runtime:2.7.7) with ExtractAarTransform
Transforming navigation-runtime-2.7.7.aar (androidx.navigation:navigation-runtime:2.7.7) with AarTransform
Transforming hilt-android-2.51.1.aar (com.google.dagger:hilt-android:2.51.1) with ExtractAarTransform
Transforming hilt-android-2.51.1.aar (com.google.dagger:hilt-android:2.51.1) with AarTransform
Transforming fragment-1.5.1.aar (androidx.fragment:fragment:1.5.1) with ExtractAarTransform
Transforming fragment-1.5.1.aar (androidx.fragment:fragment:1.5.1) with AarTransform
Transforming room-runtime-2.6.1.aar (androidx.room:room-runtime:2.6.1) with ExtractAarTransform
Transforming room-runtime-2.6.1.aar (androidx.room:room-runtime:2.6.1) with AarTransform
Transforming room-ktx-2.6.1.aar (androidx.room:room-ktx:2.6.1) with ExtractAarTransform
Transforming room-ktx-2.6.1.aar (androidx.room:room-ktx:2.6.1) with AarTransform
Transforming loader-1.0.0.aar (androidx.loader:loader:1.0.0) with ExtractAarTransform
Transforming navigation-compose-2.7.7.aar (androidx.navigation:navigation-compose:2.7.7) with ExtractAarTransform
Transforming loader-1.0.0.aar (androidx.loader:loader:1.0.0) with AarTransform
Transforming viewpager-1.0.0.aar (androidx.viewpager:viewpager:1.0.0) with ExtractAarTransform
Transforming viewpager-1.0.0.aar (androidx.viewpager:viewpager:1.0.0) with AarTransform
Transforming navigation-common-ktx-2.7.7.aar (androidx.navigation:navigation-common-ktx:2.7.7) with ExtractAarTransform
Transforming customview-1.0.0.aar (androidx.customview:customview:1.0.0) with ExtractAarTransform
Transforming navigation-common-ktx-2.7.7.aar (androidx.navigation:navigation-common-ktx:2.7.7) with AarTransform
Transforming animation-core-release.aar (androidx.compose.animation:animation-core-android:1.7.0) with ExtractAarTransform
Transforming animation-core-release.aar (androidx.compose.animation:animation-core-android:1.7.0) with AarTransform
Transforming material-ripple-release.aar (androidx.compose.material:material-ripple-android:1.7.0) with ExtractAarTransform
Transforming material-ripple-release.aar (androidx.compose.material:material-ripple-android:1.7.0) with AarTransform
Transforming animation-release.aar (androidx.compose.animation:animation-android:1.7.0) with ExtractAarTransform
Transforming animation-release.aar (androidx.compose.animation:animation-android:1.7.0) with AarTransform
Transforming material3-release.aar (androidx.compose.material3:material3-android:1.3.0) with ExtractAarTransform
Transforming material3-release.aar (androidx.compose.material3:material3-android:1.3.0) with AarTransform
Transforming navigation-compose-2.7.7.aar (androidx.navigation:navigation-compose:2.7.7) with AarTransform
Transforming navigation-runtime-ktx-2.7.7.aar (androidx.navigation:navigation-runtime-ktx:2.7.7) with ExtractAarTransform
Transforming navigation-runtime-ktx-2.7.7.aar (androidx.navigation:navigation-runtime-ktx:2.7.7) with AarTransform
Transforming foundation-layout-release.aar (androidx.compose.foundation:foundation-layout-android:1.7.0) with ExtractAarTransform
Transforming customview-1.0.0.aar (androidx.customview:customview:1.0.0) with AarTransform
Transforming foundation-layout-release.aar (androidx.compose.foundation:foundation-layout-android:1.7.0) with AarTransform
Transforming sqlite-framework-2.4.0.aar (androidx.sqlite:sqlite-framework:2.4.0) with ExtractAarTransform
Transforming sqlite-framework-2.4.0.aar (androidx.sqlite:sqlite-framework:2.4.0) with AarTransform
Transforming sqlite-2.4.0.aar (androidx.sqlite:sqlite:2.4.0) with ExtractAarTransform
Transforming foundation-release.aar (androidx.compose.foundation:foundation-android:1.7.0) with ExtractAarTransform
Transforming foundation-release.aar (androidx.compose.foundation:foundation-android:1.7.0) with AarTransform
Transforming ui-tooling-data-release.aar (androidx.compose.ui:ui-tooling-data-android:1.7.0) with ExtractAarTransform
Transforming ui-tooling-data-release.aar (androidx.compose.ui:ui-tooling-data-android:1.7.0) with AarTransform
Transforming sqlite-2.4.0.aar (androidx.sqlite:sqlite:2.4.0) with AarTransform
Transforming versionedparcelable-1.1.1.aar (androidx.versionedparcelable:versionedparcelable:1.1.1) with ExtractAarTransform
Transforming versionedparcelable-1.1.1.aar (androidx.versionedparcelable:versionedparcelable:1.1.1) with AarTransform
Transforming ui-unit-release.aar (androidx.compose.ui:ui-unit-android:1.7.0) with ExtractAarTransform
Transforming ui-unit-release.aar (androidx.compose.ui:ui-unit-android:1.7.0) with AarTransform
Transforming dagger-lint-aar-2.51.1.aar (com.google.dagger:dagger-lint-aar:2.51.1) with ExtractAarTransform
Transforming dagger-lint-aar-2.51.1.aar (com.google.dagger:dagger-lint-aar:2.51.1) with AarTransform
Transforming ui-geometry-release.aar (androidx.compose.ui:ui-geometry-android:1.7.0) with ExtractAarTransform
Transforming ui-geometry-release.aar (androidx.compose.ui:ui-geometry-android:1.7.0) with AarTransform
Transforming ui-text-release.aar (androidx.compose.ui:ui-text-android:1.7.0) with ExtractAarTransform
Transforming ui-text-release.aar (androidx.compose.ui:ui-text-android:1.7.0) with AarTransform
Transforming ui-tooling-preview-release.aar (androidx.compose.ui:ui-tooling-preview-android:1.7.0) with ExtractAarTransform
Transforming ui-tooling-preview-release.aar (androidx.compose.ui:ui-tooling-preview-android:1.7.0) with AarTransform
Transforming ui-util-release.aar (androidx.compose.ui:ui-util-android:1.7.0) with ExtractAarTransform
Transforming ui-util-release.aar (androidx.compose.ui:ui-util-android:1.7.0) with AarTransform
Transforming ui-graphics-release.aar (androidx.compose.ui:ui-graphics-android:1.7.0) with ExtractAarTransform
Transforming ui-test-manifest-1.7.0.aar (androidx.compose.ui:ui-test-manifest:1.7.0) with ExtractAarTransform
Transforming ui-graphics-release.aar (androidx.compose.ui:ui-graphics-android:1.7.0) with AarTransform
Transforming ui-test-manifest-1.7.0.aar (androidx.compose.ui:ui-test-manifest:1.7.0) with AarTransform
Transforming ui-tooling-release.aar (androidx.compose.ui:ui-tooling-android:1.7.0) with ExtractAarTransform
Transforming accompanist-drawablepainter-0.32.0.aar (com.google.accompanist:accompanist-drawablepainter:0.32.0) with ExtractAarTransform
Transforming activity-ktx-1.8.2.aar (androidx.activity:activity-ktx:1.8.2) with ExtractAarTransform
Transforming activity-1.8.2.aar (androidx.activity:activity:1.8.2) with ExtractAarTransform
Transforming activity-ktx-1.8.2.aar (androidx.activity:activity-ktx:1.8.2) with AarTransform
Transforming activity-1.8.2.aar (androidx.activity:activity:1.8.2) with AarTransform
Transforming activity-compose-1.8.2.aar (androidx.activity:activity-compose:1.8.2) with ExtractAarTransform
Transforming activity-compose-1.8.2.aar (androidx.activity:activity-compose:1.8.2) with AarTransform
Transforming material-icons-extended-release.aar (androidx.compose.material:material-icons-extended-android:1.7.0) with ExtractAarTransform
Transforming material-icons-extended-release.aar (androidx.compose.material:material-icons-extended-android:1.7.0) with AarTransform
Transforming material-icons-core-release.aar (androidx.compose.material:material-icons-core-android:1.7.0) with ExtractAarTransform
Transforming material-icons-core-release.aar (androidx.compose.material:material-icons-core-android:1.7.0) with AarTransform
Transforming coil-2.5.0.aar (io.coil-kt:coil:2.5.0) with ExtractAarTransform
Transforming coil-2.5.0.aar (io.coil-kt:coil:2.5.0) with AarTransform
Transforming coil-base-2.5.0.aar (io.coil-kt:coil-base:2.5.0) with ExtractAarTransform
Transforming coil-base-2.5.0.aar (io.coil-kt:coil-base:2.5.0) with AarTransform
Transforming autofill-1.0.0.aar (androidx.autofill:autofill:1.0.0) with ExtractAarTransform
Transforming autofill-1.0.0.aar (androidx.autofill:autofill:1.0.0) with AarTransform
Transforming graphics-path-1.0.1.aar (androidx.graphics:graphics-path:1.0.1) with ExtractAarTransform
Transforming graphics-path-1.0.1.aar (androidx.graphics:graphics-path:1.0.1) with AarTransform
Transforming appcompat-resources-1.6.1.aar (androidx.appcompat:appcompat-resources:1.6.1) with ExtractAarTransform
Transforming appcompat-resources-1.6.1.aar (androidx.appcompat:appcompat-resources:1.6.1) with AarTransform
Transforming vectordrawable-animated-1.1.0.aar (androidx.vectordrawable:vectordrawable-animated:1.1.0) with ExtractAarTransform
Transforming vectordrawable-animated-1.1.0.aar (androidx.vectordrawable:vectordrawable-animated:1.1.0) with AarTransform
Transforming vectordrawable-1.1.0.aar (androidx.vectordrawable:vectordrawable:1.1.0) with ExtractAarTransform
Transforming vectordrawable-1.1.0.aar (androidx.vectordrawable:vectordrawable:1.1.0) with AarTransform
Transforming emoji2-1.3.0.aar (androidx.emoji2:emoji2:1.3.0) with ExtractAarTransform
Transforming emoji2-1.3.0.aar (androidx.emoji2:emoji2:1.3.0) with AarTransform
Transforming customview-poolingcontainer-1.0.0.aar (androidx.customview:customview-poolingcontainer:1.0.0) with ExtractAarTransform
Transforming customview-poolingcontainer-1.0.0.aar (androidx.customview:customview-poolingcontainer:1.0.0) with AarTransform
Transforming core-ktx-1.13.1.aar (androidx.core:core-ktx:1.13.1) with ExtractAarTransform
Transforming core-ktx-1.13.1.aar (androidx.core:core-ktx:1.13.1) with AarTransform
Transforming core-1.13.1.aar (androidx.core:core:1.13.1) with ExtractAarTransform
Transforming core-1.13.1.aar (androidx.core:core:1.13.1) with ExtractAarTransform
Transforming core-1.13.1.aar (androidx.core:core:1.13.1) with AarTransform
Transforming core-1.13.1.aar (androidx.core:core:1.13.1) with ExtractAarTransform
Transforming core-1.13.1.aar (androidx.core:core:1.13.1) with AarTransform
Transforming savedstate-1.2.1.aar (androidx.savedstate:savedstate:1.2.1) with ExtractAarTransform
Transforming savedstate-1.2.1.aar (androidx.savedstate:savedstate:1.2.1) with AarTransform
Transforming lifecycle-viewmodel-2.8.3.aar (androidx.lifecycle:lifecycle-viewmodel:2.8.3) with ExtractAarTransform
Transforming lifecycle-viewmodel-2.8.3.aar (androidx.lifecycle:lifecycle-viewmodel:2.8.3) with AarTransform
Transforming lifecycle-viewmodel-release.aar (androidx.lifecycle:lifecycle-viewmodel-android:2.8.3) with ExtractAarTransform
Transforming lifecycle-viewmodel-release.aar (androidx.lifecycle:lifecycle-viewmodel-android:2.8.3) with AarTransform
Transforming lifecycle-livedata-core-ktx-2.8.3.aar (androidx.lifecycle:lifecycle-livedata-core-ktx:2.8.3) with ExtractAarTransform
Transforming lifecycle-livedata-core-ktx-2.8.3.aar (androidx.lifecycle:lifecycle-livedata-core-ktx:2.8.3) with AarTransform
Transforming lifecycle-runtime-ktx-release.aar (androidx.lifecycle:lifecycle-runtime-ktx-android:2.8.3) with ExtractAarTransform
Transforming lifecycle-runtime-ktx-release.aar (androidx.lifecycle:lifecycle-runtime-ktx-android:2.8.3) with AarTransform
Transforming lifecycle-runtime-release.aar (androidx.lifecycle:lifecycle-runtime-android:2.8.3) with ExtractAarTransform
Transforming lifecycle-runtime-release.aar (androidx.lifecycle:lifecycle-runtime-android:2.8.3) with AarTransform
Transforming lifecycle-process-2.8.3.aar (androidx.lifecycle:lifecycle-process:2.8.3) with ExtractAarTransform
Transforming lifecycle-process-2.8.3.aar (androidx.lifecycle:lifecycle-process:2.8.3) with AarTransform
Transforming lifecycle-viewmodel-savedstate-2.8.3.aar (androidx.lifecycle:lifecycle-viewmodel-savedstate:2.8.3) with ExtractAarTransform
Transforming lifecycle-viewmodel-savedstate-2.8.3.aar (androidx.lifecycle:lifecycle-viewmodel-savedstate:2.8.3) with AarTransform
Transforming lifecycle-viewmodel-ktx-2.8.3.aar (androidx.lifecycle:lifecycle-viewmodel-ktx:2.8.3) with ExtractAarTransform
Transforming lifecycle-viewmodel-ktx-2.8.3.aar (androidx.lifecycle:lifecycle-viewmodel-ktx:2.8.3) with AarTransform
Transforming lifecycle-livedata-core-2.8.3.aar (androidx.lifecycle:lifecycle-livedata-core:2.8.3) with ExtractAarTransform
Transforming lifecycle-livedata-core-2.8.3.aar (androidx.lifecycle:lifecycle-livedata-core:2.8.3) with AarTransform
Transforming lifecycle-livedata-2.8.3.aar (androidx.lifecycle:lifecycle-livedata:2.8.3) with ExtractAarTransform
Transforming lifecycle-livedata-2.8.3.aar (androidx.lifecycle:lifecycle-livedata:2.8.3) with AarTransform
Transforming lifecycle-runtime-compose-release.aar (androidx.lifecycle:lifecycle-runtime-compose-android:2.8.3) with ExtractAarTransform
Transforming lifecycle-runtime-compose-release.aar (androidx.lifecycle:lifecycle-runtime-compose-android:2.8.3) with AarTransform
Transforming lifecycle-viewmodel-compose-release.aar (androidx.lifecycle:lifecycle-viewmodel-compose-android:2.8.3) with ExtractAarTransform
Transforming lifecycle-viewmodel-compose-release.aar (androidx.lifecycle:lifecycle-viewmodel-compose-android:2.8.3) with AarTransform
Transforming ui-release.aar (androidx.compose.ui:ui-android:1.7.0) with ExtractAarTransform
Transforming ui-release.aar (androidx.compose.ui:ui-android:1.7.0) with AarTransform
Transforming savedstate-ktx-1.2.1.aar (androidx.savedstate:savedstate-ktx:1.2.1) with ExtractAarTransform
Transforming savedstate-ktx-1.2.1.aar (androidx.savedstate:savedstate-ktx:1.2.1) with AarTransform
Transforming runtime-saveable-release.aar (androidx.compose.runtime:runtime-saveable-android:1.7.0) with ExtractAarTransform
Transforming runtime-saveable-release.aar (androidx.compose.runtime:runtime-saveable-android:1.7.0) with AarTransform
Transforming runtime-release.aar (androidx.compose.runtime:runtime-android:1.7.0) with ExtractAarTransform
Transforming runtime-release.aar (androidx.compose.runtime:runtime-android:1.7.0) with AarTransform
Transforming annotation-experimental-1.4.0.aar (androidx.annotation:annotation-experimental:1.4.0) with ExtractAarTransform
Transforming annotation-experimental-1.4.0.aar (androidx.annotation:annotation-experimental:1.4.0) with AarTransform
Transforming core-runtime-2.2.0.aar (androidx.arch.core:core-runtime:2.2.0) with ExtractAarTransform
Transforming core-runtime-2.2.0.aar (androidx.arch.core:core-runtime:2.2.0) with AarTransform
Transforming profileinstaller-1.3.1.aar (androidx.profileinstaller:profileinstaller:1.3.1) with ExtractAarTransform
Transforming profileinstaller-1.3.1.aar (androidx.profileinstaller:profileinstaller:1.3.1) with AarTransform
Transforming exifinterface-1.3.6.aar (androidx.exifinterface:exifinterface:1.3.6) with ExtractAarTransform
Transforming exifinterface-1.3.6.aar (androidx.exifinterface:exifinterface:1.3.6) with AarTransform
Transforming startup-runtime-1.1.1.aar (androidx.startup:startup-runtime:1.1.1) with ExtractAarTransform
Transforming startup-runtime-1.1.1.aar (androidx.startup:startup-runtime:1.1.1) with AarTransform
Transforming tracing-1.0.0.aar (androidx.tracing:tracing:1.0.0) with ExtractAarTransform
Transforming tracing-1.0.0.aar (androidx.tracing:tracing:1.0.0) with AarTransform
Transforming interpolator-1.0.0.aar (androidx.interpolator:interpolator:1.0.0) with ExtractAarTransform
Transforming interpolator-1.0.0.aar (androidx.interpolator:interpolator:1.0.0) with AarTransform
Transforming interpolator-1.0.0.aar (androidx.interpolator:interpolator:1.0.0) with ExtractAarTransform
Transforming interpolator-1.0.0.aar (androidx.interpolator:interpolator:1.0.0) with AarTransform
Transforming ui-tooling-release.aar (androidx.compose.ui:ui-tooling-android:1.7.0) with AarTransform
Transforming core-1.13.1.aar (androidx.core:core:1.13.1) with AarTransform
Transforming vectordrawable-1.1.0.aar (androidx.vectordrawable:vectordrawable:1.1.0) with ExtractAarTransform
Transforming vectordrawable-1.1.0.aar (androidx.vectordrawable:vectordrawable:1.1.0) with AarTransform
Transforming material-release.aar (androidx.compose.material:material-android:1.7.0) with ExtractAarTransform
Transforming accompanist-drawablepainter-0.32.0.aar (com.google.accompanist:accompanist-drawablepainter:0.32.0) with AarTransform
Transforming material-release.aar (androidx.compose.material:material-android:1.7.0) with AarTransform
Transforming coil-compose-base-2.5.0.aar (io.coil-kt:coil-compose-base:2.5.0) with ExtractAarTransform
Transforming coil-compose-base-2.5.0.aar (io.coil-kt:coil-compose-base:2.5.0) with AarTransform
Transforming coil-compose-2.5.0.aar (io.coil-kt:coil-compose:2.5.0) with ExtractAarTransform
Transforming coil-compose-2.5.0.aar (io.coil-kt:coil-compose:2.5.0) with AarTransform
Caching disabled for task ':app:checkFreeDebugAarMetadata' because:
  Caching has been disabled for the task
Skipping task ':app:checkFreeDebugAarMetadata' as it is up-to-date.
Resolve mutations for :app:mapFreeDebugSourceSetPaths (Thread[#2105,Execution worker,5,main]) started.
:app:mapFreeDebugSourceSetPaths (Thread[#2105,Execution worker,5,main]) started.

> Task :app:mapFreeDebugSourceSetPaths UP-TO-DATE
Transforming hilt-navigation-compose-1.2.0.aar (androidx.hilt:hilt-navigation-compose:1.2.0) with ExtractAarTransform
Transforming hilt-navigation-compose-1.2.0.aar (androidx.hilt:hilt-navigation-compose:1.2.0) with AarTransform
Transforming hilt-navigation-1.2.0.aar (androidx.hilt:hilt-navigation:1.2.0) with ExtractAarTransform
Transforming hilt-navigation-1.2.0.aar (androidx.hilt:hilt-navigation:1.2.0) with AarTransform
Transforming navigation-common-2.7.7.aar (androidx.navigation:navigation-common:2.7.7) with ExtractAarTransform
Transforming navigation-common-2.7.7.aar (androidx.navigation:navigation-common:2.7.7) with AarTransform
Transforming navigation-runtime-2.7.7.aar (androidx.navigation:navigation-runtime:2.7.7) with ExtractAarTransform
Transforming navigation-runtime-2.7.7.aar (androidx.navigation:navigation-runtime:2.7.7) with AarTransform
Transforming navigation-common-ktx-2.7.7.aar (androidx.navigation:navigation-common-ktx:2.7.7) with ExtractAarTransform
Transforming navigation-common-ktx-2.7.7.aar (androidx.navigation:navigation-common-ktx:2.7.7) with AarTransform
Transforming navigation-runtime-ktx-2.7.7.aar (androidx.navigation:navigation-runtime-ktx:2.7.7) with ExtractAarTransform
Transforming navigation-runtime-ktx-2.7.7.aar (androidx.navigation:navigation-runtime-ktx:2.7.7) with AarTransform
Transforming navigation-compose-2.7.7.aar (androidx.navigation:navigation-compose:2.7.7) with ExtractAarTransform
Transforming navigation-compose-2.7.7.aar (androidx.navigation:navigation-compose:2.7.7) with AarTransform
Transforming hilt-android-2.51.1.aar (com.google.dagger:hilt-android:2.51.1) with ExtractAarTransform
Transforming hilt-android-2.51.1.aar (com.google.dagger:hilt-android:2.51.1) with AarTransform
Transforming fragment-1.5.1.aar (androidx.fragment:fragment:1.5.1) with ExtractAarTransform
Transforming fragment-1.5.1.aar (androidx.fragment:fragment:1.5.1) with AarTransform
Transforming room-runtime-2.6.1.aar (androidx.room:room-runtime:2.6.1) with ExtractAarTransform
Transforming room-runtime-2.6.1.aar (androidx.room:room-runtime:2.6.1) with AarTransform
Transforming room-ktx-2.6.1.aar (androidx.room:room-ktx:2.6.1) with ExtractAarTransform
Transforming room-ktx-2.6.1.aar (androidx.room:room-ktx:2.6.1) with AarTransform
Transforming material3-release.aar (androidx.compose.material3:material3-android:1.3.0) with ExtractAarTransform
Transforming material3-release.aar (androidx.compose.material3:material3-android:1.3.0) with AarTransform
Transforming coil-compose-2.5.0.aar (io.coil-kt:coil-compose:2.5.0) with ExtractAarTransform
Transforming coil-compose-2.5.0.aar (io.coil-kt:coil-compose:2.5.0) with AarTransform
Transforming coil-compose-base-2.5.0.aar (io.coil-kt:coil-compose-base:2.5.0) with ExtractAarTransform
Transforming coil-compose-base-2.5.0.aar (io.coil-kt:coil-compose-base:2.5.0) with AarTransform
Transforming material-release.aar (androidx.compose.material:material-android:1.7.0) with ExtractAarTransform
Transforming material-release.aar (androidx.compose.material:material-android:1.7.0) with AarTransform
Transforming animation-core-release.aar (androidx.compose.animation:animation-core-android:1.7.0) with ExtractAarTransform
Transforming animation-core-release.aar (androidx.compose.animation:animation-core-android:1.7.0) with AarTransform
Transforming material-ripple-release.aar (androidx.compose.material:material-ripple-android:1.7.0) with ExtractAarTransform
Transforming material-ripple-release.aar (androidx.compose.material:material-ripple-android:1.7.0) with AarTransform
Transforming animation-release.aar (androidx.compose.animation:animation-android:1.7.0) with ExtractAarTransform
Transforming animation-release.aar (androidx.compose.animation:animation-android:1.7.0) with AarTransform
Transforming foundation-layout-release.aar (androidx.compose.foundation:foundation-layout-android:1.7.0) with ExtractAarTransform
Transforming foundation-layout-release.aar (androidx.compose.foundation:foundation-layout-android:1.7.0) with AarTransform
Transforming foundation-release.aar (androidx.compose.foundation:foundation-android:1.7.0) with ExtractAarTransform
Transforming foundation-release.aar (androidx.compose.foundation:foundation-android:1.7.0) with AarTransform
Transforming ui-tooling-data-release.aar (androidx.compose.ui:ui-tooling-data-android:1.7.0) with ExtractAarTransform
Transforming ui-tooling-data-release.aar (androidx.compose.ui:ui-tooling-data-android:1.7.0) with AarTransform
Transforming ui-unit-release.aar (androidx.compose.ui:ui-unit-android:1.7.0) with ExtractAarTransform
Transforming ui-unit-release.aar (androidx.compose.ui:ui-unit-android:1.7.0) with AarTransform
Transforming ui-geometry-release.aar (androidx.compose.ui:ui-geometry-android:1.7.0) with ExtractAarTransform
Transforming ui-geometry-release.aar (androidx.compose.ui:ui-geometry-android:1.7.0) with AarTransform
Transforming ui-util-release.aar (androidx.compose.ui:ui-util-android:1.7.0) with ExtractAarTransform
Transforming ui-util-release.aar (androidx.compose.ui:ui-util-android:1.7.0) with AarTransform
Transforming ui-text-release.aar (androidx.compose.ui:ui-text-android:1.7.0) with ExtractAarTransform
Transforming ui-text-release.aar (androidx.compose.ui:ui-text-android:1.7.0) with AarTransform
Transforming ui-tooling-preview-release.aar (androidx.compose.ui:ui-tooling-preview-android:1.7.0) with ExtractAarTransform
Transforming ui-tooling-preview-release.aar (androidx.compose.ui:ui-tooling-preview-android:1.7.0) with AarTransform
Transforming ui-tooling-release.aar (androidx.compose.ui:ui-tooling-android:1.7.0) with ExtractAarTransform
Transforming ui-tooling-release.aar (androidx.compose.ui:ui-tooling-android:1.7.0) with AarTransform
Transforming ui-graphics-release.aar (androidx.compose.ui:ui-graphics-android:1.7.0) with ExtractAarTransform
Transforming ui-graphics-release.aar (androidx.compose.ui:ui-graphics-android:1.7.0) with AarTransform
Transforming ui-test-manifest-1.7.0.aar (androidx.compose.ui:ui-test-manifest:1.7.0) with ExtractAarTransform
Transforming ui-test-manifest-1.7.0.aar (androidx.compose.ui:ui-test-manifest:1.7.0) with AarTransform
Transforming accompanist-drawablepainter-0.32.0.aar (com.google.accompanist:accompanist-drawablepainter:0.32.0) with ExtractAarTransform
Transforming accompanist-drawablepainter-0.32.0.aar (com.google.accompanist:accompanist-drawablepainter:0.32.0) with AarTransform
Transforming activity-ktx-1.8.2.aar (androidx.activity:activity-ktx:1.8.2) with ExtractAarTransform
Transforming activity-ktx-1.8.2.aar (androidx.activity:activity-ktx:1.8.2) with AarTransform
Transforming activity-1.8.2.aar (androidx.activity:activity:1.8.2) with ExtractAarTransform
Transforming activity-1.8.2.aar (androidx.activity:activity:1.8.2) with AarTransform
Transforming activity-compose-1.8.2.aar (androidx.activity:activity-compose:1.8.2) with ExtractAarTransform
Transforming activity-compose-1.8.2.aar (androidx.activity:activity-compose:1.8.2) with AarTransform
Transforming material-icons-extended-release.aar (androidx.compose.material:material-icons-extended-android:1.7.0) with ExtractAarTransform
Transforming material-icons-extended-release.aar (androidx.compose.material:material-icons-extended-android:1.7.0) with AarTransform
Transforming material-icons-core-release.aar (androidx.compose.material:material-icons-core-android:1.7.0) with ExtractAarTransform
Transforming material-icons-core-release.aar (androidx.compose.material:material-icons-core-android:1.7.0) with AarTransform
Transforming loader-1.0.0.aar (androidx.loader:loader:1.0.0) with ExtractAarTransform
Transforming loader-1.0.0.aar (androidx.loader:loader:1.0.0) with AarTransform
Transforming emoji2-1.3.0.aar (androidx.emoji2:emoji2:1.3.0) with ExtractAarTransform
Transforming emoji2-1.3.0.aar (androidx.emoji2:emoji2:1.3.0) with AarTransform
Transforming coil-2.5.0.aar (io.coil-kt:coil:2.5.0) with ExtractAarTransform
Transforming coil-2.5.0.aar (io.coil-kt:coil:2.5.0) with AarTransform
Transforming coil-base-2.5.0.aar (io.coil-kt:coil-base:2.5.0) with ExtractAarTransform
Transforming coil-base-2.5.0.aar (io.coil-kt:coil-base:2.5.0) with AarTransform
Transforming viewpager-1.0.0.aar (androidx.viewpager:viewpager:1.0.0) with ExtractAarTransform
Transforming viewpager-1.0.0.aar (androidx.viewpager:viewpager:1.0.0) with AarTransform
Transforming customview-1.0.0.aar (androidx.customview:customview:1.0.0) with ExtractAarTransform
Transforming customview-1.0.0.aar (androidx.customview:customview:1.0.0) with AarTransform
Transforming autofill-1.0.0.aar (androidx.autofill:autofill:1.0.0) with ExtractAarTransform
Transforming autofill-1.0.0.aar (androidx.autofill:autofill:1.0.0) with AarTransform
Transforming graphics-path-1.0.1.aar (androidx.graphics:graphics-path:1.0.1) with ExtractAarTransform
Transforming graphics-path-1.0.1.aar (androidx.graphics:graphics-path:1.0.1) with AarTransform
Transforming appcompat-resources-1.6.1.aar (androidx.appcompat:appcompat-resources:1.6.1) with ExtractAarTransform
Transforming appcompat-resources-1.6.1.aar (androidx.appcompat:appcompat-resources:1.6.1) with AarTransform
Transforming vectordrawable-animated-1.1.0.aar (androidx.vectordrawable:vectordrawable-animated:1.1.0) with ExtractAarTransform
Transforming vectordrawable-animated-1.1.0.aar (androidx.vectordrawable:vectordrawable-animated:1.1.0) with AarTransform
Transforming vectordrawable-1.1.0.aar (androidx.vectordrawable:vectordrawable:1.1.0) with ExtractAarTransform
Transforming vectordrawable-1.1.0.aar (androidx.vectordrawable:vectordrawable:1.1.0) with AarTransform
Transforming vectordrawable-1.1.0.aar (androidx.vectordrawable:vectordrawable:1.1.0) with ExtractAarTransform
Transforming vectordrawable-1.1.0.aar (androidx.vectordrawable:vectordrawable:1.1.0) with AarTransform
Transforming customview-poolingcontainer-1.0.0.aar (androidx.customview:customview-poolingcontainer:1.0.0) with ExtractAarTransform
Transforming customview-poolingcontainer-1.0.0.aar (androidx.customview:customview-poolingcontainer:1.0.0) with AarTransform
Transforming core-ktx-1.13.1.aar (androidx.core:core-ktx:1.13.1) with ExtractAarTransform
Transforming core-ktx-1.13.1.aar (androidx.core:core-ktx:1.13.1) with AarTransform
Transforming core-1.13.1.aar (androidx.core:core:1.13.1) with ExtractAarTransform
Transforming core-1.13.1.aar (androidx.core:core:1.13.1) with AarTransform
Transforming core-1.13.1.aar (androidx.core:core:1.13.1) with ExtractAarTransform
Transforming core-1.13.1.aar (androidx.core:core:1.13.1) with AarTransform
Transforming savedstate-1.2.1.aar (androidx.savedstate:savedstate:1.2.1) with ExtractAarTransform
Transforming savedstate-1.2.1.aar (androidx.savedstate:savedstate:1.2.1) with AarTransform
Transforming lifecycle-viewmodel-2.8.3.aar (androidx.lifecycle:lifecycle-viewmodel:2.8.3) with ExtractAarTransform
Transforming lifecycle-viewmodel-2.8.3.aar (androidx.lifecycle:lifecycle-viewmodel:2.8.3) with AarTransform
Transforming lifecycle-viewmodel-release.aar (androidx.lifecycle:lifecycle-viewmodel-android:2.8.3) with ExtractAarTransform
Transforming lifecycle-viewmodel-release.aar (androidx.lifecycle:lifecycle-viewmodel-android:2.8.3) with AarTransform
Transforming lifecycle-livedata-core-ktx-2.8.3.aar (androidx.lifecycle:lifecycle-livedata-core-ktx:2.8.3) with ExtractAarTransform
Transforming lifecycle-livedata-core-ktx-2.8.3.aar (androidx.lifecycle:lifecycle-livedata-core-ktx:2.8.3) with AarTransform
Transforming lifecycle-runtime-ktx-release.aar (androidx.lifecycle:lifecycle-runtime-ktx-android:2.8.3) with ExtractAarTransform
Transforming lifecycle-runtime-ktx-release.aar (androidx.lifecycle:lifecycle-runtime-ktx-android:2.8.3) with AarTransform
Transforming lifecycle-runtime-release.aar (androidx.lifecycle:lifecycle-runtime-android:2.8.3) with ExtractAarTransform
Transforming lifecycle-runtime-release.aar (androidx.lifecycle:lifecycle-runtime-android:2.8.3) with AarTransform
Transforming lifecycle-process-2.8.3.aar (androidx.lifecycle:lifecycle-process:2.8.3) with ExtractAarTransform
Transforming lifecycle-process-2.8.3.aar (androidx.lifecycle:lifecycle-process:2.8.3) with AarTransform
Transforming lifecycle-viewmodel-savedstate-2.8.3.aar (androidx.lifecycle:lifecycle-viewmodel-savedstate:2.8.3) with ExtractAarTransform
Transforming lifecycle-viewmodel-savedstate-2.8.3.aar (androidx.lifecycle:lifecycle-viewmodel-savedstate:2.8.3) with AarTransform
Transforming lifecycle-viewmodel-ktx-2.8.3.aar (androidx.lifecycle:lifecycle-viewmodel-ktx:2.8.3) with ExtractAarTransform
Transforming lifecycle-viewmodel-ktx-2.8.3.aar (androidx.lifecycle:lifecycle-viewmodel-ktx:2.8.3) with AarTransform
Transforming lifecycle-livedata-core-2.8.3.aar (androidx.lifecycle:lifecycle-livedata-core:2.8.3) with ExtractAarTransform
Transforming lifecycle-livedata-core-2.8.3.aar (androidx.lifecycle:lifecycle-livedata-core:2.8.3) with AarTransform
Transforming lifecycle-livedata-2.8.3.aar (androidx.lifecycle:lifecycle-livedata:2.8.3) with ExtractAarTransform
Transforming lifecycle-livedata-2.8.3.aar (androidx.lifecycle:lifecycle-livedata:2.8.3) with AarTransform
Transforming lifecycle-runtime-compose-release.aar (androidx.lifecycle:lifecycle-runtime-compose-android:2.8.3) with ExtractAarTransform
Transforming lifecycle-runtime-compose-release.aar (androidx.lifecycle:lifecycle-runtime-compose-android:2.8.3) with AarTransform
Transforming lifecycle-viewmodel-compose-release.aar (androidx.lifecycle:lifecycle-viewmodel-compose-android:2.8.3) with ExtractAarTransform
Transforming lifecycle-viewmodel-compose-release.aar (androidx.lifecycle:lifecycle-viewmodel-compose-android:2.8.3) with AarTransform
Transforming ui-release.aar (androidx.compose.ui:ui-android:1.7.0) with ExtractAarTransform
Transforming ui-release.aar (androidx.compose.ui:ui-android:1.7.0) with AarTransform
Transforming savedstate-ktx-1.2.1.aar (androidx.savedstate:savedstate-ktx:1.2.1) with ExtractAarTransform
Transforming savedstate-ktx-1.2.1.aar (androidx.savedstate:savedstate-ktx:1.2.1) with AarTransform
Transforming runtime-saveable-release.aar (androidx.compose.runtime:runtime-saveable-android:1.7.0) with ExtractAarTransform
Transforming runtime-saveable-release.aar (androidx.compose.runtime:runtime-saveable-android:1.7.0) with AarTransform
Transforming runtime-release.aar (androidx.compose.runtime:runtime-android:1.7.0) with ExtractAarTransform
Transforming runtime-release.aar (androidx.compose.runtime:runtime-android:1.7.0) with AarTransform
Transforming sqlite-framework-2.4.0.aar (androidx.sqlite:sqlite-framework:2.4.0) with ExtractAarTransform
Transforming sqlite-framework-2.4.0.aar (androidx.sqlite:sqlite-framework:2.4.0) with AarTransform
Transforming sqlite-2.4.0.aar (androidx.sqlite:sqlite:2.4.0) with ExtractAarTransform
Transforming sqlite-2.4.0.aar (androidx.sqlite:sqlite:2.4.0) with AarTransform
Transforming annotation-experimental-1.4.0.aar (androidx.annotation:annotation-experimental:1.4.0) with ExtractAarTransform
Transforming annotation-experimental-1.4.0.aar (androidx.annotation:annotation-experimental:1.4.0) with AarTransform
Transforming versionedparcelable-1.1.1.aar (androidx.versionedparcelable:versionedparcelable:1.1.1) with ExtractAarTransform
Transforming versionedparcelable-1.1.1.aar (androidx.versionedparcelable:versionedparcelable:1.1.1) with AarTransform
Transforming core-runtime-2.2.0.aar (androidx.arch.core:core-runtime:2.2.0) with ExtractAarTransform
Transforming core-runtime-2.2.0.aar (androidx.arch.core:core-runtime:2.2.0) with AarTransform
Transforming profileinstaller-1.3.1.aar (androidx.profileinstaller:profileinstaller:1.3.1) with ExtractAarTransform
Transforming profileinstaller-1.3.1.aar (androidx.profileinstaller:profileinstaller:1.3.1) with AarTransform
Transforming exifinterface-1.3.6.aar (androidx.exifinterface:exifinterface:1.3.6) with ExtractAarTransform
Transforming exifinterface-1.3.6.aar (androidx.exifinterface:exifinterface:1.3.6) with AarTransform
Transforming startup-runtime-1.1.1.aar (androidx.startup:startup-runtime:1.1.1) with ExtractAarTransform
Transforming startup-runtime-1.1.1.aar (androidx.startup:startup-runtime:1.1.1) with AarTransform
Transforming tracing-1.0.0.aar (androidx.tracing:tracing:1.0.0) with ExtractAarTransform
Transforming tracing-1.0.0.aar (androidx.tracing:tracing:1.0.0) with AarTransform
Transforming interpolator-1.0.0.aar (androidx.interpolator:interpolator:1.0.0) with ExtractAarTransform
Transforming interpolator-1.0.0.aar (androidx.interpolator:interpolator:1.0.0) with AarTransform
Transforming interpolator-1.0.0.aar (androidx.interpolator:interpolator:1.0.0) with ExtractAarTransform
Transforming interpolator-1.0.0.aar (androidx.interpolator:interpolator:1.0.0) with AarTransform
Transforming dagger-lint-aar-2.51.1.aar (com.google.dagger:dagger-lint-aar:2.51.1) with ExtractAarTransform
Transforming dagger-lint-aar-2.51.1.aar (com.google.dagger:dagger-lint-aar:2.51.1) with AarTransform
Caching disabled for task ':app:mapFreeDebugSourceSetPaths' because:
  Caching has been disabled for the task
Skipping task ':app:mapFreeDebugSourceSetPaths' as it is up-to-date.
Resolve mutations for :app:mergeFreeDebugResources (Thread[#2105,Execution worker,5,main]) started.
:app:mergeFreeDebugResources (Thread[#2105,Execution worker,5,main]) started.

> Task :app:mergeFreeDebugResources UP-TO-DATE
Build cache key for task ':app:mergeFreeDebugResources' is 9d186a80ade7ef1f816f147ab1dd79be
Skipping task ':app:mergeFreeDebugResources' as it is up-to-date.
Resolve mutations for :app:packageFreeDebugResources (Thread[#2105,Execution worker,5,main]) started.
:app:packageFreeDebugResources (Thread[#2105,Execution worker,5,main]) started.

> Task :app:packageFreeDebugResources UP-TO-DATE
Build cache key for task ':app:packageFreeDebugResources' is 75a89984c2da9f11b562f91dc7acd862
Skipping task ':app:packageFreeDebugResources' as it is up-to-date.
Resolve mutations for :app:parseFreeDebugLocalResources (Thread[#2105,Execution worker,5,main]) started.
:app:parseFreeDebugLocalResources (Thread[#2105,Execution worker,5,main]) started.

> Task :app:parseFreeDebugLocalResources UP-TO-DATE
Transforming android.jar with PlatformAttrTransform
Transforming android.jar with PlatformAttrTransform
Build cache key for task ':app:parseFreeDebugLocalResources' is 88dabe024fcbfe7baddd5c9efcd537bc
Skipping task ':app:parseFreeDebugLocalResources' as it is up-to-date.
Resolve mutations for :app:createFreeDebugCompatibleScreenManifests (Thread[#2110,Execution worker Thread 6,5,main]) started.
:app:createFreeDebugCompatibleScreenManifests (Thread[#2110,Execution worker Thread 6,5,main]) started.

> Task :app:createFreeDebugCompatibleScreenManifests UP-TO-DATE
Caching disabled for task ':app:createFreeDebugCompatibleScreenManifests' because:
  Caching has been disabled for the task
Skipping task ':app:createFreeDebugCompatibleScreenManifests' as it is up-to-date.
Resolve mutations for :app:extractDeepLinksFreeDebug (Thread[#2110,Execution worker Thread 6,5,main]) started.
:app:extractDeepLinksFreeDebug (Thread[#2110,Execution worker Thread 6,5,main]) started.

> Task :app:extractDeepLinksFreeDebug UP-TO-DATE
Build cache key for task ':app:extractDeepLinksFreeDebug' is ff737c5c34d40bda8eff9334a20f2020
Skipping task ':app:extractDeepLinksFreeDebug' as it is up-to-date.
Resolve mutations for :app:processFreeDebugMainManifest (Thread[#2110,Execution worker Thread 6,5,main]) started.
:app:processFreeDebugMainManifest (Thread[#2110,Execution worker Thread 6,5,main]) started.

> Task :core:ui:kspDebugKotlin UP-TO-DATE
file or directory 'D:\proj\alyk\test23\core\ui\src\debug\kotlin', not found
file or directory 'D:\proj\alyk\test23\core\ui\src\debug\java', not found
file or directory 'D:\proj\alyk\test23\core\ui\src\main\java', not found
file or directory 'D:\proj\alyk\test23\core\ui\src\main\java', not found
file or directory 'D:\proj\alyk\test23\core\ui\src\debug\java', not found
Transforming hilt-android-2.51.1.aar (com.google.dagger:hilt-android:2.51.1) with AarToClassTransform
Transforming fragment-1.5.1.aar (androidx.fragment:fragment:1.5.1) with AarToClassTransform
Transforming activity-1.8.2.aar (androidx.activity:activity:1.8.2) with AarToClassTransform
Transforming loader-1.0.0.aar (androidx.loader:loader:1.0.0) with AarToClassTransform
Transforming material3-release.aar (androidx.compose.material3:material3-android:1.3.0) with AarToClassTransform
Transforming ui-util-release.aar (androidx.compose.ui:ui-util-android:1.7.0) with AarToClassTransform
Transforming ui-unit-release.aar (androidx.compose.ui:ui-unit-android:1.7.0) with AarToClassTransform
Transforming ui-text-release.aar (androidx.compose.ui:ui-text-android:1.7.0) with AarToClassTransform
Transforming ui-graphics-release.aar (androidx.compose.ui:ui-graphics-android:1.7.0) with AarToClassTransform
Transforming foundation-layout-release.aar (androidx.compose.foundation:foundation-layout-android:1.7.0) with AarToClassTransform
Transforming material-ripple-release.aar (androidx.compose.material:material-ripple-android:1.7.0) with AarToClassTransform
Transforming foundation-release.aar (androidx.compose.foundation:foundation-android:1.7.0) with AarToClassTransform
Transforming animation-core-release.aar (androidx.compose.animation:animation-core-android:1.7.0) with AarToClassTransform
Transforming animation-release.aar (androidx.compose.animation:animation-android:1.7.0) with AarToClassTransform
Transforming ui-geometry-release.aar (androidx.compose.ui:ui-geometry-android:1.7.0) with AarToClassTransform
Transforming material-icons-core-release.aar (androidx.compose.material:material-icons-core-android:1.7.0) with AarToClassTransform
Transforming ui-release.aar (androidx.compose.ui:ui-android:1.7.0) with AarToClassTransform
Transforming viewpager-1.0.0.aar (androidx.viewpager:viewpager:1.0.0) with AarToClassTransform
Transforming customview-1.0.0.aar (androidx.customview:customview:1.0.0) with AarToClassTransform
Transforming core-1.13.1.aar (androidx.core:core:1.13.1) with AarToClassTransform
Transforming core-1.13.1.aar (androidx.core:core:1.13.1) with AarToClassTransform
Transforming lifecycle-runtime-ktx-release.aar (androidx.lifecycle:lifecycle-runtime-ktx-android:2.8.3) with AarToClassTransform
Transforming lifecycle-livedata-core-ktx-2.8.3.aar (androidx.lifecycle:lifecycle-livedata-core-ktx:2.8.3) with AarToClassTransform
Transforming lifecycle-livedata-2.8.3.aar (androidx.lifecycle:lifecycle-livedata:2.8.3) with AarToClassTransform
Transforming lifecycle-runtime-release.aar (androidx.lifecycle:lifecycle-runtime-android:2.8.3) with AarToClassTransform
Transforming lifecycle-runtime-compose-release.aar (androidx.lifecycle:lifecycle-runtime-compose-android:2.8.3) with AarToClassTransform
Transforming lifecycle-viewmodel-2.8.3.aar (androidx.lifecycle:lifecycle-viewmodel:2.8.3) with AarToClassTransform
Transforming lifecycle-viewmodel-release.aar (androidx.lifecycle:lifecycle-viewmodel-android:2.8.3) with AarToClassTransform
Transforming lifecycle-livedata-core-2.8.3.aar (androidx.lifecycle:lifecycle-livedata-core:2.8.3) with AarToClassTransform
Transforming lifecycle-viewmodel-savedstate-2.8.3.aar (androidx.lifecycle:lifecycle-viewmodel-savedstate:2.8.3) with AarToClassTransform
Transforming core-ktx-1.13.1.aar (androidx.core:core-ktx:1.13.1) with AarToClassTransform
Transforming runtime-saveable-release.aar (androidx.compose.runtime:runtime-saveable-android:1.7.0) with AarToClassTransform
Transforming runtime-release.aar (androidx.compose.runtime:runtime-android:1.7.0) with AarToClassTransform
Transforming annotation-experimental-1.4.0.aar (androidx.annotation:annotation-experimental:1.4.0) with AarToClassTransform
Transforming savedstate-1.2.1.aar (androidx.savedstate:savedstate:1.2.1) with AarToClassTransform
Transforming versionedparcelable-1.1.1.aar (androidx.versionedparcelable:versionedparcelable:1.1.1) with AarToClassTransform
Transforming core-runtime-2.2.0.aar (androidx.arch.core:core-runtime:2.2.0) with AarToClassTransform
Transforming core-common-2.2.0.jar (androidx.arch.core:core-common:2.2.0) with IdentityTransform
Transforming kotlin-stdlib-2.0.21.jar (org.jetbrains.kotlin:kotlin-stdlib:2.0.21) with IdentityTransform
Transforming annotations-23.0.0.jar (org.jetbrains:annotations:23.0.0) with IdentityTransform
Transforming hilt-core-2.51.1.jar (com.google.dagger:hilt-core:2.51.1) with IdentityTransform
Transforming dagger-2.51.1.jar (com.google.dagger:dagger:2.51.1) with IdentityTransform
Transforming javax.inject-1.jar (javax.inject:javax.inject:1) with IdentityTransform
Transforming dagger-lint-aar-2.51.1.aar (com.google.dagger:dagger-lint-aar:2.51.1) with AarToClassTransform
Transforming jsr305-3.0.2.jar (com.google.code.findbugs:jsr305:3.0.2) with IdentityTransform
Transforming coil-compose-2.4.0.aar (io.coil-kt:coil-compose:2.4.0) with AarToClassTransform
Transforming coil-compose-base-2.4.0.aar (io.coil-kt:coil-compose-base:2.4.0) with AarToClassTransform
Transforming coil-2.4.0.aar (io.coil-kt:coil:2.4.0) with AarToClassTransform
Transforming coil-base-2.4.0.aar (io.coil-kt:coil-base:2.4.0) with AarToClassTransform
Transforming lifecycle-common-jvm-2.8.3.jar (androidx.lifecycle:lifecycle-common-jvm:2.8.3) with IdentityTransform
Transforming kotlinx-coroutines-core-jvm-1.7.3.jar (org.jetbrains.kotlinx:kotlinx-coroutines-core-jvm:1.7.3) with IdentityTransform
Transforming kotlinx-coroutines-android-1.7.3.jar (org.jetbrains.kotlinx:kotlinx-coroutines-android:1.7.3) with IdentityTransform
Transforming okhttp-4.11.0.jar (com.squareup.okhttp3:okhttp:4.11.0) with IdentityTransform
Transforming kotlin-stdlib-jdk8-1.8.21.jar (org.jetbrains.kotlin:kotlin-stdlib-jdk8:1.8.21) with IdentityTransform
Transforming kotlin-stdlib-jdk7-1.8.21.jar (org.jetbrains.kotlin:kotlin-stdlib-jdk7:1.8.21) with IdentityTransform
Transforming collection-jvm-1.4.0.jar (androidx.collection:collection-jvm:1.4.0) with IdentityTransform
Transforming annotation-jvm-1.8.0.jar (androidx.annotation:annotation-jvm:1.8.0) with IdentityTransform
Transforming okio-jvm-3.3.0.jar (com.squareup.okio:okio-jvm:3.3.0) with IdentityTransform
Transforming R.jar with BuildToolsApiClasspathEntrySnapshotTransform
Transforming hilt-android-2.51.1-api.jar with BuildToolsApiClasspathEntrySnapshotTransform
Transforming fragment-1.5.1-api.jar with BuildToolsApiClasspathEntrySnapshotTransform
Transforming activity-1.8.2-api.jar with BuildToolsApiClasspathEntrySnapshotTransform
Transforming loader-1.0.0-api.jar with BuildToolsApiClasspathEntrySnapshotTransform
Transforming material3-release-api.jar with BuildToolsApiClasspathEntrySnapshotTransform
Transforming ui-util-release-api.jar with BuildToolsApiClasspathEntrySnapshotTransform
Transforming ui-unit-release-api.jar with BuildToolsApiClasspathEntrySnapshotTransform
Transforming ui-text-release-api.jar with BuildToolsApiClasspathEntrySnapshotTransform
Transforming ui-graphics-release-api.jar with BuildToolsApiClasspathEntrySnapshotTransform
Transforming coil-compose-2.4.0-api.jar with BuildToolsApiClasspathEntrySnapshotTransform
Transforming coil-compose-base-2.4.0-api.jar with BuildToolsApiClasspathEntrySnapshotTransform
Transforming foundation-layout-release-api.jar with BuildToolsApiClasspathEntrySnapshotTransform
Transforming material-ripple-release-api.jar with BuildToolsApiClasspathEntrySnapshotTransform
Transforming foundation-release-api.jar with BuildToolsApiClasspathEntrySnapshotTransform
Transforming animation-core-release-api.jar with BuildToolsApiClasspathEntrySnapshotTransform
Transforming animation-release-api.jar with BuildToolsApiClasspathEntrySnapshotTransform
Transforming ui-geometry-release-api.jar with BuildToolsApiClasspathEntrySnapshotTransform
Transforming material-icons-core-release-api.jar with BuildToolsApiClasspathEntrySnapshotTransform
Transforming ui-release-api.jar with BuildToolsApiClasspathEntrySnapshotTransform
Transforming viewpager-1.0.0-api.jar with BuildToolsApiClasspathEntrySnapshotTransform
Transforming customview-1.0.0-api.jar with BuildToolsApiClasspathEntrySnapshotTransform
Transforming core-1.13.1-api.jar with BuildToolsApiClasspathEntrySnapshotTransform
Transforming coil-2.4.0-api.jar with BuildToolsApiClasspathEntrySnapshotTransform
Transforming coil-base-2.4.0-api.jar with BuildToolsApiClasspathEntrySnapshotTransform
Transforming lifecycle-runtime-ktx-release-api.jar with BuildToolsApiClasspathEntrySnapshotTransform
Transforming lifecycle-livedata-core-ktx-2.8.3-api.jar with BuildToolsApiClasspathEntrySnapshotTransform
Transforming lifecycle-livedata-2.8.3-api.jar with BuildToolsApiClasspathEntrySnapshotTransform
Transforming lifecycle-runtime-release-api.jar with BuildToolsApiClasspathEntrySnapshotTransform
Transforming lifecycle-runtime-compose-release-api.jar with BuildToolsApiClasspathEntrySnapshotTransform
Transforming lifecycle-viewmodel-2.8.3-api.jar with BuildToolsApiClasspathEntrySnapshotTransform
Transforming lifecycle-viewmodel-release-api.jar with BuildToolsApiClasspathEntrySnapshotTransform
Transforming lifecycle-common-jvm-2.8.3.jar with BuildToolsApiClasspathEntrySnapshotTransform
Transforming lifecycle-livedata-core-2.8.3-api.jar with BuildToolsApiClasspathEntrySnapshotTransform
Transforming lifecycle-viewmodel-savedstate-2.8.3-api.jar with BuildToolsApiClasspathEntrySnapshotTransform
Transforming core-ktx-1.13.1-api.jar with BuildToolsApiClasspathEntrySnapshotTransform
Transforming classes.jar with BuildToolsApiClasspathEntrySnapshotTransform
Transforming runtime-saveable-release-api.jar with BuildToolsApiClasspathEntrySnapshotTransform
Transforming runtime-release-api.jar with BuildToolsApiClasspathEntrySnapshotTransform
Transforming kotlinx-coroutines-core-jvm-1.7.3.jar with BuildToolsApiClasspathEntrySnapshotTransform
Transforming kotlinx-coroutines-android-1.7.3.jar with BuildToolsApiClasspathEntrySnapshotTransform
Transforming okhttp-4.11.0.jar with BuildToolsApiClasspathEntrySnapshotTransform
Transforming okio-jvm-3.3.0.jar with BuildToolsApiClasspathEntrySnapshotTransform
Transforming kotlin-stdlib-jdk8-1.8.21.jar with BuildToolsApiClasspathEntrySnapshotTransform
Transforming annotation-experimental-1.4.0-api.jar with BuildToolsApiClasspathEntrySnapshotTransform
Transforming savedstate-1.2.1-api.jar with BuildToolsApiClasspathEntrySnapshotTransform
Transforming kotlin-stdlib-jdk7-1.8.21.jar with BuildToolsApiClasspathEntrySnapshotTransform
Transforming versionedparcelable-1.1.1-api.jar with BuildToolsApiClasspathEntrySnapshotTransform
Transforming collection-jvm-1.4.0.jar with BuildToolsApiClasspathEntrySnapshotTransform
Transforming core-runtime-2.2.0-api.jar with BuildToolsApiClasspathEntrySnapshotTransform
Transforming core-common-2.2.0.jar with BuildToolsApiClasspathEntrySnapshotTransform
Transforming annotation-jvm-1.8.0.jar with BuildToolsApiClasspathEntrySnapshotTransform
Transforming kotlin-stdlib-2.0.21.jar with BuildToolsApiClasspathEntrySnapshotTransform
Transforming annotations-23.0.0.jar with BuildToolsApiClasspathEntrySnapshotTransform
Transforming hilt-core-2.51.1.jar with BuildToolsApiClasspathEntrySnapshotTransform
Transforming dagger-2.51.1.jar with BuildToolsApiClasspathEntrySnapshotTransform
Transforming javax.inject-1.jar with BuildToolsApiClasspathEntrySnapshotTransform
Transforming dagger-lint-aar-2.51.1-api.jar with BuildToolsApiClasspathEntrySnapshotTransform
Transforming jsr305-3.0.2.jar with BuildToolsApiClasspathEntrySnapshotTransform
Transforming android.jar with BuildToolsApiClasspathEntrySnapshotTransform
Transforming core-lambda-stubs.jar with BuildToolsApiClasspathEntrySnapshotTransform
file or directory 'D:\proj\alyk\test23\core\ui\src\debug\kotlin', not found
file or directory 'D:\proj\alyk\test23\core\ui\src\debug\java', not found
file or directory 'D:\proj\alyk\test23\core\ui\src\main\java', not found
file or directory 'D:\proj\alyk\test23\core\ui\src\main\java', not found
file or directory 'D:\proj\alyk\test23\core\ui\src\debug\java', not found
Build cache key for task ':core:ui:kspDebugKotlin' is 26b69e3b8c00f3b0b947f568bac0ff8b
Skipping task ':core:ui:kspDebugKotlin' as it is up-to-date.
Resolve mutations for :core:ui:compileDebugKotlin (Thread[#2108,Execution worker Thread 4,5,main]) started.
:core:ui:compileDebugKotlin (Thread[#2108,Execution worker Thread 4,5,main]) started.

> Task :core:database:kaptDebugKotlin UP-TO-DATE
Transforming R.jar with StructureTransformAction
Transforming classes.jar with StructureTransformAction
Transforming room-common-2.6.1.jar with StructureTransformAction
Transforming room-runtime-2.6.1-api.jar with StructureTransformAction
Transforming room-ktx-2.6.1-api.jar with StructureTransformAction
Transforming hilt-android-2.51.1-api.jar with StructureTransformAction
Transforming fragment-1.5.1-api.jar with StructureTransformAction
Transforming activity-1.5.1-api.jar with StructureTransformAction
Transforming lifecycle-viewmodel-savedstate-2.5.1-api.jar with StructureTransformAction
Transforming core-ktx-1.10.1-api.jar with StructureTransformAction
Transforming loader-1.0.0-api.jar with StructureTransformAction
Transforming viewpager-1.0.0-api.jar with StructureTransformAction
Transforming customview-1.0.0-api.jar with StructureTransformAction
Transforming core-1.10.1-api.jar with StructureTransformAction
Transforming annotation-experimental-1.3.1-api.jar with StructureTransformAction
Transforming lifecycle-viewmodel-2.5.1-api.jar with StructureTransformAction
Transforming savedstate-1.2.0-api.jar with StructureTransformAction
Transforming kotlinx-coroutines-core-jvm-1.7.1.jar with StructureTransformAction
Transforming kotlinx-coroutines-android-1.7.1.jar with StructureTransformAction
Transforming kotlin-stdlib-jdk8-1.8.22.jar with StructureTransformAction
Transforming sqlite-framework-2.4.0-api.jar with StructureTransformAction
Transforming sqlite-2.4.0-api.jar with StructureTransformAction
Transforming lifecycle-runtime-2.5.1-api.jar with StructureTransformAction
Transforming lifecycle-livedata-2.0.0-api.jar with StructureTransformAction
Transforming lifecycle-livedata-core-2.5.1-api.jar with StructureTransformAction
Transforming lifecycle-common-2.5.1.jar with StructureTransformAction
Transforming versionedparcelable-1.1.1-api.jar with StructureTransformAction
Transforming collection-1.1.0.jar with StructureTransformAction
Transforming core-runtime-2.2.0-api.jar with StructureTransformAction
Transforming core-common-2.2.0.jar with StructureTransformAction
Transforming annotation-jvm-1.6.0.jar with StructureTransformAction
Transforming kotlin-stdlib-jdk7-1.8.22.jar with StructureTransformAction
Transforming kotlin-stdlib-2.0.21.jar with StructureTransformAction
Transforming annotations-23.0.0.jar with StructureTransformAction
Transforming hilt-core-2.51.1.jar with StructureTransformAction
Transforming dagger-2.51.1.jar with StructureTransformAction
Transforming javax.inject-1.jar with StructureTransformAction
Transforming dagger-lint-aar-2.51.1-api.jar with StructureTransformAction
Transforming jsr305-3.0.2.jar with StructureTransformAction
Transforming android.jar with StructureTransformAction
Transforming core-lambda-stubs.jar with StructureTransformAction
file or directory 'D:\proj\alyk\test23\core\database\src\debug\kotlin', not found
file or directory 'D:\proj\alyk\test23\core\database\src\debug\java', not found
file or directory 'D:\proj\alyk\test23\core\database\src\debug\kotlin', not found
file or directory 'D:\proj\alyk\test23\core\database\src\debug\kotlin', not found
file or directory 'D:\proj\alyk\test23\core\database\src\debug\java', not found
file or directory 'D:\proj\alyk\test23\core\database\src\main\java', not found
file or directory 'D:\proj\alyk\test23\core\database\src\main\java', not found
file or directory 'D:\proj\alyk\test23\core\database\src\main\java', not found
file or directory 'D:\proj\alyk\test23\core\database\src\main\java', not found
file or directory 'D:\proj\alyk\test23\core\database\src\debug\kotlin', not found
file or directory 'D:\proj\alyk\test23\core\database\src\debug\java', not found
file or directory 'D:\proj\alyk\test23\core\database\src\debug\kotlin', not found
file or directory 'D:\proj\alyk\test23\core\database\src\debug\kotlin', not found
file or directory 'D:\proj\alyk\test23\core\database\src\debug\java', not found
file or directory 'D:\proj\alyk\test23\core\database\src\main\java', not found
file or directory 'D:\proj\alyk\test23\core\database\src\debug\java', not found
Build cache key for task ':core:database:kaptDebugKotlin' is 7ad0f35a1442f479e9c98524bb699bf3
Skipping task ':core:database:kaptDebugKotlin' as it is up-to-date.
Resolve mutations for :core:database:compileDebugKotlin (Thread[#2106,Execution worker Thread 2,5,main]) started.
:core:database:compileDebugKotlin (Thread[#2106,Execution worker Thread 2,5,main]) started.

> Task :core:ui:compileDebugKotlin UP-TO-DATE
Transforming R.jar with BuildToolsApiClasspathEntrySnapshotTransform
Transforming hilt-android-2.51.1-api.jar with BuildToolsApiClasspathEntrySnapshotTransform
Transforming fragment-1.5.1-api.jar with BuildToolsApiClasspathEntrySnapshotTransform
Transforming activity-1.8.2-api.jar with BuildToolsApiClasspathEntrySnapshotTransform
Transforming loader-1.0.0-api.jar with BuildToolsApiClasspathEntrySnapshotTransform
Transforming material3-release-api.jar with BuildToolsApiClasspathEntrySnapshotTransform
Transforming ui-util-release-api.jar with BuildToolsApiClasspathEntrySnapshotTransform
Transforming ui-unit-release-api.jar with BuildToolsApiClasspathEntrySnapshotTransform
Transforming ui-text-release-api.jar with BuildToolsApiClasspathEntrySnapshotTransform
Transforming ui-graphics-release-api.jar with BuildToolsApiClasspathEntrySnapshotTransform
Transforming coil-compose-2.4.0-api.jar with BuildToolsApiClasspathEntrySnapshotTransform
Transforming coil-compose-base-2.4.0-api.jar with BuildToolsApiClasspathEntrySnapshotTransform
Transforming foundation-layout-release-api.jar with BuildToolsApiClasspathEntrySnapshotTransform
Transforming material-ripple-release-api.jar with BuildToolsApiClasspathEntrySnapshotTransform
Transforming foundation-release-api.jar with BuildToolsApiClasspathEntrySnapshotTransform
Transforming animation-core-release-api.jar with BuildToolsApiClasspathEntrySnapshotTransform
Transforming animation-release-api.jar with BuildToolsApiClasspathEntrySnapshotTransform
Transforming ui-geometry-release-api.jar with BuildToolsApiClasspathEntrySnapshotTransform
Transforming material-icons-core-release-api.jar with BuildToolsApiClasspathEntrySnapshotTransform
Transforming ui-release-api.jar with BuildToolsApiClasspathEntrySnapshotTransform
Transforming viewpager-1.0.0-api.jar with BuildToolsApiClasspathEntrySnapshotTransform
Transforming customview-1.0.0-api.jar with BuildToolsApiClasspathEntrySnapshotTransform
Transforming core-1.13.1-api.jar with BuildToolsApiClasspathEntrySnapshotTransform
Transforming coil-2.4.0-api.jar with BuildToolsApiClasspathEntrySnapshotTransform
Transforming coil-base-2.4.0-api.jar with BuildToolsApiClasspathEntrySnapshotTransform
Transforming lifecycle-runtime-ktx-release-api.jar with BuildToolsApiClasspathEntrySnapshotTransform
Transforming lifecycle-livedata-core-ktx-2.8.3-api.jar with BuildToolsApiClasspathEntrySnapshotTransform
Transforming lifecycle-livedata-2.8.3-api.jar with BuildToolsApiClasspathEntrySnapshotTransform
Transforming lifecycle-runtime-release-api.jar with BuildToolsApiClasspathEntrySnapshotTransform
Transforming lifecycle-runtime-compose-release-api.jar with BuildToolsApiClasspathEntrySnapshotTransform
Transforming lifecycle-viewmodel-2.8.3-api.jar with BuildToolsApiClasspathEntrySnapshotTransform
Transforming lifecycle-viewmodel-release-api.jar with BuildToolsApiClasspathEntrySnapshotTransform
Transforming lifecycle-common-jvm-2.8.3.jar with BuildToolsApiClasspathEntrySnapshotTransform
Transforming lifecycle-livedata-core-2.8.3-api.jar with BuildToolsApiClasspathEntrySnapshotTransform
Transforming lifecycle-viewmodel-savedstate-2.8.3-api.jar with BuildToolsApiClasspathEntrySnapshotTransform
Transforming core-ktx-1.13.1-api.jar with BuildToolsApiClasspathEntrySnapshotTransform
Transforming classes.jar with BuildToolsApiClasspathEntrySnapshotTransform
Transforming runtime-saveable-release-api.jar with BuildToolsApiClasspathEntrySnapshotTransform
Transforming runtime-release-api.jar with BuildToolsApiClasspathEntrySnapshotTransform
Transforming kotlinx-coroutines-core-jvm-1.7.3.jar with BuildToolsApiClasspathEntrySnapshotTransform
Transforming kotlinx-coroutines-android-1.7.3.jar with BuildToolsApiClasspathEntrySnapshotTransform
Transforming okhttp-4.11.0.jar with BuildToolsApiClasspathEntrySnapshotTransform
Transforming okio-jvm-3.3.0.jar with BuildToolsApiClasspathEntrySnapshotTransform
Transforming kotlin-stdlib-jdk8-1.8.21.jar with BuildToolsApiClasspathEntrySnapshotTransform
Transforming annotation-experimental-1.4.0-api.jar with BuildToolsApiClasspathEntrySnapshotTransform
Transforming savedstate-1.2.1-api.jar with BuildToolsApiClasspathEntrySnapshotTransform
Transforming kotlin-stdlib-jdk7-1.8.21.jar with BuildToolsApiClasspathEntrySnapshotTransform
Transforming versionedparcelable-1.1.1-api.jar with BuildToolsApiClasspathEntrySnapshotTransform
Transforming collection-jvm-1.4.0.jar with BuildToolsApiClasspathEntrySnapshotTransform
Transforming core-runtime-2.2.0-api.jar with BuildToolsApiClasspathEntrySnapshotTransform
Transforming core-common-2.2.0.jar with BuildToolsApiClasspathEntrySnapshotTransform
Transforming annotation-jvm-1.8.0.jar with BuildToolsApiClasspathEntrySnapshotTransform
Transforming kotlin-stdlib-2.0.21.jar with BuildToolsApiClasspathEntrySnapshotTransform
Transforming annotations-23.0.0.jar with BuildToolsApiClasspathEntrySnapshotTransform
Transforming hilt-core-2.51.1.jar with BuildToolsApiClasspathEntrySnapshotTransform
Transforming dagger-2.51.1.jar with BuildToolsApiClasspathEntrySnapshotTransform
Transforming javax.inject-1.jar with BuildToolsApiClasspathEntrySnapshotTransform
Transforming dagger-lint-aar-2.51.1-api.jar with BuildToolsApiClasspathEntrySnapshotTransform
Transforming jsr305-3.0.2.jar with BuildToolsApiClasspathEntrySnapshotTransform
Transforming android.jar with BuildToolsApiClasspathEntrySnapshotTransform
Transforming core-lambda-stubs.jar with BuildToolsApiClasspathEntrySnapshotTransform
Build cache key for task ':core:ui:compileDebugKotlin' is 08927171960b7bf2e44dd40a126d3b1c
Skipping task ':core:ui:compileDebugKotlin' as it is up-to-date.
Resolve mutations for :core:ui:compileDebugJavaWithJavac (Thread[#2108,Execution worker Thread 4,5,main]) started.
:core:ui:compileDebugJavaWithJavac (Thread[#2108,Execution worker Thread 4,5,main]) started.

> Task :core:ui:compileDebugJavaWithJavac NO-SOURCE
Skipping task ':core:ui:compileDebugJavaWithJavac' as it has no source files and no previous output files.
Resolve mutations for :core:ui:transformDebugClassesWithAsm (Thread[#2108,Execution worker Thread 4,5,main]) started.
:core:ui:transformDebugClassesWithAsm (Thread[#2108,Execution worker Thread 4,5,main]) started.

> Task :app:processFreeDebugMainManifest UP-TO-DATE
Transforming hilt-navigation-compose-1.2.0.aar (androidx.hilt:hilt-navigation-compose:1.2.0) with ExtractAarTransform
Transforming hilt-navigation-compose-1.2.0.aar (androidx.hilt:hilt-navigation-compose:1.2.0) with AarTransform
Transforming hilt-navigation-1.2.0.aar (androidx.hilt:hilt-navigation:1.2.0) with ExtractAarTransform
Transforming hilt-navigation-1.2.0.aar (androidx.hilt:hilt-navigation:1.2.0) with AarTransform
Transforming navigation-common-2.7.7.aar (androidx.navigation:navigation-common:2.7.7) with ExtractAarTransform
Transforming navigation-common-2.7.7.aar (androidx.navigation:navigation-common:2.7.7) with AarTransform
Transforming navigation-runtime-2.7.7.aar (androidx.navigation:navigation-runtime:2.7.7) with ExtractAarTransform
Transforming navigation-runtime-2.7.7.aar (androidx.navigation:navigation-runtime:2.7.7) with AarTransform
Transforming navigation-common-ktx-2.7.7.aar (androidx.navigation:navigation-common-ktx:2.7.7) with ExtractAarTransform
Transforming navigation-common-ktx-2.7.7.aar (androidx.navigation:navigation-common-ktx:2.7.7) with AarTransform
Transforming navigation-runtime-ktx-2.7.7.aar (androidx.navigation:navigation-runtime-ktx:2.7.7) with ExtractAarTransform
Transforming navigation-runtime-ktx-2.7.7.aar (androidx.navigation:navigation-runtime-ktx:2.7.7) with AarTransform
Transforming navigation-compose-2.7.7.aar (androidx.navigation:navigation-compose:2.7.7) with ExtractAarTransform
Transforming navigation-compose-2.7.7.aar (androidx.navigation:navigation-compose:2.7.7) with AarTransform
Transforming hilt-android-2.51.1.aar (com.google.dagger:hilt-android:2.51.1) with ExtractAarTransform
Transforming hilt-android-2.51.1.aar (com.google.dagger:hilt-android:2.51.1) with AarTransform
Transforming fragment-1.5.1.aar (androidx.fragment:fragment:1.5.1) with ExtractAarTransform
Transforming fragment-1.5.1.aar (androidx.fragment:fragment:1.5.1) with AarTransform
Transforming room-runtime-2.6.1.aar (androidx.room:room-runtime:2.6.1) with ExtractAarTransform
Transforming room-runtime-2.6.1.aar (androidx.room:room-runtime:2.6.1) with AarTransform
Transforming room-ktx-2.6.1.aar (androidx.room:room-ktx:2.6.1) with ExtractAarTransform
Transforming room-ktx-2.6.1.aar (androidx.room:room-ktx:2.6.1) with AarTransform
Transforming material3-release.aar (androidx.compose.material3:material3-android:1.3.0) with ExtractAarTransform
Transforming material3-release.aar (androidx.compose.material3:material3-android:1.3.0) with AarTransform
Transforming coil-compose-2.5.0.aar (io.coil-kt:coil-compose:2.5.0) with ExtractAarTransform
Transforming coil-compose-2.5.0.aar (io.coil-kt:coil-compose:2.5.0) with AarTransform
Transforming coil-compose-base-2.5.0.aar (io.coil-kt:coil-compose-base:2.5.0) with ExtractAarTransform
Transforming coil-compose-base-2.5.0.aar (io.coil-kt:coil-compose-base:2.5.0) with AarTransform
Transforming material-release.aar (androidx.compose.material:material-android:1.7.0) with ExtractAarTransform
Transforming material-release.aar (androidx.compose.material:material-android:1.7.0) with AarTransform
Transforming animation-core-release.aar (androidx.compose.animation:animation-core-android:1.7.0) with ExtractAarTransform
Transforming animation-core-release.aar (androidx.compose.animation:animation-core-android:1.7.0) with AarTransform
Transforming material-ripple-release.aar (androidx.compose.material:material-ripple-android:1.7.0) with ExtractAarTransform
Transforming material-ripple-release.aar (androidx.compose.material:material-ripple-android:1.7.0) with AarTransform
Transforming animation-release.aar (androidx.compose.animation:animation-android:1.7.0) with ExtractAarTransform
Transforming animation-release.aar (androidx.compose.animation:animation-android:1.7.0) with AarTransform
Transforming foundation-layout-release.aar (androidx.compose.foundation:foundation-layout-android:1.7.0) with ExtractAarTransform
Transforming foundation-layout-release.aar (androidx.compose.foundation:foundation-layout-android:1.7.0) with AarTransform
Transforming foundation-release.aar (androidx.compose.foundation:foundation-android:1.7.0) with ExtractAarTransform
Transforming foundation-release.aar (androidx.compose.foundation:foundation-android:1.7.0) with AarTransform
Transforming ui-tooling-data-release.aar (androidx.compose.ui:ui-tooling-data-android:1.7.0) with ExtractAarTransform
Transforming ui-tooling-data-release.aar (androidx.compose.ui:ui-tooling-data-android:1.7.0) with AarTransform
Transforming ui-unit-release.aar (androidx.compose.ui:ui-unit-android:1.7.0) with ExtractAarTransform
Transforming ui-unit-release.aar (androidx.compose.ui:ui-unit-android:1.7.0) with AarTransform
Transforming ui-geometry-release.aar (androidx.compose.ui:ui-geometry-android:1.7.0) with ExtractAarTransform
Transforming ui-geometry-release.aar (androidx.compose.ui:ui-geometry-android:1.7.0) with AarTransform
Transforming ui-util-release.aar (androidx.compose.ui:ui-util-android:1.7.0) with ExtractAarTransform
Transforming ui-util-release.aar (androidx.compose.ui:ui-util-android:1.7.0) with AarTransform
Transforming ui-text-release.aar (androidx.compose.ui:ui-text-android:1.7.0) with ExtractAarTransform
Transforming ui-text-release.aar (androidx.compose.ui:ui-text-android:1.7.0) with AarTransform
Transforming ui-tooling-preview-release.aar (androidx.compose.ui:ui-tooling-preview-android:1.7.0) with ExtractAarTransform
Transforming ui-tooling-preview-release.aar (androidx.compose.ui:ui-tooling-preview-android:1.7.0) with AarTransform
Transforming ui-tooling-release.aar (androidx.compose.ui:ui-tooling-android:1.7.0) with ExtractAarTransform
Transforming ui-tooling-release.aar (androidx.compose.ui:ui-tooling-android:1.7.0) with AarTransform
Transforming ui-graphics-release.aar (androidx.compose.ui:ui-graphics-android:1.7.0) with ExtractAarTransform
Transforming ui-graphics-release.aar (androidx.compose.ui:ui-graphics-android:1.7.0) with AarTransform
Transforming ui-test-manifest-1.7.0.aar (androidx.compose.ui:ui-test-manifest:1.7.0) with ExtractAarTransform
Transforming ui-test-manifest-1.7.0.aar (androidx.compose.ui:ui-test-manifest:1.7.0) with AarTransform
Transforming accompanist-drawablepainter-0.32.0.aar (com.google.accompanist:accompanist-drawablepainter:0.32.0) with ExtractAarTransform
Transforming accompanist-drawablepainter-0.32.0.aar (com.google.accompanist:accompanist-drawablepainter:0.32.0) with AarTransform
Transforming activity-ktx-1.8.2.aar (androidx.activity:activity-ktx:1.8.2) with ExtractAarTransform
Transforming activity-ktx-1.8.2.aar (androidx.activity:activity-ktx:1.8.2) with AarTransform
Transforming activity-1.8.2.aar (androidx.activity:activity:1.8.2) with ExtractAarTransform
Transforming activity-1.8.2.aar (androidx.activity:activity:1.8.2) with AarTransform
Transforming activity-compose-1.8.2.aar (androidx.activity:activity-compose:1.8.2) with ExtractAarTransform
Transforming activity-compose-1.8.2.aar (androidx.activity:activity-compose:1.8.2) with AarTransform
Transforming material-icons-extended-release.aar (androidx.compose.material:material-icons-extended-android:1.7.0) with ExtractAarTransform
Transforming material-icons-extended-release.aar (androidx.compose.material:material-icons-extended-android:1.7.0) with AarTransform
Transforming material-icons-core-release.aar (androidx.compose.material:material-icons-core-android:1.7.0) with ExtractAarTransform
Transforming material-icons-core-release.aar (androidx.compose.material:material-icons-core-android:1.7.0) with AarTransform
Transforming loader-1.0.0.aar (androidx.loader:loader:1.0.0) with ExtractAarTransform
Transforming loader-1.0.0.aar (androidx.loader:loader:1.0.0) with AarTransform
Transforming emoji2-1.3.0.aar (androidx.emoji2:emoji2:1.3.0) with ExtractAarTransform
Transforming emoji2-1.3.0.aar (androidx.emoji2:emoji2:1.3.0) with AarTransform
Transforming coil-2.5.0.aar (io.coil-kt:coil:2.5.0) with ExtractAarTransform
Transforming coil-2.5.0.aar (io.coil-kt:coil:2.5.0) with AarTransform
Transforming coil-base-2.5.0.aar (io.coil-kt:coil-base:2.5.0) with ExtractAarTransform
Transforming coil-base-2.5.0.aar (io.coil-kt:coil-base:2.5.0) with AarTransform
Transforming viewpager-1.0.0.aar (androidx.viewpager:viewpager:1.0.0) with ExtractAarTransform
Transforming viewpager-1.0.0.aar (androidx.viewpager:viewpager:1.0.0) with AarTransform
Transforming customview-1.0.0.aar (androidx.customview:customview:1.0.0) with ExtractAarTransform
Transforming customview-1.0.0.aar (androidx.customview:customview:1.0.0) with AarTransform
Transforming autofill-1.0.0.aar (androidx.autofill:autofill:1.0.0) with ExtractAarTransform
Transforming autofill-1.0.0.aar (androidx.autofill:autofill:1.0.0) with AarTransform
Transforming graphics-path-1.0.1.aar (androidx.graphics:graphics-path:1.0.1) with ExtractAarTransform
Transforming graphics-path-1.0.1.aar (androidx.graphics:graphics-path:1.0.1) with AarTransform
Transforming appcompat-resources-1.6.1.aar (androidx.appcompat:appcompat-resources:1.6.1) with ExtractAarTransform
Transforming appcompat-resources-1.6.1.aar (androidx.appcompat:appcompat-resources:1.6.1) with AarTransform
Transforming vectordrawable-animated-1.1.0.aar (androidx.vectordrawable:vectordrawable-animated:1.1.0) with ExtractAarTransform
Transforming vectordrawable-animated-1.1.0.aar (androidx.vectordrawable:vectordrawable-animated:1.1.0) with AarTransform
Transforming vectordrawable-1.1.0.aar (androidx.vectordrawable:vectordrawable:1.1.0) with ExtractAarTransform
Transforming vectordrawable-1.1.0.aar (androidx.vectordrawable:vectordrawable:1.1.0) with AarTransform
Transforming vectordrawable-1.1.0.aar (androidx.vectordrawable:vectordrawable:1.1.0) with ExtractAarTransform
Transforming vectordrawable-1.1.0.aar (androidx.vectordrawable:vectordrawable:1.1.0) with AarTransform
Transforming customview-poolingcontainer-1.0.0.aar (androidx.customview:customview-poolingcontainer:1.0.0) with ExtractAarTransform
Transforming customview-poolingcontainer-1.0.0.aar (androidx.customview:customview-poolingcontainer:1.0.0) with AarTransform
Transforming core-ktx-1.13.1.aar (androidx.core:core-ktx:1.13.1) with ExtractAarTransform
Transforming core-ktx-1.13.1.aar (androidx.core:core-ktx:1.13.1) with AarTransform
Transforming core-1.13.1.aar (androidx.core:core:1.13.1) with ExtractAarTransform
Transforming core-1.13.1.aar (androidx.core:core:1.13.1) with AarTransform
Transforming core-1.13.1.aar (androidx.core:core:1.13.1) with ExtractAarTransform
Transforming core-1.13.1.aar (androidx.core:core:1.13.1) with AarTransform
Transforming savedstate-1.2.1.aar (androidx.savedstate:savedstate:1.2.1) with ExtractAarTransform
Transforming savedstate-1.2.1.aar (androidx.savedstate:savedstate:1.2.1) with AarTransform
Transforming lifecycle-viewmodel-2.8.3.aar (androidx.lifecycle:lifecycle-viewmodel:2.8.3) with ExtractAarTransform
Transforming lifecycle-viewmodel-2.8.3.aar (androidx.lifecycle:lifecycle-viewmodel:2.8.3) with AarTransform
Transforming lifecycle-viewmodel-release.aar (androidx.lifecycle:lifecycle-viewmodel-android:2.8.3) with ExtractAarTransform
Transforming lifecycle-viewmodel-release.aar (androidx.lifecycle:lifecycle-viewmodel-android:2.8.3) with AarTransform
Transforming lifecycle-livedata-core-ktx-2.8.3.aar (androidx.lifecycle:lifecycle-livedata-core-ktx:2.8.3) with ExtractAarTransform
Transforming lifecycle-livedata-core-ktx-2.8.3.aar (androidx.lifecycle:lifecycle-livedata-core-ktx:2.8.3) with AarTransform
Transforming lifecycle-runtime-ktx-release.aar (androidx.lifecycle:lifecycle-runtime-ktx-android:2.8.3) with ExtractAarTransform
Transforming lifecycle-runtime-ktx-release.aar (androidx.lifecycle:lifecycle-runtime-ktx-android:2.8.3) with AarTransform
Transforming lifecycle-runtime-release.aar (androidx.lifecycle:lifecycle-runtime-android:2.8.3) with ExtractAarTransform
Transforming lifecycle-runtime-release.aar (androidx.lifecycle:lifecycle-runtime-android:2.8.3) with AarTransform
Transforming lifecycle-process-2.8.3.aar (androidx.lifecycle:lifecycle-process:2.8.3) with ExtractAarTransform
Transforming lifecycle-process-2.8.3.aar (androidx.lifecycle:lifecycle-process:2.8.3) with AarTransform
Transforming lifecycle-viewmodel-savedstate-2.8.3.aar (androidx.lifecycle:lifecycle-viewmodel-savedstate:2.8.3) with ExtractAarTransform
Transforming lifecycle-viewmodel-savedstate-2.8.3.aar (androidx.lifecycle:lifecycle-viewmodel-savedstate:2.8.3) with AarTransform
Transforming lifecycle-viewmodel-ktx-2.8.3.aar (androidx.lifecycle:lifecycle-viewmodel-ktx:2.8.3) with ExtractAarTransform
Transforming lifecycle-viewmodel-ktx-2.8.3.aar (androidx.lifecycle:lifecycle-viewmodel-ktx:2.8.3) with AarTransform
Transforming lifecycle-livedata-core-2.8.3.aar (androidx.lifecycle:lifecycle-livedata-core:2.8.3) with ExtractAarTransform
Transforming lifecycle-livedata-core-2.8.3.aar (androidx.lifecycle:lifecycle-livedata-core:2.8.3) with AarTransform
Transforming lifecycle-livedata-2.8.3.aar (androidx.lifecycle:lifecycle-livedata:2.8.3) with ExtractAarTransform
Transforming lifecycle-livedata-2.8.3.aar (androidx.lifecycle:lifecycle-livedata:2.8.3) with AarTransform
Transforming lifecycle-runtime-compose-release.aar (androidx.lifecycle:lifecycle-runtime-compose-android:2.8.3) with ExtractAarTransform
Transforming lifecycle-runtime-compose-release.aar (androidx.lifecycle:lifecycle-runtime-compose-android:2.8.3) with AarTransform
Transforming lifecycle-viewmodel-compose-release.aar (androidx.lifecycle:lifecycle-viewmodel-compose-android:2.8.3) with ExtractAarTransform
Transforming lifecycle-viewmodel-compose-release.aar (androidx.lifecycle:lifecycle-viewmodel-compose-android:2.8.3) with AarTransform
Transforming ui-release.aar (androidx.compose.ui:ui-android:1.7.0) with ExtractAarTransform
Transforming ui-release.aar (androidx.compose.ui:ui-android:1.7.0) with AarTransform
Transforming savedstate-ktx-1.2.1.aar (androidx.savedstate:savedstate-ktx:1.2.1) with ExtractAarTransform
Transforming savedstate-ktx-1.2.1.aar (androidx.savedstate:savedstate-ktx:1.2.1) with AarTransform
Transforming runtime-saveable-release.aar (androidx.compose.runtime:runtime-saveable-android:1.7.0) with ExtractAarTransform
Transforming runtime-saveable-release.aar (androidx.compose.runtime:runtime-saveable-android:1.7.0) with AarTransform
Transforming runtime-release.aar (androidx.compose.runtime:runtime-android:1.7.0) with ExtractAarTransform
Transforming runtime-release.aar (androidx.compose.runtime:runtime-android:1.7.0) with AarTransform
Transforming sqlite-framework-2.4.0.aar (androidx.sqlite:sqlite-framework:2.4.0) with ExtractAarTransform
Transforming sqlite-framework-2.4.0.aar (androidx.sqlite:sqlite-framework:2.4.0) with AarTransform
Transforming sqlite-2.4.0.aar (androidx.sqlite:sqlite:2.4.0) with ExtractAarTransform
Transforming sqlite-2.4.0.aar (androidx.sqlite:sqlite:2.4.0) with AarTransform
Transforming annotation-experimental-1.4.0.aar (androidx.annotation:annotation-experimental:1.4.0) with ExtractAarTransform
Transforming annotation-experimental-1.4.0.aar (androidx.annotation:annotation-experimental:1.4.0) with AarTransform
Transforming versionedparcelable-1.1.1.aar (androidx.versionedparcelable:versionedparcelable:1.1.1) with ExtractAarTransform
Transforming versionedparcelable-1.1.1.aar (androidx.versionedparcelable:versionedparcelable:1.1.1) with AarTransform
Transforming core-runtime-2.2.0.aar (androidx.arch.core:core-runtime:2.2.0) with ExtractAarTransform
Transforming core-runtime-2.2.0.aar (androidx.arch.core:core-runtime:2.2.0) with AarTransform
Transforming profileinstaller-1.3.1.aar (androidx.profileinstaller:profileinstaller:1.3.1) with ExtractAarTransform
Transforming profileinstaller-1.3.1.aar (androidx.profileinstaller:profileinstaller:1.3.1) with AarTransform
Transforming exifinterface-1.3.6.aar (androidx.exifinterface:exifinterface:1.3.6) with ExtractAarTransform
Transforming exifinterface-1.3.6.aar (androidx.exifinterface:exifinterface:1.3.6) with AarTransform
Transforming startup-runtime-1.1.1.aar (androidx.startup:startup-runtime:1.1.1) with ExtractAarTransform
Transforming startup-runtime-1.1.1.aar (androidx.startup:startup-runtime:1.1.1) with AarTransform
Transforming tracing-1.0.0.aar (androidx.tracing:tracing:1.0.0) with ExtractAarTransform
Transforming tracing-1.0.0.aar (androidx.tracing:tracing:1.0.0) with AarTransform
Transforming interpolator-1.0.0.aar (androidx.interpolator:interpolator:1.0.0) with ExtractAarTransform
Transforming interpolator-1.0.0.aar (androidx.interpolator:interpolator:1.0.0) with AarTransform
Transforming interpolator-1.0.0.aar (androidx.interpolator:interpolator:1.0.0) with ExtractAarTransform
Transforming interpolator-1.0.0.aar (androidx.interpolator:interpolator:1.0.0) with AarTransform
Transforming dagger-lint-aar-2.51.1.aar (com.google.dagger:dagger-lint-aar:2.51.1) with ExtractAarTransform
Transforming dagger-lint-aar-2.51.1.aar (com.google.dagger:dagger-lint-aar:2.51.1) with AarTransform
Transforming hilt-navigation-compose-1.2.0.aar (androidx.hilt:hilt-navigation-compose:1.2.0) with ExtractAarTransform
Transforming hilt-navigation-compose-1.2.0.aar (androidx.hilt:hilt-navigation-compose:1.2.0) with AarTransform
Transforming hilt-navigation-1.2.0.aar (androidx.hilt:hilt-navigation:1.2.0) with ExtractAarTransform
Transforming hilt-navigation-1.2.0.aar (androidx.hilt:hilt-navigation:1.2.0) with AarTransform
Transforming navigation-common-2.7.7.aar (androidx.navigation:navigation-common:2.7.7) with ExtractAarTransform
Transforming navigation-common-2.7.7.aar (androidx.navigation:navigation-common:2.7.7) with AarTransform
Transforming navigation-runtime-2.7.7.aar (androidx.navigation:navigation-runtime:2.7.7) with ExtractAarTransform
Transforming navigation-runtime-2.7.7.aar (androidx.navigation:navigation-runtime:2.7.7) with AarTransform
Transforming navigation-common-ktx-2.7.7.aar (androidx.navigation:navigation-common-ktx:2.7.7) with ExtractAarTransform
Transforming navigation-common-ktx-2.7.7.aar (androidx.navigation:navigation-common-ktx:2.7.7) with AarTransform
Transforming navigation-runtime-ktx-2.7.7.aar (androidx.navigation:navigation-runtime-ktx:2.7.7) with ExtractAarTransform
Transforming navigation-runtime-ktx-2.7.7.aar (androidx.navigation:navigation-runtime-ktx:2.7.7) with AarTransform
Transforming navigation-compose-2.7.7.aar (androidx.navigation:navigation-compose:2.7.7) with ExtractAarTransform
Transforming navigation-compose-2.7.7.aar (androidx.navigation:navigation-compose:2.7.7) with AarTransform
Transforming hilt-android-2.51.1.aar (com.google.dagger:hilt-android:2.51.1) with ExtractAarTransform
Transforming hilt-android-2.51.1.aar (com.google.dagger:hilt-android:2.51.1) with AarTransform
Transforming fragment-1.5.1.aar (androidx.fragment:fragment:1.5.1) with ExtractAarTransform
Transforming fragment-1.5.1.aar (androidx.fragment:fragment:1.5.1) with AarTransform
Transforming room-runtime-2.6.1.aar (androidx.room:room-runtime:2.6.1) with ExtractAarTransform
Transforming room-runtime-2.6.1.aar (androidx.room:room-runtime:2.6.1) with AarTransform
Transforming room-ktx-2.6.1.aar (androidx.room:room-ktx:2.6.1) with ExtractAarTransform
Transforming room-ktx-2.6.1.aar (androidx.room:room-ktx:2.6.1) with AarTransform
Transforming material3-release.aar (androidx.compose.material3:material3-android:1.3.0) with ExtractAarTransform
Transforming material3-release.aar (androidx.compose.material3:material3-android:1.3.0) with AarTransform
Transforming coil-compose-2.5.0.aar (io.coil-kt:coil-compose:2.5.0) with ExtractAarTransform
Transforming coil-compose-2.5.0.aar (io.coil-kt:coil-compose:2.5.0) with AarTransform
Transforming coil-compose-base-2.5.0.aar (io.coil-kt:coil-compose-base:2.5.0) with ExtractAarTransform
Transforming coil-compose-base-2.5.0.aar (io.coil-kt:coil-compose-base:2.5.0) with AarTransform
Transforming material-release.aar (androidx.compose.material:material-android:1.7.0) with ExtractAarTransform
Transforming material-release.aar (androidx.compose.material:material-android:1.7.0) with AarTransform
Transforming animation-core-release.aar (androidx.compose.animation:animation-core-android:1.7.0) with ExtractAarTransform
Transforming animation-core-release.aar (androidx.compose.animation:animation-core-android:1.7.0) with AarTransform
Transforming material-ripple-release.aar (androidx.compose.material:material-ripple-android:1.7.0) with ExtractAarTransform
Transforming material-ripple-release.aar (androidx.compose.material:material-ripple-android:1.7.0) with AarTransform
Transforming animation-release.aar (androidx.compose.animation:animation-android:1.7.0) with ExtractAarTransform
Transforming animation-release.aar (androidx.compose.animation:animation-android:1.7.0) with AarTransform
Transforming foundation-layout-release.aar (androidx.compose.foundation:foundation-layout-android:1.7.0) with ExtractAarTransform
Transforming foundation-layout-release.aar (androidx.compose.foundation:foundation-layout-android:1.7.0) with AarTransform
Transforming foundation-release.aar (androidx.compose.foundation:foundation-android:1.7.0) with ExtractAarTransform
Transforming foundation-release.aar (androidx.compose.foundation:foundation-android:1.7.0) with AarTransform
Transforming ui-tooling-data-release.aar (androidx.compose.ui:ui-tooling-data-android:1.7.0) with ExtractAarTransform
Transforming ui-tooling-data-release.aar (androidx.compose.ui:ui-tooling-data-android:1.7.0) with AarTransform
Transforming ui-unit-release.aar (androidx.compose.ui:ui-unit-android:1.7.0) with ExtractAarTransform
Transforming ui-unit-release.aar (androidx.compose.ui:ui-unit-android:1.7.0) with AarTransform
Transforming ui-geometry-release.aar (androidx.compose.ui:ui-geometry-android:1.7.0) with ExtractAarTransform
Transforming ui-geometry-release.aar (androidx.compose.ui:ui-geometry-android:1.7.0) with AarTransform
Transforming ui-util-release.aar (androidx.compose.ui:ui-util-android:1.7.0) with ExtractAarTransform
Transforming ui-util-release.aar (androidx.compose.ui:ui-util-android:1.7.0) with AarTransform
Transforming ui-text-release.aar (androidx.compose.ui:ui-text-android:1.7.0) with ExtractAarTransform
Transforming ui-text-release.aar (androidx.compose.ui:ui-text-android:1.7.0) with AarTransform
Transforming ui-tooling-preview-release.aar (androidx.compose.ui:ui-tooling-preview-android:1.7.0) with ExtractAarTransform
Transforming ui-tooling-preview-release.aar (androidx.compose.ui:ui-tooling-preview-android:1.7.0) with AarTransform
Transforming ui-tooling-release.aar (androidx.compose.ui:ui-tooling-android:1.7.0) with ExtractAarTransform
Transforming ui-tooling-release.aar (androidx.compose.ui:ui-tooling-android:1.7.0) with AarTransform
Transforming ui-graphics-release.aar (androidx.compose.ui:ui-graphics-android:1.7.0) with ExtractAarTransform
Transforming ui-graphics-release.aar (androidx.compose.ui:ui-graphics-android:1.7.0) with AarTransform
Transforming ui-test-manifest-1.7.0.aar (androidx.compose.ui:ui-test-manifest:1.7.0) with ExtractAarTransform
Transforming ui-test-manifest-1.7.0.aar (androidx.compose.ui:ui-test-manifest:1.7.0) with AarTransform
Transforming accompanist-drawablepainter-0.32.0.aar (com.google.accompanist:accompanist-drawablepainter:0.32.0) with ExtractAarTransform
Transforming accompanist-drawablepainter-0.32.0.aar (com.google.accompanist:accompanist-drawablepainter:0.32.0) with AarTransform
Transforming activity-ktx-1.8.2.aar (androidx.activity:activity-ktx:1.8.2) with ExtractAarTransform
Transforming activity-ktx-1.8.2.aar (androidx.activity:activity-ktx:1.8.2) with AarTransform
Transforming activity-1.8.2.aar (androidx.activity:activity:1.8.2) with ExtractAarTransform
Transforming activity-1.8.2.aar (androidx.activity:activity:1.8.2) with AarTransform
Transforming activity-compose-1.8.2.aar (androidx.activity:activity-compose:1.8.2) with ExtractAarTransform
Transforming activity-compose-1.8.2.aar (androidx.activity:activity-compose:1.8.2) with AarTransform
Transforming material-icons-extended-release.aar (androidx.compose.material:material-icons-extended-android:1.7.0) with ExtractAarTransform
Transforming material-icons-extended-release.aar (androidx.compose.material:material-icons-extended-android:1.7.0) with AarTransform
Transforming material-icons-core-release.aar (androidx.compose.material:material-icons-core-android:1.7.0) with ExtractAarTransform
Transforming material-icons-core-release.aar (androidx.compose.material:material-icons-core-android:1.7.0) with AarTransform
Transforming loader-1.0.0.aar (androidx.loader:loader:1.0.0) with ExtractAarTransform
Transforming loader-1.0.0.aar (androidx.loader:loader:1.0.0) with AarTransform
Transforming emoji2-1.3.0.aar (androidx.emoji2:emoji2:1.3.0) with ExtractAarTransform
Transforming emoji2-1.3.0.aar (androidx.emoji2:emoji2:1.3.0) with AarTransform
Transforming coil-2.5.0.aar (io.coil-kt:coil:2.5.0) with ExtractAarTransform
Transforming coil-2.5.0.aar (io.coil-kt:coil:2.5.0) with AarTransform
Transforming coil-base-2.5.0.aar (io.coil-kt:coil-base:2.5.0) with ExtractAarTransform
Transforming coil-base-2.5.0.aar (io.coil-kt:coil-base:2.5.0) with AarTransform
Transforming viewpager-1.0.0.aar (androidx.viewpager:viewpager:1.0.0) with ExtractAarTransform
Transforming viewpager-1.0.0.aar (androidx.viewpager:viewpager:1.0.0) with AarTransform
Transforming customview-1.0.0.aar (androidx.customview:customview:1.0.0) with ExtractAarTransform
Transforming customview-1.0.0.aar (androidx.customview:customview:1.0.0) with AarTransform
Transforming autofill-1.0.0.aar (androidx.autofill:autofill:1.0.0) with ExtractAarTransform
Transforming autofill-1.0.0.aar (androidx.autofill:autofill:1.0.0) with AarTransform
Transforming graphics-path-1.0.1.aar (androidx.graphics:graphics-path:1.0.1) with ExtractAarTransform
Transforming graphics-path-1.0.1.aar (androidx.graphics:graphics-path:1.0.1) with AarTransform
Transforming appcompat-resources-1.6.1.aar (androidx.appcompat:appcompat-resources:1.6.1) with ExtractAarTransform
Transforming appcompat-resources-1.6.1.aar (androidx.appcompat:appcompat-resources:1.6.1) with AarTransform
Transforming vectordrawable-animated-1.1.0.aar (androidx.vectordrawable:vectordrawable-animated:1.1.0) with ExtractAarTransform
Transforming vectordrawable-animated-1.1.0.aar (androidx.vectordrawable:vectordrawable-animated:1.1.0) with AarTransform
Transforming vectordrawable-1.1.0.aar (androidx.vectordrawable:vectordrawable:1.1.0) with ExtractAarTransform
Transforming vectordrawable-1.1.0.aar (androidx.vectordrawable:vectordrawable:1.1.0) with AarTransform
Transforming vectordrawable-1.1.0.aar (androidx.vectordrawable:vectordrawable:1.1.0) with ExtractAarTransform
Transforming vectordrawable-1.1.0.aar (androidx.vectordrawable:vectordrawable:1.1.0) with AarTransform
Transforming customview-poolingcontainer-1.0.0.aar (androidx.customview:customview-poolingcontainer:1.0.0) with ExtractAarTransform
Transforming customview-poolingcontainer-1.0.0.aar (androidx.customview:customview-poolingcontainer:1.0.0) with AarTransform
Transforming core-ktx-1.13.1.aar (androidx.core:core-ktx:1.13.1) with ExtractAarTransform
Transforming core-ktx-1.13.1.aar (androidx.core:core-ktx:1.13.1) with AarTransform
Transforming core-1.13.1.aar (androidx.core:core:1.13.1) with ExtractAarTransform
Transforming core-1.13.1.aar (androidx.core:core:1.13.1) with AarTransform
Transforming core-1.13.1.aar (androidx.core:core:1.13.1) with ExtractAarTransform
Transforming core-1.13.1.aar (androidx.core:core:1.13.1) with AarTransform
Transforming savedstate-1.2.1.aar (androidx.savedstate:savedstate:1.2.1) with ExtractAarTransform
Transforming savedstate-1.2.1.aar (androidx.savedstate:savedstate:1.2.1) with AarTransform
Transforming lifecycle-viewmodel-2.8.3.aar (androidx.lifecycle:lifecycle-viewmodel:2.8.3) with ExtractAarTransform
Transforming lifecycle-viewmodel-2.8.3.aar (androidx.lifecycle:lifecycle-viewmodel:2.8.3) with AarTransform
Transforming lifecycle-viewmodel-release.aar (androidx.lifecycle:lifecycle-viewmodel-android:2.8.3) with ExtractAarTransform
Transforming lifecycle-viewmodel-release.aar (androidx.lifecycle:lifecycle-viewmodel-android:2.8.3) with AarTransform
Transforming lifecycle-livedata-core-ktx-2.8.3.aar (androidx.lifecycle:lifecycle-livedata-core-ktx:2.8.3) with ExtractAarTransform
Transforming lifecycle-livedata-core-ktx-2.8.3.aar (androidx.lifecycle:lifecycle-livedata-core-ktx:2.8.3) with AarTransform
Transforming lifecycle-runtime-ktx-release.aar (androidx.lifecycle:lifecycle-runtime-ktx-android:2.8.3) with ExtractAarTransform
Transforming lifecycle-runtime-ktx-release.aar (androidx.lifecycle:lifecycle-runtime-ktx-android:2.8.3) with AarTransform
Transforming lifecycle-runtime-release.aar (androidx.lifecycle:lifecycle-runtime-android:2.8.3) with ExtractAarTransform
Transforming lifecycle-runtime-release.aar (androidx.lifecycle:lifecycle-runtime-android:2.8.3) with AarTransform
Transforming lifecycle-process-2.8.3.aar (androidx.lifecycle:lifecycle-process:2.8.3) with ExtractAarTransform
Transforming lifecycle-process-2.8.3.aar (androidx.lifecycle:lifecycle-process:2.8.3) with AarTransform
Transforming lifecycle-viewmodel-savedstate-2.8.3.aar (androidx.lifecycle:lifecycle-viewmodel-savedstate:2.8.3) with ExtractAarTransform
Transforming lifecycle-viewmodel-savedstate-2.8.3.aar (androidx.lifecycle:lifecycle-viewmodel-savedstate:2.8.3) with AarTransform
Transforming lifecycle-viewmodel-ktx-2.8.3.aar (androidx.lifecycle:lifecycle-viewmodel-ktx:2.8.3) with ExtractAarTransform
Transforming lifecycle-viewmodel-ktx-2.8.3.aar (androidx.lifecycle:lifecycle-viewmodel-ktx:2.8.3) with AarTransform
Transforming lifecycle-livedata-core-2.8.3.aar (androidx.lifecycle:lifecycle-livedata-core:2.8.3) with ExtractAarTransform
Transforming lifecycle-livedata-core-2.8.3.aar (androidx.lifecycle:lifecycle-livedata-core:2.8.3) with AarTransform
Transforming lifecycle-livedata-2.8.3.aar (androidx.lifecycle:lifecycle-livedata:2.8.3) with ExtractAarTransform
Transforming lifecycle-livedata-2.8.3.aar (androidx.lifecycle:lifecycle-livedata:2.8.3) with AarTransform
Transforming lifecycle-runtime-compose-release.aar (androidx.lifecycle:lifecycle-runtime-compose-android:2.8.3) with ExtractAarTransform
Transforming lifecycle-runtime-compose-release.aar (androidx.lifecycle:lifecycle-runtime-compose-android:2.8.3) with AarTransform
Transforming lifecycle-viewmodel-compose-release.aar (androidx.lifecycle:lifecycle-viewmodel-compose-android:2.8.3) with ExtractAarTransform
Transforming lifecycle-viewmodel-compose-release.aar (androidx.lifecycle:lifecycle-viewmodel-compose-android:2.8.3) with AarTransform
Transforming ui-release.aar (androidx.compose.ui:ui-android:1.7.0) with ExtractAarTransform
Transforming ui-release.aar (androidx.compose.ui:ui-android:1.7.0) with AarTransform
Transforming savedstate-ktx-1.2.1.aar (androidx.savedstate:savedstate-ktx:1.2.1) with ExtractAarTransform
Transforming savedstate-ktx-1.2.1.aar (androidx.savedstate:savedstate-ktx:1.2.1) with AarTransform
Transforming runtime-saveable-release.aar (androidx.compose.runtime:runtime-saveable-android:1.7.0) with ExtractAarTransform
Transforming runtime-saveable-release.aar (androidx.compose.runtime:runtime-saveable-android:1.7.0) with AarTransform
Transforming runtime-release.aar (androidx.compose.runtime:runtime-android:1.7.0) with ExtractAarTransform
Transforming runtime-release.aar (androidx.compose.runtime:runtime-android:1.7.0) with AarTransform
Transforming sqlite-framework-2.4.0.aar (androidx.sqlite:sqlite-framework:2.4.0) with ExtractAarTransform
Transforming sqlite-framework-2.4.0.aar (androidx.sqlite:sqlite-framework:2.4.0) with AarTransform
Transforming sqlite-2.4.0.aar (androidx.sqlite:sqlite:2.4.0) with ExtractAarTransform
Transforming sqlite-2.4.0.aar (androidx.sqlite:sqlite:2.4.0) with AarTransform
Transforming annotation-experimental-1.4.0.aar (androidx.annotation:annotation-experimental:1.4.0) with ExtractAarTransform
Transforming annotation-experimental-1.4.0.aar (androidx.annotation:annotation-experimental:1.4.0) with AarTransform
Transforming versionedparcelable-1.1.1.aar (androidx.versionedparcelable:versionedparcelable:1.1.1) with ExtractAarTransform
Transforming versionedparcelable-1.1.1.aar (androidx.versionedparcelable:versionedparcelable:1.1.1) with AarTransform
Transforming core-runtime-2.2.0.aar (androidx.arch.core:core-runtime:2.2.0) with ExtractAarTransform
Transforming core-runtime-2.2.0.aar (androidx.arch.core:core-runtime:2.2.0) with AarTransform
Transforming profileinstaller-1.3.1.aar (androidx.profileinstaller:profileinstaller:1.3.1) with ExtractAarTransform
Transforming profileinstaller-1.3.1.aar (androidx.profileinstaller:profileinstaller:1.3.1) with AarTransform
Transforming exifinterface-1.3.6.aar (androidx.exifinterface:exifinterface:1.3.6) with ExtractAarTransform
Transforming exifinterface-1.3.6.aar (androidx.exifinterface:exifinterface:1.3.6) with AarTransform
Transforming startup-runtime-1.1.1.aar (androidx.startup:startup-runtime:1.1.1) with ExtractAarTransform
Transforming startup-runtime-1.1.1.aar (androidx.startup:startup-runtime:1.1.1) with AarTransform
Transforming tracing-1.0.0.aar (androidx.tracing:tracing:1.0.0) with ExtractAarTransform
Transforming tracing-1.0.0.aar (androidx.tracing:tracing:1.0.0) with AarTransform
Transforming interpolator-1.0.0.aar (androidx.interpolator:interpolator:1.0.0) with ExtractAarTransform
Transforming interpolator-1.0.0.aar (androidx.interpolator:interpolator:1.0.0) with AarTransform
Transforming interpolator-1.0.0.aar (androidx.interpolator:interpolator:1.0.0) with ExtractAarTransform
Transforming interpolator-1.0.0.aar (androidx.interpolator:interpolator:1.0.0) with AarTransform
Transforming dagger-lint-aar-2.51.1.aar (com.google.dagger:dagger-lint-aar:2.51.1) with ExtractAarTransform
Transforming dagger-lint-aar-2.51.1.aar (com.google.dagger:dagger-lint-aar:2.51.1) with AarTransform
Build cache key for task ':app:processFreeDebugMainManifest' is 3c3b27f121fd3499a8eca88f913160d4
Skipping task ':app:processFreeDebugMainManifest' as it is up-to-date.
Resolve mutations for :app:processFreeDebugManifest (Thread[#2110,Execution worker Thread 6,5,main]) started.
:app:processFreeDebugManifest (Thread[#2110,Execution worker Thread 6,5,main]) started.

> Task :app:processFreeDebugManifest UP-TO-DATE
Build cache key for task ':app:processFreeDebugManifest' is 08889165173fa9ab6474a684ae332e98
Skipping task ':app:processFreeDebugManifest' as it is up-to-date.
Resolve mutations for :app:processFreeDebugManifestForPackage (Thread[#2110,Execution worker Thread 6,5,main]) started.
:app:processFreeDebugManifestForPackage (Thread[#2110,Execution worker Thread 6,5,main]) started.

> Task :app:processFreeDebugManifestForPackage UP-TO-DATE
Custom actions are attached to task ':app:processFreeDebugManifestForPackage'.
Build cache key for task ':app:processFreeDebugManifestForPackage' is 596eb8f416e9fe33514d224c0ca184eb
Skipping task ':app:processFreeDebugManifestForPackage' as it is up-to-date.
Resolve mutations for :app:processFreeDebugResources (Thread[#2110,Execution worker Thread 6,5,main]) started.
:app:processFreeDebugResources (Thread[#2110,Execution worker Thread 6,5,main]) started.

> Task :core:ui:transformDebugClassesWithAsm UP-TO-DATE
file or directory 'D:\proj\alyk\test23\core\ui\build\generated\ksp\debug\classes', not found
file or directory 'D:\proj\alyk\test23\core\ui\build\generated\ksp\debug\classes', not found
Transforming hilt-android-2.51.1.aar (com.google.dagger:hilt-android:2.51.1) with AarToClassTransform
Transforming coil-compose-2.4.0.aar (io.coil-kt:coil-compose:2.4.0) with AarToClassTransform
Transforming coil-compose-base-2.4.0.aar (io.coil-kt:coil-compose-base:2.4.0) with AarToClassTransform
Transforming coil-2.4.0.aar (io.coil-kt:coil:2.4.0) with AarToClassTransform
Transforming coil-base-2.4.0.aar (io.coil-kt:coil-base:2.4.0) with AarToClassTransform
Transforming okhttp-4.11.0.jar (com.squareup.okhttp3:okhttp:4.11.0) with IdentityTransform
Transforming material3-release.aar (androidx.compose.material3:material3-android:1.3.0) with AarToClassTransform
Transforming fragment-1.5.1.aar (androidx.fragment:fragment:1.5.1) with AarToClassTransform
Transforming activity-1.8.2.aar (androidx.activity:activity:1.8.2) with AarToClassTransform
Transforming activity-ktx-1.8.2.aar (androidx.activity:activity-ktx:1.8.2) with AarToClassTransform
Transforming activity-compose-1.8.2.aar (androidx.activity:activity-compose:1.8.2) with AarToClassTransform
Transforming animation-core-release.aar (androidx.compose.animation:animation-core-android:1.7.0) with AarToClassTransform
Transforming material-ripple-release.aar (androidx.compose.material:material-ripple-android:1.7.0) with AarToClassTransform
Transforming animation-release.aar (androidx.compose.animation:animation-android:1.7.0) with AarToClassTransform
Transforming foundation-layout-release.aar (androidx.compose.foundation:foundation-layout-android:1.7.0) with AarToClassTransform
Transforming foundation-release.aar (androidx.compose.foundation:foundation-android:1.7.0) with AarToClassTransform
Transforming material-icons-core-release.aar (androidx.compose.material:material-icons-core-android:1.7.0) with AarToClassTransform
Transforming ui-unit-release.aar (androidx.compose.ui:ui-unit-android:1.7.0) with AarToClassTransform
Transforming ui-graphics-release.aar (androidx.compose.ui:ui-graphics-android:1.7.0) with AarToClassTransform
Transforming ui-geometry-release.aar (androidx.compose.ui:ui-geometry-android:1.7.0) with AarToClassTransform
Transforming ui-util-release.aar (androidx.compose.ui:ui-util-android:1.7.0) with AarToClassTransform
Transforming ui-text-release.aar (androidx.compose.ui:ui-text-android:1.7.0) with AarToClassTransform
Transforming ui-release.aar (androidx.compose.ui:ui-android:1.7.0) with AarToClassTransform
Transforming loader-1.0.0.aar (androidx.loader:loader:1.0.0) with AarToClassTransform
Transforming emoji2-1.3.0.aar (androidx.emoji2:emoji2:1.3.0) with AarToClassTransform
Transforming accompanist-drawablepainter-0.30.1.aar (com.google.accompanist:accompanist-drawablepainter:0.30.1) with AarToClassTransform
Transforming viewpager-1.0.0.aar (androidx.viewpager:viewpager:1.0.0) with AarToClassTransform
Transforming autofill-1.0.0.aar (androidx.autofill:autofill:1.0.0) with AarToClassTransform
Transforming appcompat-resources-1.6.1.aar (androidx.appcompat:appcompat-resources:1.6.1) with AarToClassTransform
Transforming customview-1.0.0.aar (androidx.customview:customview:1.0.0) with AarToClassTransform
Transforming vectordrawable-animated-1.1.0.aar (androidx.vectordrawable:vectordrawable-animated:1.1.0) with AarToClassTransform
Transforming vectordrawable-1.1.0.aar (androidx.vectordrawable:vectordrawable:1.1.0) with AarToClassTransform
Transforming vectordrawable-1.1.0.aar (androidx.vectordrawable:vectordrawable:1.1.0) with AarToClassTransform
Transforming graphics-path-1.0.1.aar (androidx.graphics:graphics-path:1.0.1) with AarToClassTransform
Transforming customview-poolingcontainer-1.0.0.aar (androidx.customview:customview-poolingcontainer:1.0.0) with AarToClassTransform
Transforming core-ktx-1.13.1.aar (androidx.core:core-ktx:1.13.1) with AarToClassTransform
Transforming core-1.13.1.aar (androidx.core:core:1.13.1) with AarToClassTransform
Transforming core-1.13.1.aar (androidx.core:core:1.13.1) with AarToClassTransform
Transforming savedstate-ktx-1.2.1.aar (androidx.savedstate:savedstate-ktx:1.2.1) with AarToClassTransform
Transforming savedstate-1.2.1.aar (androidx.savedstate:savedstate:1.2.1) with AarToClassTransform
Transforming lifecycle-viewmodel-2.8.3.aar (androidx.lifecycle:lifecycle-viewmodel:2.8.3) with AarToClassTransform
Transforming lifecycle-viewmodel-release.aar (androidx.lifecycle:lifecycle-viewmodel-android:2.8.3) with AarToClassTransform
Transforming lifecycle-livedata-core-ktx-2.8.3.aar (androidx.lifecycle:lifecycle-livedata-core-ktx:2.8.3) with AarToClassTransform
Transforming lifecycle-common-jvm-2.8.3.jar (androidx.lifecycle:lifecycle-common-jvm:2.8.3) with IdentityTransform
Transforming lifecycle-runtime-ktx-release.aar (androidx.lifecycle:lifecycle-runtime-ktx-android:2.8.3) with AarToClassTransform
Transforming lifecycle-runtime-release.aar (androidx.lifecycle:lifecycle-runtime-android:2.8.3) with AarToClassTransform
Transforming lifecycle-process-2.8.3.aar (androidx.lifecycle:lifecycle-process:2.8.3) with AarToClassTransform
Transforming lifecycle-viewmodel-savedstate-2.8.3.aar (androidx.lifecycle:lifecycle-viewmodel-savedstate:2.8.3) with AarToClassTransform
Transforming lifecycle-viewmodel-ktx-2.8.3.aar (androidx.lifecycle:lifecycle-viewmodel-ktx:2.8.3) with AarToClassTransform
Transforming lifecycle-livedata-core-2.8.3.aar (androidx.lifecycle:lifecycle-livedata-core:2.8.3) with AarToClassTransform
Transforming lifecycle-livedata-2.8.3.aar (androidx.lifecycle:lifecycle-livedata:2.8.3) with AarToClassTransform
Transforming lifecycle-runtime-compose-release.aar (androidx.lifecycle:lifecycle-runtime-compose-android:2.8.3) with AarToClassTransform
Transforming runtime-saveable-release.aar (androidx.compose.runtime:runtime-saveable-android:1.7.0) with AarToClassTransform
Transforming runtime-release.aar (androidx.compose.runtime:runtime-android:1.7.0) with AarToClassTransform
Transforming kotlinx-coroutines-core-jvm-1.7.3.jar (org.jetbrains.kotlinx:kotlinx-coroutines-core-jvm:1.7.3) with IdentityTransform
Transforming kotlinx-coroutines-android-1.7.3.jar (org.jetbrains.kotlinx:kotlinx-coroutines-android:1.7.3) with IdentityTransform
Transforming okio-jvm-3.3.0.jar (com.squareup.okio:okio-jvm:3.3.0) with IdentityTransform
Transforming kotlin-stdlib-jdk8-1.8.21.jar (org.jetbrains.kotlin:kotlin-stdlib-jdk8:1.8.21) with IdentityTransform
Transforming kotlin-stdlib-jdk7-1.8.21.jar (org.jetbrains.kotlin:kotlin-stdlib-jdk7:1.8.21) with IdentityTransform
Transforming kotlinx-serialization-core-jvm-1.6.0.jar (org.jetbrains.kotlinx:kotlinx-serialization-core-jvm:1.6.0) with IdentityTransform
Transforming lifecycle-common-java8-2.8.3.jar (androidx.lifecycle:lifecycle-common-java8:2.8.3) with IdentityTransform
Transforming kotlinx-serialization-json-jvm-1.6.0.jar (org.jetbrains.kotlinx:kotlinx-serialization-json-jvm:1.6.0) with IdentityTransform
Transforming annotation-experimental-1.4.0.aar (androidx.annotation:annotation-experimental:1.4.0) with AarToClassTransform
Transforming versionedparcelable-1.1.1.aar (androidx.versionedparcelable:versionedparcelable:1.1.1) with AarToClassTransform
Transforming collection-jvm-1.4.0.jar (androidx.collection:collection-jvm:1.4.0) with IdentityTransform
Transforming profileinstaller-1.3.1.aar (androidx.profileinstaller:profileinstaller:1.3.1) with AarToClassTransform
Transforming exifinterface-1.3.6.aar (androidx.exifinterface:exifinterface:1.3.6) with AarToClassTransform
Transforming startup-runtime-1.1.1.aar (androidx.startup:startup-runtime:1.1.1) with AarToClassTransform
Transforming tracing-1.0.0.aar (androidx.tracing:tracing:1.0.0) with AarToClassTransform
Transforming interpolator-1.0.0.aar (androidx.interpolator:interpolator:1.0.0) with AarToClassTransform
Transforming interpolator-1.0.0.aar (androidx.interpolator:interpolator:1.0.0) with AarToClassTransform
Transforming core-runtime-2.2.0.aar (androidx.arch.core:core-runtime:2.2.0) with AarToClassTransform
Transforming core-common-2.2.0.jar (androidx.arch.core:core-common:2.2.0) with IdentityTransform
Transforming annotation-jvm-1.8.0.jar (androidx.annotation:annotation-jvm:1.8.0) with IdentityTransform
Transforming concurrent-futures-1.1.0.jar (androidx.concurrent:concurrent-futures:1.1.0) with IdentityTransform
Transforming kotlin-stdlib-2.0.21.jar (org.jetbrains.kotlin:kotlin-stdlib:2.0.21) with IdentityTransform
Transforming annotations-23.0.0.jar (org.jetbrains:annotations:23.0.0) with IdentityTransform
Transforming hilt-core-2.51.1.jar (com.google.dagger:hilt-core:2.51.1) with IdentityTransform
Transforming dagger-2.51.1.jar (com.google.dagger:dagger:2.51.1) with IdentityTransform
Transforming dagger-lint-aar-2.51.1.aar (com.google.dagger:dagger-lint-aar:2.51.1) with AarToClassTransform
Transforming jsr305-3.0.2.jar (com.google.code.findbugs:jsr305:3.0.2) with IdentityTransform
Transforming javax.inject-1.jar (javax.inject:javax.inject:1) with IdentityTransform
Transforming listenablefuture-1.0.jar (com.google.guava:listenablefuture:1.0) with IdentityTransform
Transforming collection-ktx-1.4.0.jar (androidx.collection:collection-ktx:1.4.0) with IdentityTransform
Build cache key for task ':core:ui:transformDebugClassesWithAsm' is f9fe86dda7051b4336b2085b86beb073
Skipping task ':core:ui:transformDebugClassesWithAsm' as it is up-to-date.
Resolve mutations for :core:ui:bundleLibCompileToJarDebug (Thread[#2108,Execution worker Thread 4,5,main]) started.
:core:ui:bundleLibCompileToJarDebug (Thread[#2108,Execution worker Thread 4,5,main]) started.

> Task :core:ui:bundleLibCompileToJarDebug UP-TO-DATE
Caching disabled for task ':core:ui:bundleLibCompileToJarDebug' because:
  Simple merging task
Skipping task ':core:ui:bundleLibCompileToJarDebug' as it is up-to-date.
work action resolve classes.jar (project :core:ui) (Thread[#2108,Execution worker Thread 4,5,main]) started.
Resolve mutations for :core:ui:bundleLibRuntimeToJarDebug (Thread[#2108,Execution worker Thread 4,5,main]) started.
:core:ui:bundleLibRuntimeToJarDebug (Thread[#2104,included builds,5,main]) started.

> Task :core:database:compileDebugKotlin UP-TO-DATE
Transforming R.jar with BuildToolsApiClasspathEntrySnapshotTransform
Transforming classes.jar with BuildToolsApiClasspathEntrySnapshotTransform
Transforming room-common-2.6.1.jar with BuildToolsApiClasspathEntrySnapshotTransform
Transforming room-runtime-2.6.1-api.jar with BuildToolsApiClasspathEntrySnapshotTransform
Transforming room-ktx-2.6.1-api.jar with BuildToolsApiClasspathEntrySnapshotTransform
Transforming hilt-android-2.51.1-api.jar with BuildToolsApiClasspathEntrySnapshotTransform
Transforming fragment-1.5.1-api.jar with BuildToolsApiClasspathEntrySnapshotTransform
Transforming activity-1.5.1-api.jar with BuildToolsApiClasspathEntrySnapshotTransform
Transforming lifecycle-viewmodel-savedstate-2.5.1-api.jar with BuildToolsApiClasspathEntrySnapshotTransform
Transforming core-ktx-1.10.1-api.jar with BuildToolsApiClasspathEntrySnapshotTransform
Transforming loader-1.0.0-api.jar with BuildToolsApiClasspathEntrySnapshotTransform
Transforming viewpager-1.0.0-api.jar with BuildToolsApiClasspathEntrySnapshotTransform
Transforming customview-1.0.0-api.jar with BuildToolsApiClasspathEntrySnapshotTransform
Transforming core-1.10.1-api.jar with BuildToolsApiClasspathEntrySnapshotTransform
Transforming annotation-experimental-1.3.1-api.jar with BuildToolsApiClasspathEntrySnapshotTransform
Transforming lifecycle-viewmodel-2.5.1-api.jar with BuildToolsApiClasspathEntrySnapshotTransform
Transforming savedstate-1.2.0-api.jar with BuildToolsApiClasspathEntrySnapshotTransform
Transforming kotlinx-coroutines-core-jvm-1.7.1.jar with BuildToolsApiClasspathEntrySnapshotTransform
Transforming kotlinx-coroutines-android-1.7.1.jar with BuildToolsApiClasspathEntrySnapshotTransform
Transforming kotlin-stdlib-jdk8-1.8.22.jar with BuildToolsApiClasspathEntrySnapshotTransform
Transforming sqlite-framework-2.4.0-api.jar with BuildToolsApiClasspathEntrySnapshotTransform
Transforming sqlite-2.4.0-api.jar with BuildToolsApiClasspathEntrySnapshotTransform
Transforming lifecycle-runtime-2.5.1-api.jar with BuildToolsApiClasspathEntrySnapshotTransform
Transforming lifecycle-livedata-2.0.0-api.jar with BuildToolsApiClasspathEntrySnapshotTransform
Transforming lifecycle-livedata-core-2.5.1-api.jar with BuildToolsApiClasspathEntrySnapshotTransform
Transforming lifecycle-common-2.5.1.jar with BuildToolsApiClasspathEntrySnapshotTransform
Transforming versionedparcelable-1.1.1-api.jar with BuildToolsApiClasspathEntrySnapshotTransform
Transforming collection-1.1.0.jar with BuildToolsApiClasspathEntrySnapshotTransform
Transforming core-runtime-2.2.0-api.jar with BuildToolsApiClasspathEntrySnapshotTransform
Transforming core-common-2.2.0.jar with BuildToolsApiClasspathEntrySnapshotTransform
Transforming annotation-jvm-1.6.0.jar with BuildToolsApiClasspathEntrySnapshotTransform
Transforming kotlin-stdlib-jdk7-1.8.22.jar with BuildToolsApiClasspathEntrySnapshotTransform
Transforming kotlin-stdlib-2.0.21.jar with BuildToolsApiClasspathEntrySnapshotTransform
Transforming annotations-23.0.0.jar with BuildToolsApiClasspathEntrySnapshotTransform
Transforming hilt-core-2.51.1.jar with BuildToolsApiClasspathEntrySnapshotTransform
Transforming dagger-2.51.1.jar with BuildToolsApiClasspathEntrySnapshotTransform
Transforming javax.inject-1.jar with BuildToolsApiClasspathEntrySnapshotTransform
Transforming dagger-lint-aar-2.51.1-api.jar with BuildToolsApiClasspathEntrySnapshotTransform
Transforming jsr305-3.0.2.jar with BuildToolsApiClasspathEntrySnapshotTransform
Transforming android.jar with BuildToolsApiClasspathEntrySnapshotTransform
Transforming core-lambda-stubs.jar with BuildToolsApiClasspathEntrySnapshotTransform
Transforming debug with BuildToolsApiClasspathEntrySnapshotTransform
Build cache key for task ':core:database:compileDebugKotlin' is 27feea209e72441b387c00afbb4e0c49
Skipping task ':core:database:compileDebugKotlin' as it is up-to-date.
Resolve mutations for :core:database:compileDebugJavaWithJavac (Thread[#2106,Execution worker Thread 2,5,main]) started.
:core:database:compileDebugJavaWithJavac (Thread[#2106,Execution worker Thread 2,5,main]) started.

> Task :core:ui:bundleLibRuntimeToJarDebug UP-TO-DATE
Caching disabled for task ':core:ui:bundleLibRuntimeToJarDebug' because:
  Simple merging task
Skipping task ':core:ui:bundleLibRuntimeToJarDebug' as it is up-to-date.
work action resolve classes.jar (project :core:ui) (Thread[#2104,included builds,5,main]) started.
IdentityTransform (Thread[#2104,included builds,5,main]) started.
Resolve mutations for :core:ui:processDebugJavaRes (Thread[#2108,Execution worker Thread 4,5,main]) started.

> Transform classes.jar (project :core:ui) with IdentityTransform
Transforming classes.jar (project :core:ui) with IdentityTransform
CopyTransform (Thread[#2104,included builds,5,main]) started.
:core:ui:processDebugJavaRes (Thread[#2108,Execution worker Thread 4,5,main]) started.

> Transform classes.jar (project :core:ui) with CopyTransform
Transforming classes.jar (project :core:ui) with CopyTransform
AggregatedPackagesTransform (Thread[#2104,included builds,5,main]) started.

> Transform classes.jar (project :core:ui) with AggregatedPackagesTransform
Transforming classes.jar (project :core:ui) with AggregatedPackagesTransform

> Task :core:ui:processDebugJavaRes UP-TO-DATE
file or directory 'D:\proj\alyk\test23\core\ui\src\main\resources', not found
file or directory 'D:\proj\alyk\test23\core\ui\src\debug\resources', not found
file or directory 'D:\proj\alyk\test23\core\ui\build\generated\ksp\debug\classes', not found
file or directory 'D:\proj\alyk\test23\core\ui\build\generated\ksp\debug\classes', not found
file or directory 'D:\proj\alyk\test23\core\ui\src\main\resources', not found
file or directory 'D:\proj\alyk\test23\core\ui\src\debug\resources', not found
file or directory 'D:\proj\alyk\test23\core\ui\build\generated\ksp\debug\classes', not found
file or directory 'D:\proj\alyk\test23\core\ui\build\generated\ksp\debug\classes', not found
Caching disabled for task ':core:ui:processDebugJavaRes' because:
  Caching has been disabled for the task
Skipping task ':core:ui:processDebugJavaRes' as it is up-to-date.
work action resolve out (project :core:ui) (Thread[#2108,Execution worker Thread 4,5,main]) started.
Resolve mutations for :core:ui:bundleLibRuntimeToDirDebug (Thread[#2108,Execution worker Thread 4,5,main]) started.
:core:ui:bundleLibRuntimeToDirDebug (Thread[#2108,Execution worker Thread 4,5,main]) started.

> Task :core:ui:bundleLibRuntimeToDirDebug UP-TO-DATE
Caching disabled for task ':core:ui:bundleLibRuntimeToDirDebug' because:
  Simple merging task
Skipping task ':core:ui:bundleLibRuntimeToDirDebug' as it is up-to-date.
work action resolve bundleLibRuntimeToDirDebug (project :core:ui) (Thread[#2108,Execution worker Thread 4,5,main]) started.
ClassesDirToClassesTransform (Thread[#2108,Execution worker Thread 4,5,main]) started.
Resolve mutations for :core:ui:extractDebugAnnotations (Thread[#2105,Execution worker,5,main]) started.
:core:ui:extractDebugAnnotations (Thread[#2105,Execution worker,5,main]) started.

> Transform bundleLibRuntimeToDirDebug (project :core:ui) with ClassesDirToClassesTransform
Transforming bundleLibRuntimeToDirDebug (project :core:ui) with ClassesDirToClassesTransform
DexingNoClasspathTransform (Thread[#2108,Execution worker Thread 4,5,main]) started.

> Transform bundleLibRuntimeToDirDebug (project :core:ui) with DexingNoClasspathTransform
Transforming bundleLibRuntimeToDirDebug (project :core:ui) with DexingNoClasspathTransform
Build cache key for DexingNoClasspathTransform: D:\proj\alyk\test23\core\ui\build\intermediates\runtime_library_classes_dir\debug\bundleLibRuntimeToDirDebug is 03d2f87e5c58ef3a0a8f66ecb065ed27
Skipping DexingNoClasspathTransform: D:\proj\alyk\test23\core\ui\build\intermediates\runtime_library_classes_dir\debug\bundleLibRuntimeToDirDebug as it is up-to-date.

> Task :core:ui:extractDebugAnnotations UP-TO-DATE
file or directory 'D:\proj\alyk\test23\core\ui\build\generated\ksp\debug\classes', not found
file or directory 'D:\proj\alyk\test23\core\ui\build\generated\ksp\debug\java', not found
file or directory 'D:\proj\alyk\test23\core\ui\build\generated\ksp\debug\java', not found
Build cache key for task ':core:ui:extractDebugAnnotations' is ae1b50dada821fcd3cae5675615fee23
Skipping task ':core:ui:extractDebugAnnotations' as it is up-to-date.
Resolve mutations for :core:ui:mergeDebugGeneratedProguardFiles (Thread[#2108,Execution worker Thread 4,5,main]) started.

> Task :core:database:compileDebugJavaWithJavac UP-TO-DATE
Transforming core-for-system-modules.jar with JdkImageTransform
Transforming core-for-system-modules.jar with JdkImageTransform
Transforming core-for-system-modules.jar with JdkImageTransform
Transforming core-for-system-modules.jar with JdkImageTransform
Transforming core-for-system-modules.jar with JdkImageTransform
Transforming core-for-system-modules.jar with JdkImageTransform
Custom actions are attached to task ':core:database:compileDebugJavaWithJavac'.
Build cache key for task ':core:database:compileDebugJavaWithJavac' is d5184738488fd49760aaa2faa604d2d4
Skipping task ':core:database:compileDebugJavaWithJavac' as it is up-to-date.
No compile result for :core:database:compileDebugJavaWithJavac
Resolve mutations for :core:database:transformDebugClassesWithAsm (Thread[#2106,Execution worker Thread 2,5,main]) started.
:core:ui:mergeDebugGeneratedProguardFiles (Thread[#2108,Execution worker Thread 4,5,main]) started.
:core:database:transformDebugClassesWithAsm (Thread[#2106,Execution worker Thread 2,5,main]) started.

> Task :core:database:transformDebugClassesWithAsm UP-TO-DATE
Transforming room-common-2.6.1.jar (androidx.room:room-common:2.6.1) with IdentityTransform
Transforming room-runtime-2.6.1.aar (androidx.room:room-runtime:2.6.1) with AarToClassTransform
Transforming room-ktx-2.6.1.aar (androidx.room:room-ktx:2.6.1) with AarToClassTransform
Transforming hilt-android-2.51.1.aar (com.google.dagger:hilt-android:2.51.1) with AarToClassTransform
Transforming fragment-1.5.1.aar (androidx.fragment:fragment:1.5.1) with AarToClassTransform
Transforming activity-1.5.1.aar (androidx.activity:activity:1.5.1) with AarToClassTransform
Transforming loader-1.0.0.aar (androidx.loader:loader:1.0.0) with AarToClassTransform
Transforming lifecycle-viewmodel-2.5.1.aar (androidx.lifecycle:lifecycle-viewmodel:2.5.1) with AarToClassTransform
Transforming lifecycle-viewmodel-2.5.1.aar (androidx.lifecycle:lifecycle-viewmodel:2.5.1) with AarToClassTransform
Transforming lifecycle-viewmodel-savedstate-2.5.1.aar (androidx.lifecycle:lifecycle-viewmodel-savedstate:2.5.1) with AarToClassTransform
Transforming viewpager-1.0.0.aar (androidx.viewpager:viewpager:1.0.0) with AarToClassTransform
Transforming customview-1.0.0.aar (androidx.customview:customview:1.0.0) with AarToClassTransform
Transforming core-1.10.1.aar (androidx.core:core:1.10.1) with AarToClassTransform
Transforming core-1.10.1.aar (androidx.core:core:1.10.1) with AarToClassTransform
Transforming core-ktx-1.10.1.aar (androidx.core:core-ktx:1.10.1) with AarToClassTransform
Transforming sqlite-framework-2.4.0.aar (androidx.sqlite:sqlite-framework:2.4.0) with AarToClassTransform
Transforming sqlite-2.4.0.aar (androidx.sqlite:sqlite:2.4.0) with AarToClassTransform
Transforming annotation-experimental-1.3.1.aar (androidx.annotation:annotation-experimental:1.3.1) with AarToClassTransform
Transforming savedstate-1.2.0.aar (androidx.savedstate:savedstate:1.2.0) with AarToClassTransform
Transforming kotlinx-serialization-core-jvm-1.6.0.jar (org.jetbrains.kotlinx:kotlinx-serialization-core-jvm:1.6.0) with IdentityTransform
Transforming kotlinx-serialization-json-jvm-1.6.0.jar (org.jetbrains.kotlinx:kotlinx-serialization-json-jvm:1.6.0) with IdentityTransform
Transforming kotlinx-coroutines-core-jvm-1.7.1.jar (org.jetbrains.kotlinx:kotlinx-coroutines-core-jvm:1.7.1) with IdentityTransform
Transforming kotlinx-coroutines-android-1.7.1.jar (org.jetbrains.kotlinx:kotlinx-coroutines-android:1.7.1) with IdentityTransform
Transforming kotlin-stdlib-jdk8-1.8.22.jar (org.jetbrains.kotlin:kotlin-stdlib-jdk8:1.8.22) with IdentityTransform
Transforming kotlin-stdlib-jdk7-1.8.22.jar (org.jetbrains.kotlin:kotlin-stdlib-jdk7:1.8.22) with IdentityTransform
Transforming lifecycle-runtime-2.5.1.aar (androidx.lifecycle:lifecycle-runtime:2.5.1) with AarToClassTransform
Transforming lifecycle-livedata-2.0.0.aar (androidx.lifecycle:lifecycle-livedata:2.0.0) with AarToClassTransform
Transforming lifecycle-livedata-core-2.5.1.aar (androidx.lifecycle:lifecycle-livedata-core:2.5.1) with AarToClassTransform
Transforming lifecycle-livedata-core-2.5.1.aar (androidx.lifecycle:lifecycle-livedata-core:2.5.1) with AarToClassTransform
Transforming core-runtime-2.2.0.aar (androidx.arch.core:core-runtime:2.2.0) with AarToClassTransform
Transforming core-runtime-2.2.0.aar (androidx.arch.core:core-runtime:2.2.0) with AarToClassTransform
Transforming lifecycle-common-2.5.1.jar (androidx.lifecycle:lifecycle-common:2.5.1) with IdentityTransform
Transforming core-common-2.2.0.jar (androidx.arch.core:core-common:2.2.0) with IdentityTransform
Transforming tracing-1.0.0.aar (androidx.tracing:tracing:1.0.0) with AarToClassTransform
Transforming versionedparcelable-1.1.1.aar (androidx.versionedparcelable:versionedparcelable:1.1.1) with AarToClassTransform
Transforming collection-1.1.0.jar (androidx.collection:collection:1.1.0) with IdentityTransform
Transforming concurrent-futures-1.0.0.jar (androidx.concurrent:concurrent-futures:1.0.0) with IdentityTransform
Transforming interpolator-1.0.0.aar (androidx.interpolator:interpolator:1.0.0) with AarToClassTransform
Transforming annotation-jvm-1.6.0.jar (androidx.annotation:annotation-jvm:1.6.0) with IdentityTransform
Transforming kotlin-stdlib-2.0.21.jar (org.jetbrains.kotlin:kotlin-stdlib:2.0.21) with IdentityTransform
Transforming annotations-23.0.0.jar (org.jetbrains:annotations:23.0.0) with IdentityTransform
Transforming hilt-core-2.51.1.jar (com.google.dagger:hilt-core:2.51.1) with IdentityTransform
Transforming dagger-2.51.1.jar (com.google.dagger:dagger:2.51.1) with IdentityTransform
Transforming dagger-lint-aar-2.51.1.aar (com.google.dagger:dagger-lint-aar:2.51.1) with AarToClassTransform
Transforming jsr305-3.0.2.jar (com.google.code.findbugs:jsr305:3.0.2) with IdentityTransform
Transforming javax.inject-1.jar (javax.inject:javax.inject:1) with IdentityTransform
Transforming listenablefuture-1.0.jar (com.google.guava:listenablefuture:1.0) with IdentityTransform
Build cache key for task ':core:database:transformDebugClassesWithAsm' is f58c54c2ea91ac4ed24a86e565590c08
Skipping task ':core:database:transformDebugClassesWithAsm' as it is up-to-date.
Resolve mutations for :core:database:bundleLibCompileToJarDebug (Thread[#2106,Execution worker Thread 2,5,main]) started.
:core:database:bundleLibCompileToJarDebug (Thread[#2106,Execution worker Thread 2,5,main]) started.

> Task :core:database:bundleLibCompileToJarDebug UP-TO-DATE
Caching disabled for task ':core:database:bundleLibCompileToJarDebug' because:
  Simple merging task
Skipping task ':core:database:bundleLibCompileToJarDebug' as it is up-to-date.
work action resolve classes.jar (project :core:database) (Thread[#2106,Execution worker Thread 2,5,main]) started.
Resolve mutations for :core:data:kspDebugKotlin (Thread[#2106,Execution worker Thread 2,5,main]) started.
Resolve mutations for :core:database:bundleLibRuntimeToJarDebug (Thread[#2105,Execution worker,5,main]) started.
:core:data:kspDebugKotlin (Thread[#2105,Execution worker,5,main]) started.
:core:database:bundleLibRuntimeToJarDebug (Thread[#2111,Execution worker Thread 7,5,main]) started.

> Task :core:database:bundleLibRuntimeToJarDebug UP-TO-DATE
Caching disabled for task ':core:database:bundleLibRuntimeToJarDebug' because:
  Simple merging task
Skipping task ':core:database:bundleLibRuntimeToJarDebug' as it is up-to-date.
work action resolve classes.jar (project :core:database) (Thread[#2111,Execution worker Thread 7,5,main]) started.
IdentityTransform (Thread[#2111,Execution worker Thread 7,5,main]) started.

> Transform classes.jar (project :core:database) with IdentityTransform
Transforming classes.jar (project :core:database) with IdentityTransform
CopyTransform (Thread[#2111,Execution worker Thread 7,5,main]) started.

> Transform classes.jar (project :core:database) with CopyTransform
Transforming classes.jar (project :core:database) with CopyTransform
AggregatedPackagesTransform (Thread[#2111,Execution worker Thread 7,5,main]) started.

> Transform classes.jar (project :core:database) with AggregatedPackagesTransform
Transforming classes.jar (project :core:database) with AggregatedPackagesTransform
Resolve mutations for :core:database:processDebugJavaRes (Thread[#2111,Execution worker Thread 7,5,main]) started.
:core:database:processDebugJavaRes (Thread[#2111,Execution worker Thread 7,5,main]) started.

> Task :core:database:processDebugJavaRes UP-TO-DATE
file or directory 'D:\proj\alyk\test23\core\database\src\main\resources', not found
file or directory 'D:\proj\alyk\test23\core\database\src\debug\resources', not found
file or directory 'D:\proj\alyk\test23\core\database\src\main\resources', not found
file or directory 'D:\proj\alyk\test23\core\database\src\debug\resources', not found
Caching disabled for task ':core:database:processDebugJavaRes' because:
  Caching has been disabled for the task
Skipping task ':core:database:processDebugJavaRes' as it is up-to-date.

> Task :core:ui:mergeDebugGeneratedProguardFiles UP-TO-DATE
Caching disabled for task ':core:ui:mergeDebugGeneratedProguardFiles' because:
  Simple merging task
Skipping task ':core:ui:mergeDebugGeneratedProguardFiles' as it is up-to-date.
work action resolve out (project :core:database) (Thread[#2111,Execution worker Thread 7,5,main]) started.
Resolve mutations for :core:ui:mergeDebugConsumerProguardFiles (Thread[#2108,Execution worker Thread 4,5,main]) started.
Resolve mutations for :core:database:bundleLibRuntimeToDirDebug (Thread[#2111,Execution worker Thread 7,5,main]) started.
:core:ui:mergeDebugConsumerProguardFiles (Thread[#2108,Execution worker Thread 4,5,main]) started.
:core:database:bundleLibRuntimeToDirDebug (Thread[#2111,Execution worker Thread 7,5,main]) started.

> Task :core:ui:mergeDebugConsumerProguardFiles UP-TO-DATE
Caching disabled for task ':core:ui:mergeDebugConsumerProguardFiles' because:
  Simple merging task
Skipping task ':core:ui:mergeDebugConsumerProguardFiles' as it is up-to-date.

> Task :core:database:bundleLibRuntimeToDirDebug UP-TO-DATE
Caching disabled for task ':core:database:bundleLibRuntimeToDirDebug' because:
  Simple merging task
Skipping task ':core:database:bundleLibRuntimeToDirDebug' as it is up-to-date.
work action resolve bundleLibRuntimeToDirDebug (project :core:database) (Thread[#2111,Execution worker Thread 7,5,main]) started.
Resolve mutations for :core:ui:mergeDebugJavaResource (Thread[#2107,Execution worker Thread 3,5,main]) started.
ClassesDirToClassesTransform (Thread[#2111,Execution worker Thread 7,5,main]) started.
Resolve mutations for :core:database:extractDebugAnnotations (Thread[#2106,Execution worker Thread 2,5,main]) started.
:core:ui:mergeDebugJavaResource (Thread[#2107,Execution worker Thread 3,5,main]) started.
:core:database:extractDebugAnnotations (Thread[#2106,Execution worker Thread 2,5,main]) started.

> Transform bundleLibRuntimeToDirDebug (project :core:database) with ClassesDirToClassesTransform
Transforming bundleLibRuntimeToDirDebug (project :core:database) with ClassesDirToClassesTransform
DexingNoClasspathTransform (Thread[#2111,Execution worker Thread 7,5,main]) started.

> Task :core:ui:mergeDebugJavaResource UP-TO-DATE
Caching disabled for task ':core:ui:mergeDebugJavaResource' because:
  Caching has been disabled for the task
Skipping task ':core:ui:mergeDebugJavaResource' as it is up-to-date.
Resolve mutations for :core:ui:syncDebugLibJars (Thread[#2107,Execution worker Thread 3,5,main]) started.

> Transform bundleLibRuntimeToDirDebug (project :core:database) with DexingNoClasspathTransform
Transforming bundleLibRuntimeToDirDebug (project :core:database) with DexingNoClasspathTransform
Build cache key for DexingNoClasspathTransform: D:\proj\alyk\test23\core\database\build\intermediates\runtime_library_classes_dir\debug\bundleLibRuntimeToDirDebug is cde272981537788d7cccfe8e257708f0
Skipping DexingNoClasspathTransform: D:\proj\alyk\test23\core\database\build\intermediates\runtime_library_classes_dir\debug\bundleLibRuntimeToDirDebug as it is up-to-date.
:core:ui:syncDebugLibJars (Thread[#2111,Execution worker Thread 7,5,main]) started.

> Task :core:ui:syncDebugLibJars UP-TO-DATE
Build cache key for task ':core:ui:syncDebugLibJars' is 02778a586b3b22e84b41dad9942f1cb7
Skipping task ':core:ui:syncDebugLibJars' as it is up-to-date.
Resolve mutations for :core:ui:bundleDebugAar (Thread[#2111,Execution worker Thread 7,5,main]) started.
:core:ui:bundleDebugAar (Thread[#2111,Execution worker Thread 7,5,main]) started.

> Task :core:ui:bundleDebugAar UP-TO-DATE
Caching disabled for task ':core:ui:bundleDebugAar' because:
  Caching has been disabled for the task
Skipping task ':core:ui:bundleDebugAar' as it is up-to-date.
Resolve mutations for :core:ui:assembleDebug (Thread[#2111,Execution worker Thread 7,5,main]) started.
:core:ui:assembleDebug (Thread[#2111,Execution worker Thread 7,5,main]) started.

> Task :core:ui:assembleDebug UP-TO-DATE
Skipping task ':core:ui:assembleDebug' as it has no actions.

> Task :core:database:extractDebugAnnotations UP-TO-DATE
Build cache key for task ':core:database:extractDebugAnnotations' is cb76cdd290494acca8a088c514f54805
Skipping task ':core:database:extractDebugAnnotations' as it is up-to-date.
Resolve mutations for :core:database:mergeDebugGeneratedProguardFiles (Thread[#2106,Execution worker Thread 2,5,main]) started.
:core:database:mergeDebugGeneratedProguardFiles (Thread[#2106,Execution worker Thread 2,5,main]) started.

> Task :core:database:mergeDebugGeneratedProguardFiles UP-TO-DATE
Caching disabled for task ':core:database:mergeDebugGeneratedProguardFiles' because:
  Simple merging task
Skipping task ':core:database:mergeDebugGeneratedProguardFiles' as it is up-to-date.
Resolve mutations for :core:database:mergeDebugConsumerProguardFiles (Thread[#2106,Execution worker Thread 2,5,main]) started.
:core:database:mergeDebugConsumerProguardFiles (Thread[#2106,Execution worker Thread 2,5,main]) started.

> Task :core:database:mergeDebugConsumerProguardFiles UP-TO-DATE
Caching disabled for task ':core:database:mergeDebugConsumerProguardFiles' because:
  Simple merging task
Skipping task ':core:database:mergeDebugConsumerProguardFiles' as it is up-to-date.
Resolve mutations for :core:database:mergeDebugJavaResource (Thread[#2106,Execution worker Thread 2,5,main]) started.
:core:database:mergeDebugJavaResource (Thread[#2106,Execution worker Thread 2,5,main]) started.

> Task :core:database:mergeDebugJavaResource UP-TO-DATE
Caching disabled for task ':core:database:mergeDebugJavaResource' because:
  Caching has been disabled for the task
Skipping task ':core:database:mergeDebugJavaResource' as it is up-to-date.
Resolve mutations for :core:database:syncDebugLibJars (Thread[#2106,Execution worker Thread 2,5,main]) started.
:core:database:syncDebugLibJars (Thread[#2106,Execution worker Thread 2,5,main]) started.

> Task :core:database:syncDebugLibJars UP-TO-DATE
Build cache key for task ':core:database:syncDebugLibJars' is fc23271845ccc34f1d0ecc4a228d0d32
Skipping task ':core:database:syncDebugLibJars' as it is up-to-date.
Resolve mutations for :core:database:bundleDebugAar (Thread[#2106,Execution worker Thread 2,5,main]) started.
:core:database:bundleDebugAar (Thread[#2106,Execution worker Thread 2,5,main]) started.

> Task :core:database:bundleDebugAar UP-TO-DATE
Caching disabled for task ':core:database:bundleDebugAar' because:
  Caching has been disabled for the task
Skipping task ':core:database:bundleDebugAar' as it is up-to-date.
Resolve mutations for :core:database:assembleDebug (Thread[#2106,Execution worker Thread 2,5,main]) started.
:core:database:assembleDebug (Thread[#2106,Execution worker Thread 2,5,main]) started.

> Task :core:database:assembleDebug UP-TO-DATE
Skipping task ':core:database:assembleDebug' as it has no actions.

> Task :app:processFreeDebugResources UP-TO-DATE
Transforming aapt2-8.3.2-10880808-windows.jar (com.android.tools.build:aapt2:8.3.2-10880808) with Aapt2Extractor
Transforming hilt-navigation-compose-1.2.0.aar (androidx.hilt:hilt-navigation-compose:1.2.0) with ExtractAarTransform
Transforming hilt-navigation-compose-1.2.0.aar (androidx.hilt:hilt-navigation-compose:1.2.0) with AarResourcesCompilerTransform
Transforming hilt-navigation-1.2.0.aar (androidx.hilt:hilt-navigation:1.2.0) with ExtractAarTransform
Transforming hilt-navigation-1.2.0.aar (androidx.hilt:hilt-navigation:1.2.0) with AarResourcesCompilerTransform
Transforming navigation-common-2.7.7.aar (androidx.navigation:navigation-common:2.7.7) with ExtractAarTransform
Transforming navigation-common-2.7.7.aar (androidx.navigation:navigation-common:2.7.7) with AarResourcesCompilerTransform
Transforming navigation-runtime-2.7.7.aar (androidx.navigation:navigation-runtime:2.7.7) with ExtractAarTransform
Transforming navigation-runtime-2.7.7.aar (androidx.navigation:navigation-runtime:2.7.7) with AarResourcesCompilerTransform
Transforming navigation-common-ktx-2.7.7.aar (androidx.navigation:navigation-common-ktx:2.7.7) with ExtractAarTransform
Transforming navigation-common-ktx-2.7.7.aar (androidx.navigation:navigation-common-ktx:2.7.7) with AarResourcesCompilerTransform
Transforming navigation-runtime-ktx-2.7.7.aar (androidx.navigation:navigation-runtime-ktx:2.7.7) with ExtractAarTransform
Transforming navigation-runtime-ktx-2.7.7.aar (androidx.navigation:navigation-runtime-ktx:2.7.7) with AarResourcesCompilerTransform
Transforming navigation-compose-2.7.7.aar (androidx.navigation:navigation-compose:2.7.7) with ExtractAarTransform
Transforming navigation-compose-2.7.7.aar (androidx.navigation:navigation-compose:2.7.7) with AarResourcesCompilerTransform
Transforming hilt-android-2.51.1.aar (com.google.dagger:hilt-android:2.51.1) with ExtractAarTransform
Transforming hilt-android-2.51.1.aar (com.google.dagger:hilt-android:2.51.1) with AarResourcesCompilerTransform
Transforming fragment-1.5.1.aar (androidx.fragment:fragment:1.5.1) with ExtractAarTransform
Transforming fragment-1.5.1.aar (androidx.fragment:fragment:1.5.1) with AarResourcesCompilerTransform
Transforming room-runtime-2.6.1.aar (androidx.room:room-runtime:2.6.1) with ExtractAarTransform
Transforming room-runtime-2.6.1.aar (androidx.room:room-runtime:2.6.1) with AarResourcesCompilerTransform
Transforming room-ktx-2.6.1.aar (androidx.room:room-ktx:2.6.1) with ExtractAarTransform
Transforming room-ktx-2.6.1.aar (androidx.room:room-ktx:2.6.1) with AarResourcesCompilerTransform
Transforming material3-release.aar (androidx.compose.material3:material3-android:1.3.0) with ExtractAarTransform
Transforming material3-release.aar (androidx.compose.material3:material3-android:1.3.0) with AarResourcesCompilerTransform
Transforming coil-compose-2.5.0.aar (io.coil-kt:coil-compose:2.5.0) with ExtractAarTransform
Transforming coil-compose-2.5.0.aar (io.coil-kt:coil-compose:2.5.0) with AarResourcesCompilerTransform
Transforming coil-compose-base-2.5.0.aar (io.coil-kt:coil-compose-base:2.5.0) with ExtractAarTransform
Transforming coil-compose-base-2.5.0.aar (io.coil-kt:coil-compose-base:2.5.0) with AarResourcesCompilerTransform
Transforming material-release.aar (androidx.compose.material:material-android:1.7.0) with ExtractAarTransform
Transforming material-release.aar (androidx.compose.material:material-android:1.7.0) with AarResourcesCompilerTransform
Transforming animation-core-release.aar (androidx.compose.animation:animation-core-android:1.7.0) with ExtractAarTransform
Transforming animation-core-release.aar (androidx.compose.animation:animation-core-android:1.7.0) with AarResourcesCompilerTransform
Transforming material-ripple-release.aar (androidx.compose.material:material-ripple-android:1.7.0) with ExtractAarTransform
Transforming material-ripple-release.aar (androidx.compose.material:material-ripple-android:1.7.0) with AarResourcesCompilerTransform
Transforming animation-release.aar (androidx.compose.animation:animation-android:1.7.0) with ExtractAarTransform
Transforming animation-release.aar (androidx.compose.animation:animation-android:1.7.0) with AarResourcesCompilerTransform
Transforming foundation-layout-release.aar (androidx.compose.foundation:foundation-layout-android:1.7.0) with ExtractAarTransform
Transforming foundation-layout-release.aar (androidx.compose.foundation:foundation-layout-android:1.7.0) with AarResourcesCompilerTransform
Transforming foundation-release.aar (androidx.compose.foundation:foundation-android:1.7.0) with ExtractAarTransform
Transforming foundation-release.aar (androidx.compose.foundation:foundation-android:1.7.0) with AarResourcesCompilerTransform
Transforming ui-tooling-data-release.aar (androidx.compose.ui:ui-tooling-data-android:1.7.0) with ExtractAarTransform
Transforming ui-tooling-data-release.aar (androidx.compose.ui:ui-tooling-data-android:1.7.0) with AarResourcesCompilerTransform
Transforming ui-unit-release.aar (androidx.compose.ui:ui-unit-android:1.7.0) with ExtractAarTransform
Transforming ui-unit-release.aar (androidx.compose.ui:ui-unit-android:1.7.0) with AarResourcesCompilerTransform
Transforming ui-geometry-release.aar (androidx.compose.ui:ui-geometry-android:1.7.0) with ExtractAarTransform
Transforming ui-geometry-release.aar (androidx.compose.ui:ui-geometry-android:1.7.0) with AarResourcesCompilerTransform
Transforming ui-util-release.aar (androidx.compose.ui:ui-util-android:1.7.0) with ExtractAarTransform
Transforming ui-util-release.aar (androidx.compose.ui:ui-util-android:1.7.0) with AarResourcesCompilerTransform
Transforming ui-text-release.aar (androidx.compose.ui:ui-text-android:1.7.0) with ExtractAarTransform
Transforming ui-text-release.aar (androidx.compose.ui:ui-text-android:1.7.0) with AarResourcesCompilerTransform
Transforming ui-tooling-preview-release.aar (androidx.compose.ui:ui-tooling-preview-android:1.7.0) with ExtractAarTransform
Transforming ui-tooling-preview-release.aar (androidx.compose.ui:ui-tooling-preview-android:1.7.0) with AarResourcesCompilerTransform
Transforming ui-tooling-release.aar (androidx.compose.ui:ui-tooling-android:1.7.0) with ExtractAarTransform
Transforming ui-tooling-release.aar (androidx.compose.ui:ui-tooling-android:1.7.0) with AarResourcesCompilerTransform
Transforming ui-graphics-release.aar (androidx.compose.ui:ui-graphics-android:1.7.0) with ExtractAarTransform
Transforming ui-graphics-release.aar (androidx.compose.ui:ui-graphics-android:1.7.0) with AarResourcesCompilerTransform
Transforming ui-test-manifest-1.7.0.aar (androidx.compose.ui:ui-test-manifest:1.7.0) with ExtractAarTransform
Transforming ui-test-manifest-1.7.0.aar (androidx.compose.ui:ui-test-manifest:1.7.0) with AarResourcesCompilerTransform
Transforming accompanist-drawablepainter-0.32.0.aar (com.google.accompanist:accompanist-drawablepainter:0.32.0) with ExtractAarTransform
Transforming accompanist-drawablepainter-0.32.0.aar (com.google.accompanist:accompanist-drawablepainter:0.32.0) with AarResourcesCompilerTransform
Transforming activity-ktx-1.8.2.aar (androidx.activity:activity-ktx:1.8.2) with ExtractAarTransform
Transforming activity-ktx-1.8.2.aar (androidx.activity:activity-ktx:1.8.2) with AarResourcesCompilerTransform
Transforming activity-1.8.2.aar (androidx.activity:activity:1.8.2) with ExtractAarTransform
Transforming activity-1.8.2.aar (androidx.activity:activity:1.8.2) with AarResourcesCompilerTransform
Transforming activity-compose-1.8.2.aar (androidx.activity:activity-compose:1.8.2) with ExtractAarTransform
Transforming activity-compose-1.8.2.aar (androidx.activity:activity-compose:1.8.2) with AarResourcesCompilerTransform
Transforming material-icons-extended-release.aar (androidx.compose.material:material-icons-extended-android:1.7.0) with ExtractAarTransform
Transforming material-icons-extended-release.aar (androidx.compose.material:material-icons-extended-android:1.7.0) with AarResourcesCompilerTransform
Transforming material-icons-core-release.aar (androidx.compose.material:material-icons-core-android:1.7.0) with ExtractAarTransform
Transforming material-icons-core-release.aar (androidx.compose.material:material-icons-core-android:1.7.0) with AarResourcesCompilerTransform
Transforming loader-1.0.0.aar (androidx.loader:loader:1.0.0) with ExtractAarTransform
Transforming loader-1.0.0.aar (androidx.loader:loader:1.0.0) with AarResourcesCompilerTransform
Transforming emoji2-1.3.0.aar (androidx.emoji2:emoji2:1.3.0) with ExtractAarTransform
Transforming emoji2-1.3.0.aar (androidx.emoji2:emoji2:1.3.0) with AarResourcesCompilerTransform
Transforming coil-2.5.0.aar (io.coil-kt:coil:2.5.0) with ExtractAarTransform
Transforming coil-2.5.0.aar (io.coil-kt:coil:2.5.0) with AarResourcesCompilerTransform
Transforming coil-base-2.5.0.aar (io.coil-kt:coil-base:2.5.0) with ExtractAarTransform
Transforming coil-base-2.5.0.aar (io.coil-kt:coil-base:2.5.0) with AarResourcesCompilerTransform
Transforming viewpager-1.0.0.aar (androidx.viewpager:viewpager:1.0.0) with ExtractAarTransform
Transforming viewpager-1.0.0.aar (androidx.viewpager:viewpager:1.0.0) with AarResourcesCompilerTransform
Transforming customview-1.0.0.aar (androidx.customview:customview:1.0.0) with ExtractAarTransform
Transforming customview-1.0.0.aar (androidx.customview:customview:1.0.0) with AarResourcesCompilerTransform
Transforming autofill-1.0.0.aar (androidx.autofill:autofill:1.0.0) with ExtractAarTransform
Transforming autofill-1.0.0.aar (androidx.autofill:autofill:1.0.0) with AarResourcesCompilerTransform
Transforming graphics-path-1.0.1.aar (androidx.graphics:graphics-path:1.0.1) with ExtractAarTransform
Transforming graphics-path-1.0.1.aar (androidx.graphics:graphics-path:1.0.1) with AarResourcesCompilerTransform
Transforming appcompat-resources-1.6.1.aar (androidx.appcompat:appcompat-resources:1.6.1) with ExtractAarTransform
Transforming appcompat-resources-1.6.1.aar (androidx.appcompat:appcompat-resources:1.6.1) with AarResourcesCompilerTransform
Transforming vectordrawable-animated-1.1.0.aar (androidx.vectordrawable:vectordrawable-animated:1.1.0) with ExtractAarTransform
Transforming vectordrawable-animated-1.1.0.aar (androidx.vectordrawable:vectordrawable-animated:1.1.0) with AarResourcesCompilerTransform
Transforming vectordrawable-1.1.0.aar (androidx.vectordrawable:vectordrawable:1.1.0) with ExtractAarTransform
Transforming vectordrawable-1.1.0.aar (androidx.vectordrawable:vectordrawable:1.1.0) with AarResourcesCompilerTransform
Transforming vectordrawable-1.1.0.aar (androidx.vectordrawable:vectordrawable:1.1.0) with ExtractAarTransform
Transforming vectordrawable-1.1.0.aar (androidx.vectordrawable:vectordrawable:1.1.0) with AarResourcesCompilerTransform
Transforming customview-poolingcontainer-1.0.0.aar (androidx.customview:customview-poolingcontainer:1.0.0) with ExtractAarTransform
Transforming customview-poolingcontainer-1.0.0.aar (androidx.customview:customview-poolingcontainer:1.0.0) with AarResourcesCompilerTransform
Transforming core-ktx-1.13.1.aar (androidx.core:core-ktx:1.13.1) with ExtractAarTransform
Transforming core-ktx-1.13.1.aar (androidx.core:core-ktx:1.13.1) with AarResourcesCompilerTransform
Transforming core-1.13.1.aar (androidx.core:core:1.13.1) with ExtractAarTransform
Transforming core-1.13.1.aar (androidx.core:core:1.13.1) with AarResourcesCompilerTransform
Transforming core-1.13.1.aar (androidx.core:core:1.13.1) with ExtractAarTransform
Transforming core-1.13.1.aar (androidx.core:core:1.13.1) with AarResourcesCompilerTransform
Transforming savedstate-1.2.1.aar (androidx.savedstate:savedstate:1.2.1) with ExtractAarTransform
Transforming savedstate-1.2.1.aar (androidx.savedstate:savedstate:1.2.1) with AarResourcesCompilerTransform
Transforming lifecycle-viewmodel-2.8.3.aar (androidx.lifecycle:lifecycle-viewmodel:2.8.3) with ExtractAarTransform
Transforming lifecycle-viewmodel-2.8.3.aar (androidx.lifecycle:lifecycle-viewmodel:2.8.3) with AarResourcesCompilerTransform
Transforming lifecycle-viewmodel-release.aar (androidx.lifecycle:lifecycle-viewmodel-android:2.8.3) with ExtractAarTransform
Transforming lifecycle-viewmodel-release.aar (androidx.lifecycle:lifecycle-viewmodel-android:2.8.3) with AarResourcesCompilerTransform
Transforming lifecycle-livedata-core-ktx-2.8.3.aar (androidx.lifecycle:lifecycle-livedata-core-ktx:2.8.3) with ExtractAarTransform
Transforming lifecycle-livedata-core-ktx-2.8.3.aar (androidx.lifecycle:lifecycle-livedata-core-ktx:2.8.3) with AarResourcesCompilerTransform
Transforming lifecycle-runtime-ktx-release.aar (androidx.lifecycle:lifecycle-runtime-ktx-android:2.8.3) with ExtractAarTransform
Transforming lifecycle-runtime-ktx-release.aar (androidx.lifecycle:lifecycle-runtime-ktx-android:2.8.3) with AarResourcesCompilerTransform
Transforming lifecycle-runtime-release.aar (androidx.lifecycle:lifecycle-runtime-android:2.8.3) with ExtractAarTransform
Transforming lifecycle-runtime-release.aar (androidx.lifecycle:lifecycle-runtime-android:2.8.3) with AarResourcesCompilerTransform
Transforming lifecycle-process-2.8.3.aar (androidx.lifecycle:lifecycle-process:2.8.3) with ExtractAarTransform
Transforming lifecycle-process-2.8.3.aar (androidx.lifecycle:lifecycle-process:2.8.3) with AarResourcesCompilerTransform
Transforming lifecycle-viewmodel-savedstate-2.8.3.aar (androidx.lifecycle:lifecycle-viewmodel-savedstate:2.8.3) with ExtractAarTransform
Transforming lifecycle-viewmodel-savedstate-2.8.3.aar (androidx.lifecycle:lifecycle-viewmodel-savedstate:2.8.3) with AarResourcesCompilerTransform
Transforming lifecycle-viewmodel-ktx-2.8.3.aar (androidx.lifecycle:lifecycle-viewmodel-ktx:2.8.3) with ExtractAarTransform
Transforming lifecycle-viewmodel-ktx-2.8.3.aar (androidx.lifecycle:lifecycle-viewmodel-ktx:2.8.3) with AarResourcesCompilerTransform
Transforming lifecycle-livedata-core-2.8.3.aar (androidx.lifecycle:lifecycle-livedata-core:2.8.3) with ExtractAarTransform
Transforming lifecycle-livedata-core-2.8.3.aar (androidx.lifecycle:lifecycle-livedata-core:2.8.3) with AarResourcesCompilerTransform
Transforming lifecycle-livedata-2.8.3.aar (androidx.lifecycle:lifecycle-livedata:2.8.3) with ExtractAarTransform
Transforming lifecycle-livedata-2.8.3.aar (androidx.lifecycle:lifecycle-livedata:2.8.3) with AarResourcesCompilerTransform
Transforming lifecycle-runtime-compose-release.aar (androidx.lifecycle:lifecycle-runtime-compose-android:2.8.3) with ExtractAarTransform
Transforming lifecycle-runtime-compose-release.aar (androidx.lifecycle:lifecycle-runtime-compose-android:2.8.3) with AarResourcesCompilerTransform
Transforming lifecycle-viewmodel-compose-release.aar (androidx.lifecycle:lifecycle-viewmodel-compose-android:2.8.3) with ExtractAarTransform
Transforming lifecycle-viewmodel-compose-release.aar (androidx.lifecycle:lifecycle-viewmodel-compose-android:2.8.3) with AarResourcesCompilerTransform
Transforming ui-release.aar (androidx.compose.ui:ui-android:1.7.0) with ExtractAarTransform
Transforming ui-release.aar (androidx.compose.ui:ui-android:1.7.0) with AarResourcesCompilerTransform
Transforming savedstate-ktx-1.2.1.aar (androidx.savedstate:savedstate-ktx:1.2.1) with ExtractAarTransform
Transforming savedstate-ktx-1.2.1.aar (androidx.savedstate:savedstate-ktx:1.2.1) with AarResourcesCompilerTransform
Transforming runtime-saveable-release.aar (androidx.compose.runtime:runtime-saveable-android:1.7.0) with ExtractAarTransform
Transforming runtime-saveable-release.aar (androidx.compose.runtime:runtime-saveable-android:1.7.0) with AarResourcesCompilerTransform
Transforming runtime-release.aar (androidx.compose.runtime:runtime-android:1.7.0) with ExtractAarTransform
Transforming runtime-release.aar (androidx.compose.runtime:runtime-android:1.7.0) with AarResourcesCompilerTransform
Transforming sqlite-framework-2.4.0.aar (androidx.sqlite:sqlite-framework:2.4.0) with ExtractAarTransform
Transforming sqlite-framework-2.4.0.aar (androidx.sqlite:sqlite-framework:2.4.0) with AarResourcesCompilerTransform
Transforming sqlite-2.4.0.aar (androidx.sqlite:sqlite:2.4.0) with ExtractAarTransform
Transforming sqlite-2.4.0.aar (androidx.sqlite:sqlite:2.4.0) with AarResourcesCompilerTransform
Transforming annotation-experimental-1.4.0.aar (androidx.annotation:annotation-experimental:1.4.0) with ExtractAarTransform
Transforming annotation-experimental-1.4.0.aar (androidx.annotation:annotation-experimental:1.4.0) with AarResourcesCompilerTransform
Transforming versionedparcelable-1.1.1.aar (androidx.versionedparcelable:versionedparcelable:1.1.1) with ExtractAarTransform
Transforming versionedparcelable-1.1.1.aar (androidx.versionedparcelable:versionedparcelable:1.1.1) with AarResourcesCompilerTransform
Transforming core-runtime-2.2.0.aar (androidx.arch.core:core-runtime:2.2.0) with ExtractAarTransform
Transforming core-runtime-2.2.0.aar (androidx.arch.core:core-runtime:2.2.0) with AarResourcesCompilerTransform
Transforming profileinstaller-1.3.1.aar (androidx.profileinstaller:profileinstaller:1.3.1) with ExtractAarTransform
Transforming profileinstaller-1.3.1.aar (androidx.profileinstaller:profileinstaller:1.3.1) with AarResourcesCompilerTransform
Transforming exifinterface-1.3.6.aar (androidx.exifinterface:exifinterface:1.3.6) with ExtractAarTransform
Transforming exifinterface-1.3.6.aar (androidx.exifinterface:exifinterface:1.3.6) with AarResourcesCompilerTransform
Transforming startup-runtime-1.1.1.aar (androidx.startup:startup-runtime:1.1.1) with ExtractAarTransform
Transforming startup-runtime-1.1.1.aar (androidx.startup:startup-runtime:1.1.1) with AarResourcesCompilerTransform
Transforming tracing-1.0.0.aar (androidx.tracing:tracing:1.0.0) with ExtractAarTransform
Transforming tracing-1.0.0.aar (androidx.tracing:tracing:1.0.0) with AarResourcesCompilerTransform
Transforming interpolator-1.0.0.aar (androidx.interpolator:interpolator:1.0.0) with ExtractAarTransform
Transforming interpolator-1.0.0.aar (androidx.interpolator:interpolator:1.0.0) with AarResourcesCompilerTransform
Transforming interpolator-1.0.0.aar (androidx.interpolator:interpolator:1.0.0) with ExtractAarTransform
Transforming interpolator-1.0.0.aar (androidx.interpolator:interpolator:1.0.0) with AarResourcesCompilerTransform
Transforming dagger-lint-aar-2.51.1.aar (com.google.dagger:dagger-lint-aar:2.51.1) with ExtractAarTransform
Transforming dagger-lint-aar-2.51.1.aar (com.google.dagger:dagger-lint-aar:2.51.1) with AarResourcesCompilerTransform
Transforming hilt-navigation-compose-1.2.0.aar (androidx.hilt:hilt-navigation-compose:1.2.0) with ExtractAarTransform
Transforming hilt-navigation-compose-1.2.0.aar (androidx.hilt:hilt-navigation-compose:1.2.0) with LibrarySymbolTableTransform
Transforming hilt-navigation-1.2.0.aar (androidx.hilt:hilt-navigation:1.2.0) with ExtractAarTransform
Transforming hilt-navigation-1.2.0.aar (androidx.hilt:hilt-navigation:1.2.0) with LibrarySymbolTableTransform
Transforming navigation-common-2.7.7.aar (androidx.navigation:navigation-common:2.7.7) with ExtractAarTransform
Transforming navigation-common-2.7.7.aar (androidx.navigation:navigation-common:2.7.7) with LibrarySymbolTableTransform
Transforming navigation-runtime-2.7.7.aar (androidx.navigation:navigation-runtime:2.7.7) with ExtractAarTransform
Transforming navigation-runtime-2.7.7.aar (androidx.navigation:navigation-runtime:2.7.7) with LibrarySymbolTableTransform
Transforming navigation-common-ktx-2.7.7.aar (androidx.navigation:navigation-common-ktx:2.7.7) with ExtractAarTransform
Transforming navigation-common-ktx-2.7.7.aar (androidx.navigation:navigation-common-ktx:2.7.7) with LibrarySymbolTableTransform
Transforming navigation-runtime-ktx-2.7.7.aar (androidx.navigation:navigation-runtime-ktx:2.7.7) with ExtractAarTransform
Transforming navigation-runtime-ktx-2.7.7.aar (androidx.navigation:navigation-runtime-ktx:2.7.7) with LibrarySymbolTableTransform
Transforming navigation-compose-2.7.7.aar (androidx.navigation:navigation-compose:2.7.7) with ExtractAarTransform
Transforming navigation-compose-2.7.7.aar (androidx.navigation:navigation-compose:2.7.7) with LibrarySymbolTableTransform
Transforming hilt-android-2.51.1.aar (com.google.dagger:hilt-android:2.51.1) with ExtractAarTransform
Transforming hilt-android-2.51.1.aar (com.google.dagger:hilt-android:2.51.1) with LibrarySymbolTableTransform
Transforming fragment-1.5.1.aar (androidx.fragment:fragment:1.5.1) with ExtractAarTransform
Transforming fragment-1.5.1.aar (androidx.fragment:fragment:1.5.1) with LibrarySymbolTableTransform
Transforming room-runtime-2.6.1.aar (androidx.room:room-runtime:2.6.1) with ExtractAarTransform
Transforming room-runtime-2.6.1.aar (androidx.room:room-runtime:2.6.1) with LibrarySymbolTableTransform
Transforming room-ktx-2.6.1.aar (androidx.room:room-ktx:2.6.1) with ExtractAarTransform
Transforming room-ktx-2.6.1.aar (androidx.room:room-ktx:2.6.1) with LibrarySymbolTableTransform
Transforming material3-release.aar (androidx.compose.material3:material3-android:1.3.0) with ExtractAarTransform
Transforming material3-release.aar (androidx.compose.material3:material3-android:1.3.0) with LibrarySymbolTableTransform
Transforming coil-compose-2.5.0.aar (io.coil-kt:coil-compose:2.5.0) with ExtractAarTransform
Transforming coil-compose-2.5.0.aar (io.coil-kt:coil-compose:2.5.0) with LibrarySymbolTableTransform
Transforming coil-compose-base-2.5.0.aar (io.coil-kt:coil-compose-base:2.5.0) with ExtractAarTransform
Transforming coil-compose-base-2.5.0.aar (io.coil-kt:coil-compose-base:2.5.0) with LibrarySymbolTableTransform
Transforming material-release.aar (androidx.compose.material:material-android:1.7.0) with ExtractAarTransform
Transforming material-release.aar (androidx.compose.material:material-android:1.7.0) with LibrarySymbolTableTransform
Transforming animation-core-release.aar (androidx.compose.animation:animation-core-android:1.7.0) with ExtractAarTransform
Transforming animation-core-release.aar (androidx.compose.animation:animation-core-android:1.7.0) with LibrarySymbolTableTransform
Transforming material-ripple-release.aar (androidx.compose.material:material-ripple-android:1.7.0) with ExtractAarTransform
Transforming material-ripple-release.aar (androidx.compose.material:material-ripple-android:1.7.0) with LibrarySymbolTableTransform
Transforming animation-release.aar (androidx.compose.animation:animation-android:1.7.0) with ExtractAarTransform
Transforming animation-release.aar (androidx.compose.animation:animation-android:1.7.0) with LibrarySymbolTableTransform
Transforming foundation-layout-release.aar (androidx.compose.foundation:foundation-layout-android:1.7.0) with ExtractAarTransform
Transforming foundation-layout-release.aar (androidx.compose.foundation:foundation-layout-android:1.7.0) with LibrarySymbolTableTransform
Transforming foundation-release.aar (androidx.compose.foundation:foundation-android:1.7.0) with ExtractAarTransform
Transforming foundation-release.aar (androidx.compose.foundation:foundation-android:1.7.0) with LibrarySymbolTableTransform
Transforming ui-tooling-data-release.aar (androidx.compose.ui:ui-tooling-data-android:1.7.0) with ExtractAarTransform
Transforming ui-tooling-data-release.aar (androidx.compose.ui:ui-tooling-data-android:1.7.0) with LibrarySymbolTableTransform
Transforming ui-unit-release.aar (androidx.compose.ui:ui-unit-android:1.7.0) with ExtractAarTransform
Transforming ui-unit-release.aar (androidx.compose.ui:ui-unit-android:1.7.0) with LibrarySymbolTableTransform
Transforming ui-geometry-release.aar (androidx.compose.ui:ui-geometry-android:1.7.0) with ExtractAarTransform
Transforming ui-geometry-release.aar (androidx.compose.ui:ui-geometry-android:1.7.0) with LibrarySymbolTableTransform
Transforming ui-util-release.aar (androidx.compose.ui:ui-util-android:1.7.0) with ExtractAarTransform
Transforming ui-util-release.aar (androidx.compose.ui:ui-util-android:1.7.0) with LibrarySymbolTableTransform
Transforming ui-text-release.aar (androidx.compose.ui:ui-text-android:1.7.0) with ExtractAarTransform
Transforming ui-text-release.aar (androidx.compose.ui:ui-text-android:1.7.0) with LibrarySymbolTableTransform
Transforming ui-tooling-preview-release.aar (androidx.compose.ui:ui-tooling-preview-android:1.7.0) with ExtractAarTransform
Transforming ui-tooling-preview-release.aar (androidx.compose.ui:ui-tooling-preview-android:1.7.0) with LibrarySymbolTableTransform
Transforming ui-tooling-release.aar (androidx.compose.ui:ui-tooling-android:1.7.0) with ExtractAarTransform
Transforming ui-tooling-release.aar (androidx.compose.ui:ui-tooling-android:1.7.0) with LibrarySymbolTableTransform
Transforming ui-graphics-release.aar (androidx.compose.ui:ui-graphics-android:1.7.0) with ExtractAarTransform
Transforming ui-graphics-release.aar (androidx.compose.ui:ui-graphics-android:1.7.0) with LibrarySymbolTableTransform
Transforming ui-test-manifest-1.7.0.aar (androidx.compose.ui:ui-test-manifest:1.7.0) with ExtractAarTransform
Transforming ui-test-manifest-1.7.0.aar (androidx.compose.ui:ui-test-manifest:1.7.0) with LibrarySymbolTableTransform
Transforming accompanist-drawablepainter-0.32.0.aar (com.google.accompanist:accompanist-drawablepainter:0.32.0) with ExtractAarTransform
Transforming accompanist-drawablepainter-0.32.0.aar (com.google.accompanist:accompanist-drawablepainter:0.32.0) with LibrarySymbolTableTransform
Transforming activity-ktx-1.8.2.aar (androidx.activity:activity-ktx:1.8.2) with ExtractAarTransform
Transforming activity-ktx-1.8.2.aar (androidx.activity:activity-ktx:1.8.2) with LibrarySymbolTableTransform
Transforming activity-1.8.2.aar (androidx.activity:activity:1.8.2) with ExtractAarTransform
Transforming activity-1.8.2.aar (androidx.activity:activity:1.8.2) with LibrarySymbolTableTransform
Transforming activity-compose-1.8.2.aar (androidx.activity:activity-compose:1.8.2) with ExtractAarTransform
Transforming activity-compose-1.8.2.aar (androidx.activity:activity-compose:1.8.2) with LibrarySymbolTableTransform
Transforming material-icons-extended-release.aar (androidx.compose.material:material-icons-extended-android:1.7.0) with ExtractAarTransform
Transforming material-icons-extended-release.aar (androidx.compose.material:material-icons-extended-android:1.7.0) with LibrarySymbolTableTransform
Transforming material-icons-core-release.aar (androidx.compose.material:material-icons-core-android:1.7.0) with ExtractAarTransform
Transforming material-icons-core-release.aar (androidx.compose.material:material-icons-core-android:1.7.0) with LibrarySymbolTableTransform
Transforming loader-1.0.0.aar (androidx.loader:loader:1.0.0) with ExtractAarTransform
Transforming loader-1.0.0.aar (androidx.loader:loader:1.0.0) with LibrarySymbolTableTransform
Transforming emoji2-1.3.0.aar (androidx.emoji2:emoji2:1.3.0) with ExtractAarTransform
Transforming emoji2-1.3.0.aar (androidx.emoji2:emoji2:1.3.0) with LibrarySymbolTableTransform
Transforming coil-2.5.0.aar (io.coil-kt:coil:2.5.0) with ExtractAarTransform
Transforming coil-2.5.0.aar (io.coil-kt:coil:2.5.0) with LibrarySymbolTableTransform
Transforming coil-base-2.5.0.aar (io.coil-kt:coil-base:2.5.0) with ExtractAarTransform
Transforming coil-base-2.5.0.aar (io.coil-kt:coil-base:2.5.0) with LibrarySymbolTableTransform
Transforming viewpager-1.0.0.aar (androidx.viewpager:viewpager:1.0.0) with ExtractAarTransform
Transforming viewpager-1.0.0.aar (androidx.viewpager:viewpager:1.0.0) with LibrarySymbolTableTransform
Transforming customview-1.0.0.aar (androidx.customview:customview:1.0.0) with ExtractAarTransform
Transforming customview-1.0.0.aar (androidx.customview:customview:1.0.0) with LibrarySymbolTableTransform
Transforming autofill-1.0.0.aar (androidx.autofill:autofill:1.0.0) with ExtractAarTransform
Transforming autofill-1.0.0.aar (androidx.autofill:autofill:1.0.0) with LibrarySymbolTableTransform
Transforming graphics-path-1.0.1.aar (androidx.graphics:graphics-path:1.0.1) with ExtractAarTransform
Transforming graphics-path-1.0.1.aar (androidx.graphics:graphics-path:1.0.1) with LibrarySymbolTableTransform
Transforming appcompat-resources-1.6.1.aar (androidx.appcompat:appcompat-resources:1.6.1) with ExtractAarTransform
Transforming appcompat-resources-1.6.1.aar (androidx.appcompat:appcompat-resources:1.6.1) with LibrarySymbolTableTransform
Transforming vectordrawable-animated-1.1.0.aar (androidx.vectordrawable:vectordrawable-animated:1.1.0) with ExtractAarTransform
Transforming vectordrawable-animated-1.1.0.aar (androidx.vectordrawable:vectordrawable-animated:1.1.0) with LibrarySymbolTableTransform
Transforming vectordrawable-1.1.0.aar (androidx.vectordrawable:vectordrawable:1.1.0) with ExtractAarTransform
Transforming vectordrawable-1.1.0.aar (androidx.vectordrawable:vectordrawable:1.1.0) with LibrarySymbolTableTransform
Transforming vectordrawable-1.1.0.aar (androidx.vectordrawable:vectordrawable:1.1.0) with ExtractAarTransform
Transforming vectordrawable-1.1.0.aar (androidx.vectordrawable:vectordrawable:1.1.0) with LibrarySymbolTableTransform
Transforming customview-poolingcontainer-1.0.0.aar (androidx.customview:customview-poolingcontainer:1.0.0) with ExtractAarTransform
Transforming customview-poolingcontainer-1.0.0.aar (androidx.customview:customview-poolingcontainer:1.0.0) with LibrarySymbolTableTransform
Transforming core-ktx-1.13.1.aar (androidx.core:core-ktx:1.13.1) with ExtractAarTransform
Transforming core-ktx-1.13.1.aar (androidx.core:core-ktx:1.13.1) with LibrarySymbolTableTransform
Transforming core-1.13.1.aar (androidx.core:core:1.13.1) with ExtractAarTransform
Transforming core-1.13.1.aar (androidx.core:core:1.13.1) with LibrarySymbolTableTransform
Transforming core-1.13.1.aar (androidx.core:core:1.13.1) with ExtractAarTransform
Transforming core-1.13.1.aar (androidx.core:core:1.13.1) with LibrarySymbolTableTransform
Transforming savedstate-1.2.1.aar (androidx.savedstate:savedstate:1.2.1) with ExtractAarTransform
Transforming savedstate-1.2.1.aar (androidx.savedstate:savedstate:1.2.1) with LibrarySymbolTableTransform
Transforming lifecycle-viewmodel-2.8.3.aar (androidx.lifecycle:lifecycle-viewmodel:2.8.3) with ExtractAarTransform
Transforming lifecycle-viewmodel-2.8.3.aar (androidx.lifecycle:lifecycle-viewmodel:2.8.3) with LibrarySymbolTableTransform
Transforming lifecycle-viewmodel-release.aar (androidx.lifecycle:lifecycle-viewmodel-android:2.8.3) with ExtractAarTransform
Transforming lifecycle-viewmodel-release.aar (androidx.lifecycle:lifecycle-viewmodel-android:2.8.3) with LibrarySymbolTableTransform
Transforming lifecycle-livedata-core-ktx-2.8.3.aar (androidx.lifecycle:lifecycle-livedata-core-ktx:2.8.3) with ExtractAarTransform
Transforming lifecycle-livedata-core-ktx-2.8.3.aar (androidx.lifecycle:lifecycle-livedata-core-ktx:2.8.3) with LibrarySymbolTableTransform
Transforming lifecycle-runtime-ktx-release.aar (androidx.lifecycle:lifecycle-runtime-ktx-android:2.8.3) with ExtractAarTransform
Transforming lifecycle-runtime-ktx-release.aar (androidx.lifecycle:lifecycle-runtime-ktx-android:2.8.3) with LibrarySymbolTableTransform
Transforming lifecycle-runtime-release.aar (androidx.lifecycle:lifecycle-runtime-android:2.8.3) with ExtractAarTransform
Transforming lifecycle-runtime-release.aar (androidx.lifecycle:lifecycle-runtime-android:2.8.3) with LibrarySymbolTableTransform
Transforming lifecycle-process-2.8.3.aar (androidx.lifecycle:lifecycle-process:2.8.3) with ExtractAarTransform
Transforming lifecycle-process-2.8.3.aar (androidx.lifecycle:lifecycle-process:2.8.3) with LibrarySymbolTableTransform
Transforming lifecycle-viewmodel-savedstate-2.8.3.aar (androidx.lifecycle:lifecycle-viewmodel-savedstate:2.8.3) with ExtractAarTransform
Transforming lifecycle-viewmodel-savedstate-2.8.3.aar (androidx.lifecycle:lifecycle-viewmodel-savedstate:2.8.3) with LibrarySymbolTableTransform
Transforming lifecycle-viewmodel-ktx-2.8.3.aar (androidx.lifecycle:lifecycle-viewmodel-ktx:2.8.3) with ExtractAarTransform
Transforming lifecycle-viewmodel-ktx-2.8.3.aar (androidx.lifecycle:lifecycle-viewmodel-ktx:2.8.3) with LibrarySymbolTableTransform
Transforming lifecycle-livedata-core-2.8.3.aar (androidx.lifecycle:lifecycle-livedata-core:2.8.3) with ExtractAarTransform
Transforming lifecycle-livedata-core-2.8.3.aar (androidx.lifecycle:lifecycle-livedata-core:2.8.3) with LibrarySymbolTableTransform
Transforming lifecycle-livedata-2.8.3.aar (androidx.lifecycle:lifecycle-livedata:2.8.3) with ExtractAarTransform
Transforming lifecycle-livedata-2.8.3.aar (androidx.lifecycle:lifecycle-livedata:2.8.3) with LibrarySymbolTableTransform
Transforming lifecycle-runtime-compose-release.aar (androidx.lifecycle:lifecycle-runtime-compose-android:2.8.3) with ExtractAarTransform
Transforming lifecycle-runtime-compose-release.aar (androidx.lifecycle:lifecycle-runtime-compose-android:2.8.3) with LibrarySymbolTableTransform
Transforming lifecycle-viewmodel-compose-release.aar (androidx.lifecycle:lifecycle-viewmodel-compose-android:2.8.3) with ExtractAarTransform
Transforming lifecycle-viewmodel-compose-release.aar (androidx.lifecycle:lifecycle-viewmodel-compose-android:2.8.3) with LibrarySymbolTableTransform
Transforming ui-release.aar (androidx.compose.ui:ui-android:1.7.0) with ExtractAarTransform
Transforming ui-release.aar (androidx.compose.ui:ui-android:1.7.0) with LibrarySymbolTableTransform
Transforming savedstate-ktx-1.2.1.aar (androidx.savedstate:savedstate-ktx:1.2.1) with ExtractAarTransform
Transforming savedstate-ktx-1.2.1.aar (androidx.savedstate:savedstate-ktx:1.2.1) with LibrarySymbolTableTransform
Transforming runtime-saveable-release.aar (androidx.compose.runtime:runtime-saveable-android:1.7.0) with ExtractAarTransform
Transforming runtime-saveable-release.aar (androidx.compose.runtime:runtime-saveable-android:1.7.0) with LibrarySymbolTableTransform
Transforming runtime-release.aar (androidx.compose.runtime:runtime-android:1.7.0) with ExtractAarTransform
Transforming runtime-release.aar (androidx.compose.runtime:runtime-android:1.7.0) with LibrarySymbolTableTransform
Transforming sqlite-framework-2.4.0.aar (androidx.sqlite:sqlite-framework:2.4.0) with ExtractAarTransform
Transforming sqlite-framework-2.4.0.aar (androidx.sqlite:sqlite-framework:2.4.0) with LibrarySymbolTableTransform
Transforming sqlite-2.4.0.aar (androidx.sqlite:sqlite:2.4.0) with ExtractAarTransform
Transforming sqlite-2.4.0.aar (androidx.sqlite:sqlite:2.4.0) with LibrarySymbolTableTransform
Transforming annotation-experimental-1.4.0.aar (androidx.annotation:annotation-experimental:1.4.0) with ExtractAarTransform
Transforming annotation-experimental-1.4.0.aar (androidx.annotation:annotation-experimental:1.4.0) with LibrarySymbolTableTransform
Transforming versionedparcelable-1.1.1.aar (androidx.versionedparcelable:versionedparcelable:1.1.1) with ExtractAarTransform
Transforming versionedparcelable-1.1.1.aar (androidx.versionedparcelable:versionedparcelable:1.1.1) with LibrarySymbolTableTransform
Transforming core-runtime-2.2.0.aar (androidx.arch.core:core-runtime:2.2.0) with ExtractAarTransform
Transforming core-runtime-2.2.0.aar (androidx.arch.core:core-runtime:2.2.0) with LibrarySymbolTableTransform
Transforming profileinstaller-1.3.1.aar (androidx.profileinstaller:profileinstaller:1.3.1) with ExtractAarTransform
Transforming profileinstaller-1.3.1.aar (androidx.profileinstaller:profileinstaller:1.3.1) with LibrarySymbolTableTransform
Transforming exifinterface-1.3.6.aar (androidx.exifinterface:exifinterface:1.3.6) with ExtractAarTransform
Transforming exifinterface-1.3.6.aar (androidx.exifinterface:exifinterface:1.3.6) with LibrarySymbolTableTransform
Transforming startup-runtime-1.1.1.aar (androidx.startup:startup-runtime:1.1.1) with ExtractAarTransform
Transforming startup-runtime-1.1.1.aar (androidx.startup:startup-runtime:1.1.1) with LibrarySymbolTableTransform
Transforming tracing-1.0.0.aar (androidx.tracing:tracing:1.0.0) with ExtractAarTransform
Transforming tracing-1.0.0.aar (androidx.tracing:tracing:1.0.0) with LibrarySymbolTableTransform
Transforming interpolator-1.0.0.aar (androidx.interpolator:interpolator:1.0.0) with ExtractAarTransform
Transforming interpolator-1.0.0.aar (androidx.interpolator:interpolator:1.0.0) with LibrarySymbolTableTransform
Transforming interpolator-1.0.0.aar (androidx.interpolator:interpolator:1.0.0) with ExtractAarTransform
Transforming interpolator-1.0.0.aar (androidx.interpolator:interpolator:1.0.0) with LibrarySymbolTableTransform
Transforming dagger-lint-aar-2.51.1.aar (com.google.dagger:dagger-lint-aar:2.51.1) with ExtractAarTransform
Transforming dagger-lint-aar-2.51.1.aar (com.google.dagger:dagger-lint-aar:2.51.1) with LibrarySymbolTableTransform
Build cache key for task ':app:processFreeDebugResources' is ab52fd8c01c5d6a5c3b67cd86a0a3de3
Skipping task ':app:processFreeDebugResources' as it is up-to-date.
Resolve mutations for :app:javaPreCompileFreeDebug (Thread[#2110,Execution worker Thread 6,5,main]) started.
:app:javaPreCompileFreeDebug (Thread[#2110,Execution worker Thread 6,5,main]) started.

> Task :app:javaPreCompileFreeDebug UP-TO-DATE
Build cache key for task ':app:javaPreCompileFreeDebug' is 38088e855af74184fe5ae7db2e907dd1
Skipping task ':app:javaPreCompileFreeDebug' as it is up-to-date.
Resolve mutations for :app:mergeFreeDebugShaders (Thread[#2110,Execution worker Thread 6,5,main]) started.
:app:mergeFreeDebugShaders (Thread[#2110,Execution worker Thread 6,5,main]) started.

> Task :app:mergeFreeDebugShaders UP-TO-DATE
Build cache key for task ':app:mergeFreeDebugShaders' is 75c9f25913c7e5e19f8a111807e738ee
Skipping task ':app:mergeFreeDebugShaders' as it is up-to-date.
Resolve mutations for :app:compileFreeDebugShaders (Thread[#2110,Execution worker Thread 6,5,main]) started.
:app:compileFreeDebugShaders (Thread[#2110,Execution worker Thread 6,5,main]) started.

> Task :app:compileFreeDebugShaders NO-SOURCE
Skipping task ':app:compileFreeDebugShaders' as it has no source files and no previous output files.
Resolve mutations for :app:generateFreeDebugAssets (Thread[#2110,Execution worker Thread 6,5,main]) started.
:app:generateFreeDebugAssets (Thread[#2110,Execution worker Thread 6,5,main]) started.

> Task :app:generateFreeDebugAssets UP-TO-DATE
Skipping task ':app:generateFreeDebugAssets' as it has no actions.
Resolve mutations for :app:mergeFreeDebugAssets (Thread[#2110,Execution worker Thread 6,5,main]) started.
:app:mergeFreeDebugAssets (Thread[#2110,Execution worker Thread 6,5,main]) started.

> Task :app:mergeFreeDebugAssets UP-TO-DATE
Transforming hilt-navigation-compose-1.2.0.aar (androidx.hilt:hilt-navigation-compose:1.2.0) with ExtractAarTransform
Transforming hilt-navigation-compose-1.2.0.aar (androidx.hilt:hilt-navigation-compose:1.2.0) with AarTransform
Transforming hilt-navigation-1.2.0.aar (androidx.hilt:hilt-navigation:1.2.0) with ExtractAarTransform
Transforming hilt-navigation-1.2.0.aar (androidx.hilt:hilt-navigation:1.2.0) with AarTransform
Transforming navigation-common-2.7.7.aar (androidx.navigation:navigation-common:2.7.7) with ExtractAarTransform
Transforming navigation-common-2.7.7.aar (androidx.navigation:navigation-common:2.7.7) with AarTransform
Transforming navigation-runtime-2.7.7.aar (androidx.navigation:navigation-runtime:2.7.7) with ExtractAarTransform
Transforming navigation-runtime-2.7.7.aar (androidx.navigation:navigation-runtime:2.7.7) with AarTransform
Transforming navigation-common-ktx-2.7.7.aar (androidx.navigation:navigation-common-ktx:2.7.7) with ExtractAarTransform
Transforming navigation-common-ktx-2.7.7.aar (androidx.navigation:navigation-common-ktx:2.7.7) with AarTransform
Transforming navigation-runtime-ktx-2.7.7.aar (androidx.navigation:navigation-runtime-ktx:2.7.7) with ExtractAarTransform
Transforming navigation-runtime-ktx-2.7.7.aar (androidx.navigation:navigation-runtime-ktx:2.7.7) with AarTransform
Transforming navigation-compose-2.7.7.aar (androidx.navigation:navigation-compose:2.7.7) with ExtractAarTransform
Transforming navigation-compose-2.7.7.aar (androidx.navigation:navigation-compose:2.7.7) with AarTransform
Transforming hilt-android-2.51.1.aar (com.google.dagger:hilt-android:2.51.1) with ExtractAarTransform
Transforming hilt-android-2.51.1.aar (com.google.dagger:hilt-android:2.51.1) with AarTransform
Transforming fragment-1.5.1.aar (androidx.fragment:fragment:1.5.1) with ExtractAarTransform
Transforming fragment-1.5.1.aar (androidx.fragment:fragment:1.5.1) with AarTransform
Transforming room-runtime-2.6.1.aar (androidx.room:room-runtime:2.6.1) with ExtractAarTransform
Transforming room-runtime-2.6.1.aar (androidx.room:room-runtime:2.6.1) with AarTransform
Transforming room-ktx-2.6.1.aar (androidx.room:room-ktx:2.6.1) with ExtractAarTransform
Transforming room-ktx-2.6.1.aar (androidx.room:room-ktx:2.6.1) with AarTransform
Transforming material3-release.aar (androidx.compose.material3:material3-android:1.3.0) with ExtractAarTransform
Transforming material3-release.aar (androidx.compose.material3:material3-android:1.3.0) with AarTransform
Transforming coil-compose-2.5.0.aar (io.coil-kt:coil-compose:2.5.0) with ExtractAarTransform
Transforming coil-compose-2.5.0.aar (io.coil-kt:coil-compose:2.5.0) with AarTransform
Transforming coil-compose-base-2.5.0.aar (io.coil-kt:coil-compose-base:2.5.0) with ExtractAarTransform
Transforming coil-compose-base-2.5.0.aar (io.coil-kt:coil-compose-base:2.5.0) with AarTransform
Transforming material-release.aar (androidx.compose.material:material-android:1.7.0) with ExtractAarTransform
Transforming material-release.aar (androidx.compose.material:material-android:1.7.0) with AarTransform
Transforming animation-core-release.aar (androidx.compose.animation:animation-core-android:1.7.0) with ExtractAarTransform
Transforming animation-core-release.aar (androidx.compose.animation:animation-core-android:1.7.0) with AarTransform
Transforming material-ripple-release.aar (androidx.compose.material:material-ripple-android:1.7.0) with ExtractAarTransform
Transforming material-ripple-release.aar (androidx.compose.material:material-ripple-android:1.7.0) with AarTransform
Transforming animation-release.aar (androidx.compose.animation:animation-android:1.7.0) with ExtractAarTransform
Transforming animation-release.aar (androidx.compose.animation:animation-android:1.7.0) with AarTransform
Transforming foundation-layout-release.aar (androidx.compose.foundation:foundation-layout-android:1.7.0) with ExtractAarTransform
Transforming foundation-layout-release.aar (androidx.compose.foundation:foundation-layout-android:1.7.0) with AarTransform
Transforming foundation-release.aar (androidx.compose.foundation:foundation-android:1.7.0) with ExtractAarTransform
Transforming foundation-release.aar (androidx.compose.foundation:foundation-android:1.7.0) with AarTransform
Transforming ui-tooling-data-release.aar (androidx.compose.ui:ui-tooling-data-android:1.7.0) with ExtractAarTransform
Transforming ui-tooling-data-release.aar (androidx.compose.ui:ui-tooling-data-android:1.7.0) with AarTransform
Transforming ui-unit-release.aar (androidx.compose.ui:ui-unit-android:1.7.0) with ExtractAarTransform
Transforming ui-unit-release.aar (androidx.compose.ui:ui-unit-android:1.7.0) with AarTransform
Transforming ui-geometry-release.aar (androidx.compose.ui:ui-geometry-android:1.7.0) with ExtractAarTransform
Transforming ui-geometry-release.aar (androidx.compose.ui:ui-geometry-android:1.7.0) with AarTransform
Transforming ui-util-release.aar (androidx.compose.ui:ui-util-android:1.7.0) with ExtractAarTransform
Transforming ui-util-release.aar (androidx.compose.ui:ui-util-android:1.7.0) with AarTransform
Transforming ui-text-release.aar (androidx.compose.ui:ui-text-android:1.7.0) with ExtractAarTransform
Transforming ui-text-release.aar (androidx.compose.ui:ui-text-android:1.7.0) with AarTransform
Transforming ui-tooling-preview-release.aar (androidx.compose.ui:ui-tooling-preview-android:1.7.0) with ExtractAarTransform
Transforming ui-tooling-preview-release.aar (androidx.compose.ui:ui-tooling-preview-android:1.7.0) with AarTransform
Transforming ui-tooling-release.aar (androidx.compose.ui:ui-tooling-android:1.7.0) with ExtractAarTransform
Transforming ui-tooling-release.aar (androidx.compose.ui:ui-tooling-android:1.7.0) with AarTransform
Transforming ui-graphics-release.aar (androidx.compose.ui:ui-graphics-android:1.7.0) with ExtractAarTransform
Transforming ui-graphics-release.aar (androidx.compose.ui:ui-graphics-android:1.7.0) with AarTransform
Transforming ui-test-manifest-1.7.0.aar (androidx.compose.ui:ui-test-manifest:1.7.0) with ExtractAarTransform
Transforming ui-test-manifest-1.7.0.aar (androidx.compose.ui:ui-test-manifest:1.7.0) with AarTransform
Transforming accompanist-drawablepainter-0.32.0.aar (com.google.accompanist:accompanist-drawablepainter:0.32.0) with ExtractAarTransform
Transforming accompanist-drawablepainter-0.32.0.aar (com.google.accompanist:accompanist-drawablepainter:0.32.0) with AarTransform
Transforming activity-ktx-1.8.2.aar (androidx.activity:activity-ktx:1.8.2) with ExtractAarTransform
Transforming activity-ktx-1.8.2.aar (androidx.activity:activity-ktx:1.8.2) with AarTransform
Transforming activity-1.8.2.aar (androidx.activity:activity:1.8.2) with ExtractAarTransform
Transforming activity-1.8.2.aar (androidx.activity:activity:1.8.2) with AarTransform
Transforming activity-compose-1.8.2.aar (androidx.activity:activity-compose:1.8.2) with ExtractAarTransform
Transforming activity-compose-1.8.2.aar (androidx.activity:activity-compose:1.8.2) with AarTransform
Transforming material-icons-extended-release.aar (androidx.compose.material:material-icons-extended-android:1.7.0) with ExtractAarTransform
Transforming material-icons-extended-release.aar (androidx.compose.material:material-icons-extended-android:1.7.0) with AarTransform
Transforming material-icons-core-release.aar (androidx.compose.material:material-icons-core-android:1.7.0) with ExtractAarTransform
Transforming material-icons-core-release.aar (androidx.compose.material:material-icons-core-android:1.7.0) with AarTransform
Transforming loader-1.0.0.aar (androidx.loader:loader:1.0.0) with ExtractAarTransform
Transforming loader-1.0.0.aar (androidx.loader:loader:1.0.0) with AarTransform
Transforming emoji2-1.3.0.aar (androidx.emoji2:emoji2:1.3.0) with ExtractAarTransform
Transforming emoji2-1.3.0.aar (androidx.emoji2:emoji2:1.3.0) with AarTransform
Transforming coil-2.5.0.aar (io.coil-kt:coil:2.5.0) with ExtractAarTransform
Transforming coil-2.5.0.aar (io.coil-kt:coil:2.5.0) with AarTransform
Transforming coil-base-2.5.0.aar (io.coil-kt:coil-base:2.5.0) with ExtractAarTransform
Transforming coil-base-2.5.0.aar (io.coil-kt:coil-base:2.5.0) with AarTransform
Transforming viewpager-1.0.0.aar (androidx.viewpager:viewpager:1.0.0) with ExtractAarTransform
Transforming viewpager-1.0.0.aar (androidx.viewpager:viewpager:1.0.0) with AarTransform
Transforming customview-1.0.0.aar (androidx.customview:customview:1.0.0) with ExtractAarTransform
Transforming customview-1.0.0.aar (androidx.customview:customview:1.0.0) with AarTransform
Transforming autofill-1.0.0.aar (androidx.autofill:autofill:1.0.0) with ExtractAarTransform
Transforming autofill-1.0.0.aar (androidx.autofill:autofill:1.0.0) with AarTransform
Transforming graphics-path-1.0.1.aar (androidx.graphics:graphics-path:1.0.1) with ExtractAarTransform
Transforming graphics-path-1.0.1.aar (androidx.graphics:graphics-path:1.0.1) with AarTransform
Transforming appcompat-resources-1.6.1.aar (androidx.appcompat:appcompat-resources:1.6.1) with ExtractAarTransform
Transforming appcompat-resources-1.6.1.aar (androidx.appcompat:appcompat-resources:1.6.1) with AarTransform
Transforming vectordrawable-animated-1.1.0.aar (androidx.vectordrawable:vectordrawable-animated:1.1.0) with ExtractAarTransform
Transforming vectordrawable-animated-1.1.0.aar (androidx.vectordrawable:vectordrawable-animated:1.1.0) with AarTransform
Transforming vectordrawable-1.1.0.aar (androidx.vectordrawable:vectordrawable:1.1.0) with ExtractAarTransform
Transforming vectordrawable-1.1.0.aar (androidx.vectordrawable:vectordrawable:1.1.0) with AarTransform
Transforming vectordrawable-1.1.0.aar (androidx.vectordrawable:vectordrawable:1.1.0) with ExtractAarTransform
Transforming vectordrawable-1.1.0.aar (androidx.vectordrawable:vectordrawable:1.1.0) with AarTransform
Transforming customview-poolingcontainer-1.0.0.aar (androidx.customview:customview-poolingcontainer:1.0.0) with ExtractAarTransform
Transforming customview-poolingcontainer-1.0.0.aar (androidx.customview:customview-poolingcontainer:1.0.0) with AarTransform
Transforming core-ktx-1.13.1.aar (androidx.core:core-ktx:1.13.1) with ExtractAarTransform
Transforming core-ktx-1.13.1.aar (androidx.core:core-ktx:1.13.1) with AarTransform
Transforming core-1.13.1.aar (androidx.core:core:1.13.1) with ExtractAarTransform
Transforming core-1.13.1.aar (androidx.core:core:1.13.1) with AarTransform
Transforming core-1.13.1.aar (androidx.core:core:1.13.1) with ExtractAarTransform
Transforming core-1.13.1.aar (androidx.core:core:1.13.1) with AarTransform
Transforming savedstate-1.2.1.aar (androidx.savedstate:savedstate:1.2.1) with ExtractAarTransform
Transforming savedstate-1.2.1.aar (androidx.savedstate:savedstate:1.2.1) with AarTransform
Transforming lifecycle-viewmodel-2.8.3.aar (androidx.lifecycle:lifecycle-viewmodel:2.8.3) with ExtractAarTransform
Transforming lifecycle-viewmodel-2.8.3.aar (androidx.lifecycle:lifecycle-viewmodel:2.8.3) with AarTransform
Transforming lifecycle-viewmodel-release.aar (androidx.lifecycle:lifecycle-viewmodel-android:2.8.3) with ExtractAarTransform
Transforming lifecycle-viewmodel-release.aar (androidx.lifecycle:lifecycle-viewmodel-android:2.8.3) with AarTransform
Transforming lifecycle-livedata-core-ktx-2.8.3.aar (androidx.lifecycle:lifecycle-livedata-core-ktx:2.8.3) with ExtractAarTransform
Transforming lifecycle-livedata-core-ktx-2.8.3.aar (androidx.lifecycle:lifecycle-livedata-core-ktx:2.8.3) with AarTransform
Transforming lifecycle-runtime-ktx-release.aar (androidx.lifecycle:lifecycle-runtime-ktx-android:2.8.3) with ExtractAarTransform
Transforming lifecycle-runtime-ktx-release.aar (androidx.lifecycle:lifecycle-runtime-ktx-android:2.8.3) with AarTransform
Transforming lifecycle-runtime-release.aar (androidx.lifecycle:lifecycle-runtime-android:2.8.3) with ExtractAarTransform
Transforming lifecycle-runtime-release.aar (androidx.lifecycle:lifecycle-runtime-android:2.8.3) with AarTransform
Transforming lifecycle-process-2.8.3.aar (androidx.lifecycle:lifecycle-process:2.8.3) with ExtractAarTransform
Transforming lifecycle-process-2.8.3.aar (androidx.lifecycle:lifecycle-process:2.8.3) with AarTransform
Transforming lifecycle-viewmodel-savedstate-2.8.3.aar (androidx.lifecycle:lifecycle-viewmodel-savedstate:2.8.3) with ExtractAarTransform
Transforming lifecycle-viewmodel-savedstate-2.8.3.aar (androidx.lifecycle:lifecycle-viewmodel-savedstate:2.8.3) with AarTransform
Transforming lifecycle-viewmodel-ktx-2.8.3.aar (androidx.lifecycle:lifecycle-viewmodel-ktx:2.8.3) with ExtractAarTransform
Transforming lifecycle-viewmodel-ktx-2.8.3.aar (androidx.lifecycle:lifecycle-viewmodel-ktx:2.8.3) with AarTransform
Transforming lifecycle-livedata-core-2.8.3.aar (androidx.lifecycle:lifecycle-livedata-core:2.8.3) with ExtractAarTransform
Transforming lifecycle-livedata-core-2.8.3.aar (androidx.lifecycle:lifecycle-livedata-core:2.8.3) with AarTransform
Transforming lifecycle-livedata-2.8.3.aar (androidx.lifecycle:lifecycle-livedata:2.8.3) with ExtractAarTransform
Transforming lifecycle-livedata-2.8.3.aar (androidx.lifecycle:lifecycle-livedata:2.8.3) with AarTransform
Transforming lifecycle-runtime-compose-release.aar (androidx.lifecycle:lifecycle-runtime-compose-android:2.8.3) with ExtractAarTransform
Transforming lifecycle-runtime-compose-release.aar (androidx.lifecycle:lifecycle-runtime-compose-android:2.8.3) with AarTransform
Transforming lifecycle-viewmodel-compose-release.aar (androidx.lifecycle:lifecycle-viewmodel-compose-android:2.8.3) with ExtractAarTransform
Transforming lifecycle-viewmodel-compose-release.aar (androidx.lifecycle:lifecycle-viewmodel-compose-android:2.8.3) with AarTransform
Transforming ui-release.aar (androidx.compose.ui:ui-android:1.7.0) with ExtractAarTransform
Transforming ui-release.aar (androidx.compose.ui:ui-android:1.7.0) with AarTransform
Transforming savedstate-ktx-1.2.1.aar (androidx.savedstate:savedstate-ktx:1.2.1) with ExtractAarTransform
Transforming savedstate-ktx-1.2.1.aar (androidx.savedstate:savedstate-ktx:1.2.1) with AarTransform
Transforming runtime-saveable-release.aar (androidx.compose.runtime:runtime-saveable-android:1.7.0) with ExtractAarTransform
Transforming runtime-saveable-release.aar (androidx.compose.runtime:runtime-saveable-android:1.7.0) with AarTransform
Transforming runtime-release.aar (androidx.compose.runtime:runtime-android:1.7.0) with ExtractAarTransform
Transforming runtime-release.aar (androidx.compose.runtime:runtime-android:1.7.0) with AarTransform
Transforming sqlite-framework-2.4.0.aar (androidx.sqlite:sqlite-framework:2.4.0) with ExtractAarTransform
Transforming sqlite-framework-2.4.0.aar (androidx.sqlite:sqlite-framework:2.4.0) with AarTransform
Transforming sqlite-2.4.0.aar (androidx.sqlite:sqlite:2.4.0) with ExtractAarTransform
Transforming sqlite-2.4.0.aar (androidx.sqlite:sqlite:2.4.0) with AarTransform
Transforming annotation-experimental-1.4.0.aar (androidx.annotation:annotation-experimental:1.4.0) with ExtractAarTransform
Transforming annotation-experimental-1.4.0.aar (androidx.annotation:annotation-experimental:1.4.0) with AarTransform
Transforming versionedparcelable-1.1.1.aar (androidx.versionedparcelable:versionedparcelable:1.1.1) with ExtractAarTransform
Transforming versionedparcelable-1.1.1.aar (androidx.versionedparcelable:versionedparcelable:1.1.1) with AarTransform
Transforming core-runtime-2.2.0.aar (androidx.arch.core:core-runtime:2.2.0) with ExtractAarTransform
Transforming core-runtime-2.2.0.aar (androidx.arch.core:core-runtime:2.2.0) with AarTransform
Transforming profileinstaller-1.3.1.aar (androidx.profileinstaller:profileinstaller:1.3.1) with ExtractAarTransform
Transforming profileinstaller-1.3.1.aar (androidx.profileinstaller:profileinstaller:1.3.1) with AarTransform
Transforming exifinterface-1.3.6.aar (androidx.exifinterface:exifinterface:1.3.6) with ExtractAarTransform
Transforming exifinterface-1.3.6.aar (androidx.exifinterface:exifinterface:1.3.6) with AarTransform
Transforming startup-runtime-1.1.1.aar (androidx.startup:startup-runtime:1.1.1) with ExtractAarTransform
Transforming startup-runtime-1.1.1.aar (androidx.startup:startup-runtime:1.1.1) with AarTransform
Transforming tracing-1.0.0.aar (androidx.tracing:tracing:1.0.0) with ExtractAarTransform
Transforming tracing-1.0.0.aar (androidx.tracing:tracing:1.0.0) with AarTransform
Transforming interpolator-1.0.0.aar (androidx.interpolator:interpolator:1.0.0) with ExtractAarTransform
Transforming interpolator-1.0.0.aar (androidx.interpolator:interpolator:1.0.0) with AarTransform
Transforming interpolator-1.0.0.aar (androidx.interpolator:interpolator:1.0.0) with ExtractAarTransform
Transforming interpolator-1.0.0.aar (androidx.interpolator:interpolator:1.0.0) with AarTransform
Transforming dagger-lint-aar-2.51.1.aar (com.google.dagger:dagger-lint-aar:2.51.1) with ExtractAarTransform
Transforming dagger-lint-aar-2.51.1.aar (com.google.dagger:dagger-lint-aar:2.51.1) with AarTransform
Build cache key for task ':app:mergeFreeDebugAssets' is 75c9f25913c7e5e19f8a111807e738ee
Skipping task ':app:mergeFreeDebugAssets' as it is up-to-date.
Resolve mutations for :app:compressFreeDebugAssets (Thread[#2110,Execution worker Thread 6,5,main]) started.
:app:compressFreeDebugAssets (Thread[#2110,Execution worker Thread 6,5,main]) started.

> Task :app:compressFreeDebugAssets UP-TO-DATE
Build cache key for task ':app:compressFreeDebugAssets' is fbc340ae5eec39c1dc2452eaf0614299
Skipping task ':app:compressFreeDebugAssets' as it is up-to-date.
Resolve mutations for :app:checkFreeDebugDuplicateClasses (Thread[#2110,Execution worker Thread 6,5,main]) started.
:app:checkFreeDebugDuplicateClasses (Thread[#2110,Execution worker Thread 6,5,main]) started.

> Task :app:checkFreeDebugDuplicateClasses UP-TO-DATE
Transforming hilt-navigation-compose-1.2.0.aar (androidx.hilt:hilt-navigation-compose:1.2.0) with AarToClassTransform
Transforming hilt-navigation-compose-1.2.0.aar (androidx.hilt:hilt-navigation-compose:1.2.0) with EnumerateClassesTransform
Transforming hilt-navigation-1.2.0.aar (androidx.hilt:hilt-navigation:1.2.0) with AarToClassTransform
Transforming hilt-navigation-1.2.0.aar (androidx.hilt:hilt-navigation:1.2.0) with EnumerateClassesTransform
Transforming navigation-common-2.7.7.aar (androidx.navigation:navigation-common:2.7.7) with AarToClassTransform
Transforming navigation-common-2.7.7.aar (androidx.navigation:navigation-common:2.7.7) with EnumerateClassesTransform
Transforming navigation-runtime-2.7.7.aar (androidx.navigation:navigation-runtime:2.7.7) with AarToClassTransform
Transforming navigation-runtime-2.7.7.aar (androidx.navigation:navigation-runtime:2.7.7) with EnumerateClassesTransform
Transforming navigation-common-ktx-2.7.7.aar (androidx.navigation:navigation-common-ktx:2.7.7) with AarToClassTransform
Transforming navigation-common-ktx-2.7.7.aar (androidx.navigation:navigation-common-ktx:2.7.7) with EnumerateClassesTransform
Transforming navigation-runtime-ktx-2.7.7.aar (androidx.navigation:navigation-runtime-ktx:2.7.7) with AarToClassTransform
Transforming navigation-runtime-ktx-2.7.7.aar (androidx.navigation:navigation-runtime-ktx:2.7.7) with EnumerateClassesTransform
Transforming navigation-compose-2.7.7.aar (androidx.navigation:navigation-compose:2.7.7) with AarToClassTransform
Transforming navigation-compose-2.7.7.aar (androidx.navigation:navigation-compose:2.7.7) with EnumerateClassesTransform
Transforming hilt-android-2.51.1.aar (com.google.dagger:hilt-android:2.51.1) with AarToClassTransform
Transforming hilt-android-2.51.1.aar (com.google.dagger:hilt-android:2.51.1) with EnumerateClassesTransform
Transforming retrofit2-kotlinx-serialization-converter-0.8.0.jar (com.jakewharton.retrofit:retrofit2-kotlinx-serialization-converter:0.8.0) with IdentityTransform
Transforming retrofit2-kotlinx-serialization-converter-0.8.0.jar (com.jakewharton.retrofit:retrofit2-kotlinx-serialization-converter:0.8.0) with EnumerateClassesTransform
Transforming kotlinx-serialization-core-jvm-1.6.0.jar (org.jetbrains.kotlinx:kotlinx-serialization-core-jvm:1.6.0) with IdentityTransform
Transforming kotlinx-serialization-core-jvm-1.6.0.jar (org.jetbrains.kotlinx:kotlinx-serialization-core-jvm:1.6.0) with EnumerateClassesTransform
Transforming kotlinx-serialization-json-jvm-1.6.0.jar (org.jetbrains.kotlinx:kotlinx-serialization-json-jvm:1.6.0) with IdentityTransform
Transforming kotlinx-serialization-json-jvm-1.6.0.jar (org.jetbrains.kotlinx:kotlinx-serialization-json-jvm:1.6.0) with EnumerateClassesTransform
Transforming fragment-1.5.1.aar (androidx.fragment:fragment:1.5.1) with AarToClassTransform
Transforming fragment-1.5.1.aar (androidx.fragment:fragment:1.5.1) with EnumerateClassesTransform
Transforming room-common-2.6.1.jar (androidx.room:room-common:2.6.1) with IdentityTransform
Transforming room-common-2.6.1.jar (androidx.room:room-common:2.6.1) with EnumerateClassesTransform
Transforming room-runtime-2.6.1.aar (androidx.room:room-runtime:2.6.1) with AarToClassTransform
Transforming room-runtime-2.6.1.aar (androidx.room:room-runtime:2.6.1) with EnumerateClassesTransform
Transforming room-ktx-2.6.1.aar (androidx.room:room-ktx:2.6.1) with AarToClassTransform
Transforming room-ktx-2.6.1.aar (androidx.room:room-ktx:2.6.1) with EnumerateClassesTransform
Transforming material3-release.aar (androidx.compose.material3:material3-android:1.3.0) with AarToClassTransform
Transforming material3-release.aar (androidx.compose.material3:material3-android:1.3.0) with EnumerateClassesTransform
Transforming coil-compose-2.5.0.aar (io.coil-kt:coil-compose:2.5.0) with AarToClassTransform
Transforming coil-compose-2.5.0.aar (io.coil-kt:coil-compose:2.5.0) with EnumerateClassesTransform
Transforming coil-compose-base-2.5.0.aar (io.coil-kt:coil-compose-base:2.5.0) with AarToClassTransform
Transforming coil-compose-base-2.5.0.aar (io.coil-kt:coil-compose-base:2.5.0) with EnumerateClassesTransform
Transforming material-release.aar (androidx.compose.material:material-android:1.7.0) with AarToClassTransform
Transforming material-release.aar (androidx.compose.material:material-android:1.7.0) with EnumerateClassesTransform
Transforming animation-core-release.aar (androidx.compose.animation:animation-core-android:1.7.0) with AarToClassTransform
Transforming animation-core-release.aar (androidx.compose.animation:animation-core-android:1.7.0) with EnumerateClassesTransform
Transforming material-ripple-release.aar (androidx.compose.material:material-ripple-android:1.7.0) with AarToClassTransform
Transforming material-ripple-release.aar (androidx.compose.material:material-ripple-android:1.7.0) with EnumerateClassesTransform
Transforming animation-release.aar (androidx.compose.animation:animation-android:1.7.0) with AarToClassTransform
Transforming animation-release.aar (androidx.compose.animation:animation-android:1.7.0) with EnumerateClassesTransform
Transforming foundation-layout-release.aar (androidx.compose.foundation:foundation-layout-android:1.7.0) with AarToClassTransform
Transforming foundation-layout-release.aar (androidx.compose.foundation:foundation-layout-android:1.7.0) with EnumerateClassesTransform
Transforming foundation-release.aar (androidx.compose.foundation:foundation-android:1.7.0) with AarToClassTransform
Transforming foundation-release.aar (androidx.compose.foundation:foundation-android:1.7.0) with EnumerateClassesTransform
Transforming ui-tooling-data-release.aar (androidx.compose.ui:ui-tooling-data-android:1.7.0) with AarToClassTransform
Transforming ui-tooling-data-release.aar (androidx.compose.ui:ui-tooling-data-android:1.7.0) with EnumerateClassesTransform
Transforming ui-unit-release.aar (androidx.compose.ui:ui-unit-android:1.7.0) with AarToClassTransform
Transforming ui-unit-release.aar (androidx.compose.ui:ui-unit-android:1.7.0) with EnumerateClassesTransform
Transforming ui-geometry-release.aar (androidx.compose.ui:ui-geometry-android:1.7.0) with AarToClassTransform
Transforming ui-geometry-release.aar (androidx.compose.ui:ui-geometry-android:1.7.0) with EnumerateClassesTransform
Transforming ui-util-release.aar (androidx.compose.ui:ui-util-android:1.7.0) with AarToClassTransform
Transforming ui-util-release.aar (androidx.compose.ui:ui-util-android:1.7.0) with EnumerateClassesTransform
Transforming ui-text-release.aar (androidx.compose.ui:ui-text-android:1.7.0) with AarToClassTransform
Transforming ui-text-release.aar (androidx.compose.ui:ui-text-android:1.7.0) with EnumerateClassesTransform
Transforming ui-tooling-preview-release.aar (androidx.compose.ui:ui-tooling-preview-android:1.7.0) with AarToClassTransform
Transforming ui-tooling-preview-release.aar (androidx.compose.ui:ui-tooling-preview-android:1.7.0) with EnumerateClassesTransform
Transforming ui-tooling-release.aar (androidx.compose.ui:ui-tooling-android:1.7.0) with AarToClassTransform
Transforming ui-tooling-release.aar (androidx.compose.ui:ui-tooling-android:1.7.0) with EnumerateClassesTransform
Transforming ui-graphics-release.aar (androidx.compose.ui:ui-graphics-android:1.7.0) with AarToClassTransform
Transforming ui-graphics-release.aar (androidx.compose.ui:ui-graphics-android:1.7.0) with EnumerateClassesTransform
Transforming ui-test-manifest-1.7.0.aar (androidx.compose.ui:ui-test-manifest:1.7.0) with AarToClassTransform
Transforming ui-test-manifest-1.7.0.aar (androidx.compose.ui:ui-test-manifest:1.7.0) with EnumerateClassesTransform
Transforming accompanist-drawablepainter-0.32.0.aar (com.google.accompanist:accompanist-drawablepainter:0.32.0) with AarToClassTransform
Transforming accompanist-drawablepainter-0.32.0.aar (com.google.accompanist:accompanist-drawablepainter:0.32.0) with EnumerateClassesTransform
Transforming activity-ktx-1.8.2.aar (androidx.activity:activity-ktx:1.8.2) with AarToClassTransform
Transforming activity-ktx-1.8.2.aar (androidx.activity:activity-ktx:1.8.2) with EnumerateClassesTransform
Transforming activity-1.8.2.aar (androidx.activity:activity:1.8.2) with AarToClassTransform
Transforming activity-1.8.2.aar (androidx.activity:activity:1.8.2) with EnumerateClassesTransform
Transforming activity-compose-1.8.2.aar (androidx.activity:activity-compose:1.8.2) with AarToClassTransform
Transforming activity-compose-1.8.2.aar (androidx.activity:activity-compose:1.8.2) with EnumerateClassesTransform
Transforming material-icons-extended-release.aar (androidx.compose.material:material-icons-extended-android:1.7.0) with AarToClassTransform
Transforming material-icons-extended-release.aar (androidx.compose.material:material-icons-extended-android:1.7.0) with EnumerateClassesTransform
Transforming material-icons-core-release.aar (androidx.compose.material:material-icons-core-android:1.7.0) with AarToClassTransform
Transforming material-icons-core-release.aar (androidx.compose.material:material-icons-core-android:1.7.0) with EnumerateClassesTransform
Transforming loader-1.0.0.aar (androidx.loader:loader:1.0.0) with AarToClassTransform
Transforming loader-1.0.0.aar (androidx.loader:loader:1.0.0) with EnumerateClassesTransform
Transforming emoji2-1.3.0.aar (androidx.emoji2:emoji2:1.3.0) with AarToClassTransform
Transforming emoji2-1.3.0.aar (androidx.emoji2:emoji2:1.3.0) with EnumerateClassesTransform
Transforming coil-2.5.0.aar (io.coil-kt:coil:2.5.0) with AarToClassTransform
Transforming coil-2.5.0.aar (io.coil-kt:coil:2.5.0) with EnumerateClassesTransform
Transforming coil-base-2.5.0.aar (io.coil-kt:coil-base:2.5.0) with AarToClassTransform
Transforming coil-base-2.5.0.aar (io.coil-kt:coil-base:2.5.0) with EnumerateClassesTransform
Transforming viewpager-1.0.0.aar (androidx.viewpager:viewpager:1.0.0) with AarToClassTransform
Transforming viewpager-1.0.0.aar (androidx.viewpager:viewpager:1.0.0) with EnumerateClassesTransform
Transforming customview-1.0.0.aar (androidx.customview:customview:1.0.0) with AarToClassTransform
Transforming customview-1.0.0.aar (androidx.customview:customview:1.0.0) with EnumerateClassesTransform
Transforming autofill-1.0.0.aar (androidx.autofill:autofill:1.0.0) with AarToClassTransform
Transforming autofill-1.0.0.aar (androidx.autofill:autofill:1.0.0) with EnumerateClassesTransform
Transforming graphics-path-1.0.1.aar (androidx.graphics:graphics-path:1.0.1) with AarToClassTransform
Transforming graphics-path-1.0.1.aar (androidx.graphics:graphics-path:1.0.1) with EnumerateClassesTransform
Transforming appcompat-resources-1.6.1.aar (androidx.appcompat:appcompat-resources:1.6.1) with AarToClassTransform
Transforming appcompat-resources-1.6.1.aar (androidx.appcompat:appcompat-resources:1.6.1) with EnumerateClassesTransform
Transforming vectordrawable-animated-1.1.0.aar (androidx.vectordrawable:vectordrawable-animated:1.1.0) with AarToClassTransform
Transforming vectordrawable-animated-1.1.0.aar (androidx.vectordrawable:vectordrawable-animated:1.1.0) with EnumerateClassesTransform
Transforming vectordrawable-1.1.0.aar (androidx.vectordrawable:vectordrawable:1.1.0) with AarToClassTransform
Transforming vectordrawable-1.1.0.aar (androidx.vectordrawable:vectordrawable:1.1.0) with EnumerateClassesTransform
Transforming vectordrawable-1.1.0.aar (androidx.vectordrawable:vectordrawable:1.1.0) with AarToClassTransform
Transforming vectordrawable-1.1.0.aar (androidx.vectordrawable:vectordrawable:1.1.0) with EnumerateClassesTransform
Transforming customview-poolingcontainer-1.0.0.aar (androidx.customview:customview-poolingcontainer:1.0.0) with AarToClassTransform
Transforming customview-poolingcontainer-1.0.0.aar (androidx.customview:customview-poolingcontainer:1.0.0) with EnumerateClassesTransform
Transforming core-ktx-1.13.1.aar (androidx.core:core-ktx:1.13.1) with AarToClassTransform
Transforming core-ktx-1.13.1.aar (androidx.core:core-ktx:1.13.1) with EnumerateClassesTransform
Transforming core-1.13.1.aar (androidx.core:core:1.13.1) with AarToClassTransform
Transforming core-1.13.1.aar (androidx.core:core:1.13.1) with EnumerateClassesTransform
Transforming core-1.13.1.aar (androidx.core:core:1.13.1) with AarToClassTransform
Transforming core-1.13.1.aar (androidx.core:core:1.13.1) with EnumerateClassesTransform
Transforming savedstate-1.2.1.aar (androidx.savedstate:savedstate:1.2.1) with AarToClassTransform
Transforming savedstate-1.2.1.aar (androidx.savedstate:savedstate:1.2.1) with EnumerateClassesTransform
Transforming lifecycle-viewmodel-2.8.3.aar (androidx.lifecycle:lifecycle-viewmodel:2.8.3) with AarToClassTransform
Transforming lifecycle-viewmodel-2.8.3.aar (androidx.lifecycle:lifecycle-viewmodel:2.8.3) with EnumerateClassesTransform
Transforming lifecycle-viewmodel-release.aar (androidx.lifecycle:lifecycle-viewmodel-android:2.8.3) with AarToClassTransform
Transforming lifecycle-viewmodel-release.aar (androidx.lifecycle:lifecycle-viewmodel-android:2.8.3) with EnumerateClassesTransform
Transforming lifecycle-livedata-core-ktx-2.8.3.aar (androidx.lifecycle:lifecycle-livedata-core-ktx:2.8.3) with AarToClassTransform
Transforming lifecycle-livedata-core-ktx-2.8.3.aar (androidx.lifecycle:lifecycle-livedata-core-ktx:2.8.3) with EnumerateClassesTransform
Transforming lifecycle-common-jvm-2.8.3.jar (androidx.lifecycle:lifecycle-common-jvm:2.8.3) with IdentityTransform
Transforming lifecycle-common-jvm-2.8.3.jar (androidx.lifecycle:lifecycle-common-jvm:2.8.3) with EnumerateClassesTransform
Transforming lifecycle-runtime-ktx-release.aar (androidx.lifecycle:lifecycle-runtime-ktx-android:2.8.3) with AarToClassTransform
Transforming lifecycle-runtime-ktx-release.aar (androidx.lifecycle:lifecycle-runtime-ktx-android:2.8.3) with EnumerateClassesTransform
Transforming lifecycle-runtime-release.aar (androidx.lifecycle:lifecycle-runtime-android:2.8.3) with AarToClassTransform
Transforming lifecycle-runtime-release.aar (androidx.lifecycle:lifecycle-runtime-android:2.8.3) with EnumerateClassesTransform
Transforming lifecycle-process-2.8.3.aar (androidx.lifecycle:lifecycle-process:2.8.3) with AarToClassTransform
Transforming lifecycle-process-2.8.3.aar (androidx.lifecycle:lifecycle-process:2.8.3) with EnumerateClassesTransform
Transforming lifecycle-viewmodel-savedstate-2.8.3.aar (androidx.lifecycle:lifecycle-viewmodel-savedstate:2.8.3) with AarToClassTransform
Transforming lifecycle-viewmodel-savedstate-2.8.3.aar (androidx.lifecycle:lifecycle-viewmodel-savedstate:2.8.3) with EnumerateClassesTransform
Transforming lifecycle-viewmodel-ktx-2.8.3.aar (androidx.lifecycle:lifecycle-viewmodel-ktx:2.8.3) with AarToClassTransform
Transforming lifecycle-viewmodel-ktx-2.8.3.aar (androidx.lifecycle:lifecycle-viewmodel-ktx:2.8.3) with EnumerateClassesTransform
Transforming lifecycle-livedata-core-2.8.3.aar (androidx.lifecycle:lifecycle-livedata-core:2.8.3) with AarToClassTransform
Transforming lifecycle-livedata-core-2.8.3.aar (androidx.lifecycle:lifecycle-livedata-core:2.8.3) with EnumerateClassesTransform
Transforming lifecycle-livedata-2.8.3.aar (androidx.lifecycle:lifecycle-livedata:2.8.3) with AarToClassTransform
Transforming lifecycle-livedata-2.8.3.aar (androidx.lifecycle:lifecycle-livedata:2.8.3) with EnumerateClassesTransform
Transforming lifecycle-common-java8-2.8.3.jar (androidx.lifecycle:lifecycle-common-java8:2.8.3) with IdentityTransform
Transforming lifecycle-common-java8-2.8.3.jar (androidx.lifecycle:lifecycle-common-java8:2.8.3) with EnumerateClassesTransform
Transforming lifecycle-runtime-compose-release.aar (androidx.lifecycle:lifecycle-runtime-compose-android:2.8.3) with AarToClassTransform
Transforming lifecycle-runtime-compose-release.aar (androidx.lifecycle:lifecycle-runtime-compose-android:2.8.3) with EnumerateClassesTransform
Transforming lifecycle-viewmodel-compose-release.aar (androidx.lifecycle:lifecycle-viewmodel-compose-android:2.8.3) with AarToClassTransform
Transforming lifecycle-viewmodel-compose-release.aar (androidx.lifecycle:lifecycle-viewmodel-compose-android:2.8.3) with EnumerateClassesTransform
Transforming ui-release.aar (androidx.compose.ui:ui-android:1.7.0) with AarToClassTransform
Transforming ui-release.aar (androidx.compose.ui:ui-android:1.7.0) with EnumerateClassesTransform
Transforming savedstate-ktx-1.2.1.aar (androidx.savedstate:savedstate-ktx:1.2.1) with AarToClassTransform
Transforming savedstate-ktx-1.2.1.aar (androidx.savedstate:savedstate-ktx:1.2.1) with EnumerateClassesTransform
Transforming runtime-saveable-release.aar (androidx.compose.runtime:runtime-saveable-android:1.7.0) with AarToClassTransform
Transforming runtime-saveable-release.aar (androidx.compose.runtime:runtime-saveable-android:1.7.0) with EnumerateClassesTransform
Transforming runtime-release.aar (androidx.compose.runtime:runtime-android:1.7.0) with AarToClassTransform
Transforming runtime-release.aar (androidx.compose.runtime:runtime-android:1.7.0) with EnumerateClassesTransform
Transforming kotlinx-coroutines-core-jvm-1.7.3.jar (org.jetbrains.kotlinx:kotlinx-coroutines-core-jvm:1.7.3) with IdentityTransform
Transforming kotlinx-coroutines-core-jvm-1.7.3.jar (org.jetbrains.kotlinx:kotlinx-coroutines-core-jvm:1.7.3) with EnumerateClassesTransform
Transforming kotlinx-coroutines-android-1.7.3.jar (org.jetbrains.kotlinx:kotlinx-coroutines-android:1.7.3) with IdentityTransform
Transforming kotlinx-coroutines-android-1.7.3.jar (org.jetbrains.kotlinx:kotlinx-coroutines-android:1.7.3) with EnumerateClassesTransform
Transforming retrofit-2.9.0.jar (com.squareup.retrofit2:retrofit:2.9.0) with IdentityTransform
Transforming retrofit-2.9.0.jar (com.squareup.retrofit2:retrofit:2.9.0) with EnumerateClassesTransform
Transforming sqlite-framework-2.4.0.aar (androidx.sqlite:sqlite-framework:2.4.0) with AarToClassTransform
Transforming sqlite-framework-2.4.0.aar (androidx.sqlite:sqlite-framework:2.4.0) with EnumerateClassesTransform
Transforming sqlite-2.4.0.aar (androidx.sqlite:sqlite:2.4.0) with AarToClassTransform
Transforming sqlite-2.4.0.aar (androidx.sqlite:sqlite:2.4.0) with EnumerateClassesTransform
Transforming annotation-experimental-1.4.0.aar (androidx.annotation:annotation-experimental:1.4.0) with AarToClassTransform
Transforming annotation-experimental-1.4.0.aar (androidx.annotation:annotation-experimental:1.4.0) with EnumerateClassesTransform
Transforming collection-ktx-1.4.0.jar (androidx.collection:collection-ktx:1.4.0) with IdentityTransform
Transforming collection-ktx-1.4.0.jar (androidx.collection:collection-ktx:1.4.0) with EnumerateClassesTransform
Transforming versionedparcelable-1.1.1.aar (androidx.versionedparcelable:versionedparcelable:1.1.1) with AarToClassTransform
Transforming versionedparcelable-1.1.1.aar (androidx.versionedparcelable:versionedparcelable:1.1.1) with EnumerateClassesTransform
Transforming logging-interceptor-4.12.0.jar (com.squareup.okhttp3:logging-interceptor:4.12.0) with IdentityTransform
Transforming logging-interceptor-4.12.0.jar (com.squareup.okhttp3:logging-interceptor:4.12.0) with EnumerateClassesTransform
Transforming collection-jvm-1.4.0.jar (androidx.collection:collection-jvm:1.4.0) with IdentityTransform
Transforming collection-jvm-1.4.0.jar (androidx.collection:collection-jvm:1.4.0) with EnumerateClassesTransform
Transforming core-runtime-2.2.0.aar (androidx.arch.core:core-runtime:2.2.0) with AarToClassTransform
Transforming core-runtime-2.2.0.aar (androidx.arch.core:core-runtime:2.2.0) with EnumerateClassesTransform
Transforming core-common-2.2.0.jar (androidx.arch.core:core-common:2.2.0) with IdentityTransform
Transforming core-common-2.2.0.jar (androidx.arch.core:core-common:2.2.0) with EnumerateClassesTransform
Transforming profileinstaller-1.3.1.aar (androidx.profileinstaller:profileinstaller:1.3.1) with AarToClassTransform
Transforming profileinstaller-1.3.1.aar (androidx.profileinstaller:profileinstaller:1.3.1) with EnumerateClassesTransform
Transforming exifinterface-1.3.6.aar (androidx.exifinterface:exifinterface:1.3.6) with AarToClassTransform
Transforming exifinterface-1.3.6.aar (androidx.exifinterface:exifinterface:1.3.6) with EnumerateClassesTransform
Transforming concurrent-futures-1.1.0.jar (androidx.concurrent:concurrent-futures:1.1.0) with IdentityTransform
Transforming concurrent-futures-1.1.0.jar (androidx.concurrent:concurrent-futures:1.1.0) with EnumerateClassesTransform
Transforming startup-runtime-1.1.1.aar (androidx.startup:startup-runtime:1.1.1) with AarToClassTransform
Transforming startup-runtime-1.1.1.aar (androidx.startup:startup-runtime:1.1.1) with EnumerateClassesTransform
Transforming tracing-1.0.0.aar (androidx.tracing:tracing:1.0.0) with AarToClassTransform
Transforming tracing-1.0.0.aar (androidx.tracing:tracing:1.0.0) with EnumerateClassesTransform
Transforming interpolator-1.0.0.aar (androidx.interpolator:interpolator:1.0.0) with AarToClassTransform
Transforming interpolator-1.0.0.aar (androidx.interpolator:interpolator:1.0.0) with EnumerateClassesTransform
Transforming interpolator-1.0.0.aar (androidx.interpolator:interpolator:1.0.0) with AarToClassTransform
Transforming interpolator-1.0.0.aar (androidx.interpolator:interpolator:1.0.0) with EnumerateClassesTransform
Transforming annotation-jvm-1.8.0.jar (androidx.annotation:annotation-jvm:1.8.0) with IdentityTransform
Transforming annotation-jvm-1.8.0.jar (androidx.annotation:annotation-jvm:1.8.0) with EnumerateClassesTransform
Transforming kotlin-stdlib-2.0.21.jar (org.jetbrains.kotlin:kotlin-stdlib:2.0.21) with IdentityTransform
Transforming Turbine-jvm.jar (app.cash.turbine:turbine-jvm:1.0.0) with IdentityTransform
Transforming Turbine-jvm.jar (app.cash.turbine:turbine-jvm:1.0.0) with EnumerateClassesTransform
Transforming kotlinx-coroutines-test-jvm-1.7.3.jar (org.jetbrains.kotlinx:kotlinx-coroutines-test-jvm:1.7.3) with IdentityTransform
Transforming kotlin-stdlib-2.0.21.jar (org.jetbrains.kotlin:kotlin-stdlib:2.0.21) with EnumerateClassesTransform
Transforming annotations-23.0.0.jar (org.jetbrains:annotations:23.0.0) with IdentityTransform
Transforming annotations-23.0.0.jar (org.jetbrains:annotations:23.0.0) with EnumerateClassesTransform
Transforming hilt-core-2.51.1.jar (com.google.dagger:hilt-core:2.51.1) with IdentityTransform
Transforming hilt-core-2.51.1.jar (com.google.dagger:hilt-core:2.51.1) with EnumerateClassesTransform
Transforming kotlinx-coroutines-test-jvm-1.7.3.jar (org.jetbrains.kotlinx:kotlinx-coroutines-test-jvm:1.7.3) with EnumerateClassesTransform
Transforming dagger-2.51.1.jar (com.google.dagger:dagger:2.51.1) with IdentityTransform
Transforming kotlin-stdlib-jdk8-1.9.10.jar (org.jetbrains.kotlin:kotlin-stdlib-jdk8:1.9.10) with IdentityTransform
Transforming kotlin-stdlib-jdk7-1.9.10.jar (org.jetbrains.kotlin:kotlin-stdlib-jdk7:1.9.10) with IdentityTransform
Transforming kotlin-stdlib-jdk8-1.9.10.jar (org.jetbrains.kotlin:kotlin-stdlib-jdk8:1.9.10) with EnumerateClassesTransform
Transforming kotlin-stdlib-jdk7-1.9.10.jar (org.jetbrains.kotlin:kotlin-stdlib-jdk7:1.9.10) with EnumerateClassesTransform
Transforming okio-jvm-3.6.0.jar (com.squareup.okio:okio-jvm:3.6.0) with IdentityTransform
Transforming okhttp-4.12.0.jar (com.squareup.okhttp3:okhttp:4.12.0) with IdentityTransform
Transforming okio-jvm-3.6.0.jar (com.squareup.okio:okio-jvm:3.6.0) with EnumerateClassesTransform
Transforming okhttp-4.12.0.jar (com.squareup.okhttp3:okhttp:4.12.0) with EnumerateClassesTransform
Transforming dagger-2.51.1.jar (com.google.dagger:dagger:2.51.1) with EnumerateClassesTransform
Transforming dagger-lint-aar-2.51.1.aar (com.google.dagger:dagger-lint-aar:2.51.1) with AarToClassTransform
Transforming dagger-lint-aar-2.51.1.aar (com.google.dagger:dagger-lint-aar:2.51.1) with EnumerateClassesTransform
Transforming jsr305-3.0.2.jar (com.google.code.findbugs:jsr305:3.0.2) with IdentityTransform
Transforming jsr305-3.0.2.jar (com.google.code.findbugs:jsr305:3.0.2) with EnumerateClassesTransform
Transforming javax.inject-1.jar (javax.inject:javax.inject:1) with IdentityTransform
Transforming javax.inject-1.jar (javax.inject:javax.inject:1) with EnumerateClassesTransform
Transforming listenablefuture-1.0.jar (com.google.guava:listenablefuture:1.0) with IdentityTransform
Transforming listenablefuture-1.0.jar (com.google.guava:listenablefuture:1.0) with EnumerateClassesTransform
Caching disabled for task ':app:checkFreeDebugDuplicateClasses' because:
  Caching has been disabled for the task
Skipping task ':app:checkFreeDebugDuplicateClasses' as it is up-to-date.
Resolve mutations for :app:desugarFreeDebugFileDependencies (Thread[#2110,Execution worker Thread 6,5,main]) started.
:app:desugarFreeDebugFileDependencies (Thread[#2110,Execution worker Thread 6,5,main]) started.

> Task :app:desugarFreeDebugFileDependencies UP-TO-DATE
Build cache key for task ':app:desugarFreeDebugFileDependencies' is 2fe582660ed26aa17b5ac29daa5d93a3
Skipping task ':app:desugarFreeDebugFileDependencies' as it is up-to-date.
Resolve mutations for :app:mergeExtDexFreeDebug (Thread[#2110,Execution worker Thread 6,5,main]) started.
:app:mergeExtDexFreeDebug (Thread[#2110,Execution worker Thread 6,5,main]) started.

> Task :core:data:kspDebugKotlin UP-TO-DATE
file or directory 'D:\proj\alyk\test23\core\data\src\debug\kotlin', not found
file or directory 'D:\proj\alyk\test23\core\data\src\debug\java', not found
file or directory 'D:\proj\alyk\test23\core\data\src\main\java', not found
file or directory 'D:\proj\alyk\test23\core\data\src\main\java', not found
file or directory 'D:\proj\alyk\test23\core\data\src\debug\java', not found
Transforming hilt-android-2.51.1.aar (com.google.dagger:hilt-android:2.51.1) with AarToClassTransform
Transforming fragment-1.5.1.aar (androidx.fragment:fragment:1.5.1) with AarToClassTransform
Transforming activity-1.5.1.aar (androidx.activity:activity:1.5.1) with AarToClassTransform
Transforming lifecycle-viewmodel-savedstate-2.5.1.aar (androidx.lifecycle:lifecycle-viewmodel-savedstate:2.5.1) with AarToClassTransform
Transforming core-ktx-1.10.1.aar (androidx.core:core-ktx:1.10.1) with AarToClassTransform
Transforming okhttp-4.11.0.jar (com.squareup.okhttp3:okhttp:4.11.0) with IdentityTransform
Transforming kotlinx-coroutines-core-jvm-1.7.3.jar (org.jetbrains.kotlinx:kotlinx-coroutines-core-jvm:1.7.3) with IdentityTransform
Transforming kotlinx-coroutines-android-1.7.3.jar (org.jetbrains.kotlinx:kotlinx-coroutines-android:1.7.3) with IdentityTransform
Transforming kotlin-stdlib-jdk8-1.8.22.jar (org.jetbrains.kotlin:kotlin-stdlib-jdk8:1.8.22) with IdentityTransform
Transforming kotlinx-serialization-core-jvm-1.6.0.jar (org.jetbrains.kotlinx:kotlinx-serialization-core-jvm:1.6.0) with IdentityTransform
Transforming retrofit2-kotlinx-serialization-converter-0.8.0.jar (com.jakewharton.retrofit:retrofit2-kotlinx-serialization-converter:0.8.0) with IdentityTransform
Transforming kotlinx-serialization-json-jvm-1.6.0.jar (org.jetbrains.kotlinx:kotlinx-serialization-json-jvm:1.6.0) with IdentityTransform
Transforming loader-1.0.0.aar (androidx.loader:loader:1.0.0) with AarToClassTransform
Transforming retrofit-2.9.0.jar (com.squareup.retrofit2:retrofit:2.9.0) with IdentityTransform
Transforming logging-interceptor-4.11.0.jar (com.squareup.okhttp3:logging-interceptor:4.11.0) with IdentityTransform
Transforming okio-jvm-3.2.0.jar (com.squareup.okio:okio-jvm:3.2.0) with IdentityTransform
Transforming viewpager-1.0.0.aar (androidx.viewpager:viewpager:1.0.0) with AarToClassTransform
Transforming customview-1.0.0.aar (androidx.customview:customview:1.0.0) with AarToClassTransform
Transforming core-1.10.1.aar (androidx.core:core:1.10.1) with AarToClassTransform
Transforming core-1.10.1.aar (androidx.core:core:1.10.1) with AarToClassTransform
Transforming annotation-experimental-1.3.1.aar (androidx.annotation:annotation-experimental:1.3.1) with AarToClassTransform
Transforming lifecycle-viewmodel-2.5.1.aar (androidx.lifecycle:lifecycle-viewmodel:2.5.1) with AarToClassTransform
Transforming lifecycle-viewmodel-2.5.1.aar (androidx.lifecycle:lifecycle-viewmodel:2.5.1) with AarToClassTransform
Transforming savedstate-1.2.0.aar (androidx.savedstate:savedstate:1.2.0) with AarToClassTransform
Transforming lifecycle-runtime-2.5.1.aar (androidx.lifecycle:lifecycle-runtime:2.5.1) with AarToClassTransform
Transforming lifecycle-livedata-2.0.0.aar (androidx.lifecycle:lifecycle-livedata:2.0.0) with AarToClassTransform
Transforming lifecycle-livedata-core-2.5.1.aar (androidx.lifecycle:lifecycle-livedata-core:2.5.1) with AarToClassTransform
Transforming lifecycle-livedata-core-2.5.1.aar (androidx.lifecycle:lifecycle-livedata-core:2.5.1) with AarToClassTransform
Transforming lifecycle-common-2.5.1.jar (androidx.lifecycle:lifecycle-common:2.5.1) with IdentityTransform
Transforming versionedparcelable-1.1.1.aar (androidx.versionedparcelable:versionedparcelable:1.1.1) with AarToClassTransform
Transforming collection-1.1.0.jar (androidx.collection:collection:1.1.0) with IdentityTransform
Transforming core-runtime-2.2.0.aar (androidx.arch.core:core-runtime:2.2.0) with AarToClassTransform
Transforming core-common-2.2.0.jar (androidx.arch.core:core-common:2.2.0) with IdentityTransform
Transforming annotation-jvm-1.6.0.jar (androidx.annotation:annotation-jvm:1.6.0) with IdentityTransform
Transforming kotlin-stdlib-jdk7-1.8.22.jar (org.jetbrains.kotlin:kotlin-stdlib-jdk7:1.8.22) with IdentityTransform
Transforming kotlin-stdlib-2.0.21.jar (org.jetbrains.kotlin:kotlin-stdlib:2.0.21) with IdentityTransform
Transforming annotations-23.0.0.jar (org.jetbrains:annotations:23.0.0) with IdentityTransform
Transforming hilt-core-2.51.1.jar (com.google.dagger:hilt-core:2.51.1) with IdentityTransform
Transforming dagger-2.51.1.jar (com.google.dagger:dagger:2.51.1) with IdentityTransform
Transforming javax.inject-1.jar (javax.inject:javax.inject:1) with IdentityTransform
Transforming dagger-lint-aar-2.51.1.aar (com.google.dagger:dagger-lint-aar:2.51.1) with AarToClassTransform
Transforming jsr305-3.0.2.jar (com.google.code.findbugs:jsr305:3.0.2) with IdentityTransform
Transforming R.jar with BuildToolsApiClasspathEntrySnapshotTransform
Transforming classes.jar with BuildToolsApiClasspathEntrySnapshotTransform
Transforming classes.jar with BuildToolsApiClasspathEntrySnapshotTransform
Transforming hilt-android-2.51.1-api.jar with BuildToolsApiClasspathEntrySnapshotTransform
Transforming fragment-1.5.1-api.jar with BuildToolsApiClasspathEntrySnapshotTransform
Transforming activity-1.5.1-api.jar with BuildToolsApiClasspathEntrySnapshotTransform
Transforming lifecycle-viewmodel-savedstate-2.5.1-api.jar with BuildToolsApiClasspathEntrySnapshotTransform
Transforming core-ktx-1.10.1-api.jar with BuildToolsApiClasspathEntrySnapshotTransform
Transforming retrofit2-kotlinx-serialization-converter-0.8.0.jar with BuildToolsApiClasspathEntrySnapshotTransform
Transforming retrofit-2.9.0.jar with BuildToolsApiClasspathEntrySnapshotTransform
Transforming logging-interceptor-4.11.0.jar with BuildToolsApiClasspathEntrySnapshotTransform
Transforming okhttp-4.11.0.jar with BuildToolsApiClasspathEntrySnapshotTransform
Transforming kotlinx-coroutines-core-jvm-1.7.3.jar with BuildToolsApiClasspathEntrySnapshotTransform
Transforming kotlinx-coroutines-android-1.7.3.jar with BuildToolsApiClasspathEntrySnapshotTransform
Transforming okio-jvm-3.2.0.jar with BuildToolsApiClasspathEntrySnapshotTransform
Transforming kotlin-stdlib-jdk8-1.8.22.jar with BuildToolsApiClasspathEntrySnapshotTransform
Transforming kotlinx-serialization-core-jvm-1.6.0.jar with BuildToolsApiClasspathEntrySnapshotTransform
Transforming kotlinx-serialization-json-jvm-1.6.0.jar with BuildToolsApiClasspathEntrySnapshotTransform
Transforming loader-1.0.0-api.jar with BuildToolsApiClasspathEntrySnapshotTransform
Transforming viewpager-1.0.0-api.jar with BuildToolsApiClasspathEntrySnapshotTransform
Transforming customview-1.0.0-api.jar with BuildToolsApiClasspathEntrySnapshotTransform
Transforming core-1.10.1-api.jar with BuildToolsApiClasspathEntrySnapshotTransform
Transforming annotation-experimental-1.3.1-api.jar with BuildToolsApiClasspathEntrySnapshotTransform
Transforming lifecycle-viewmodel-2.5.1-api.jar with BuildToolsApiClasspathEntrySnapshotTransform
Transforming savedstate-1.2.0-api.jar with BuildToolsApiClasspathEntrySnapshotTransform
Transforming lifecycle-runtime-2.5.1-api.jar with BuildToolsApiClasspathEntrySnapshotTransform
Transforming lifecycle-livedata-2.0.0-api.jar with BuildToolsApiClasspathEntrySnapshotTransform
Transforming lifecycle-livedata-core-2.5.1-api.jar with BuildToolsApiClasspathEntrySnapshotTransform
Transforming lifecycle-common-2.5.1.jar with BuildToolsApiClasspathEntrySnapshotTransform
Transforming versionedparcelable-1.1.1-api.jar with BuildToolsApiClasspathEntrySnapshotTransform
Transforming collection-1.1.0.jar with BuildToolsApiClasspathEntrySnapshotTransform
Transforming core-runtime-2.2.0-api.jar with BuildToolsApiClasspathEntrySnapshotTransform
Transforming core-common-2.2.0.jar with BuildToolsApiClasspathEntrySnapshotTransform
Transforming annotation-jvm-1.6.0.jar with BuildToolsApiClasspathEntrySnapshotTransform
Transforming kotlin-stdlib-jdk7-1.8.22.jar with BuildToolsApiClasspathEntrySnapshotTransform
Transforming kotlin-stdlib-2.0.21.jar with BuildToolsApiClasspathEntrySnapshotTransform
Transforming annotations-23.0.0.jar with BuildToolsApiClasspathEntrySnapshotTransform
Transforming hilt-core-2.51.1.jar with BuildToolsApiClasspathEntrySnapshotTransform
Transforming dagger-2.51.1.jar with BuildToolsApiClasspathEntrySnapshotTransform
Transforming javax.inject-1.jar with BuildToolsApiClasspathEntrySnapshotTransform
Transforming dagger-lint-aar-2.51.1-api.jar with BuildToolsApiClasspathEntrySnapshotTransform
Transforming jsr305-3.0.2.jar with BuildToolsApiClasspathEntrySnapshotTransform
Transforming android.jar with BuildToolsApiClasspathEntrySnapshotTransform
Transforming core-lambda-stubs.jar with BuildToolsApiClasspathEntrySnapshotTransform
file or directory 'D:\proj\alyk\test23\core\data\src\debug\kotlin', not found
file or directory 'D:\proj\alyk\test23\core\data\src\debug\java', not found
file or directory 'D:\proj\alyk\test23\core\data\src\main\java', not found
file or directory 'D:\proj\alyk\test23\core\data\src\main\java', not found
file or directory 'D:\proj\alyk\test23\core\data\src\debug\java', not found
Build cache key for task ':core:data:kspDebugKotlin' is 2fcc5faf4f7d82cd0dab50df528398a2
Skipping task ':core:data:kspDebugKotlin' as it is up-to-date.
Resolve mutations for :core:data:compileDebugKotlin (Thread[#2105,Execution worker,5,main]) started.
:core:data:compileDebugKotlin (Thread[#2106,Execution worker Thread 2,5,main]) started.

> Task :app:mergeExtDexFreeDebug UP-TO-DATE
Transforming hilt-navigation-compose-1.2.0.aar (androidx.hilt:hilt-navigation-compose:1.2.0) with AarToClassTransform
Transforming hilt-navigation-compose-1.2.0.aar (androidx.hilt:hilt-navigation-compose:1.2.0) with IdentityTransform
Transforming hilt-navigation-compose-1.2.0.aar (androidx.hilt:hilt-navigation-compose:1.2.0) with DexingNoClasspathTransform
Transforming hilt-navigation-1.2.0.aar (androidx.hilt:hilt-navigation:1.2.0) with AarToClassTransform
Transforming hilt-navigation-1.2.0.aar (androidx.hilt:hilt-navigation:1.2.0) with IdentityTransform
Transforming hilt-navigation-1.2.0.aar (androidx.hilt:hilt-navigation:1.2.0) with DexingNoClasspathTransform
Transforming navigation-common-2.7.7.aar (androidx.navigation:navigation-common:2.7.7) with AarToClassTransform
Transforming navigation-common-2.7.7.aar (androidx.navigation:navigation-common:2.7.7) with IdentityTransform
Transforming navigation-common-2.7.7.aar (androidx.navigation:navigation-common:2.7.7) with DexingNoClasspathTransform
Transforming navigation-runtime-2.7.7.aar (androidx.navigation:navigation-runtime:2.7.7) with AarToClassTransform
Transforming navigation-runtime-2.7.7.aar (androidx.navigation:navigation-runtime:2.7.7) with IdentityTransform
Transforming navigation-runtime-2.7.7.aar (androidx.navigation:navigation-runtime:2.7.7) with DexingNoClasspathTransform
Transforming navigation-common-ktx-2.7.7.aar (androidx.navigation:navigation-common-ktx:2.7.7) with AarToClassTransform
Transforming navigation-common-ktx-2.7.7.aar (androidx.navigation:navigation-common-ktx:2.7.7) with IdentityTransform
Transforming navigation-common-ktx-2.7.7.aar (androidx.navigation:navigation-common-ktx:2.7.7) with DexingNoClasspathTransform
Transforming navigation-runtime-ktx-2.7.7.aar (androidx.navigation:navigation-runtime-ktx:2.7.7) with AarToClassTransform
Transforming navigation-runtime-ktx-2.7.7.aar (androidx.navigation:navigation-runtime-ktx:2.7.7) with IdentityTransform
Transforming navigation-runtime-ktx-2.7.7.aar (androidx.navigation:navigation-runtime-ktx:2.7.7) with DexingNoClasspathTransform
Transforming navigation-compose-2.7.7.aar (androidx.navigation:navigation-compose:2.7.7) with AarToClassTransform
Transforming navigation-compose-2.7.7.aar (androidx.navigation:navigation-compose:2.7.7) with IdentityTransform
Transforming navigation-compose-2.7.7.aar (androidx.navigation:navigation-compose:2.7.7) with DexingNoClasspathTransform
Transforming hilt-android-2.51.1.aar (com.google.dagger:hilt-android:2.51.1) with AarToClassTransform
Transforming hilt-android-2.51.1.aar (com.google.dagger:hilt-android:2.51.1) with IdentityTransform
Transforming hilt-android-2.51.1.aar (com.google.dagger:hilt-android:2.51.1) with DexingNoClasspathTransform
Transforming retrofit2-kotlinx-serialization-converter-0.8.0.jar (com.jakewharton.retrofit:retrofit2-kotlinx-serialization-converter:0.8.0) with IdentityTransform
Transforming retrofit2-kotlinx-serialization-converter-0.8.0.jar (com.jakewharton.retrofit:retrofit2-kotlinx-serialization-converter:0.8.0) with IdentityTransform
Transforming retrofit2-kotlinx-serialization-converter-0.8.0.jar (com.jakewharton.retrofit:retrofit2-kotlinx-serialization-converter:0.8.0) with DexingNoClasspathTransform
Transforming kotlinx-serialization-core-jvm-1.6.0.jar (org.jetbrains.kotlinx:kotlinx-serialization-core-jvm:1.6.0) with IdentityTransform
Transforming kotlinx-serialization-core-jvm-1.6.0.jar (org.jetbrains.kotlinx:kotlinx-serialization-core-jvm:1.6.0) with IdentityTransform
Transforming kotlinx-serialization-core-jvm-1.6.0.jar (org.jetbrains.kotlinx:kotlinx-serialization-core-jvm:1.6.0) with DexingNoClasspathTransform
Transforming kotlinx-serialization-json-jvm-1.6.0.jar (org.jetbrains.kotlinx:kotlinx-serialization-json-jvm:1.6.0) with IdentityTransform
Transforming kotlinx-serialization-json-jvm-1.6.0.jar (org.jetbrains.kotlinx:kotlinx-serialization-json-jvm:1.6.0) with IdentityTransform
Transforming kotlinx-serialization-json-jvm-1.6.0.jar (org.jetbrains.kotlinx:kotlinx-serialization-json-jvm:1.6.0) with DexingNoClasspathTransform
Transforming fragment-1.5.1.aar (androidx.fragment:fragment:1.5.1) with AarToClassTransform
Transforming fragment-1.5.1.aar (androidx.fragment:fragment:1.5.1) with IdentityTransform
Transforming fragment-1.5.1.aar (androidx.fragment:fragment:1.5.1) with DexingNoClasspathTransform
Transforming room-common-2.6.1.jar (androidx.room:room-common:2.6.1) with IdentityTransform
Transforming room-common-2.6.1.jar (androidx.room:room-common:2.6.1) with IdentityTransform
Transforming room-common-2.6.1.jar (androidx.room:room-common:2.6.1) with DexingNoClasspathTransform
Transforming room-runtime-2.6.1.aar (androidx.room:room-runtime:2.6.1) with AarToClassTransform
Transforming room-runtime-2.6.1.aar (androidx.room:room-runtime:2.6.1) with IdentityTransform
Transforming room-runtime-2.6.1.aar (androidx.room:room-runtime:2.6.1) with DexingNoClasspathTransform
Transforming room-ktx-2.6.1.aar (androidx.room:room-ktx:2.6.1) with AarToClassTransform
Transforming room-ktx-2.6.1.aar (androidx.room:room-ktx:2.6.1) with IdentityTransform
Transforming room-ktx-2.6.1.aar (androidx.room:room-ktx:2.6.1) with DexingNoClasspathTransform
Transforming material3-release.aar (androidx.compose.material3:material3-android:1.3.0) with AarToClassTransform
Transforming material3-release.aar (androidx.compose.material3:material3-android:1.3.0) with IdentityTransform
Transforming material3-release.aar (androidx.compose.material3:material3-android:1.3.0) with DexingNoClasspathTransform
Transforming coil-compose-2.5.0.aar (io.coil-kt:coil-compose:2.5.0) with AarToClassTransform
Transforming coil-compose-2.5.0.aar (io.coil-kt:coil-compose:2.5.0) with IdentityTransform
Transforming coil-compose-2.5.0.aar (io.coil-kt:coil-compose:2.5.0) with DexingNoClasspathTransform
Transforming coil-compose-base-2.5.0.aar (io.coil-kt:coil-compose-base:2.5.0) with AarToClassTransform
Transforming coil-compose-base-2.5.0.aar (io.coil-kt:coil-compose-base:2.5.0) with IdentityTransform
Transforming coil-compose-base-2.5.0.aar (io.coil-kt:coil-compose-base:2.5.0) with DexingNoClasspathTransform
Transforming material-release.aar (androidx.compose.material:material-android:1.7.0) with AarToClassTransform
Transforming material-release.aar (androidx.compose.material:material-android:1.7.0) with IdentityTransform
Transforming material-release.aar (androidx.compose.material:material-android:1.7.0) with DexingNoClasspathTransform
Transforming animation-core-release.aar (androidx.compose.animation:animation-core-android:1.7.0) with AarToClassTransform
Transforming animation-core-release.aar (androidx.compose.animation:animation-core-android:1.7.0) with IdentityTransform
Transforming animation-core-release.aar (androidx.compose.animation:animation-core-android:1.7.0) with DexingNoClasspathTransform
Transforming material-ripple-release.aar (androidx.compose.material:material-ripple-android:1.7.0) with AarToClassTransform
Transforming material-ripple-release.aar (androidx.compose.material:material-ripple-android:1.7.0) with IdentityTransform
Transforming material-ripple-release.aar (androidx.compose.material:material-ripple-android:1.7.0) with DexingNoClasspathTransform
Transforming animation-release.aar (androidx.compose.animation:animation-android:1.7.0) with AarToClassTransform
Transforming animation-release.aar (androidx.compose.animation:animation-android:1.7.0) with IdentityTransform
Transforming animation-release.aar (androidx.compose.animation:animation-android:1.7.0) with DexingNoClasspathTransform
Transforming foundation-layout-release.aar (androidx.compose.foundation:foundation-layout-android:1.7.0) with AarToClassTransform
Transforming foundation-layout-release.aar (androidx.compose.foundation:foundation-layout-android:1.7.0) with IdentityTransform
Transforming foundation-layout-release.aar (androidx.compose.foundation:foundation-layout-android:1.7.0) with DexingNoClasspathTransform
Transforming foundation-release.aar (androidx.compose.foundation:foundation-android:1.7.0) with AarToClassTransform
Transforming foundation-release.aar (androidx.compose.foundation:foundation-android:1.7.0) with IdentityTransform
Transforming foundation-release.aar (androidx.compose.foundation:foundation-android:1.7.0) with DexingNoClasspathTransform
Transforming ui-tooling-data-release.aar (androidx.compose.ui:ui-tooling-data-android:1.7.0) with AarToClassTransform
Transforming ui-tooling-data-release.aar (androidx.compose.ui:ui-tooling-data-android:1.7.0) with IdentityTransform
Transforming ui-tooling-data-release.aar (androidx.compose.ui:ui-tooling-data-android:1.7.0) with DexingNoClasspathTransform
Transforming ui-unit-release.aar (androidx.compose.ui:ui-unit-android:1.7.0) with AarToClassTransform
Transforming ui-unit-release.aar (androidx.compose.ui:ui-unit-android:1.7.0) with IdentityTransform
Transforming ui-unit-release.aar (androidx.compose.ui:ui-unit-android:1.7.0) with DexingNoClasspathTransform
Transforming ui-geometry-release.aar (androidx.compose.ui:ui-geometry-android:1.7.0) with AarToClassTransform
Transforming ui-geometry-release.aar (androidx.compose.ui:ui-geometry-android:1.7.0) with IdentityTransform
Transforming ui-geometry-release.aar (androidx.compose.ui:ui-geometry-android:1.7.0) with DexingNoClasspathTransform
Transforming ui-util-release.aar (androidx.compose.ui:ui-util-android:1.7.0) with AarToClassTransform
Transforming ui-util-release.aar (androidx.compose.ui:ui-util-android:1.7.0) with IdentityTransform
Transforming ui-util-release.aar (androidx.compose.ui:ui-util-android:1.7.0) with DexingNoClasspathTransform
Transforming ui-text-release.aar (androidx.compose.ui:ui-text-android:1.7.0) with AarToClassTransform
Transforming ui-text-release.aar (androidx.compose.ui:ui-text-android:1.7.0) with IdentityTransform
Transforming ui-text-release.aar (androidx.compose.ui:ui-text-android:1.7.0) with DexingNoClasspathTransform
Transforming ui-tooling-preview-release.aar (androidx.compose.ui:ui-tooling-preview-android:1.7.0) with AarToClassTransform
Transforming ui-tooling-preview-release.aar (androidx.compose.ui:ui-tooling-preview-android:1.7.0) with IdentityTransform
Transforming ui-tooling-preview-release.aar (androidx.compose.ui:ui-tooling-preview-android:1.7.0) with DexingNoClasspathTransform
Transforming ui-tooling-release.aar (androidx.compose.ui:ui-tooling-android:1.7.0) with AarToClassTransform
Transforming ui-tooling-release.aar (androidx.compose.ui:ui-tooling-android:1.7.0) with IdentityTransform
Transforming ui-tooling-release.aar (androidx.compose.ui:ui-tooling-android:1.7.0) with DexingNoClasspathTransform
Transforming ui-graphics-release.aar (androidx.compose.ui:ui-graphics-android:1.7.0) with AarToClassTransform
Transforming ui-graphics-release.aar (androidx.compose.ui:ui-graphics-android:1.7.0) with IdentityTransform
Transforming ui-graphics-release.aar (androidx.compose.ui:ui-graphics-android:1.7.0) with DexingNoClasspathTransform
Transforming ui-test-manifest-1.7.0.aar (androidx.compose.ui:ui-test-manifest:1.7.0) with AarToClassTransform
Transforming ui-test-manifest-1.7.0.aar (androidx.compose.ui:ui-test-manifest:1.7.0) with IdentityTransform
Transforming ui-test-manifest-1.7.0.aar (androidx.compose.ui:ui-test-manifest:1.7.0) with DexingNoClasspathTransform
Transforming accompanist-drawablepainter-0.32.0.aar (com.google.accompanist:accompanist-drawablepainter:0.32.0) with AarToClassTransform
Transforming accompanist-drawablepainter-0.32.0.aar (com.google.accompanist:accompanist-drawablepainter:0.32.0) with IdentityTransform
Transforming accompanist-drawablepainter-0.32.0.aar (com.google.accompanist:accompanist-drawablepainter:0.32.0) with DexingNoClasspathTransform
Transforming activity-ktx-1.8.2.aar (androidx.activity:activity-ktx:1.8.2) with AarToClassTransform
Transforming activity-ktx-1.8.2.aar (androidx.activity:activity-ktx:1.8.2) with IdentityTransform
Transforming activity-ktx-1.8.2.aar (androidx.activity:activity-ktx:1.8.2) with DexingNoClasspathTransform
Transforming activity-1.8.2.aar (androidx.activity:activity:1.8.2) with AarToClassTransform
Transforming activity-1.8.2.aar (androidx.activity:activity:1.8.2) with IdentityTransform
Transforming activity-1.8.2.aar (androidx.activity:activity:1.8.2) with DexingNoClasspathTransform
Transforming activity-compose-1.8.2.aar (androidx.activity:activity-compose:1.8.2) with AarToClassTransform
Transforming activity-compose-1.8.2.aar (androidx.activity:activity-compose:1.8.2) with IdentityTransform
Transforming activity-compose-1.8.2.aar (androidx.activity:activity-compose:1.8.2) with DexingNoClasspathTransform
Transforming material-icons-extended-release.aar (androidx.compose.material:material-icons-extended-android:1.7.0) with AarToClassTransform
Transforming material-icons-extended-release.aar (androidx.compose.material:material-icons-extended-android:1.7.0) with IdentityTransform
Transforming material-icons-extended-release.aar (androidx.compose.material:material-icons-extended-android:1.7.0) with DexingNoClasspathTransform
Transforming material-icons-core-release.aar (androidx.compose.material:material-icons-core-android:1.7.0) with AarToClassTransform
Transforming material-icons-core-release.aar (androidx.compose.material:material-icons-core-android:1.7.0) with IdentityTransform
Transforming material-icons-core-release.aar (androidx.compose.material:material-icons-core-android:1.7.0) with DexingNoClasspathTransform
Transforming loader-1.0.0.aar (androidx.loader:loader:1.0.0) with AarToClassTransform
Transforming loader-1.0.0.aar (androidx.loader:loader:1.0.0) with IdentityTransform
Transforming loader-1.0.0.aar (androidx.loader:loader:1.0.0) with DexingNoClasspathTransform
Transforming emoji2-1.3.0.aar (androidx.emoji2:emoji2:1.3.0) with AarToClassTransform
Transforming emoji2-1.3.0.aar (androidx.emoji2:emoji2:1.3.0) with IdentityTransform
Transforming emoji2-1.3.0.aar (androidx.emoji2:emoji2:1.3.0) with DexingNoClasspathTransform
Transforming coil-2.5.0.aar (io.coil-kt:coil:2.5.0) with AarToClassTransform
Transforming coil-2.5.0.aar (io.coil-kt:coil:2.5.0) with IdentityTransform
Transforming coil-2.5.0.aar (io.coil-kt:coil:2.5.0) with DexingNoClasspathTransform
Transforming coil-base-2.5.0.aar (io.coil-kt:coil-base:2.5.0) with AarToClassTransform
Transforming coil-base-2.5.0.aar (io.coil-kt:coil-base:2.5.0) with IdentityTransform
Transforming coil-base-2.5.0.aar (io.coil-kt:coil-base:2.5.0) with DexingNoClasspathTransform
Transforming viewpager-1.0.0.aar (androidx.viewpager:viewpager:1.0.0) with AarToClassTransform
Transforming viewpager-1.0.0.aar (androidx.viewpager:viewpager:1.0.0) with IdentityTransform
Transforming viewpager-1.0.0.aar (androidx.viewpager:viewpager:1.0.0) with DexingNoClasspathTransform
Transforming customview-1.0.0.aar (androidx.customview:customview:1.0.0) with AarToClassTransform
Transforming customview-1.0.0.aar (androidx.customview:customview:1.0.0) with IdentityTransform
Transforming customview-1.0.0.aar (androidx.customview:customview:1.0.0) with DexingNoClasspathTransform
Transforming autofill-1.0.0.aar (androidx.autofill:autofill:1.0.0) with AarToClassTransform
Transforming autofill-1.0.0.aar (androidx.autofill:autofill:1.0.0) with IdentityTransform
Transforming autofill-1.0.0.aar (androidx.autofill:autofill:1.0.0) with DexingNoClasspathTransform
Transforming graphics-path-1.0.1.aar (androidx.graphics:graphics-path:1.0.1) with AarToClassTransform
Transforming graphics-path-1.0.1.aar (androidx.graphics:graphics-path:1.0.1) with IdentityTransform
Transforming graphics-path-1.0.1.aar (androidx.graphics:graphics-path:1.0.1) with DexingNoClasspathTransform
Transforming appcompat-resources-1.6.1.aar (androidx.appcompat:appcompat-resources:1.6.1) with AarToClassTransform
Transforming appcompat-resources-1.6.1.aar (androidx.appcompat:appcompat-resources:1.6.1) with IdentityTransform
Transforming appcompat-resources-1.6.1.aar (androidx.appcompat:appcompat-resources:1.6.1) with DexingNoClasspathTransform
Transforming vectordrawable-animated-1.1.0.aar (androidx.vectordrawable:vectordrawable-animated:1.1.0) with AarToClassTransform
Transforming vectordrawable-animated-1.1.0.aar (androidx.vectordrawable:vectordrawable-animated:1.1.0) with IdentityTransform
Transforming vectordrawable-animated-1.1.0.aar (androidx.vectordrawable:vectordrawable-animated:1.1.0) with DexingNoClasspathTransform
Transforming vectordrawable-1.1.0.aar (androidx.vectordrawable:vectordrawable:1.1.0) with AarToClassTransform
Transforming vectordrawable-1.1.0.aar (androidx.vectordrawable:vectordrawable:1.1.0) with IdentityTransform
Transforming vectordrawable-1.1.0.aar (androidx.vectordrawable:vectordrawable:1.1.0) with DexingNoClasspathTransform
Transforming vectordrawable-1.1.0.aar (androidx.vectordrawable:vectordrawable:1.1.0) with AarToClassTransform
Transforming vectordrawable-1.1.0.aar (androidx.vectordrawable:vectordrawable:1.1.0) with IdentityTransform
Transforming vectordrawable-1.1.0.aar (androidx.vectordrawable:vectordrawable:1.1.0) with DexingNoClasspathTransform
Transforming customview-poolingcontainer-1.0.0.aar (androidx.customview:customview-poolingcontainer:1.0.0) with AarToClassTransform
Transforming customview-poolingcontainer-1.0.0.aar (androidx.customview:customview-poolingcontainer:1.0.0) with IdentityTransform
Transforming customview-poolingcontainer-1.0.0.aar (androidx.customview:customview-poolingcontainer:1.0.0) with DexingNoClasspathTransform
Transforming core-ktx-1.13.1.aar (androidx.core:core-ktx:1.13.1) with AarToClassTransform
Transforming core-ktx-1.13.1.aar (androidx.core:core-ktx:1.13.1) with IdentityTransform
Transforming core-ktx-1.13.1.aar (androidx.core:core-ktx:1.13.1) with DexingNoClasspathTransform
Transforming core-1.13.1.aar (androidx.core:core:1.13.1) with AarToClassTransform
Transforming core-1.13.1.aar (androidx.core:core:1.13.1) with IdentityTransform
Transforming core-1.13.1.aar (androidx.core:core:1.13.1) with DexingNoClasspathTransform
Transforming core-1.13.1.aar (androidx.core:core:1.13.1) with AarToClassTransform
Transforming core-1.13.1.aar (androidx.core:core:1.13.1) with IdentityTransform
Transforming core-1.13.1.aar (androidx.core:core:1.13.1) with DexingNoClasspathTransform
Transforming savedstate-1.2.1.aar (androidx.savedstate:savedstate:1.2.1) with AarToClassTransform
Transforming savedstate-1.2.1.aar (androidx.savedstate:savedstate:1.2.1) with IdentityTransform
Transforming savedstate-1.2.1.aar (androidx.savedstate:savedstate:1.2.1) with DexingNoClasspathTransform
Transforming lifecycle-viewmodel-2.8.3.aar (androidx.lifecycle:lifecycle-viewmodel:2.8.3) with AarToClassTransform
Transforming lifecycle-viewmodel-2.8.3.aar (androidx.lifecycle:lifecycle-viewmodel:2.8.3) with IdentityTransform
Transforming lifecycle-viewmodel-2.8.3.aar (androidx.lifecycle:lifecycle-viewmodel:2.8.3) with DexingNoClasspathTransform
Transforming lifecycle-viewmodel-release.aar (androidx.lifecycle:lifecycle-viewmodel-android:2.8.3) with AarToClassTransform
Transforming lifecycle-viewmodel-release.aar (androidx.lifecycle:lifecycle-viewmodel-android:2.8.3) with IdentityTransform
Transforming lifecycle-viewmodel-release.aar (androidx.lifecycle:lifecycle-viewmodel-android:2.8.3) with DexingNoClasspathTransform
Transforming lifecycle-livedata-core-ktx-2.8.3.aar (androidx.lifecycle:lifecycle-livedata-core-ktx:2.8.3) with AarToClassTransform
Transforming lifecycle-livedata-core-ktx-2.8.3.aar (androidx.lifecycle:lifecycle-livedata-core-ktx:2.8.3) with IdentityTransform
Transforming lifecycle-livedata-core-ktx-2.8.3.aar (androidx.lifecycle:lifecycle-livedata-core-ktx:2.8.3) with DexingNoClasspathTransform
Transforming lifecycle-common-jvm-2.8.3.jar (androidx.lifecycle:lifecycle-common-jvm:2.8.3) with IdentityTransform
Transforming lifecycle-common-jvm-2.8.3.jar (androidx.lifecycle:lifecycle-common-jvm:2.8.3) with IdentityTransform
Transforming lifecycle-common-jvm-2.8.3.jar (androidx.lifecycle:lifecycle-common-jvm:2.8.3) with DexingNoClasspathTransform
Transforming lifecycle-runtime-ktx-release.aar (androidx.lifecycle:lifecycle-runtime-ktx-android:2.8.3) with AarToClassTransform
Transforming lifecycle-runtime-ktx-release.aar (androidx.lifecycle:lifecycle-runtime-ktx-android:2.8.3) with IdentityTransform
Transforming lifecycle-runtime-ktx-release.aar (androidx.lifecycle:lifecycle-runtime-ktx-android:2.8.3) with DexingNoClasspathTransform
Transforming lifecycle-runtime-release.aar (androidx.lifecycle:lifecycle-runtime-android:2.8.3) with AarToClassTransform
Transforming lifecycle-runtime-release.aar (androidx.lifecycle:lifecycle-runtime-android:2.8.3) with IdentityTransform
Transforming lifecycle-runtime-release.aar (androidx.lifecycle:lifecycle-runtime-android:2.8.3) with DexingNoClasspathTransform
Transforming lifecycle-process-2.8.3.aar (androidx.lifecycle:lifecycle-process:2.8.3) with AarToClassTransform
Transforming lifecycle-process-2.8.3.aar (androidx.lifecycle:lifecycle-process:2.8.3) with IdentityTransform
Transforming lifecycle-process-2.8.3.aar (androidx.lifecycle:lifecycle-process:2.8.3) with DexingNoClasspathTransform
Transforming lifecycle-viewmodel-savedstate-2.8.3.aar (androidx.lifecycle:lifecycle-viewmodel-savedstate:2.8.3) with AarToClassTransform
Transforming lifecycle-viewmodel-savedstate-2.8.3.aar (androidx.lifecycle:lifecycle-viewmodel-savedstate:2.8.3) with IdentityTransform
Transforming lifecycle-viewmodel-savedstate-2.8.3.aar (androidx.lifecycle:lifecycle-viewmodel-savedstate:2.8.3) with DexingNoClasspathTransform
Transforming lifecycle-viewmodel-ktx-2.8.3.aar (androidx.lifecycle:lifecycle-viewmodel-ktx:2.8.3) with AarToClassTransform
Transforming lifecycle-viewmodel-ktx-2.8.3.aar (androidx.lifecycle:lifecycle-viewmodel-ktx:2.8.3) with IdentityTransform
Transforming lifecycle-viewmodel-ktx-2.8.3.aar (androidx.lifecycle:lifecycle-viewmodel-ktx:2.8.3) with DexingNoClasspathTransform
Transforming lifecycle-livedata-core-2.8.3.aar (androidx.lifecycle:lifecycle-livedata-core:2.8.3) with AarToClassTransform
Transforming lifecycle-livedata-core-2.8.3.aar (androidx.lifecycle:lifecycle-livedata-core:2.8.3) with IdentityTransform
Transforming lifecycle-livedata-core-2.8.3.aar (androidx.lifecycle:lifecycle-livedata-core:2.8.3) with DexingNoClasspathTransform
Transforming lifecycle-livedata-2.8.3.aar (androidx.lifecycle:lifecycle-livedata:2.8.3) with AarToClassTransform
Transforming lifecycle-livedata-2.8.3.aar (androidx.lifecycle:lifecycle-livedata:2.8.3) with IdentityTransform
Transforming lifecycle-livedata-2.8.3.aar (androidx.lifecycle:lifecycle-livedata:2.8.3) with DexingNoClasspathTransform
Transforming lifecycle-common-java8-2.8.3.jar (androidx.lifecycle:lifecycle-common-java8:2.8.3) with IdentityTransform
Transforming lifecycle-common-java8-2.8.3.jar (androidx.lifecycle:lifecycle-common-java8:2.8.3) with IdentityTransform
Transforming lifecycle-common-java8-2.8.3.jar (androidx.lifecycle:lifecycle-common-java8:2.8.3) with DexingNoClasspathTransform
Transforming lifecycle-runtime-compose-release.aar (androidx.lifecycle:lifecycle-runtime-compose-android:2.8.3) with AarToClassTransform
Transforming lifecycle-runtime-compose-release.aar (androidx.lifecycle:lifecycle-runtime-compose-android:2.8.3) with IdentityTransform
Transforming lifecycle-runtime-compose-release.aar (androidx.lifecycle:lifecycle-runtime-compose-android:2.8.3) with DexingNoClasspathTransform
Transforming lifecycle-viewmodel-compose-release.aar (androidx.lifecycle:lifecycle-viewmodel-compose-android:2.8.3) with AarToClassTransform
Transforming lifecycle-viewmodel-compose-release.aar (androidx.lifecycle:lifecycle-viewmodel-compose-android:2.8.3) with IdentityTransform
Transforming lifecycle-viewmodel-compose-release.aar (androidx.lifecycle:lifecycle-viewmodel-compose-android:2.8.3) with DexingNoClasspathTransform
Transforming ui-release.aar (androidx.compose.ui:ui-android:1.7.0) with AarToClassTransform
Transforming ui-release.aar (androidx.compose.ui:ui-android:1.7.0) with IdentityTransform
Transforming ui-release.aar (androidx.compose.ui:ui-android:1.7.0) with DexingNoClasspathTransform
Transforming savedstate-ktx-1.2.1.aar (androidx.savedstate:savedstate-ktx:1.2.1) with AarToClassTransform
Transforming savedstate-ktx-1.2.1.aar (androidx.savedstate:savedstate-ktx:1.2.1) with IdentityTransform
Transforming savedstate-ktx-1.2.1.aar (androidx.savedstate:savedstate-ktx:1.2.1) with DexingNoClasspathTransform
Transforming logging-interceptor-4.12.0.jar (com.squareup.okhttp3:logging-interceptor:4.12.0) with IdentityTransform
Transforming logging-interceptor-4.12.0.jar (com.squareup.okhttp3:logging-interceptor:4.12.0) with IdentityTransform
Transforming logging-interceptor-4.12.0.jar (com.squareup.okhttp3:logging-interceptor:4.12.0) with DexingNoClasspathTransform
Transforming Turbine-jvm.jar (app.cash.turbine:turbine-jvm:1.0.0) with IdentityTransform
Transforming Turbine-jvm.jar (app.cash.turbine:turbine-jvm:1.0.0) with IdentityTransform
Transforming Turbine-jvm.jar (app.cash.turbine:turbine-jvm:1.0.0) with DexingNoClasspathTransform
Transforming runtime-saveable-release.aar (androidx.compose.runtime:runtime-saveable-android:1.7.0) with AarToClassTransform
Transforming runtime-saveable-release.aar (androidx.compose.runtime:runtime-saveable-android:1.7.0) with IdentityTransform
Transforming runtime-saveable-release.aar (androidx.compose.runtime:runtime-saveable-android:1.7.0) with DexingNoClasspathTransform
Transforming runtime-release.aar (androidx.compose.runtime:runtime-android:1.7.0) with AarToClassTransform
Transforming runtime-release.aar (androidx.compose.runtime:runtime-android:1.7.0) with IdentityTransform
Transforming runtime-release.aar (androidx.compose.runtime:runtime-android:1.7.0) with DexingNoClasspathTransform
Transforming kotlinx-coroutines-test-jvm-1.7.3.jar (org.jetbrains.kotlinx:kotlinx-coroutines-test-jvm:1.7.3) with IdentityTransform
Transforming kotlinx-coroutines-test-jvm-1.7.3.jar (org.jetbrains.kotlinx:kotlinx-coroutines-test-jvm:1.7.3) with IdentityTransform
Transforming kotlinx-coroutines-test-jvm-1.7.3.jar (org.jetbrains.kotlinx:kotlinx-coroutines-test-jvm:1.7.3) with DexingNoClasspathTransform
Transforming kotlinx-coroutines-core-jvm-1.7.3.jar (org.jetbrains.kotlinx:kotlinx-coroutines-core-jvm:1.7.3) with IdentityTransform
Transforming kotlinx-coroutines-core-jvm-1.7.3.jar (org.jetbrains.kotlinx:kotlinx-coroutines-core-jvm:1.7.3) with IdentityTransform
Transforming kotlinx-coroutines-core-jvm-1.7.3.jar (org.jetbrains.kotlinx:kotlinx-coroutines-core-jvm:1.7.3) with DexingNoClasspathTransform
Transforming kotlinx-coroutines-android-1.7.3.jar (org.jetbrains.kotlinx:kotlinx-coroutines-android:1.7.3) with IdentityTransform
Transforming kotlinx-coroutines-android-1.7.3.jar (org.jetbrains.kotlinx:kotlinx-coroutines-android:1.7.3) with IdentityTransform
Transforming kotlinx-coroutines-android-1.7.3.jar (org.jetbrains.kotlinx:kotlinx-coroutines-android:1.7.3) with DexingNoClasspathTransform
Transforming retrofit-2.9.0.jar (com.squareup.retrofit2:retrofit:2.9.0) with IdentityTransform
Transforming retrofit-2.9.0.jar (com.squareup.retrofit2:retrofit:2.9.0) with IdentityTransform
Transforming retrofit-2.9.0.jar (com.squareup.retrofit2:retrofit:2.9.0) with DexingNoClasspathTransform
Transforming okhttp-4.12.0.jar (com.squareup.okhttp3:okhttp:4.12.0) with IdentityTransform
Transforming okhttp-4.12.0.jar (com.squareup.okhttp3:okhttp:4.12.0) with IdentityTransform
Transforming okhttp-4.12.0.jar (com.squareup.okhttp3:okhttp:4.12.0) with DexingNoClasspathTransform
Transforming okio-jvm-3.6.0.jar (com.squareup.okio:okio-jvm:3.6.0) with IdentityTransform
Transforming okio-jvm-3.6.0.jar (com.squareup.okio:okio-jvm:3.6.0) with IdentityTransform
Transforming okio-jvm-3.6.0.jar (com.squareup.okio:okio-jvm:3.6.0) with DexingNoClasspathTransform
Transforming kotlin-stdlib-jdk8-1.9.10.jar (org.jetbrains.kotlin:kotlin-stdlib-jdk8:1.9.10) with IdentityTransform
Transforming kotlin-stdlib-jdk8-1.9.10.jar (org.jetbrains.kotlin:kotlin-stdlib-jdk8:1.9.10) with IdentityTransform
Transforming kotlin-stdlib-jdk8-1.9.10.jar (org.jetbrains.kotlin:kotlin-stdlib-jdk8:1.9.10) with DexingNoClasspathTransform
Transforming sqlite-framework-2.4.0.aar (androidx.sqlite:sqlite-framework:2.4.0) with AarToClassTransform
Transforming sqlite-framework-2.4.0.aar (androidx.sqlite:sqlite-framework:2.4.0) with IdentityTransform
Transforming sqlite-framework-2.4.0.aar (androidx.sqlite:sqlite-framework:2.4.0) with DexingNoClasspathTransform
Transforming sqlite-2.4.0.aar (androidx.sqlite:sqlite:2.4.0) with AarToClassTransform
Transforming sqlite-2.4.0.aar (androidx.sqlite:sqlite:2.4.0) with IdentityTransform
Transforming sqlite-2.4.0.aar (androidx.sqlite:sqlite:2.4.0) with DexingNoClasspathTransform
Transforming annotation-experimental-1.4.0.aar (androidx.annotation:annotation-experimental:1.4.0) with AarToClassTransform
Transforming annotation-experimental-1.4.0.aar (androidx.annotation:annotation-experimental:1.4.0) with IdentityTransform
Transforming annotation-experimental-1.4.0.aar (androidx.annotation:annotation-experimental:1.4.0) with DexingNoClasspathTransform
Transforming kotlin-stdlib-jdk7-1.9.10.jar (org.jetbrains.kotlin:kotlin-stdlib-jdk7:1.9.10) with IdentityTransform
Transforming kotlin-stdlib-jdk7-1.9.10.jar (org.jetbrains.kotlin:kotlin-stdlib-jdk7:1.9.10) with IdentityTransform
Transforming kotlin-stdlib-jdk7-1.9.10.jar (org.jetbrains.kotlin:kotlin-stdlib-jdk7:1.9.10) with DexingNoClasspathTransform
Transforming collection-ktx-1.4.0.jar (androidx.collection:collection-ktx:1.4.0) with IdentityTransform
Transforming collection-ktx-1.4.0.jar (androidx.collection:collection-ktx:1.4.0) with IdentityTransform
Transforming collection-ktx-1.4.0.jar (androidx.collection:collection-ktx:1.4.0) with DexingNoClasspathTransform
Transforming versionedparcelable-1.1.1.aar (androidx.versionedparcelable:versionedparcelable:1.1.1) with AarToClassTransform
Transforming versionedparcelable-1.1.1.aar (androidx.versionedparcelable:versionedparcelable:1.1.1) with IdentityTransform
Transforming versionedparcelable-1.1.1.aar (androidx.versionedparcelable:versionedparcelable:1.1.1) with DexingNoClasspathTransform
Transforming collection-jvm-1.4.0.jar (androidx.collection:collection-jvm:1.4.0) with IdentityTransform
Transforming collection-jvm-1.4.0.jar (androidx.collection:collection-jvm:1.4.0) with IdentityTransform
Transforming collection-jvm-1.4.0.jar (androidx.collection:collection-jvm:1.4.0) with DexingNoClasspathTransform
Transforming core-runtime-2.2.0.aar (androidx.arch.core:core-runtime:2.2.0) with AarToClassTransform
Transforming core-runtime-2.2.0.aar (androidx.arch.core:core-runtime:2.2.0) with IdentityTransform
Transforming core-runtime-2.2.0.aar (androidx.arch.core:core-runtime:2.2.0) with DexingNoClasspathTransform
Transforming core-common-2.2.0.jar (androidx.arch.core:core-common:2.2.0) with IdentityTransform
Transforming core-common-2.2.0.jar (androidx.arch.core:core-common:2.2.0) with IdentityTransform
Transforming core-common-2.2.0.jar (androidx.arch.core:core-common:2.2.0) with DexingNoClasspathTransform
Transforming profileinstaller-1.3.1.aar (androidx.profileinstaller:profileinstaller:1.3.1) with AarToClassTransform
Transforming profileinstaller-1.3.1.aar (androidx.profileinstaller:profileinstaller:1.3.1) with IdentityTransform
Transforming profileinstaller-1.3.1.aar (androidx.profileinstaller:profileinstaller:1.3.1) with DexingNoClasspathTransform
Transforming exifinterface-1.3.6.aar (androidx.exifinterface:exifinterface:1.3.6) with AarToClassTransform
Transforming exifinterface-1.3.6.aar (androidx.exifinterface:exifinterface:1.3.6) with IdentityTransform
Transforming exifinterface-1.3.6.aar (androidx.exifinterface:exifinterface:1.3.6) with DexingNoClasspathTransform
Transforming concurrent-futures-1.1.0.jar (androidx.concurrent:concurrent-futures:1.1.0) with IdentityTransform
Transforming concurrent-futures-1.1.0.jar (androidx.concurrent:concurrent-futures:1.1.0) with IdentityTransform
Transforming concurrent-futures-1.1.0.jar (androidx.concurrent:concurrent-futures:1.1.0) with DexingNoClasspathTransform
Transforming startup-runtime-1.1.1.aar (androidx.startup:startup-runtime:1.1.1) with AarToClassTransform
Transforming startup-runtime-1.1.1.aar (androidx.startup:startup-runtime:1.1.1) with IdentityTransform
Transforming startup-runtime-1.1.1.aar (androidx.startup:startup-runtime:1.1.1) with DexingNoClasspathTransform
Transforming tracing-1.0.0.aar (androidx.tracing:tracing:1.0.0) with AarToClassTransform
Transforming tracing-1.0.0.aar (androidx.tracing:tracing:1.0.0) with IdentityTransform
Transforming tracing-1.0.0.aar (androidx.tracing:tracing:1.0.0) with DexingNoClasspathTransform
Transforming interpolator-1.0.0.aar (androidx.interpolator:interpolator:1.0.0) with AarToClassTransform
Transforming interpolator-1.0.0.aar (androidx.interpolator:interpolator:1.0.0) with IdentityTransform
Transforming interpolator-1.0.0.aar (androidx.interpolator:interpolator:1.0.0) with DexingNoClasspathTransform
Transforming interpolator-1.0.0.aar (androidx.interpolator:interpolator:1.0.0) with AarToClassTransform
Transforming interpolator-1.0.0.aar (androidx.interpolator:interpolator:1.0.0) with IdentityTransform
Transforming interpolator-1.0.0.aar (androidx.interpolator:interpolator:1.0.0) with DexingNoClasspathTransform
Transforming annotation-jvm-1.8.0.jar (androidx.annotation:annotation-jvm:1.8.0) with IdentityTransform
Transforming annotation-jvm-1.8.0.jar (androidx.annotation:annotation-jvm:1.8.0) with IdentityTransform
Transforming annotation-jvm-1.8.0.jar (androidx.annotation:annotation-jvm:1.8.0) with DexingNoClasspathTransform
Transforming kotlin-stdlib-2.0.21.jar (org.jetbrains.kotlin:kotlin-stdlib:2.0.21) with IdentityTransform
Transforming kotlin-stdlib-2.0.21.jar (org.jetbrains.kotlin:kotlin-stdlib:2.0.21) with IdentityTransform
Transforming kotlin-stdlib-2.0.21.jar (org.jetbrains.kotlin:kotlin-stdlib:2.0.21) with DexingNoClasspathTransform
Transforming annotations-23.0.0.jar (org.jetbrains:annotations:23.0.0) with IdentityTransform
Transforming annotations-23.0.0.jar (org.jetbrains:annotations:23.0.0) with IdentityTransform
Transforming annotations-23.0.0.jar (org.jetbrains:annotations:23.0.0) with DexingNoClasspathTransform
Transforming hilt-core-2.51.1.jar (com.google.dagger:hilt-core:2.51.1) with IdentityTransform
Transforming hilt-core-2.51.1.jar (com.google.dagger:hilt-core:2.51.1) with IdentityTransform
Transforming hilt-core-2.51.1.jar (com.google.dagger:hilt-core:2.51.1) with DexingNoClasspathTransform
Transforming dagger-2.51.1.jar (com.google.dagger:dagger:2.51.1) with IdentityTransform
Transforming dagger-2.51.1.jar (com.google.dagger:dagger:2.51.1) with IdentityTransform
Transforming dagger-2.51.1.jar (com.google.dagger:dagger:2.51.1) with DexingNoClasspathTransform
Transforming dagger-lint-aar-2.51.1.aar (com.google.dagger:dagger-lint-aar:2.51.1) with AarToClassTransform
Transforming dagger-lint-aar-2.51.1.aar (com.google.dagger:dagger-lint-aar:2.51.1) with IdentityTransform
Transforming dagger-lint-aar-2.51.1.aar (com.google.dagger:dagger-lint-aar:2.51.1) with DexingNoClasspathTransform
Transforming jsr305-3.0.2.jar (com.google.code.findbugs:jsr305:3.0.2) with IdentityTransform
Transforming jsr305-3.0.2.jar (com.google.code.findbugs:jsr305:3.0.2) with IdentityTransform
Transforming jsr305-3.0.2.jar (com.google.code.findbugs:jsr305:3.0.2) with DexingNoClasspathTransform
Transforming javax.inject-1.jar (javax.inject:javax.inject:1) with IdentityTransform
Transforming javax.inject-1.jar (javax.inject:javax.inject:1) with IdentityTransform
Transforming javax.inject-1.jar (javax.inject:javax.inject:1) with DexingNoClasspathTransform
Transforming listenablefuture-1.0.jar (com.google.guava:listenablefuture:1.0) with IdentityTransform
Transforming listenablefuture-1.0.jar (com.google.guava:listenablefuture:1.0) with IdentityTransform
Transforming listenablefuture-1.0.jar (com.google.guava:listenablefuture:1.0) with DexingNoClasspathTransform
Build cache key for task ':app:mergeExtDexFreeDebug' is 7eb0b0beed0d1c7852c4ee922e1c56aa
Skipping task ':app:mergeExtDexFreeDebug' as it is up-to-date.
Resolve mutations for :app:mergeFreeDebugJniLibFolders (Thread[#2110,Execution worker Thread 6,5,main]) started.
:app:mergeFreeDebugJniLibFolders (Thread[#2110,Execution worker Thread 6,5,main]) started.

> Task :app:mergeFreeDebugJniLibFolders UP-TO-DATE
Build cache key for task ':app:mergeFreeDebugJniLibFolders' is 75c9f25913c7e5e19f8a111807e738ee
Skipping task ':app:mergeFreeDebugJniLibFolders' as it is up-to-date.
Resolve mutations for :app:mergeFreeDebugNativeLibs (Thread[#2110,Execution worker Thread 6,5,main]) started.
:app:mergeFreeDebugNativeLibs (Thread[#2110,Execution worker Thread 6,5,main]) started.

> Task :app:mergeFreeDebugNativeLibs UP-TO-DATE
Transforming hilt-navigation-compose-1.2.0.aar (androidx.hilt:hilt-navigation-compose:1.2.0) with ExtractAarTransform
Transforming hilt-navigation-compose-1.2.0.aar (androidx.hilt:hilt-navigation-compose:1.2.0) with AarTransform
Transforming hilt-navigation-1.2.0.aar (androidx.hilt:hilt-navigation:1.2.0) with ExtractAarTransform
Transforming hilt-navigation-1.2.0.aar (androidx.hilt:hilt-navigation:1.2.0) with AarTransform
Transforming navigation-common-2.7.7.aar (androidx.navigation:navigation-common:2.7.7) with ExtractAarTransform
Transforming navigation-common-2.7.7.aar (androidx.navigation:navigation-common:2.7.7) with AarTransform
Transforming navigation-runtime-2.7.7.aar (androidx.navigation:navigation-runtime:2.7.7) with ExtractAarTransform
Transforming navigation-runtime-2.7.7.aar (androidx.navigation:navigation-runtime:2.7.7) with AarTransform
Transforming navigation-common-ktx-2.7.7.aar (androidx.navigation:navigation-common-ktx:2.7.7) with ExtractAarTransform
Transforming navigation-common-ktx-2.7.7.aar (androidx.navigation:navigation-common-ktx:2.7.7) with AarTransform
Transforming navigation-runtime-ktx-2.7.7.aar (androidx.navigation:navigation-runtime-ktx:2.7.7) with ExtractAarTransform
Transforming navigation-runtime-ktx-2.7.7.aar (androidx.navigation:navigation-runtime-ktx:2.7.7) with AarTransform
Transforming navigation-compose-2.7.7.aar (androidx.navigation:navigation-compose:2.7.7) with ExtractAarTransform
Transforming navigation-compose-2.7.7.aar (androidx.navigation:navigation-compose:2.7.7) with AarTransform
Transforming hilt-android-2.51.1.aar (com.google.dagger:hilt-android:2.51.1) with ExtractAarTransform
Transforming hilt-android-2.51.1.aar (com.google.dagger:hilt-android:2.51.1) with AarTransform
Transforming retrofit2-kotlinx-serialization-converter-0.8.0.jar (com.jakewharton.retrofit:retrofit2-kotlinx-serialization-converter:0.8.0) with ExtractJniTransform
Transforming kotlinx-serialization-core-jvm-1.6.0.jar (org.jetbrains.kotlinx:kotlinx-serialization-core-jvm:1.6.0) with ExtractJniTransform
Transforming kotlinx-serialization-json-jvm-1.6.0.jar (org.jetbrains.kotlinx:kotlinx-serialization-json-jvm:1.6.0) with ExtractJniTransform
Transforming fragment-1.5.1.aar (androidx.fragment:fragment:1.5.1) with ExtractAarTransform
Transforming fragment-1.5.1.aar (androidx.fragment:fragment:1.5.1) with AarTransform
Transforming room-common-2.6.1.jar (androidx.room:room-common:2.6.1) with ExtractJniTransform
Transforming room-runtime-2.6.1.aar (androidx.room:room-runtime:2.6.1) with ExtractAarTransform
Transforming room-runtime-2.6.1.aar (androidx.room:room-runtime:2.6.1) with AarTransform
Transforming room-ktx-2.6.1.aar (androidx.room:room-ktx:2.6.1) with ExtractAarTransform
Transforming room-ktx-2.6.1.aar (androidx.room:room-ktx:2.6.1) with AarTransform
Transforming material3-release.aar (androidx.compose.material3:material3-android:1.3.0) with ExtractAarTransform
Transforming material3-release.aar (androidx.compose.material3:material3-android:1.3.0) with AarTransform
Transforming coil-compose-2.5.0.aar (io.coil-kt:coil-compose:2.5.0) with ExtractAarTransform
Transforming coil-compose-2.5.0.aar (io.coil-kt:coil-compose:2.5.0) with AarTransform
Transforming coil-compose-base-2.5.0.aar (io.coil-kt:coil-compose-base:2.5.0) with ExtractAarTransform
Transforming coil-compose-base-2.5.0.aar (io.coil-kt:coil-compose-base:2.5.0) with AarTransform
Transforming material-release.aar (androidx.compose.material:material-android:1.7.0) with ExtractAarTransform
Transforming material-release.aar (androidx.compose.material:material-android:1.7.0) with AarTransform
Transforming animation-core-release.aar (androidx.compose.animation:animation-core-android:1.7.0) with ExtractAarTransform
Transforming animation-core-release.aar (androidx.compose.animation:animation-core-android:1.7.0) with AarTransform
Transforming material-ripple-release.aar (androidx.compose.material:material-ripple-android:1.7.0) with ExtractAarTransform
Transforming material-ripple-release.aar (androidx.compose.material:material-ripple-android:1.7.0) with AarTransform
Transforming animation-release.aar (androidx.compose.animation:animation-android:1.7.0) with ExtractAarTransform
Transforming animation-release.aar (androidx.compose.animation:animation-android:1.7.0) with AarTransform
Transforming foundation-layout-release.aar (androidx.compose.foundation:foundation-layout-android:1.7.0) with ExtractAarTransform
Transforming foundation-layout-release.aar (androidx.compose.foundation:foundation-layout-android:1.7.0) with AarTransform
Transforming foundation-release.aar (androidx.compose.foundation:foundation-android:1.7.0) with ExtractAarTransform
Transforming foundation-release.aar (androidx.compose.foundation:foundation-android:1.7.0) with AarTransform
Transforming ui-tooling-data-release.aar (androidx.compose.ui:ui-tooling-data-android:1.7.0) with ExtractAarTransform
Transforming ui-tooling-data-release.aar (androidx.compose.ui:ui-tooling-data-android:1.7.0) with AarTransform
Transforming ui-unit-release.aar (androidx.compose.ui:ui-unit-android:1.7.0) with ExtractAarTransform
Transforming ui-unit-release.aar (androidx.compose.ui:ui-unit-android:1.7.0) with AarTransform
Transforming ui-geometry-release.aar (androidx.compose.ui:ui-geometry-android:1.7.0) with ExtractAarTransform
Transforming ui-geometry-release.aar (androidx.compose.ui:ui-geometry-android:1.7.0) with AarTransform
Transforming ui-util-release.aar (androidx.compose.ui:ui-util-android:1.7.0) with ExtractAarTransform
Transforming ui-util-release.aar (androidx.compose.ui:ui-util-android:1.7.0) with AarTransform
Transforming ui-text-release.aar (androidx.compose.ui:ui-text-android:1.7.0) with ExtractAarTransform
Transforming ui-text-release.aar (androidx.compose.ui:ui-text-android:1.7.0) with AarTransform
Transforming ui-tooling-preview-release.aar (androidx.compose.ui:ui-tooling-preview-android:1.7.0) with ExtractAarTransform
Transforming ui-tooling-preview-release.aar (androidx.compose.ui:ui-tooling-preview-android:1.7.0) with AarTransform
Transforming ui-tooling-release.aar (androidx.compose.ui:ui-tooling-android:1.7.0) with ExtractAarTransform
Transforming ui-tooling-release.aar (androidx.compose.ui:ui-tooling-android:1.7.0) with AarTransform
Transforming ui-graphics-release.aar (androidx.compose.ui:ui-graphics-android:1.7.0) with ExtractAarTransform
Transforming ui-graphics-release.aar (androidx.compose.ui:ui-graphics-android:1.7.0) with AarTransform
Transforming ui-test-manifest-1.7.0.aar (androidx.compose.ui:ui-test-manifest:1.7.0) with ExtractAarTransform
Transforming ui-test-manifest-1.7.0.aar (androidx.compose.ui:ui-test-manifest:1.7.0) with AarTransform
Transforming accompanist-drawablepainter-0.32.0.aar (com.google.accompanist:accompanist-drawablepainter:0.32.0) with ExtractAarTransform
Transforming accompanist-drawablepainter-0.32.0.aar (com.google.accompanist:accompanist-drawablepainter:0.32.0) with AarTransform
Transforming activity-ktx-1.8.2.aar (androidx.activity:activity-ktx:1.8.2) with ExtractAarTransform
Transforming activity-ktx-1.8.2.aar (androidx.activity:activity-ktx:1.8.2) with AarTransform
Transforming activity-1.8.2.aar (androidx.activity:activity:1.8.2) with ExtractAarTransform
Transforming activity-1.8.2.aar (androidx.activity:activity:1.8.2) with AarTransform
Transforming activity-compose-1.8.2.aar (androidx.activity:activity-compose:1.8.2) with ExtractAarTransform
Transforming activity-compose-1.8.2.aar (androidx.activity:activity-compose:1.8.2) with AarTransform
Transforming material-icons-extended-release.aar (androidx.compose.material:material-icons-extended-android:1.7.0) with ExtractAarTransform
Transforming material-icons-extended-release.aar (androidx.compose.material:material-icons-extended-android:1.7.0) with AarTransform
Transforming material-icons-core-release.aar (androidx.compose.material:material-icons-core-android:1.7.0) with ExtractAarTransform
Transforming material-icons-core-release.aar (androidx.compose.material:material-icons-core-android:1.7.0) with AarTransform
Transforming loader-1.0.0.aar (androidx.loader:loader:1.0.0) with ExtractAarTransform
Transforming loader-1.0.0.aar (androidx.loader:loader:1.0.0) with AarTransform
Transforming emoji2-1.3.0.aar (androidx.emoji2:emoji2:1.3.0) with ExtractAarTransform
Transforming emoji2-1.3.0.aar (androidx.emoji2:emoji2:1.3.0) with AarTransform
Transforming coil-2.5.0.aar (io.coil-kt:coil:2.5.0) with ExtractAarTransform
Transforming coil-2.5.0.aar (io.coil-kt:coil:2.5.0) with AarTransform
Transforming coil-base-2.5.0.aar (io.coil-kt:coil-base:2.5.0) with ExtractAarTransform
Transforming coil-base-2.5.0.aar (io.coil-kt:coil-base:2.5.0) with AarTransform
Transforming viewpager-1.0.0.aar (androidx.viewpager:viewpager:1.0.0) with ExtractAarTransform
Transforming viewpager-1.0.0.aar (androidx.viewpager:viewpager:1.0.0) with AarTransform
Transforming customview-1.0.0.aar (androidx.customview:customview:1.0.0) with ExtractAarTransform
Transforming customview-1.0.0.aar (androidx.customview:customview:1.0.0) with AarTransform
Transforming autofill-1.0.0.aar (androidx.autofill:autofill:1.0.0) with ExtractAarTransform
Transforming autofill-1.0.0.aar (androidx.autofill:autofill:1.0.0) with AarTransform
Transforming graphics-path-1.0.1.aar (androidx.graphics:graphics-path:1.0.1) with ExtractAarTransform
Transforming graphics-path-1.0.1.aar (androidx.graphics:graphics-path:1.0.1) with AarTransform
Transforming appcompat-resources-1.6.1.aar (androidx.appcompat:appcompat-resources:1.6.1) with ExtractAarTransform
Transforming appcompat-resources-1.6.1.aar (androidx.appcompat:appcompat-resources:1.6.1) with AarTransform
Transforming vectordrawable-animated-1.1.0.aar (androidx.vectordrawable:vectordrawable-animated:1.1.0) with ExtractAarTransform
Transforming vectordrawable-animated-1.1.0.aar (androidx.vectordrawable:vectordrawable-animated:1.1.0) with AarTransform
Transforming vectordrawable-1.1.0.aar (androidx.vectordrawable:vectordrawable:1.1.0) with ExtractAarTransform
Transforming vectordrawable-1.1.0.aar (androidx.vectordrawable:vectordrawable:1.1.0) with AarTransform
Transforming vectordrawable-1.1.0.aar (androidx.vectordrawable:vectordrawable:1.1.0) with ExtractAarTransform
Transforming vectordrawable-1.1.0.aar (androidx.vectordrawable:vectordrawable:1.1.0) with AarTransform
Transforming customview-poolingcontainer-1.0.0.aar (androidx.customview:customview-poolingcontainer:1.0.0) with ExtractAarTransform
Transforming customview-poolingcontainer-1.0.0.aar (androidx.customview:customview-poolingcontainer:1.0.0) with AarTransform
Transforming core-ktx-1.13.1.aar (androidx.core:core-ktx:1.13.1) with ExtractAarTransform
Transforming core-ktx-1.13.1.aar (androidx.core:core-ktx:1.13.1) with AarTransform
Transforming core-1.13.1.aar (androidx.core:core:1.13.1) with ExtractAarTransform
Transforming core-1.13.1.aar (androidx.core:core:1.13.1) with AarTransform
Transforming core-1.13.1.aar (androidx.core:core:1.13.1) with ExtractAarTransform
Transforming core-1.13.1.aar (androidx.core:core:1.13.1) with AarTransform
Transforming savedstate-1.2.1.aar (androidx.savedstate:savedstate:1.2.1) with ExtractAarTransform
Transforming savedstate-1.2.1.aar (androidx.savedstate:savedstate:1.2.1) with AarTransform
Transforming lifecycle-viewmodel-2.8.3.aar (androidx.lifecycle:lifecycle-viewmodel:2.8.3) with ExtractAarTransform
Transforming lifecycle-viewmodel-2.8.3.aar (androidx.lifecycle:lifecycle-viewmodel:2.8.3) with AarTransform
Transforming lifecycle-viewmodel-release.aar (androidx.lifecycle:lifecycle-viewmodel-android:2.8.3) with ExtractAarTransform
Transforming lifecycle-viewmodel-release.aar (androidx.lifecycle:lifecycle-viewmodel-android:2.8.3) with AarTransform
Transforming lifecycle-livedata-core-ktx-2.8.3.aar (androidx.lifecycle:lifecycle-livedata-core-ktx:2.8.3) with ExtractAarTransform
Transforming lifecycle-livedata-core-ktx-2.8.3.aar (androidx.lifecycle:lifecycle-livedata-core-ktx:2.8.3) with AarTransform
Transforming lifecycle-common-jvm-2.8.3.jar (androidx.lifecycle:lifecycle-common-jvm:2.8.3) with ExtractJniTransform
Transforming lifecycle-runtime-ktx-release.aar (androidx.lifecycle:lifecycle-runtime-ktx-android:2.8.3) with ExtractAarTransform
Transforming lifecycle-runtime-ktx-release.aar (androidx.lifecycle:lifecycle-runtime-ktx-android:2.8.3) with AarTransform
Transforming lifecycle-runtime-release.aar (androidx.lifecycle:lifecycle-runtime-android:2.8.3) with ExtractAarTransform
Transforming lifecycle-runtime-release.aar (androidx.lifecycle:lifecycle-runtime-android:2.8.3) with AarTransform
Transforming lifecycle-process-2.8.3.aar (androidx.lifecycle:lifecycle-process:2.8.3) with ExtractAarTransform
Transforming lifecycle-process-2.8.3.aar (androidx.lifecycle:lifecycle-process:2.8.3) with AarTransform
Transforming lifecycle-viewmodel-savedstate-2.8.3.aar (androidx.lifecycle:lifecycle-viewmodel-savedstate:2.8.3) with ExtractAarTransform
Transforming lifecycle-viewmodel-savedstate-2.8.3.aar (androidx.lifecycle:lifecycle-viewmodel-savedstate:2.8.3) with AarTransform
Transforming lifecycle-viewmodel-ktx-2.8.3.aar (androidx.lifecycle:lifecycle-viewmodel-ktx:2.8.3) with ExtractAarTransform
Transforming lifecycle-viewmodel-ktx-2.8.3.aar (androidx.lifecycle:lifecycle-viewmodel-ktx:2.8.3) with AarTransform
Transforming lifecycle-livedata-core-2.8.3.aar (androidx.lifecycle:lifecycle-livedata-core:2.8.3) with ExtractAarTransform
Transforming lifecycle-livedata-core-2.8.3.aar (androidx.lifecycle:lifecycle-livedata-core:2.8.3) with AarTransform
Transforming lifecycle-livedata-2.8.3.aar (androidx.lifecycle:lifecycle-livedata:2.8.3) with ExtractAarTransform
Transforming lifecycle-livedata-2.8.3.aar (androidx.lifecycle:lifecycle-livedata:2.8.3) with AarTransform
Transforming lifecycle-common-java8-2.8.3.jar (androidx.lifecycle:lifecycle-common-java8:2.8.3) with ExtractJniTransform
Transforming lifecycle-runtime-compose-release.aar (androidx.lifecycle:lifecycle-runtime-compose-android:2.8.3) with ExtractAarTransform
Transforming lifecycle-runtime-compose-release.aar (androidx.lifecycle:lifecycle-runtime-compose-android:2.8.3) with AarTransform
Transforming lifecycle-viewmodel-compose-release.aar (androidx.lifecycle:lifecycle-viewmodel-compose-android:2.8.3) with ExtractAarTransform
Transforming lifecycle-viewmodel-compose-release.aar (androidx.lifecycle:lifecycle-viewmodel-compose-android:2.8.3) with AarTransform
Transforming ui-release.aar (androidx.compose.ui:ui-android:1.7.0) with ExtractAarTransform
Transforming ui-release.aar (androidx.compose.ui:ui-android:1.7.0) with AarTransform
Transforming savedstate-ktx-1.2.1.aar (androidx.savedstate:savedstate-ktx:1.2.1) with ExtractAarTransform
Transforming savedstate-ktx-1.2.1.aar (androidx.savedstate:savedstate-ktx:1.2.1) with AarTransform
Transforming logging-interceptor-4.12.0.jar (com.squareup.okhttp3:logging-interceptor:4.12.0) with ExtractJniTransform
Transforming Turbine-jvm.jar (app.cash.turbine:turbine-jvm:1.0.0) with ExtractJniTransform
Transforming runtime-saveable-release.aar (androidx.compose.runtime:runtime-saveable-android:1.7.0) with ExtractAarTransform
Transforming runtime-saveable-release.aar (androidx.compose.runtime:runtime-saveable-android:1.7.0) with AarTransform
Transforming runtime-release.aar (androidx.compose.runtime:runtime-android:1.7.0) with ExtractAarTransform
Transforming runtime-release.aar (androidx.compose.runtime:runtime-android:1.7.0) with AarTransform
Transforming kotlinx-coroutines-test-jvm-1.7.3.jar (org.jetbrains.kotlinx:kotlinx-coroutines-test-jvm:1.7.3) with ExtractJniTransform
Transforming kotlinx-coroutines-core-jvm-1.7.3.jar (org.jetbrains.kotlinx:kotlinx-coroutines-core-jvm:1.7.3) with ExtractJniTransform
Transforming kotlinx-coroutines-android-1.7.3.jar (org.jetbrains.kotlinx:kotlinx-coroutines-android:1.7.3) with ExtractJniTransform
Transforming retrofit-2.9.0.jar (com.squareup.retrofit2:retrofit:2.9.0) with ExtractJniTransform
Transforming okhttp-4.12.0.jar (com.squareup.okhttp3:okhttp:4.12.0) with ExtractJniTransform
Transforming okio-jvm-3.6.0.jar (com.squareup.okio:okio-jvm:3.6.0) with ExtractJniTransform
Transforming kotlin-stdlib-jdk8-1.9.10.jar (org.jetbrains.kotlin:kotlin-stdlib-jdk8:1.9.10) with ExtractJniTransform
Transforming sqlite-framework-2.4.0.aar (androidx.sqlite:sqlite-framework:2.4.0) with ExtractAarTransform
Transforming sqlite-framework-2.4.0.aar (androidx.sqlite:sqlite-framework:2.4.0) with AarTransform
Transforming sqlite-2.4.0.aar (androidx.sqlite:sqlite:2.4.0) with ExtractAarTransform
Transforming sqlite-2.4.0.aar (androidx.sqlite:sqlite:2.4.0) with AarTransform
Transforming annotation-experimental-1.4.0.aar (androidx.annotation:annotation-experimental:1.4.0) with ExtractAarTransform
Transforming annotation-experimental-1.4.0.aar (androidx.annotation:annotation-experimental:1.4.0) with AarTransform
Transforming kotlin-stdlib-jdk7-1.9.10.jar (org.jetbrains.kotlin:kotlin-stdlib-jdk7:1.9.10) with ExtractJniTransform
Transforming collection-ktx-1.4.0.jar (androidx.collection:collection-ktx:1.4.0) with ExtractJniTransform
Transforming versionedparcelable-1.1.1.aar (androidx.versionedparcelable:versionedparcelable:1.1.1) with ExtractAarTransform
Transforming versionedparcelable-1.1.1.aar (androidx.versionedparcelable:versionedparcelable:1.1.1) with AarTransform
Transforming collection-jvm-1.4.0.jar (androidx.collection:collection-jvm:1.4.0) with ExtractJniTransform
Transforming core-runtime-2.2.0.aar (androidx.arch.core:core-runtime:2.2.0) with ExtractAarTransform
Transforming core-runtime-2.2.0.aar (androidx.arch.core:core-runtime:2.2.0) with AarTransform
Transforming core-common-2.2.0.jar (androidx.arch.core:core-common:2.2.0) with ExtractJniTransform
Transforming profileinstaller-1.3.1.aar (androidx.profileinstaller:profileinstaller:1.3.1) with ExtractAarTransform
Transforming profileinstaller-1.3.1.aar (androidx.profileinstaller:profileinstaller:1.3.1) with AarTransform
Transforming exifinterface-1.3.6.aar (androidx.exifinterface:exifinterface:1.3.6) with ExtractAarTransform
Transforming exifinterface-1.3.6.aar (androidx.exifinterface:exifinterface:1.3.6) with AarTransform
Transforming concurrent-futures-1.1.0.jar (androidx.concurrent:concurrent-futures:1.1.0) with ExtractJniTransform
Transforming startup-runtime-1.1.1.aar (androidx.startup:startup-runtime:1.1.1) with ExtractAarTransform
Transforming startup-runtime-1.1.1.aar (androidx.startup:startup-runtime:1.1.1) with AarTransform
Transforming tracing-1.0.0.aar (androidx.tracing:tracing:1.0.0) with ExtractAarTransform
Transforming tracing-1.0.0.aar (androidx.tracing:tracing:1.0.0) with AarTransform
Transforming interpolator-1.0.0.aar (androidx.interpolator:interpolator:1.0.0) with ExtractAarTransform
Transforming interpolator-1.0.0.aar (androidx.interpolator:interpolator:1.0.0) with AarTransform
Transforming interpolator-1.0.0.aar (androidx.interpolator:interpolator:1.0.0) with ExtractAarTransform
Transforming interpolator-1.0.0.aar (androidx.interpolator:interpolator:1.0.0) with AarTransform
Transforming annotation-jvm-1.8.0.jar (androidx.annotation:annotation-jvm:1.8.0) with ExtractJniTransform
Transforming kotlin-stdlib-2.0.21.jar (org.jetbrains.kotlin:kotlin-stdlib:2.0.21) with ExtractJniTransform
Transforming annotations-23.0.0.jar (org.jetbrains:annotations:23.0.0) with ExtractJniTransform
Transforming hilt-core-2.51.1.jar (com.google.dagger:hilt-core:2.51.1) with ExtractJniTransform
Transforming dagger-2.51.1.jar (com.google.dagger:dagger:2.51.1) with ExtractJniTransform
Transforming dagger-lint-aar-2.51.1.aar (com.google.dagger:dagger-lint-aar:2.51.1) with ExtractAarTransform
Transforming dagger-lint-aar-2.51.1.aar (com.google.dagger:dagger-lint-aar:2.51.1) with AarTransform
Transforming jsr305-3.0.2.jar (com.google.code.findbugs:jsr305:3.0.2) with ExtractJniTransform
Transforming javax.inject-1.jar (javax.inject:javax.inject:1) with ExtractJniTransform
Transforming listenablefuture-1.0.jar (com.google.guava:listenablefuture:1.0) with ExtractJniTransform
Caching disabled for task ':app:mergeFreeDebugNativeLibs' because:
  Caching has been disabled for the task
Skipping task ':app:mergeFreeDebugNativeLibs' as it is up-to-date.
Resolve mutations for :app:stripFreeDebugDebugSymbols (Thread[#2105,Execution worker,5,main]) started.
:app:stripFreeDebugDebugSymbols (Thread[#2105,Execution worker,5,main]) started.

> Task :app:stripFreeDebugDebugSymbols UP-TO-DATE
Caching disabled for task ':app:stripFreeDebugDebugSymbols' because:
  Caching has been disabled for the task
Skipping task ':app:stripFreeDebugDebugSymbols' as it is up-to-date.
Resolve mutations for :app:validateSigningFreeDebug (Thread[#2105,Execution worker,5,main]) started.
:app:validateSigningFreeDebug (Thread[#2105,Execution worker,5,main]) started.

> Task :app:validateSigningFreeDebug UP-TO-DATE
Caching disabled for task ':app:validateSigningFreeDebug' because:
  Caching has been disabled for the task
Skipping task ':app:validateSigningFreeDebug' as it is up-to-date.
Resolve mutations for :app:writeFreeDebugAppMetadata (Thread[#2105,Execution worker,5,main]) started.
:app:writeFreeDebugAppMetadata (Thread[#2105,Execution worker,5,main]) started.

> Task :app:writeFreeDebugAppMetadata UP-TO-DATE
Caching disabled for task ':app:writeFreeDebugAppMetadata' because:
  Caching has been disabled for the task
Skipping task ':app:writeFreeDebugAppMetadata' as it is up-to-date.
Resolve mutations for :app:writeFreeDebugSigningConfigVersions (Thread[#2105,Execution worker,5,main]) started.
:app:writeFreeDebugSigningConfigVersions (Thread[#2105,Execution worker,5,main]) started.

> Task :app:writeFreeDebugSigningConfigVersions UP-TO-DATE
Caching disabled for task ':app:writeFreeDebugSigningConfigVersions' because:
  Caching has been disabled for the task
Skipping task ':app:writeFreeDebugSigningConfigVersions' as it is up-to-date.
Resolve mutations for :app:prePremiumDebugBuild (Thread[#2105,Execution worker,5,main]) started.
:app:prePremiumDebugBuild (Thread[#2105,Execution worker,5,main]) started.

> Task :app:prePremiumDebugBuild UP-TO-DATE
Skipping task ':app:prePremiumDebugBuild' as it has no actions.
Resolve mutations for :app:mergePremiumDebugNativeDebugMetadata (Thread[#2105,Execution worker,5,main]) started.
:app:mergePremiumDebugNativeDebugMetadata (Thread[#2105,Execution worker,5,main]) started.

> Task :app:mergePremiumDebugNativeDebugMetadata NO-SOURCE
Skipping task ':app:mergePremiumDebugNativeDebugMetadata' as it has no source files and no previous output files.
Resolve mutations for :app:generatePremiumDebugBuildConfig (Thread[#2105,Execution worker,5,main]) started.
:app:generatePremiumDebugBuildConfig (Thread[#2105,Execution worker,5,main]) started.

> Task :app:generatePremiumDebugBuildConfig UP-TO-DATE
Build cache key for task ':app:generatePremiumDebugBuildConfig' is ceb33921718a063ec737c55c8a17a5a3
Skipping task ':app:generatePremiumDebugBuildConfig' as it is up-to-date.
Resolve mutations for :app:checkPremiumDebugAarMetadata (Thread[#2105,Execution worker,5,main]) started.
:app:checkPremiumDebugAarMetadata (Thread[#2105,Execution worker,5,main]) started.

> Task :app:checkPremiumDebugAarMetadata UP-TO-DATE
Caching disabled for task ':app:checkPremiumDebugAarMetadata' because:
  Caching has been disabled for the task
Skipping task ':app:checkPremiumDebugAarMetadata' as it is up-to-date.
Resolve mutations for :app:generatePremiumDebugResValues (Thread[#2105,Execution worker,5,main]) started.
:app:generatePremiumDebugResValues (Thread[#2105,Execution worker,5,main]) started.

> Task :app:generatePremiumDebugResValues UP-TO-DATE
Build cache key for task ':app:generatePremiumDebugResValues' is 84421232fdfbf054ac4ecc269a8a74a2
Skipping task ':app:generatePremiumDebugResValues' as it is up-to-date.
Resolve mutations for :app:mapPremiumDebugSourceSetPaths (Thread[#2105,Execution worker,5,main]) started.
:app:mapPremiumDebugSourceSetPaths (Thread[#2105,Execution worker,5,main]) started.

> Task :app:mapPremiumDebugSourceSetPaths UP-TO-DATE
Caching disabled for task ':app:mapPremiumDebugSourceSetPaths' because:
  Caching has been disabled for the task
Skipping task ':app:mapPremiumDebugSourceSetPaths' as it is up-to-date.
Resolve mutations for :app:generatePremiumDebugResources (Thread[#2105,Execution worker,5,main]) started.
:app:generatePremiumDebugResources (Thread[#2107,Execution worker Thread 3,5,main]) started.

> Task :app:generatePremiumDebugResources UP-TO-DATE
Build cache key for task ':app:generatePremiumDebugResources' is 81fb69dafb7bcee4a4b085a47205adff
Skipping task ':app:generatePremiumDebugResources' as it is up-to-date.
Resolve mutations for :app:mergePremiumDebugResources (Thread[#2107,Execution worker Thread 3,5,main]) started.
:app:mergePremiumDebugResources (Thread[#2107,Execution worker Thread 3,5,main]) started.

> Task :app:mergePremiumDebugResources UP-TO-DATE
Build cache key for task ':app:mergePremiumDebugResources' is 78645970712bbfb5e10c4c303dc4eec1
Skipping task ':app:mergePremiumDebugResources' as it is up-to-date.
Resolve mutations for :app:packagePremiumDebugResources (Thread[#2107,Execution worker Thread 3,5,main]) started.
:app:packagePremiumDebugResources (Thread[#2107,Execution worker Thread 3,5,main]) started.

> Task :app:packagePremiumDebugResources UP-TO-DATE
Build cache key for task ':app:packagePremiumDebugResources' is a518ecce9505a3a540cbf75a55f8365d
Skipping task ':app:packagePremiumDebugResources' as it is up-to-date.
Resolve mutations for :app:parsePremiumDebugLocalResources (Thread[#2107,Execution worker Thread 3,5,main]) started.
:app:parsePremiumDebugLocalResources (Thread[#2107,Execution worker Thread 3,5,main]) started.

> Task :app:parsePremiumDebugLocalResources UP-TO-DATE
Transforming android.jar with PlatformAttrTransform
Transforming android.jar with PlatformAttrTransform
Build cache key for task ':app:parsePremiumDebugLocalResources' is 88dabe024fcbfe7baddd5c9efcd537bc
Skipping task ':app:parsePremiumDebugLocalResources' as it is up-to-date.
Resolve mutations for :app:createPremiumDebugCompatibleScreenManifests (Thread[#2107,Execution worker Thread 3,5,main]) started.
:app:createPremiumDebugCompatibleScreenManifests (Thread[#2107,Execution worker Thread 3,5,main]) started.

> Task :app:createPremiumDebugCompatibleScreenManifests UP-TO-DATE
Caching disabled for task ':app:createPremiumDebugCompatibleScreenManifests' because:
  Caching has been disabled for the task
Skipping task ':app:createPremiumDebugCompatibleScreenManifests' as it is up-to-date.
Resolve mutations for :app:extractDeepLinksPremiumDebug (Thread[#2107,Execution worker Thread 3,5,main]) started.
:app:extractDeepLinksPremiumDebug (Thread[#2107,Execution worker Thread 3,5,main]) started.

> Task :app:extractDeepLinksPremiumDebug UP-TO-DATE
Build cache key for task ':app:extractDeepLinksPremiumDebug' is ff737c5c34d40bda8eff9334a20f2020
Skipping task ':app:extractDeepLinksPremiumDebug' as it is up-to-date.
Resolve mutations for :app:processPremiumDebugMainManifest (Thread[#2107,Execution worker Thread 3,5,main]) started.
:app:processPremiumDebugMainManifest (Thread[#2107,Execution worker Thread 3,5,main]) started.

> Task :app:processPremiumDebugMainManifest UP-TO-DATE
Build cache key for task ':app:processPremiumDebugMainManifest' is dd40bc57ed4f7c65c050e7f55a504bb3
Skipping task ':app:processPremiumDebugMainManifest' as it is up-to-date.
Resolve mutations for :app:processPremiumDebugManifest (Thread[#2107,Execution worker Thread 3,5,main]) started.
:app:processPremiumDebugManifest (Thread[#2107,Execution worker Thread 3,5,main]) started.

> Task :app:processPremiumDebugManifest UP-TO-DATE
Build cache key for task ':app:processPremiumDebugManifest' is da4d20f3874f653de91558696ee01e9c
Skipping task ':app:processPremiumDebugManifest' as it is up-to-date.
Resolve mutations for :app:processPremiumDebugManifestForPackage (Thread[#2107,Execution worker Thread 3,5,main]) started.
:app:processPremiumDebugManifestForPackage (Thread[#2107,Execution worker Thread 3,5,main]) started.

> Task :app:processPremiumDebugManifestForPackage UP-TO-DATE
Custom actions are attached to task ':app:processPremiumDebugManifestForPackage'.
Build cache key for task ':app:processPremiumDebugManifestForPackage' is 3ff4440485f9e9b4169d35e34543bbbe
Skipping task ':app:processPremiumDebugManifestForPackage' as it is up-to-date.
Resolve mutations for :app:processPremiumDebugResources (Thread[#2107,Execution worker Thread 3,5,main]) started.
:app:processPremiumDebugResources (Thread[#2107,Execution worker Thread 3,5,main]) started.

> Task :app:processPremiumDebugResources UP-TO-DATE
Build cache key for task ':app:processPremiumDebugResources' is 0c29220bb05d03104292fdd41eeb00f9
Skipping task ':app:processPremiumDebugResources' as it is up-to-date.
Resolve mutations for :app:javaPreCompilePremiumDebug (Thread[#2111,Execution worker Thread 7,5,main]) started.
:app:javaPreCompilePremiumDebug (Thread[#2111,Execution worker Thread 7,5,main]) started.

> Task :app:javaPreCompilePremiumDebug UP-TO-DATE
Build cache key for task ':app:javaPreCompilePremiumDebug' is 38088e855af74184fe5ae7db2e907dd1
Skipping task ':app:javaPreCompilePremiumDebug' as it is up-to-date.
Resolve mutations for :app:mergePremiumDebugShaders (Thread[#2111,Execution worker Thread 7,5,main]) started.
:app:mergePremiumDebugShaders (Thread[#2111,Execution worker Thread 7,5,main]) started.

> Task :app:mergePremiumDebugShaders UP-TO-DATE
Build cache key for task ':app:mergePremiumDebugShaders' is 75c9f25913c7e5e19f8a111807e738ee
Skipping task ':app:mergePremiumDebugShaders' as it is up-to-date.
Resolve mutations for :app:compilePremiumDebugShaders (Thread[#2111,Execution worker Thread 7,5,main]) started.
:app:compilePremiumDebugShaders (Thread[#2111,Execution worker Thread 7,5,main]) started.

> Task :app:compilePremiumDebugShaders NO-SOURCE
Skipping task ':app:compilePremiumDebugShaders' as it has no source files and no previous output files.
Resolve mutations for :app:generatePremiumDebugAssets (Thread[#2111,Execution worker Thread 7,5,main]) started.
:app:generatePremiumDebugAssets (Thread[#2111,Execution worker Thread 7,5,main]) started.

> Task :app:generatePremiumDebugAssets UP-TO-DATE
Skipping task ':app:generatePremiumDebugAssets' as it has no actions.
Resolve mutations for :app:mergePremiumDebugAssets (Thread[#2111,Execution worker Thread 7,5,main]) started.
:app:mergePremiumDebugAssets (Thread[#2111,Execution worker Thread 7,5,main]) started.

> Task :app:mergePremiumDebugAssets UP-TO-DATE
Build cache key for task ':app:mergePremiumDebugAssets' is 75c9f25913c7e5e19f8a111807e738ee
Skipping task ':app:mergePremiumDebugAssets' as it is up-to-date.
Resolve mutations for :app:compressPremiumDebugAssets (Thread[#2111,Execution worker Thread 7,5,main]) started.
:app:compressPremiumDebugAssets (Thread[#2111,Execution worker Thread 7,5,main]) started.

> Task :app:compressPremiumDebugAssets UP-TO-DATE
Build cache key for task ':app:compressPremiumDebugAssets' is fbc340ae5eec39c1dc2452eaf0614299
Skipping task ':app:compressPremiumDebugAssets' as it is up-to-date.
Resolve mutations for :app:checkPremiumDebugDuplicateClasses (Thread[#2111,Execution worker Thread 7,5,main]) started.
:app:checkPremiumDebugDuplicateClasses (Thread[#2111,Execution worker Thread 7,5,main]) started.

> Task :app:checkPremiumDebugDuplicateClasses UP-TO-DATE
Caching disabled for task ':app:checkPremiumDebugDuplicateClasses' because:
  Caching has been disabled for the task
Skipping task ':app:checkPremiumDebugDuplicateClasses' as it is up-to-date.
Resolve mutations for :app:desugarPremiumDebugFileDependencies (Thread[#2111,Execution worker Thread 7,5,main]) started.
:app:desugarPremiumDebugFileDependencies (Thread[#2111,Execution worker Thread 7,5,main]) started.

> Task :app:desugarPremiumDebugFileDependencies UP-TO-DATE
Build cache key for task ':app:desugarPremiumDebugFileDependencies' is 2fe582660ed26aa17b5ac29daa5d93a3
Skipping task ':app:desugarPremiumDebugFileDependencies' as it is up-to-date.
Resolve mutations for :app:mergeExtDexPremiumDebug (Thread[#2111,Execution worker Thread 7,5,main]) started.
:app:mergeExtDexPremiumDebug (Thread[#2111,Execution worker Thread 7,5,main]) started.

> Task :app:mergeExtDexPremiumDebug UP-TO-DATE
Build cache key for task ':app:mergeExtDexPremiumDebug' is 7eb0b0beed0d1c7852c4ee922e1c56aa
Skipping task ':app:mergeExtDexPremiumDebug' as it is up-to-date.
Resolve mutations for :app:mergePremiumDebugJniLibFolders (Thread[#2111,Execution worker Thread 7,5,main]) started.
:app:mergePremiumDebugJniLibFolders (Thread[#2111,Execution worker Thread 7,5,main]) started.

> Task :app:mergePremiumDebugJniLibFolders UP-TO-DATE
Build cache key for task ':app:mergePremiumDebugJniLibFolders' is 75c9f25913c7e5e19f8a111807e738ee
Skipping task ':app:mergePremiumDebugJniLibFolders' as it is up-to-date.
Resolve mutations for :app:mergePremiumDebugNativeLibs (Thread[#2111,Execution worker Thread 7,5,main]) started.
:app:mergePremiumDebugNativeLibs (Thread[#2111,Execution worker Thread 7,5,main]) started.

> Task :app:mergePremiumDebugNativeLibs UP-TO-DATE
Caching disabled for task ':app:mergePremiumDebugNativeLibs' because:
  Caching has been disabled for the task
Skipping task ':app:mergePremiumDebugNativeLibs' as it is up-to-date.
Resolve mutations for :app:stripPremiumDebugDebugSymbols (Thread[#2111,Execution worker Thread 7,5,main]) started.
:app:stripPremiumDebugDebugSymbols (Thread[#2111,Execution worker Thread 7,5,main]) started.

> Task :app:stripPremiumDebugDebugSymbols UP-TO-DATE
Caching disabled for task ':app:stripPremiumDebugDebugSymbols' because:
  Caching has been disabled for the task
Skipping task ':app:stripPremiumDebugDebugSymbols' as it is up-to-date.
Resolve mutations for :app:validateSigningPremiumDebug (Thread[#2105,Execution worker,5,main]) started.
:app:validateSigningPremiumDebug (Thread[#2105,Execution worker,5,main]) started.

> Task :app:validateSigningPremiumDebug UP-TO-DATE
Caching disabled for task ':app:validateSigningPremiumDebug' because:
  Caching has been disabled for the task
Skipping task ':app:validateSigningPremiumDebug' as it is up-to-date.
Resolve mutations for :app:writePremiumDebugAppMetadata (Thread[#2105,Execution worker,5,main]) started.
:app:writePremiumDebugAppMetadata (Thread[#2105,Execution worker,5,main]) started.

> Task :app:writePremiumDebugAppMetadata UP-TO-DATE
Caching disabled for task ':app:writePremiumDebugAppMetadata' because:
  Caching has been disabled for the task
Skipping task ':app:writePremiumDebugAppMetadata' as it is up-to-date.
Resolve mutations for :app:writePremiumDebugSigningConfigVersions (Thread[#2105,Execution worker,5,main]) started.
:app:writePremiumDebugSigningConfigVersions (Thread[#2105,Execution worker,5,main]) started.

> Task :app:writePremiumDebugSigningConfigVersions UP-TO-DATE
Caching disabled for task ':app:writePremiumDebugSigningConfigVersions' because:
  Caching has been disabled for the task
Skipping task ':app:writePremiumDebugSigningConfigVersions' as it is up-to-date.

> Task :core:data:compileDebugKotlin FAILED
Transforming R.jar with BuildToolsApiClasspathEntrySnapshotTransform
Transforming classes.jar with BuildToolsApiClasspathEntrySnapshotTransform
Transforming classes.jar with BuildToolsApiClasspathEntrySnapshotTransform
Transforming hilt-android-2.51.1-api.jar with BuildToolsApiClasspathEntrySnapshotTransform
Transforming fragment-1.5.1-api.jar with BuildToolsApiClasspathEntrySnapshotTransform
Transforming activity-1.5.1-api.jar with BuildToolsApiClasspathEntrySnapshotTransform
Transforming lifecycle-viewmodel-savedstate-2.5.1-api.jar with BuildToolsApiClasspathEntrySnapshotTransform
Transforming core-ktx-1.10.1-api.jar with BuildToolsApiClasspathEntrySnapshotTransform
Transforming retrofit2-kotlinx-serialization-converter-0.8.0.jar with BuildToolsApiClasspathEntrySnapshotTransform
Transforming retrofit-2.9.0.jar with BuildToolsApiClasspathEntrySnapshotTransform
Transforming logging-interceptor-4.11.0.jar with BuildToolsApiClasspathEntrySnapshotTransform
Transforming okhttp-4.11.0.jar with BuildToolsApiClasspathEntrySnapshotTransform
Transforming kotlinx-coroutines-core-jvm-1.7.3.jar with BuildToolsApiClasspathEntrySnapshotTransform
Transforming kotlinx-coroutines-android-1.7.3.jar with BuildToolsApiClasspathEntrySnapshotTransform
Transforming okio-jvm-3.2.0.jar with BuildToolsApiClasspathEntrySnapshotTransform
Transforming kotlin-stdlib-jdk8-1.8.22.jar with BuildToolsApiClasspathEntrySnapshotTransform
Transforming kotlinx-serialization-core-jvm-1.6.0.jar with BuildToolsApiClasspathEntrySnapshotTransform
Transforming kotlinx-serialization-json-jvm-1.6.0.jar with BuildToolsApiClasspathEntrySnapshotTransform
Transforming loader-1.0.0-api.jar with BuildToolsApiClasspathEntrySnapshotTransform
Transforming viewpager-1.0.0-api.jar with BuildToolsApiClasspathEntrySnapshotTransform
Transforming customview-1.0.0-api.jar with BuildToolsApiClasspathEntrySnapshotTransform
Transforming core-1.10.1-api.jar with BuildToolsApiClasspathEntrySnapshotTransform
Transforming annotation-experimental-1.3.1-api.jar with BuildToolsApiClasspathEntrySnapshotTransform
Transforming lifecycle-viewmodel-2.5.1-api.jar with BuildToolsApiClasspathEntrySnapshotTransform
Transforming savedstate-1.2.0-api.jar with BuildToolsApiClasspathEntrySnapshotTransform
Transforming lifecycle-runtime-2.5.1-api.jar with BuildToolsApiClasspathEntrySnapshotTransform
Transforming lifecycle-livedata-2.0.0-api.jar with BuildToolsApiClasspathEntrySnapshotTransform
Transforming lifecycle-livedata-core-2.5.1-api.jar with BuildToolsApiClasspathEntrySnapshotTransform
Transforming lifecycle-common-2.5.1.jar with BuildToolsApiClasspathEntrySnapshotTransform
Transforming versionedparcelable-1.1.1-api.jar with BuildToolsApiClasspathEntrySnapshotTransform
Transforming collection-1.1.0.jar with BuildToolsApiClasspathEntrySnapshotTransform
Transforming core-runtime-2.2.0-api.jar with BuildToolsApiClasspathEntrySnapshotTransform
Transforming core-common-2.2.0.jar with BuildToolsApiClasspathEntrySnapshotTransform
Transforming annotation-jvm-1.6.0.jar with BuildToolsApiClasspathEntrySnapshotTransform
Transforming kotlin-stdlib-jdk7-1.8.22.jar with BuildToolsApiClasspathEntrySnapshotTransform
Transforming kotlin-stdlib-2.0.21.jar with BuildToolsApiClasspathEntrySnapshotTransform
Transforming annotations-23.0.0.jar with BuildToolsApiClasspathEntrySnapshotTransform
Transforming hilt-core-2.51.1.jar with BuildToolsApiClasspathEntrySnapshotTransform
Transforming dagger-2.51.1.jar with BuildToolsApiClasspathEntrySnapshotTransform
Transforming javax.inject-1.jar with BuildToolsApiClasspathEntrySnapshotTransform
Transforming dagger-lint-aar-2.51.1-api.jar with BuildToolsApiClasspathEntrySnapshotTransform
Transforming jsr305-3.0.2.jar with BuildToolsApiClasspathEntrySnapshotTransform
Transforming android.jar with BuildToolsApiClasspathEntrySnapshotTransform
Transforming core-lambda-stubs.jar with BuildToolsApiClasspathEntrySnapshotTransform
Build cache key for task ':core:data:compileDebugKotlin' is 1928c5c02214bff38f712ecde523e329
Task ':core:data:compileDebugKotlin' is not up-to-date because:
  Input property 'sources' file D:\proj\alyk\test23\core\data\src\main\kotlin\com\example\core\data\datasource\GameRemoteDataSource.kt has changed.
  Input property 'sources' file D:\proj\alyk\test23\core\data\src\main\kotlin\com\example\core\data\repository\GameRepository.kt has changed.
  Input property 'sources' file D:\proj\alyk\test23\core\data\src\main\kotlin\com\example\core\data\datasource\MockGameRemoteDataSource.kt has been added.
file or directory 'D:\proj\alyk\test23\core\data\src\debug\kotlin', not found
file or directory 'D:\proj\alyk\test23\core\data\src\debug\java', not found
file or directory 'D:\proj\alyk\test23\core\data\src\debug\kotlin', not found
file or directory 'D:\proj\alyk\test23\core\data\src\debug\kotlin', not found
file or directory 'D:\proj\alyk\test23\core\data\src\debug\java', not found
file or directory 'D:\proj\alyk\test23\core\data\build\generated\ksp\debug\java', not found
file or directory 'D:\proj\alyk\test23\core\data\src\main\java', not found
file or directory 'D:\proj\alyk\test23\core\data\src\main\java', not found
file or directory 'D:\proj\alyk\test23\core\data\src\main\java', not found
file or directory 'D:\proj\alyk\test23\core\data\src\debug\java', not found
file or directory 'D:\proj\alyk\test23\core\data\src\debug\kotlin', not found
file or directory 'D:\proj\alyk\test23\core\data\src\debug\java', not found
file or directory 'D:\proj\alyk\test23\core\data\src\debug\kotlin', not found
file or directory 'D:\proj\alyk\test23\core\data\src\debug\kotlin', not found
file or directory 'D:\proj\alyk\test23\core\data\src\debug\java', not found
file or directory 'D:\proj\alyk\test23\core\data\build\generated\ksp\debug\java', not found
file or directory 'D:\proj\alyk\test23\core\data\src\main\java', not found
file or directory 'D:\proj\alyk\test23\core\data\src\main\java', not found
file or directory 'D:\proj\alyk\test23\core\data\src\main\java', not found
file or directory 'D:\proj\alyk\test23\core\data\src\debug\java', not found
file or directory 'D:\proj\alyk\test23\core\data\src\debug\kotlin', not found
file or directory 'D:\proj\alyk\test23\core\data\src\debug\java', not found
file or directory 'D:\proj\alyk\test23\core\data\src\debug\kotlin', not found
file or directory 'D:\proj\alyk\test23\core\data\src\debug\kotlin', not found
file or directory 'D:\proj\alyk\test23\core\data\src\debug\java', not found
file or directory 'D:\proj\alyk\test23\core\data\build\generated\ksp\debug\java', not found
file or directory 'D:\proj\alyk\test23\core\data\src\main\java', not found
file or directory 'D:\proj\alyk\test23\core\data\src\main\java', not found
file or directory 'D:\proj\alyk\test23\core\data\src\main\java', not found
file or directory 'D:\proj\alyk\test23\core\data\src\debug\java', not found
file or directory 'D:\proj\alyk\test23\core\data\src\debug\kotlin', not found
file or directory 'D:\proj\alyk\test23\core\data\src\debug\java', not found
file or directory 'D:\proj\alyk\test23\core\data\src\debug\kotlin', not found
file or directory 'D:\proj\alyk\test23\core\data\src\debug\kotlin', not found
file or directory 'D:\proj\alyk\test23\core\data\src\debug\java', not found
file or directory 'D:\proj\alyk\test23\core\data\build\generated\ksp\debug\java', not found
file or directory 'D:\proj\alyk\test23\core\data\src\main\java', not found
file or directory 'D:\proj\alyk\test23\core\data\src\main\java', not found
file or directory 'D:\proj\alyk\test23\core\data\src\main\java', not found
file or directory 'D:\proj\alyk\test23\core\data\src\debug\java', not found
Kotlin source files: D:\proj\alyk\test23\core\data\src\main\kotlin\com\example\core\data\datasource\GameRemoteDataSource.kt, D:\proj\alyk\test23\core\data\src\main\kotlin\com\example\core\data\datasource\MockGameRemoteDataSource.kt, D:\proj\alyk\test23\core\data\src\main\kotlin\com\example\core\data\exception\NetworkExceptions.kt, D:\proj\alyk\test23\core\data\src\main\kotlin\com\example\core\data\mapper\GameMapper.kt, D:\proj\alyk\test23\core\data\src\main\kotlin\com\example\core\data\network\NetworkClient.kt, D:\proj\alyk\test23\core\data\src\main\kotlin\com\example\core\data\repository\GameRepository.kt, D:\proj\alyk\test23\core\data\src\main\kotlin\com\example\core\data\repository\UserRepository.kt
Java source files: 
Script source files: 
Script file extensions: 
Using Kotlin/JVM incremental compilation
[KOTLIN] Kotlin compilation 'jdkHome' argument: null
Options for KOTLIN DAEMON: IncrementalCompilationOptions(super=CompilationOptions(compilerMode=INCREMENTAL_COMPILER, targetPlatform=JVM, reportCategories=[0, 3], reportSeverity=2, requestedCompilationResults=[0], kotlinScriptExtensions=[]), areFileChangesKnown=true, modifiedFiles=[D:\proj\alyk\test23\core\data\src\main\kotlin\com\example\core\data\datasource\GameRemoteDataSource.kt, D:\proj\alyk\test23\core\data\src\main\kotlin\com\example\core\data\repository\GameRepository.kt, D:\proj\alyk\test23\core\data\src\main\kotlin\com\example\core\data\datasource\MockGameRemoteDataSource.kt], deletedFiles=[], classpathChanges=NoChanges, workingDir=D:\proj\alyk\test23\core\data\build\kotlin\compileDebugKotlin\cacheable, multiModuleICSettings=MultiModuleICSettings(buildHistoryFile=D:\proj\alyk\test23\core\data\build\kotlin\compileDebugKotlin\local-state\build-history.bin, useModuleDetection=true), usePreciseJavaTracking=true, icFeatures=IncrementalCompilationFeatures(withAbiSnapshot=false, preciseCompilationResultsBackup=true, keepIncrementalCompilationCachesInMemory=true, enableUnsafeIncrementalCompilationForMultiplatform=false), outputFiles=[D:\proj\alyk\test23\core\data\build\tmp\kotlin-classes\debug, D:\proj\alyk\test23\core\data\build\kotlin\compileDebugKotlin\cacheable, D:\proj\alyk\test23\core\data\build\kotlin\compileDebugKotlin\local-state])
Finished executing kotlin compiler using DAEMON strategy
Restoring task outputs to pre-compilation state
239 actionable tasks: 1 executed, 238 up-to-date
Watched directory hierarchies: [D:\proj\alyk\test23]
